 MMs3_D32

 Timestamp is 444d7e6b (Mon Apr 24 18:42:03 2006)

 Preferred load address is 10000000

 Start         Length     Name                   Class
 0001:00000000 00012ca4H .text                   CODE
 0001:00012cb0 00000019H .text$AFX_COL1          CODE
 0001:00012cd0 00000863H .text$x                 CODE
 0002:00000000 000003a8H .idata$5                DATA
 0002:000003a8 00001e1dH .rdata                  DATA
 0002:000021c8 00000a40H .xdata$x                DATA
 0002:00002c08 000000a0H .idata$2                DATA
 0002:00002ca8 00000014H .idata$3                DATA
 0002:00002cbc 000003a8H .idata$4                DATA
 0002:00003064 00001f76H .idata$6                DATA
 0002:00004fe0 000121e4H .edata                  DATA
 0003:00000000 00000004H .CRT$XCA                DATA
 0003:00000004 00000008H .CRT$XCU                DATA
 0003:0000000c 00000004H .CRT$XCZ                DATA
 0003:00000010 00000004H .CRT$XIA                DATA
 0003:00000014 00000004H .CRT$XIZ                DATA
 0003:00000020 00000860H .data                   DATA
 0003:00000880 00000058H .bss                    DATA
 0004:00000000 000003acH .rsrc$01                DATA
 0004:000003b0 00003678H .rsrc$02                DATA

  Address         Publics by Value              Rva+Base     Lib:Object

 0001:00000000       ?Set3DPts@C3DMath@@QAEXPAULPOINT3@@JJJ@Z 10001000 f i Mi_Gang3.obj
 0001:00000030       ?Set3DPts@C3DMath@@QAEXPAUWORLD@@NNN@Z 10001030 f i Mi_Gang3.obj
 0001:00000080       ?Len3DPts@C3DMath@@QAENPAUWORLD@@@Z 10001080 f i Mi_Gang3.obj
 0001:000000d0       ??1C3DMath@@UAE@XZ         100010d0 f i Mi_Gang3.obj
 0001:00000100       ??_GC3DMath@@UAEPAXI@Z     10001100 f i Mi_Gang3.obj
 0001:00000140       ??_EC3DMath@@UAEPAXI@Z     10001140 f i Mi_Gang3.obj
 0001:000001c0       ??1CMsMath@@UAE@XZ         100011c0 f i Mi_Gang3.obj
 0001:000001f0       ??_GCMsMath@@UAEPAXI@Z     100011f0 f i Mi_Gang3.obj
 0001:00000230       ??_ECMsMath@@UAEPAXI@Z     10001230 f i Mi_Gang3.obj
 0001:000002b0       ?GetMatrix@CMatObj@@UAEPAUMATRIX@@XZ 100012b0 f i Mi_Gang3.obj
 0001:000002d0       ?SetMatrix@CMatObj@@UAEXPAUMATRIX@@@Z 100012d0 f i Mi_Gang3.obj
 0001:00000340       ?GetCurveLatch@CMatObj@@UAE?AW4CURVELATCH@@XZ 10001340 f i Mi_Gang3.obj
 0001:00000360       ?SetCurveLatch@CMatObj@@UAEXW4CURVELATCH@@@Z 10001360 f i Mi_Gang3.obj
 0001:00000380       ?IsInstanced_Prof@CMatObj@@UAEHXZ 10001380 f i Mi_Gang3.obj
 0001:000003a0       ?SetInstanced_Prof@CMatObj@@UAEXH@Z 100013a0 f i Mi_Gang3.obj
 0001:000003c0       ?GetFromID@CMatObj@@UAE?AVCString@@XZ 100013c0 f i Mi_Gang3.obj
 0001:00000400       ?SetFromID@CMatObj@@UAEXVCString@@@Z 10001400 f i Mi_Gang3.obj
 0001:00000460       ?GetFromPt@CMatObj@@UAE?AUWORLD@@XZ 10001460 f i Mi_Gang3.obj
 0001:00000490       ?SetFromPt@CMatObj@@UAEXUWORLD@@@Z 10001490 f i Mi_Gang3.obj
 0001:000004c0       ?GetToID@CMatObj@@UAE?AVCString@@XZ 100014c0 f i Mi_Gang3.obj
 0001:00000500       ?SetToID@CMatObj@@UAEXVCString@@@Z 10001500 f i Mi_Gang3.obj
 0001:00000560       ?GetToPt@CMatObj@@UAE?AUWORLD@@XZ 10001560 f i Mi_Gang3.obj
 0001:00000590       ?SetToPt@CMatObj@@UAEXUWORLD@@@Z 10001590 f i Mi_Gang3.obj
 0001:000005c0       ?GetRotPtID@CMatObj@@UAE?AVCString@@XZ 100015c0 f i Mi_Gang3.obj
 0001:00000600       ?SetRotPtID@CMatObj@@UAEXVCString@@@Z 10001600 f i Mi_Gang3.obj
 0001:00000660       ?GetRotPt@CMatObj@@UAE?AUWORLD@@XZ 10001660 f i Mi_Gang3.obj
 0001:00000690       ?SetRotPt@CMatObj@@UAEXUWORLD@@@Z 10001690 f i Mi_Gang3.obj
 0001:000006c0       ?IsCoordIn@CMatObj@@UAEHXZ 100016c0 f i Mi_Gang3.obj
 0001:000006e0       ?SetCoordIn@CMatObj@@UAEXH@Z 100016e0 f i Mi_Gang3.obj
 0001:00000710       ?GetTranPtID@CMatObj@@UAE?AVCString@@XZ 10001710 f i Mi_Gang3.obj
 0001:00000750       ?SetTranPtID@CMatObj@@UAEXVCString@@@Z 10001750 f i Mi_Gang3.obj
 0001:000007b0       ?GetTranslation@CMatObj@@UAE?AUWORLD@@XZ 100017b0 f i Mi_Gang3.obj
 0001:000007e0       ?SetTranslation@CMatObj@@UAEXUWORLD@@@Z 100017e0 f i Mi_Gang3.obj
 0001:00000810       ?IsAngleIn@CMatObj@@UAEHXZ 10001810 f i Mi_Gang3.obj
 0001:00000830       ?SetAngleIn@CMatObj@@UAEXH@Z 10001830 f i Mi_Gang3.obj
 0001:00000860       ?IsDirCos@CMatObj@@UAEHXZ  10001860 f i Mi_Gang3.obj
 0001:00000880       ?SetDirCos@CMatObj@@UAEXH@Z 10001880 f i Mi_Gang3.obj
 0001:000008b0       ?GetDirCosDirect@CMatObj@@UAE?AUWORLD@@XZ 100018b0 f i Mi_Gang3.obj
 0001:000008e0       ?SetDirCosDirect@CMatObj@@UAEXUWORLD@@@Z 100018e0 f i Mi_Gang3.obj
 0001:00000910       ?GetRotation@CMatObj@@UAE?AUWORLD@@XZ 10001910 f i Mi_Gang3.obj
 0001:00000940       ?SetRotation@CMatObj@@UAEXUWORLD@@@Z 10001940 f i Mi_Gang3.obj
 0001:00000970       ?GetScale@CMatObj@@UAE?AUWORLD@@XZ 10001970 f i Mi_Gang3.obj
 0001:000009a0       ?SetScale@CMatObj@@UAEXUWORLD@@@Z 100019a0 f i Mi_Gang3.obj
 0001:000009d0       ?GetShear@CMatObj@@UAE?AUWORLD@@XZ 100019d0 f i Mi_Gang3.obj
 0001:00000a00       ?SetShear@CMatObj@@UAEXUWORLD@@@Z 10001a00 f i Mi_Gang3.obj
 0001:00000a30       ?IsNoRot@CMatObj@@UAEHXZ   10001a30 f i Mi_Gang3.obj
 0001:00000a50       ?SetNoRot@CMatObj@@UAEXH@Z 10001a50 f i Mi_Gang3.obj
 0001:00000a80       ?IsNoTran@CMatObj@@UAEHXZ  10001a80 f i Mi_Gang3.obj
 0001:00000aa0       ?SetNoTran@CMatObj@@UAEXH@Z 10001aa0 f i Mi_Gang3.obj
 0001:00000ad0       ?IsNoScale@CMatObj@@UAEHXZ 10001ad0 f i Mi_Gang3.obj
 0001:00000af0       ?SetNoScale@CMatObj@@UAEXH@Z 10001af0 f i Mi_Gang3.obj
 0001:00000b20       ?IsNoShear@CMatObj@@UAEHXZ 10001b20 f i Mi_Gang3.obj
 0001:00000b40       ?SetNoShear@CMatObj@@UAEXH@Z 10001b40 f i Mi_Gang3.obj
 0001:00000b70       ?GetXformType@CMatObj@@UAE?AW4XFORMTYPE@@XZ 10001b70 f i Mi_Gang3.obj
 0001:00000b90       ?SetXformType@CMatObj@@UAEXW4XFORMTYPE@@@Z 10001b90 f i Mi_Gang3.obj
 0001:00000bc0       ?GetSpawnType@CMatObj@@UAE?AW4SPAWNTYPE@@XZ 10001bc0 f i Mi_Gang3.obj
 0001:00000be0       ?SetSpawnType@CMatObj@@UAEXW4SPAWNTYPE@@@Z 10001be0 f i Mi_Gang3.obj
 0001:00000c10       ?GetCreOp@CMatObj@@UAEIXZ  10001c10 f i Mi_Gang3.obj
 0001:00000c30       ?SetCreOp@CMatObj@@UAEXI@Z 10001c30 f i Mi_Gang3.obj
 0001:00000c60       ??1CMatObj@@UAE@XZ         10001c60 f i Mi_Gang3.obj
 0001:00000d00       ??_GCMatObj@@UAEPAXI@Z     10001d00 f i Mi_Gang3.obj
 0001:00000d40       ??_ECMatObj@@UAEPAXI@Z     10001d40 f i Mi_Gang3.obj
 0001:00000dc0       ?ReadyToDelete@CDrObject@@UAEXXZ 10001dc0 f i Mi_Gang3.obj
 0001:00000de0       ?DoFormattedCardView@CDrObject@@UAEXPAVCString@@AAV2@@Z 10001de0 f i Mi_Gang3.obj
 0001:00000e00       ?DoUnFormattedCardView@CDrObject@@UAEXPAVCString@@@Z 10001e00 f i Mi_Gang3.obj
 0001:00000e20       ?DoDataView@CDrObject@@UAEXPAVCDC@@H@Z 10001e20 f i Mi_Gang3.obj
 0001:00000e40       ?InitDraw@CDrObject@@UAEXPAVCDC@@HHPAUMATRIX@@1NNN@Z 10001e40 f i Mi_Gang3.obj
 0001:00000e60       ?InitDraw@CDrObject@@UAEXPAVCDC@@HHPAUMATRIX@@1NNNN@Z 10001e60 f i Mi_Gang3.obj
 0001:00000e80       ?Corner_3Dto2D@CDrObject@@UAEXXZ 10001e80 f i Mi_Gang3.obj
 0001:00000ea0       ?DoDrawView@CDrObject@@UAEXPAVCDC@@@Z 10001ea0 f i Mi_Gang3.obj
 0001:00000ec0       ?DoDrawView@CDrObject@@UAEXPAVCDC@@H@Z 10001ec0 f i Mi_Gang3.obj
 0001:00000ee0       ?DoDrawView@CDrObject@@UAEXPAVCDC@@HH@Z 10001ee0 f i Mi_Gang3.obj
 0001:00000f00       ?DealObjectDialog@CDrObject@@UAEHXZ 10001f00 f i Mi_Gang3.obj
 0001:00000f20       ?TransformObjectToWorld@CDrObject@@UAEXPAUMATRIX@@H@Z 10001f20 f i Mi_Gang3.obj
 0001:00000f40       ?TransformObjectToView@CDrObject@@UAEXPAUMATRIX@@@Z 10001f40 f i Mi_Gang3.obj
 0001:00000f60       ?TransformObjectToViewDirect@CDrObject@@UAEXPAUMATRIX@@00H@Z 10001f60 f i Mi_Gang3.obj
 0001:00000f80       ?RemoveHiddenObject@CDrObject@@UAEHPAUMATRIX@@UWORLD@@H@Z 10001f80 f i Mi_Gang3.obj
 0001:00000fa0       ?ProjectObject@CDrObject@@UAEXPAUMATRIX@@NN@Z 10001fa0 f i Mi_Gang3.obj
 0001:00000fc0       ?Calc_2DBoundsScreen@CDrObject@@UAEHXZ 10001fc0 f i Mi_Gang3.obj
 0001:00000fe0       ?Calc_3DBoundsLocal@CDrObject@@UAEHXZ 10001fe0 f i Mi_Gang3.obj
 0001:00001000       ?FinishObject@CDrObject@@UAEXPAVCClientDC@@H@Z 10002000 f i Mi_Gang3.obj
 0001:00001020       ?FinishObject@CDrObject@@UAEXH@Z 10002020 f i Mi_Gang3.obj
 0001:00001040       ?FinishObject@CDrObject@@UAEXXZ 10002040 f i Mi_Gang3.obj
 0001:00001060       ?GetMaxCorners@CDrObject@@UAEHXZ 10002060 f i Mi_Gang3.obj
 0001:00001080       ?GetRawCoords@CDrObject@@UAEXPAJPAHH@Z 10002080 f i Mi_Gang3.obj
 0001:000010a0       ?SetProjectedCoords@CDrObject@@UAEXUtagPOINT@@H@Z 100020a0 f i Mi_Gang3.obj
 0001:000010c0       ?RearrangeProjectedCoords@CDrObject@@UAEXXZ 100020c0 f i Mi_Gang3.obj
 0001:000010e0       ?IsObjectHit@CDrObject@@UAEHNUWORLD@@@Z 100020e0 f i Mi_Gang3.obj
 0001:00001100       ?IsObjectHit@CDrObject@@UAEHHUtagPOINT@@H@Z 10002100 f i Mi_Gang3.obj
 0001:00001120       ?IsObjectHit@CDrObject@@UAEHHUtagPOINT@@@Z 10002120 f i Mi_Gang3.obj
 0001:00001140       ?IsObjectHit@CDrObject@@UAEHPAVCClientDC@@HUtagPOINT@@PAVCRect@@H@Z 10002140 f i Mi_Gang3.obj
 0001:00001160       ?IsKeyMatch@CDrObject@@UAEHPAV1@VCString@@I@Z 10002160 f i Mi_Gang3.obj
 0001:00001190       ?IsKeyMatch@CDrObject@@UAEHVCString@@I@Z 10002190 f i Mi_Gang3.obj
 0001:000011c0       ?IsControlShapeNeeded@CDrObject@@UAEHXZ 100021c0 f i Mi_Gang3.obj
 0001:000011e0       ?SetControlShapeNeed@CDrObject@@UAEXH@Z 100021e0 f i Mi_Gang3.obj
 0001:00001200       ?IsNormalNeeded@CDrObject@@UAEHXZ 10002200 f i Mi_Gang3.obj
 0001:00001220       ?SetNormalNeed@CDrObject@@UAEXH@Z 10002220 f i Mi_Gang3.obj
 0001:00001240       ?IsCulled@CDrObject@@UAEHXZ 10002240 f i Mi_Gang3.obj
 0001:00001260       ?SetCulled@CDrObject@@UAEXH@Z 10002260 f i Mi_Gang3.obj
 0001:00001280       ?IsSkewed@CDrObject@@UAEHXZ 10002280 f i Mi_Gang3.obj
 0001:000012a0       ?SetSkewed@CDrObject@@UAEXH@Z 100022a0 f i Mi_Gang3.obj
 0001:000012c0       ?IsLinSpr@CDrObject@@UAEHXZ 100022c0 f i Mi_Gang3.obj
 0001:000012e0       ?SetLinSpr@CDrObject@@UAEXH@Z 100022e0 f i Mi_Gang3.obj
 0001:00001300       ?IsLinSnu@CDrObject@@UAEHXZ 10002300 f i Mi_Gang3.obj
 0001:00001320       ?SetLinSnu@CDrObject@@UAEXH@Z 10002320 f i Mi_Gang3.obj
 0001:00001340       ?CullWorld@CDrObject@@UAEHUWORLD@@@Z 10002340 f i Mi_Gang3.obj
 0001:00001360       ?CullScreen@CDrObject@@UAEHPAUMATRIX@@@Z 10002360 f i Mi_Gang3.obj
 0001:00001380       ?Calc_CentroidWorld@CDrObject@@UAEXXZ 10002380 f i Mi_Gang3.obj
 0001:000013a0       ?Calc_CentroidEye@CDrObject@@UAEXXZ 100023a0 f i Mi_Gang3.obj
 0001:000013c0       ?Calc_CentroidScreen3D@CDrObject@@UAEXNN@Z 100023c0 f i Mi_Gang3.obj
 0001:000013e0       ?Calc_NormalWorld@CDrObject@@UAEXXZ 100023e0 f i Mi_Gang3.obj
 0001:00001400       ?TransformNormalToEye@CDrObject@@UAEXPAUMATRIX@@@Z 10002400 f i Mi_Gang3.obj
 0001:00001420       ?ProjectNormalToScreen3D@CDrObject@@UAEXPAUMATRIX@@NN@Z 10002420 f i Mi_Gang3.obj
 0001:00001440       ?GetNormalWorld@CDrObject@@UAEPAUWORLD@@XZ 10002440 f i Mi_Gang3.obj
 0001:00001460       ?SetNormalWorld@CDrObject@@UAEXUWORLD@@@Z 10002460 f i Mi_Gang3.obj
 0001:00001480       ?GetNormalEye@CDrObject@@UAEPAUWORLD@@XZ 10002480 f i Mi_Gang3.obj
 0001:000014a0       ?SetNormalEye@CDrObject@@UAEXUWORLD@@@Z 100024a0 f i Mi_Gang3.obj
 0001:000014c0       ?GetNormalScreen3D@CDrObject@@UAEPAUWORLD@@XZ 100024c0 f i Mi_Gang3.obj
 0001:000014e0       ?SetNormalScreen3D@CDrObject@@UAEXUWORLD@@@Z 100024e0 f i Mi_Gang3.obj
 0001:00001500       ?GetNormalScreen2D@CDrObject@@UAEPAUtagPOINT@@XZ 10002500 f i Mi_Gang3.obj
 0001:00001520       ?SetNormalScreen2D@CDrObject@@UAEXUtagPOINT@@@Z 10002520 f i Mi_Gang3.obj
 0001:00001540       ?GetObjectList@CDrObject@@UAEPAVCDListMgr@@XZ 10002540 f i Mi_Gang3.obj
 0001:00001560       ?GetBoundingRect@CDrObject@@QAE?AVCRect@@XZ 10002560 f i Mi_Gang3.obj
 0001:000015a0       ?GetRInfo@CDrObject@@QAEPAURENDINFO@@XZ 100025a0 f i Mi_Gang3.obj
 0001:000015c0       ?IsParallel@CDrObject@@QAEHXZ 100025c0 f i Mi_Gang3.obj
 0001:000015e0       ?GetnView@CDrObject@@QAEHXZ 100025e0 f i Mi_Gang3.obj
 0001:00001600       ?GetdzMin@CDrObject@@QAENXZ 10002600 f i Mi_Gang3.obj
 0001:00001620       ?GetdScale_U@CDrObject@@QAENXZ 10002620 f i Mi_Gang3.obj
 0001:00001640       ?GetdScale_V@CDrObject@@QAENXZ 10002640 f i Mi_Gang3.obj
 0001:00001660       ?GetpViewM@CDrObject@@QAEPAUMATRIX@@XZ 10002660 f i Mi_Gang3.obj
 0001:00001680       ?Getpvv3DM@CDrObject@@QAEPAUMATRIX@@XZ 10002680 f i Mi_Gang3.obj
 0001:000016a0       ?GetpComposedM@CDrObject@@QAEPAUMATRIX@@XZ 100026a0 f i Mi_Gang3.obj
 0001:000016c0       ?SetParallel@CDrObject@@QAEXH@Z 100026c0 f i Mi_Gang3.obj
 0001:000016f0       ?SetnView@CDrObject@@QAEXH@Z 100026f0 f i Mi_Gang3.obj
 0001:00001720       ?SetdzMin@CDrObject@@QAEXN@Z 10002720 f i Mi_Gang3.obj
 0001:00001750       ?SetdScale_U@CDrObject@@QAEXN@Z 10002750 f i Mi_Gang3.obj
 0001:00001780       ?SetdScale_V@CDrObject@@QAEXN@Z 10002780 f i Mi_Gang3.obj
 0001:000017b0       ?SetpViewM@CDrObject@@QAEXPAUMATRIX@@@Z 100027b0 f i Mi_Gang3.obj
 0001:000017e0       ?Setpvv3DM@CDrObject@@QAEXPAUMATRIX@@@Z 100027e0 f i Mi_Gang3.obj
 0001:00001810       ?SetpComposedM@CDrObject@@QAEXPAUMATRIX@@@Z 10002810 f i Mi_Gang3.obj
 0001:00001840       ?GetLevelType@CDrObject@@QAEHXZ 10002840 f i Mi_Gang3.obj
 0001:00001860       ?SetLevelType@CDrObject@@QAEXH@Z 10002860 f i Mi_Gang3.obj
 0001:00001890       ?GetObjectID@CDrObject@@QAE?AVCString@@XZ 10002890 f i Mi_Gang3.obj
 0001:000018d0       ?SetObjectID@CDrObject@@QAEXVCString@@@Z 100028d0 f i Mi_Gang3.obj
 0001:00001930       ?GetObjectNo@CDrObject@@QAEJXZ 10002930 f i Mi_Gang3.obj
 0001:00001950       ?SetObjectNo@CDrObject@@QAEXJ@Z 10002950 f i Mi_Gang3.obj
 0001:00001980       ?GetObjectType@CDrObject@@QAEHXZ 10002980 f i Mi_Gang3.obj
 0001:000019a0       ?SetObjectType@CDrObject@@QAEXH@Z 100029a0 f i Mi_Gang3.obj
 0001:000019d0       ?GetElemType@CDrObject@@QAEHXZ 100029d0 f i Mi_Gang3.obj
 0001:000019f0       ?SetElemType@CDrObject@@QAEXH@Z 100029f0 f i Mi_Gang3.obj
 0001:00001a20       ?GetPenInfo@CDrObject@@QAEXAAIAAK0@Z 10002a20 f i Mi_Gang3.obj
 0001:00001a60       ?SetPenInfo@CDrObject@@QAEXIKI@Z 10002a60 f i Mi_Gang3.obj
 0001:00001aa0       ?GetPenInfoHi@CDrObject@@QAEXAAIAAK0@Z 10002aa0 f i Mi_Gang3.obj
 0001:00001ae0       ?SetPenInfoHi@CDrObject@@QAEXIKI@Z 10002ae0 f i Mi_Gang3.obj
 0001:00001b20       ?GetLayer@CDrObject@@QAEIXZ 10002b20 f i Mi_Gang3.obj
 0001:00001b40       ?SetLayer@CDrObject@@QAEXI@Z 10002b40 f i Mi_Gang3.obj
 0001:00001b70       ?IsClipped@CDrObject@@QAEHXZ 10002b70 f i Mi_Gang3.obj
 0001:00001b90       ?SetClipped@CDrObject@@QAEXH@Z 10002b90 f i Mi_Gang3.obj
 0001:00001bc0       ?IsVirtual@CDrObject@@QAEHXZ 10002bc0 f i Mi_Gang3.obj
 0001:00001be0       ?SetVirtual@CDrObject@@QAEXH@Z 10002be0 f i Mi_Gang3.obj
 0001:00001c00       ?IsShow@CDrObject@@QAEHXZ  10002c00 f i Mi_Gang3.obj
 0001:00001c20       ?SetShow@CDrObject@@QAEXH@Z 10002c20 f i Mi_Gang3.obj
 0001:00001c50       ?GetParentID@CDrObject@@QAEAAVCString@@XZ 10002c50 f i Mi_Gang3.obj
 0001:00001c70       ?SetParentID@CDrObject@@QAEXAAVCString@@@Z 10002c70 f i Mi_Gang3.obj
 0001:00001ca0       ?GetParentType@CDrObject@@QAEIXZ 10002ca0 f i Mi_Gang3.obj
 0001:00001cc0       ?SetParentType@CDrObject@@QAEXI@Z 10002cc0 f i Mi_Gang3.obj
 0001:00001ce0       ?IsInstanced@CDrObject@@QAEHXZ 10002ce0 f i Mi_Gang3.obj
 0001:00001d00       ?SetInstanced@CDrObject@@QAEXH@Z 10002d00 f i Mi_Gang3.obj
 0001:00001d20       ?GetMatObj@CDrObject@@QAEPAVCMatObj@@XZ 10002d20 f i Mi_Gang3.obj
 0001:00001d40       ?SetMatObj@CDrObject@@QAEXPAVCMatObj@@@Z 10002d40 f i Mi_Gang3.obj
 0001:00001d60       ?GetSpeLList@CDrObject@@QAEPAVCDListMgr@@XZ 10002d60 f i Mi_Gang3.obj
 0001:00001d80       ?GetDynLList@CDrObject@@QAEPAVCDListMgr@@XZ 10002d80 f i Mi_Gang3.obj
 0001:00001da0       ?GetStaLList@CDrObject@@QAEPAVCDListMgr@@XZ 10002da0 f i Mi_Gang3.obj
 0001:00001dc0       ?GetSuppList@CDrObject@@QAEPAVCDListMgr@@XZ 10002dc0 f i Mi_Gang3.obj
 0001:00001de0       ?GetElemList@CDrObject@@QAEPAVCDListMgr@@XZ 10002de0 f i Mi_Gang3.obj
 0001:00001e00       ?GetCurveList@CDrObject@@QAEPAVCDListMgr@@XZ 10002e00 f i Mi_Gang3.obj
 0001:00001e20       ?GetCProfList@CDrObject@@QAEPAVCDListMgr@@XZ 10002e20 f i Mi_Gang3.obj
 0001:00001e40       ?GetPatchList@CDrObject@@QAEPAVCDListMgr@@XZ 10002e40 f i Mi_Gang3.obj
 0001:00001e60       ?GetSolidList@CDrObject@@QAEPAVCDListMgr@@XZ 10002e60 f i Mi_Gang3.obj
 0001:00001e80       ?GetObj3DList@CDrObject@@QAEPAVCDListMgr@@XZ 10002e80 f i Mi_Gang3.obj
 0001:00001ea0       ?GetCNodeList@CDrObject@@QAEPAVCDListMgr@@XZ 10002ea0 f i Mi_Gang3.obj
 0001:00001ec0       ?GetINodeList@CDrObject@@QAEPAVCDListMgr@@XZ 10002ec0 f i Mi_Gang3.obj
 0001:00001ee0       ?GetNodeList@CDrObject@@QAEPAVCDListMgr@@XZ 10002ee0 f i Mi_Gang3.obj
 0001:00001f00       ?GetLabelList@CDrObject@@QAEPAVCDListMgr@@XZ 10002f00 f i Mi_Gang3.obj
 0001:00001f20       ?GetFE0DList@CDrObject@@QAEPAVCDListMgr@@XZ 10002f20 f i Mi_Gang3.obj
 0001:00001f40       ?GetFE1DList@CDrObject@@QAEPAVCDListMgr@@XZ 10002f40 f i Mi_Gang3.obj
 0001:00001f60       ?GetFE2DList@CDrObject@@QAEPAVCDListMgr@@XZ 10002f60 f i Mi_Gang3.obj
 0001:00001f80       ?GetFE3DList@CDrObject@@QAEPAVCDListMgr@@XZ 10002f80 f i Mi_Gang3.obj
 0001:00001fa0       ?GetMs0List@CDrObject@@QAEPAVCDListMgr@@XZ 10002fa0 f i Mi_Gang3.obj
 0001:00001fc0       ?GetMs1List@CDrObject@@QAEPAVCDListMgr@@XZ 10002fc0 f i Mi_Gang3.obj
 0001:00001fe0       ?GetMs2List@CDrObject@@QAEPAVCDListMgr@@XZ 10002fe0 f i Mi_Gang3.obj
 0001:00002000       ?GetMs3List@CDrObject@@QAEPAVCDListMgr@@XZ 10003000 f i Mi_Gang3.obj
 0001:00002020       ?GetMbj3DList@CDrObject@@QAEPAVCDListMgr@@XZ 10003020 f i Mi_Gang3.obj
 0001:00002040       ?GetM2DProfList@CDrObject@@QAEPAVCDListMgr@@XZ 10003040 f i Mi_Gang3.obj
 0001:00002060       ?GetM3DProfList@CDrObject@@QAEPAVCDListMgr@@XZ 10003060 f i Mi_Gang3.obj
 0001:00002080       ?GetMbjProfList@CDrObject@@QAEPAVCDListMgr@@XZ 10003080 f i Mi_Gang3.obj
 0001:000020a0       ?GetScreen2DCorner@CDrObject@@UAE?AUtagPOINT@@H@Z 100030a0 f i Mi_Gang3.obj
 0001:000020e0       ?SetScreen2DCorner@CDrObject@@UAEXUtagPOINT@@H@Z 100030e0 f i Mi_Gang3.obj
 0001:00002110       ?GetSpawnType@CDrObject@@QAE?AW4SPAWNTYPE@@XZ 10003110 f i Mi_Gang3.obj
 0001:00002130       ?SetSpawnType@CDrObject@@QAEXW4SPAWNTYPE@@@Z 10003130 f i Mi_Gang3.obj
 0001:00002150       ?GetCategory@CDrObject@@QAE?AW4CATEGORY@@XZ 10003150 f i Mi_Gang3.obj
 0001:00002170       ?SetCategory@CDrObject@@QAEXW4CATEGORY@@@Z 10003170 f i Mi_Gang3.obj
 0001:00002190       ?GetSubCat@CDrObject@@QAE?AW4SUBCAT@@XZ 10003190 f i Mi_Gang3.obj
 0001:000021b0       ?SetSubCat@CDrObject@@QAEXW4SUBCAT@@@Z 100031b0 f i Mi_Gang3.obj
 0001:000021d0       ?GetElemDimLim@CDrObject@@QAE?AW4ELEMDIMLIM@@XZ 100031d0 f i Mi_Gang3.obj
 0001:000021f0       ?SetElemDimLim@CDrObject@@QAEXW4ELEMDIMLIM@@@Z 100031f0 f i Mi_Gang3.obj
 0001:00002210       ?IsDirty@CDrObject@@QAEHXZ 10003210 f i Mi_Gang3.obj
 0001:00002240       ?SetDirty@CDrObject@@QAEXH@Z 10003240 f i Mi_Gang3.obj
 0001:00002270       ?IsMoved@CDrObject@@QAEHXZ 10003270 f i Mi_Gang3.obj
 0001:00002290       ?SetMoved@CDrObject@@QAEXH@Z 10003290 f i Mi_Gang3.obj
 0001:000022c0       ?IsEdited@CDrObject@@QAEHXZ 100032c0 f i Mi_Gang3.obj
 0001:000022e0       ?SetEdited@CDrObject@@QAEXH@Z 100032e0 f i Mi_Gang3.obj
 0001:00002310       ?IsPosted@CDrObject@@QAEHXZ 10003310 f i Mi_Gang3.obj
 0001:00002330       ?SetPosted@CDrObject@@QAEXH@Z 10003330 f i Mi_Gang3.obj
 0001:00002360       ?IsDeleted@CDrObject@@QAEHXZ 10003360 f i Mi_Gang3.obj
 0001:00002380       ?SetDeleted@CDrObject@@QAEXH@Z 10003380 f i Mi_Gang3.obj
 0001:000023b0       ?IsToBeMoved@CDrObject@@QAEHXZ 100033b0 f i Mi_Gang3.obj
 0001:000023d0       ?SetToBeMoved@CDrObject@@QAEXH@Z 100033d0 f i Mi_Gang3.obj
 0001:000023f0       ?IsToBeEdited@CDrObject@@QAEHXZ 100033f0 f i Mi_Gang3.obj
 0001:00002410       ?SetToBeEdited@CDrObject@@QAEXH@Z 10003410 f i Mi_Gang3.obj
 0001:00002430       ?IsToBePosted@CDrObject@@QAEHXZ 10003430 f i Mi_Gang3.obj
 0001:00002450       ?SetToBePosted@CDrObject@@QAEXH@Z 10003450 f i Mi_Gang3.obj
 0001:00002470       ?IsToBeUnPosted@CDrObject@@QAEHXZ 10003470 f i Mi_Gang3.obj
 0001:00002490       ?SetToBeUnPosted@CDrObject@@QAEXH@Z 10003490 f i Mi_Gang3.obj
 0001:000024b0       ?IsToBeDeleted@CDrObject@@QAEHXZ 100034b0 f i Mi_Gang3.obj
 0001:000024d0       ?SetToBeDeleted@CDrObject@@QAEXH@Z 100034d0 f i Mi_Gang3.obj
 0001:000024f0       ?IsFormatted@CDrObject@@QAEHXZ 100034f0 f i Mi_Gang3.obj
 0001:00002510       ?SetFormatted@CDrObject@@QAEXH@Z 10003510 f i Mi_Gang3.obj
 0001:00002530       ?GetObjectType@CBooleans@@UAEHXZ 10003530 f i Mi_Gang3.obj
 0001:00002550       ?SetObjectType@CBooleans@@UAEXH@Z 10003550 f i Mi_Gang3.obj
 0001:00002580       ?GetElemType@CBooleans@@UAEHXZ 10003580 f i Mi_Gang3.obj
 0001:000025a0       ?SetElemType@CBooleans@@UAEXH@Z 100035a0 f i Mi_Gang3.obj
 0001:000025d0       ?GetObjectNo@CBooleans@@UAEJXZ 100035d0 f i Mi_Gang3.obj
 0001:000025f0       ?SetObjectNo@CBooleans@@UAEXJ@Z 100035f0 f i Mi_Gang3.obj
 0001:00002620       ?IsSoundOn@CBooleans@@UAEHXZ 10003620 f i Mi_Gang3.obj
 0001:00002640       ?ToggleSoundOn@CBooleans@@UAEXXZ 10003640 f i Mi_Gang3.obj
 0001:00002670       ?IsCoonSocksOff@CBooleans@@UAEHXZ 10003670 f i Mi_Gang3.obj
 0001:00002690       ?ToggleCoonSocksOff@CBooleans@@UAEXXZ 10003690 f i Mi_Gang3.obj
 0001:000026c0       ?IsSnapOn@CBooleans@@UAEHXZ 100036c0 f i Mi_Gang3.obj
 0001:000026e0       ?ToggleSnapOn@CBooleans@@UAEXXZ 100036e0 f i Mi_Gang3.obj
 0001:00002710       ?IsHorSnapOn@CBooleans@@UAEHXZ 10003710 f i Mi_Gang3.obj
 0001:00002730       ?ToggleHorSnapOn@CBooleans@@UAEXXZ 10003730 f i Mi_Gang3.obj
 0001:00002760       ?IsVerSnapOn@CBooleans@@UAEHXZ 10003760 f i Mi_Gang3.obj
 0001:00002780       ?ToggleVerSnapOn@CBooleans@@UAEXXZ 10003780 f i Mi_Gang3.obj
 0001:000027b0       ?IsSpawnOn@CBooleans@@UAEHXZ 100037b0 f i Mi_Gang3.obj
 0001:000027d0       ?ToggleSpawnOn@CBooleans@@UAEXXZ 100037d0 f i Mi_Gang3.obj
 0001:00002800       ?IsBLineOn@CBooleans@@UAEHXZ 10003800 f i Mi_Gang3.obj
 0001:00002820       ?ToggleBLineOn@CBooleans@@UAEXXZ 10003820 f i Mi_Gang3.obj
 0001:00002850       ?IsSingleSegOn@CBooleans@@UAEHXZ 10003850 f i Mi_Gang3.obj
 0001:00002870       ?ToggleSingleSegOn@CBooleans@@UAEXXZ 10003870 f i Mi_Gang3.obj
 0001:000028a0       ?IsAutoAcceptOn@CBooleans@@UAEHXZ 100038a0 f i Mi_Gang3.obj
 0001:000028c0       ?ToggleAutoAcceptOn@CBooleans@@UAEXXZ 100038c0 f i Mi_Gang3.obj
 0001:000028f0       ?IsDialogOn@CBooleans@@UAEHXZ 100038f0 f i Mi_Gang3.obj
 0001:00002910       ?ToggleDialogOn@CBooleans@@UAEXXZ 10003910 f i Mi_Gang3.obj
 0001:00002940       ?IsElementOn@CBooleans@@UAEHXZ 10003940 f i Mi_Gang3.obj
 0001:00002960       ?ToggleElementOn@CBooleans@@UAEXXZ 10003960 f i Mi_Gang3.obj
 0001:00002990       ?IsDragOn@CBooleans@@UAEHXZ 10003990 f i Mi_Gang3.obj
 0001:000029b0       ?ToggleDragOn@CBooleans@@UAEXXZ 100039b0 f i Mi_Gang3.obj
 0001:000029e0       ?IsRefreshOn@CBooleans@@UAEHXZ 100039e0 f i Mi_Gang3.obj
 0001:00002a00       ?ToggleRefreshOn@CBooleans@@UAEXXZ 10003a00 f i Mi_Gang3.obj
 0001:00002a30       ?IsRubberBandOn@CBooleans@@UAEHXZ 10003a30 f i Mi_Gang3.obj
 0001:00002a50       ?ToggleRubberBandOn@CBooleans@@UAEXXZ 10003a50 f i Mi_Gang3.obj
 0001:00002a80       ?IsStViewActive@CBooleans@@UAEHXZ 10003a80 f i Mi_Gang3.obj
 0001:00002aa0       ?ToggleStViewActive@CBooleans@@UAEXXZ 10003aa0 f i Mi_Gang3.obj
 0001:00002ad0       ?IsSpViewActive@CBooleans@@UAEHXZ 10003ad0 f i Mi_Gang3.obj
 0001:00002af0       ?ToggleSpViewActive@CBooleans@@UAEXXZ 10003af0 f i Mi_Gang3.obj
 0001:00002b20       ?IsHsViewActive@CBooleans@@UAEHXZ 10003b20 f i Mi_Gang3.obj
 0001:00002b40       ?ToggleHsViewActive@CBooleans@@UAEXXZ 10003b40 f i Mi_Gang3.obj
 0001:00002b70       ?Is12ViewActive@CBooleans@@UAEHXZ 10003b70 f i Mi_Gang3.obj
 0001:00002b90       ?Toggle12ViewActive@CBooleans@@UAEXXZ 10003b90 f i Mi_Gang3.obj
 0001:00002bc0       ?Is23ViewActive@CBooleans@@UAEHXZ 10003bc0 f i Mi_Gang3.obj
 0001:00002be0       ?Toggle23ViewActive@CBooleans@@UAEXXZ 10003be0 f i Mi_Gang3.obj
 0001:00002c10       ?Is31ViewActive@CBooleans@@UAEHXZ 10003c10 f i Mi_Gang3.obj
 0001:00002c30       ?Toggle31ViewActive@CBooleans@@UAEXXZ 10003c30 f i Mi_Gang3.obj
 0001:00002c60       ?IsIsoViewActive@CBooleans@@UAEHXZ 10003c60 f i Mi_Gang3.obj
 0001:00002c80       ?ToggleIsoViewActive@CBooleans@@UAEXXZ 10003c80 f i Mi_Gang3.obj
 0001:00002cb0       ?IsDataViewActive@CBooleans@@UAEHXZ 10003cb0 f i Mi_Gang3.obj
 0001:00002cd0       ?ToggleDataViewActive@CBooleans@@UAEXXZ 10003cd0 f i Mi_Gang3.obj
 0001:00002d00       ?IsMeshDataViewActive@CBooleans@@UAEHXZ 10003d00 f i Mi_Gang3.obj
 0001:00002d20       ?ToggleMeshDataViewActive@CBooleans@@UAEXXZ 10003d20 f i Mi_Gang3.obj
 0001:00002d50       ?IsDeckViewActive@CBooleans@@UAEHXZ 10003d50 f i Mi_Gang3.obj
 0001:00002d70       ?ToggleDeckViewActive@CBooleans@@UAEXXZ 10003d70 f i Mi_Gang3.obj
 0001:00002da0       ?IsFormDataViewActive@CBooleans@@UAEHXZ 10003da0 f i Mi_Gang3.obj
 0001:00002dc0       ?ToggleFormDataViewActive@CBooleans@@UAEXXZ 10003dc0 f i Mi_Gang3.obj
 0001:00002df0       ?IsInputMode@CBooleans@@UAEHXZ 10003df0 f i Mi_Gang3.obj
 0001:00002e10       ?SetInputMode@CBooleans@@UAEXH@Z 10003e10 f i Mi_Gang3.obj
 0001:00002e40       ?IsOutputMode@CBooleans@@UAEHXZ 10003e40 f i Mi_Gang3.obj
 0001:00002e60       ?SetOutputMode@CBooleans@@UAEXH@Z 10003e60 f i Mi_Gang3.obj
 0001:00002e90       ??1CBooleans@@UAE@XZ       10003e90 f i Mi_Gang3.obj
 0001:00002ec0       ??_GCBooleans@@UAEPAXI@Z   10003ec0 f i Mi_Gang3.obj
 0001:00002f00       ??_ECBooleans@@UAEPAXI@Z   10003f00 f i Mi_Gang3.obj
 0001:00002f80       ?GetObjectType@CDataWindow@@UAEHXZ 10003f80 f i Mi_Gang3.obj
 0001:00002fa0       ?SetObjectType@CDataWindow@@UAEXH@Z 10003fa0 f i Mi_Gang3.obj
 0001:00002fd0       ?GetElemType@CDataWindow@@UAEHXZ 10003fd0 f i Mi_Gang3.obj
 0001:00002ff0       ?SetElemType@CDataWindow@@UAEXH@Z 10003ff0 f i Mi_Gang3.obj
 0001:00003020       ?GetObjectNo@CDataWindow@@UAEJXZ 10004020 f i Mi_Gang3.obj
 0001:00003040       ?SetObjectNo@CDataWindow@@UAEXJ@Z 10004040 f i Mi_Gang3.obj
 0001:00003070       ?GetWinOrgWIC@CDataWindow@@UAE?AULPOINT3@@XZ 10004070 f i Mi_Gang3.obj
 0001:000030b0       ?GetWinMinWIC@CDataWindow@@UAE?AULPOINT3@@XZ 100040b0 f i Mi_Gang3.obj
 0001:000030f0       ?GetWinMaxWIC@CDataWindow@@UAE?AULPOINT3@@XZ 100040f0 f i Mi_Gang3.obj
 0001:00003130       ?GetWinExtWIC@CDataWindow@@UAE?AULPOINT3@@XZ 10004130 f i Mi_Gang3.obj
 0001:00003170       ??1CDataWindow@@UAE@XZ     10004170 f i Mi_Gang3.obj
 0001:000031a0       ??_GCDataWindow@@UAEPAXI@Z 100041a0 f i Mi_Gang3.obj
 0001:000031e0       ??_ECDataWindow@@UAEPAXI@Z 100041e0 f i Mi_Gang3.obj
 0001:00003260       ?GetObjectType@CDrFont@@UAEHXZ 10004260 f i Mi_Gang3.obj
 0001:00003280       ?SetObjectType@CDrFont@@UAEXH@Z 10004280 f i Mi_Gang3.obj
 0001:000032b0       ?GetElemType@CDrFont@@UAEHXZ 100042b0 f i Mi_Gang3.obj
 0001:000032d0       ?SetElemType@CDrFont@@UAEXH@Z 100042d0 f i Mi_Gang3.obj
 0001:00003300       ?GetObjectNo@CDrFont@@UAEJXZ 10004300 f i Mi_Gang3.obj
 0001:00003320       ?SetObjectNo@CDrFont@@UAEXJ@Z 10004320 f i Mi_Gang3.obj
 0001:00003350       ?IsFontSelected@CDrFont@@UAEHXZ 10004350 f i Mi_Gang3.obj
 0001:00003370       ?GetTextColor@CDrFont@@UAEKXZ 10004370 f i Mi_Gang3.obj
 0001:00003390       ?SetTextColor@CDrFont@@UAEXK@Z 10004390 f i Mi_Gang3.obj
 0001:000033c0       ?GetCurrentLogFont@CDrFont@@UAE?AUtagLOGFONTA@@XZ 100043c0 f i Mi_Gang3.obj
 0001:000033f0       ?SetCurrentLogFont@CDrFont@@UAEXUtagLOGFONTA@@@Z 100043f0 f i Mi_Gang3.obj
 0001:00003420       ??1CDrFont@@UAE@XZ         10004420 f i Mi_Gang3.obj
 0001:00003450       ??_GCDrFont@@UAEPAXI@Z     10004450 f i Mi_Gang3.obj
 0001:00003490       ??_ECDrFont@@UAEPAXI@Z     10004490 f i Mi_Gang3.obj
 0001:00003510       ?GetObjectType@CDrPen@@UAEHXZ 10004510 f i Mi_Gang3.obj
 0001:00003530       ?SetObjectType@CDrPen@@UAEXH@Z 10004530 f i Mi_Gang3.obj
 0001:00003560       ?GetElemType@CDrPen@@UAEHXZ 10004560 f i Mi_Gang3.obj
 0001:00003580       ?SetElemType@CDrPen@@UAEXH@Z 10004580 f i Mi_Gang3.obj
 0001:000035b0       ?GetObjectNo@CDrPen@@UAEJXZ 100045b0 f i Mi_Gang3.obj
 0001:000035d0       ?SetObjectNo@CDrPen@@UAEXJ@Z 100045d0 f i Mi_Gang3.obj
 0001:00003600       ?GetCurrentPen@CDrPen@@UAEPAVCPen@@XZ 10004600 f i Mi_Gang3.obj
 0001:00003620       ?GetStyle@CDrPen@@UAEHXZ   10004620 f i Mi_Gang3.obj
 0001:00003640       ?SetStyle@CDrPen@@UAEXH@Z  10004640 f i Mi_Gang3.obj
 0001:00003670       ?GetStyleOld@CDrPen@@UAEHXZ 10004670 f i Mi_Gang3.obj
 0001:00003690       ?SetStyleOld@CDrPen@@UAEXH@Z 10004690 f i Mi_Gang3.obj
 0001:000036c0       ?GetStyleDefault@CDrPen@@UAEHXZ 100046c0 f i Mi_Gang3.obj
 0001:000036e0       ?SetStyleDefault@CDrPen@@UAEXH@Z 100046e0 f i Mi_Gang3.obj
 0001:00003710       ?GetWidth@CDrPen@@UAEHXZ   10004710 f i Mi_Gang3.obj
 0001:00003730       ?SetWidth@CDrPen@@UAEXH@Z  10004730 f i Mi_Gang3.obj
 0001:00003760       ?GetWidthOld@CDrPen@@UAEHXZ 10004760 f i Mi_Gang3.obj
 0001:00003780       ?SetWidthOld@CDrPen@@UAEXH@Z 10004780 f i Mi_Gang3.obj
 0001:000037b0       ?GetWidthDefault@CDrPen@@UAEHXZ 100047b0 f i Mi_Gang3.obj
 0001:000037d0       ?SetWidthDefault@CDrPen@@UAEXH@Z 100047d0 f i Mi_Gang3.obj
 0001:00003800       ?GetColor@CDrPen@@UAEKXZ   10004800 f i Mi_Gang3.obj
 0001:00003820       ?SetColor@CDrPen@@UAEXK@Z  10004820 f i Mi_Gang3.obj
 0001:00003850       ?GetColorOld@CDrPen@@UAEKXZ 10004850 f i Mi_Gang3.obj
 0001:00003870       ?SetColorOld@CDrPen@@UAEXK@Z 10004870 f i Mi_Gang3.obj
 0001:000038a0       ?GetColorDefault@CDrPen@@UAEKXZ 100048a0 f i Mi_Gang3.obj
 0001:000038c0       ?SetColorDefault@CDrPen@@UAEXK@Z 100048c0 f i Mi_Gang3.obj
 0001:000038f0       ?GetIndex@CDrPen@@UAEIXZ   100048f0 f i Mi_Gang3.obj
 0001:00003910       ?SetIndex@CDrPen@@UAEXI@Z  10004910 f i Mi_Gang3.obj
 0001:00003940       ?GetIndexOld@CDrPen@@UAEIXZ 10004940 f i Mi_Gang3.obj
 0001:00003960       ?SetIndexOld@CDrPen@@UAEXI@Z 10004960 f i Mi_Gang3.obj
 0001:00003990       ?GetIndexDefault@CDrPen@@UAEIXZ 10004990 f i Mi_Gang3.obj
 0001:000039b0       ?SetIndexDefault@CDrPen@@UAEXI@Z 100049b0 f i Mi_Gang3.obj
 0001:000039e0       ?GetStyleNameCount@CDrPen@@UAEIXZ 100049e0 f i Mi_Gang3.obj
 0001:00003a00       ?SetStyleNameCount@CDrPen@@UAEXI@Z 10004a00 f i Mi_Gang3.obj
 0001:00003a30       ?GetStyleName@CDrPen@@UAE?AVCString@@I@Z 10004a30 f i Mi_Gang3.obj
 0001:00003a70       ?GetStyleConstant@CDrPen@@UAEII@Z 10004a70 f i Mi_Gang3.obj
 0001:00003aa0       ??1CDrPen@@UAE@XZ          10004aa0 f i Mi_Gang3.obj
 0001:00003b20       ??_GCDrPen@@UAEPAXI@Z      10004b20 f i Mi_Gang3.obj
 0001:00003b60       ??_ECDrPen@@UAEPAXI@Z      10004b60 f i Mi_Gang3.obj
 0001:00003be0       ?GetObjectType@CHitNet@@UAEHXZ 10004be0 f i Mi_Gang3.obj
 0001:00003c00       ?SetObjectType@CHitNet@@UAEXH@Z 10004c00 f i Mi_Gang3.obj
 0001:00003c30       ?GetElemType@CHitNet@@UAEHXZ 10004c30 f i Mi_Gang3.obj
 0001:00003c50       ?SetElemType@CHitNet@@UAEXH@Z 10004c50 f i Mi_Gang3.obj
 0001:00003c80       ?GetObjectNo@CHitNet@@UAEJXZ 10004c80 f i Mi_Gang3.obj
 0001:00003ca0       ?SetObjectNo@CHitNet@@UAEXJ@Z 10004ca0 f i Mi_Gang3.obj
 0001:00003cd0       ?GetSearchNet@CHitNet@@QAEHXZ 10004cd0 f i Mi_Gang3.obj
 0001:00003cf0       ?SetSearchNet@CHitNet@@QAEXH@Z 10004cf0 f i Mi_Gang3.obj
 0001:00003d20       ?GetSearchNetOld@CHitNet@@QAEHXZ 10004d20 f i Mi_Gang3.obj
 0001:00003d40       ?SetSearchNetOld@CHitNet@@QAEXH@Z 10004d40 f i Mi_Gang3.obj
 0001:00003d70       ?GetSearchNetDefault@CHitNet@@QAEHXZ 10004d70 f i Mi_Gang3.obj
 0001:00003d90       ?SetSearchNetDefault@CHitNet@@QAEXH@Z 10004d90 f i Mi_Gang3.obj
 0001:00003dc0       ?GetSearchDet@CHitNet@@QAENXZ 10004dc0 f i Mi_Gang3.obj
 0001:00003de0       ?SetSearchDet@CHitNet@@QAEXN@Z 10004de0 f i Mi_Gang3.obj
 0001:00003e10       ?GetSearchDetOld@CHitNet@@QAENXZ 10004e10 f i Mi_Gang3.obj
 0001:00003e30       ?SetSearchDetOld@CHitNet@@QAEXN@Z 10004e30 f i Mi_Gang3.obj
 0001:00003e60       ?GetSearchDetDefault@CHitNet@@QAENXZ 10004e60 f i Mi_Gang3.obj
 0001:00003e80       ?SetSearchDetDefault@CHitNet@@QAEXN@Z 10004e80 f i Mi_Gang3.obj
 0001:00003eb0       ?GetDblRatio@CHitNet@@QAENXZ 10004eb0 f i Mi_Gang3.obj
 0001:00003ed0       ?SetDblRatio@CHitNet@@QAEXN@Z 10004ed0 f i Mi_Gang3.obj
 0001:00003f00       ?GetDblRatioOld@CHitNet@@QAENXZ 10004f00 f i Mi_Gang3.obj
 0001:00003f20       ?SetDblRatioOld@CHitNet@@QAEXN@Z 10004f20 f i Mi_Gang3.obj
 0001:00003f50       ?GetDblRatioDefault@CHitNet@@QAENXZ 10004f50 f i Mi_Gang3.obj
 0001:00003f70       ?SetDblRatioDefault@CHitNet@@QAEXN@Z 10004f70 f i Mi_Gang3.obj
 0001:00003fa0       ?GetCoLinear@CHitNet@@QAENXZ 10004fa0 f i Mi_Gang3.obj
 0001:00003fc0       ?SetCoLinear@CHitNet@@QAEXN@Z 10004fc0 f i Mi_Gang3.obj
 0001:00003ff0       ?GetCoLinearOld@CHitNet@@QAENXZ 10004ff0 f i Mi_Gang3.obj
 0001:00004010       ?SetCoLinearOld@CHitNet@@QAEXN@Z 10005010 f i Mi_Gang3.obj
 0001:00004040       ?GetCoLinearDefault@CHitNet@@QAENXZ 10005040 f i Mi_Gang3.obj
 0001:00004060       ?SetCoLinearDefault@CHitNet@@QAEXN@Z 10005060 f i Mi_Gang3.obj
 0001:00004090       ?GetCoPlanar@CHitNet@@QAENXZ 10005090 f i Mi_Gang3.obj
 0001:000040b0       ?SetCoPlanar@CHitNet@@QAEXN@Z 100050b0 f i Mi_Gang3.obj
 0001:000040e0       ?GetCoPlanarOld@CHitNet@@QAENXZ 100050e0 f i Mi_Gang3.obj
 0001:00004100       ?SetCoPlanarOld@CHitNet@@QAEXN@Z 10005100 f i Mi_Gang3.obj
 0001:00004130       ?GetCoPlanarDefault@CHitNet@@QAENXZ 10005130 f i Mi_Gang3.obj
 0001:00004150       ?SetCoPlanarDefault@CHitNet@@QAEXN@Z 10005150 f i Mi_Gang3.obj
 0001:00004180       ?GetMergeNode_X@CHitNet@@QAENXZ 10005180 f i Mi_Gang3.obj
 0001:000041a0       ?SetMergeNode_X@CHitNet@@QAEXN@Z 100051a0 f i Mi_Gang3.obj
 0001:000041d0       ?GetMergeNode_XOld@CHitNet@@QAENXZ 100051d0 f i Mi_Gang3.obj
 0001:000041f0       ?SetMergeNode_XOld@CHitNet@@QAEXN@Z 100051f0 f i Mi_Gang3.obj
 0001:00004220       ?GetMergeNode_XDefault@CHitNet@@QAENXZ 10005220 f i Mi_Gang3.obj
 0001:00004240       ?SetMergeNode_XDefault@CHitNet@@QAEXN@Z 10005240 f i Mi_Gang3.obj
 0001:00004270       ?GetMergeNode_Y@CHitNet@@QAENXZ 10005270 f i Mi_Gang3.obj
 0001:00004290       ?SetMergeNode_Y@CHitNet@@QAEXN@Z 10005290 f i Mi_Gang3.obj
 0001:000042c0       ?GetMergeNode_YOld@CHitNet@@QAENXZ 100052c0 f i Mi_Gang3.obj
 0001:000042e0       ?SetMergeNode_YOld@CHitNet@@QAEXN@Z 100052e0 f i Mi_Gang3.obj
 0001:00004310       ?GetMergeNode_YDefault@CHitNet@@QAENXZ 10005310 f i Mi_Gang3.obj
 0001:00004330       ?SetMergeNode_YDefault@CHitNet@@QAEXN@Z 10005330 f i Mi_Gang3.obj
 0001:00004360       ?GetMergeNode_Z@CHitNet@@QAENXZ 10005360 f i Mi_Gang3.obj
 0001:00004380       ?SetMergeNode_Z@CHitNet@@QAEXN@Z 10005380 f i Mi_Gang3.obj
 0001:000043b0       ?GetMergeNode_ZOld@CHitNet@@QAENXZ 100053b0 f i Mi_Gang3.obj
 0001:000043d0       ?SetMergeNode_ZOld@CHitNet@@QAEXN@Z 100053d0 f i Mi_Gang3.obj
 0001:00004400       ?GetMergeNode_ZDefault@CHitNet@@QAENXZ 10005400 f i Mi_Gang3.obj
 0001:00004420       ?SetMergeNode_ZDefault@CHitNet@@QAEXN@Z 10005420 f i Mi_Gang3.obj
 0001:00004450       ??1CHitNet@@UAE@XZ         10005450 f i Mi_Gang3.obj
 0001:00004480       ??_GCHitNet@@UAEPAXI@Z     10005480 f i Mi_Gang3.obj
 0001:000044c0       ??_ECHitNet@@UAEPAXI@Z     100054c0 f i Mi_Gang3.obj
 0001:00004540       ?GetObjectType@CLayer@@UAEHXZ 10005540 f i Mi_Gang3.obj
 0001:00004560       ?SetObjectType@CLayer@@UAEXH@Z 10005560 f i Mi_Gang3.obj
 0001:00004590       ?GetElemType@CLayer@@UAEHXZ 10005590 f i Mi_Gang3.obj
 0001:000045b0       ?SetElemType@CLayer@@UAEXH@Z 100055b0 f i Mi_Gang3.obj
 0001:000045e0       ?GetObjectNo@CLayer@@UAEJXZ 100055e0 f i Mi_Gang3.obj
 0001:00004600       ?SetObjectNo@CLayer@@UAEXJ@Z 10005600 f i Mi_Gang3.obj
 0001:00004630       ?GetCurrentLayer@CLayer@@UAEIXZ 10005630 f i Mi_Gang3.obj
 0001:00004650       ?SetCurrentLayer@CLayer@@UAEXI@Z 10005650 f i Mi_Gang3.obj
 0001:00004680       ?GetCurrentLayerOld@CLayer@@UAEIXZ 10005680 f i Mi_Gang3.obj
 0001:000046a0       ?SetCurrentLayerOld@CLayer@@UAEXI@Z 100056a0 f i Mi_Gang3.obj
 0001:000046d0       ?GetCurrentLayerDefault@CLayer@@UAEIXZ 100056d0 f i Mi_Gang3.obj
 0001:000046f0       ?SetCurrentLayerDefault@CLayer@@UAEXI@Z 100056f0 f i Mi_Gang3.obj
 0001:00004720       ??1CLayer@@UAE@XZ          10005720 f i Mi_Gang3.obj
 0001:00004750       ??_GCLayer@@UAEPAXI@Z      10005750 f i Mi_Gang3.obj
 0001:00004790       ??_ECLayer@@UAEPAXI@Z      10005790 f i Mi_Gang3.obj
 0001:00004810       ?GetObjectType@CPatchMnu@@UAEHXZ 10005810 f i Mi_Gang3.obj
 0001:00004830       ?SetObjectType@CPatchMnu@@UAEXH@Z 10005830 f i Mi_Gang3.obj
 0001:00004860       ?GetElemType@CPatchMnu@@UAEHXZ 10005860 f i Mi_Gang3.obj
 0001:00004880       ?SetElemType@CPatchMnu@@UAEXH@Z 10005880 f i Mi_Gang3.obj
 0001:000048b0       ?GetObjectNo@CPatchMnu@@UAEJXZ 100058b0 f i Mi_Gang3.obj
 0001:000048d0       ?SetObjectNo@CPatchMnu@@UAEXJ@Z 100058d0 f i Mi_Gang3.obj
 0001:00004900       ?GetCurrentPatchMnu@CPatchMnu@@UAEIXZ 10005900 f i Mi_Gang3.obj
 0001:00004920       ?SetCurrentPatchMnu@CPatchMnu@@UAEXI@Z 10005920 f i Mi_Gang3.obj
 0001:00004950       ?GetCurrentPatchMnuOld@CPatchMnu@@UAEIXZ 10005950 f i Mi_Gang3.obj
 0001:00004970       ?SetCurrentPatchMnuOld@CPatchMnu@@UAEXI@Z 10005970 f i Mi_Gang3.obj
 0001:000049a0       ?GetCurrentPatchMnuDefault@CPatchMnu@@UAEIXZ 100059a0 f i Mi_Gang3.obj
 0001:000049c0       ?SetCurrentPatchMnuDefault@CPatchMnu@@UAEXI@Z 100059c0 f i Mi_Gang3.obj
 0001:000049f0       ?GetPatchMnuID@CPatchMnu@@UAE?AVCString@@I@Z 100059f0 f i Mi_Gang3.obj
 0001:00004a30       ?SetPatchMnuID@CPatchMnu@@UAEXVCString@@I@Z 10005a30 f i Mi_Gang3.obj
 0001:00004a90       ?GetCurrentID@CPatchMnu@@UAE?AVCString@@XZ 10005a90 f i Mi_Gang3.obj
 0001:00004ad0       ?SetCurrentID@CPatchMnu@@UAEXVCString@@@Z 10005ad0 f i Mi_Gang3.obj
 0001:00004b30       ??1CPatchMnu@@UAE@XZ       10005b30 f i Mi_Gang3.obj
 0001:00004bc0       ??_GCPatchMnu@@UAEPAXI@Z   10005bc0 f i Mi_Gang3.obj
 0001:00004c00       ??_ECPatchMnu@@UAEPAXI@Z   10005c00 f i Mi_Gang3.obj
 0001:00004c80       ?GetObjectType@CObj3DMnu@@UAEHXZ 10005c80 f i Mi_Gang3.obj
 0001:00004ca0       ?SetObjectType@CObj3DMnu@@UAEXH@Z 10005ca0 f i Mi_Gang3.obj
 0001:00004cd0       ?GetElemType@CObj3DMnu@@UAEHXZ 10005cd0 f i Mi_Gang3.obj
 0001:00004cf0       ?SetElemType@CObj3DMnu@@UAEXH@Z 10005cf0 f i Mi_Gang3.obj
 0001:00004d20       ?GetObjectNo@CObj3DMnu@@UAEJXZ 10005d20 f i Mi_Gang3.obj
 0001:00004d40       ?SetObjectNo@CObj3DMnu@@UAEXJ@Z 10005d40 f i Mi_Gang3.obj
 0001:00004d70       ?GetCurrentObj3DMnu@CObj3DMnu@@UAEIXZ 10005d70 f i Mi_Gang3.obj
 0001:00004d90       ?SetCurrentObj3DMnu@CObj3DMnu@@UAEXI@Z 10005d90 f i Mi_Gang3.obj
 0001:00004dc0       ?GetCurrentObj3DMnuOld@CObj3DMnu@@UAEIXZ 10005dc0 f i Mi_Gang3.obj
 0001:00004de0       ?SetCurrentObj3DMnuOld@CObj3DMnu@@UAEXI@Z 10005de0 f i Mi_Gang3.obj
 0001:00004e10       ?GetCurrentObj3DMnuDefault@CObj3DMnu@@UAEIXZ 10005e10 f i Mi_Gang3.obj
 0001:00004e30       ?SetCurrentObj3DMnuDefault@CObj3DMnu@@UAEXI@Z 10005e30 f i Mi_Gang3.obj
 0001:00004e60       ?GetObj3DMnuID@CObj3DMnu@@UAE?AVCString@@I@Z 10005e60 f i Mi_Gang3.obj
 0001:00004ea0       ?SetObj3DMnuID@CObj3DMnu@@UAEXVCString@@I@Z 10005ea0 f i Mi_Gang3.obj
 0001:00004f00       ?GetCurrentID@CObj3DMnu@@UAE?AVCString@@XZ 10005f00 f i Mi_Gang3.obj
 0001:00004f40       ?SetCurrentID@CObj3DMnu@@UAEXVCString@@@Z 10005f40 f i Mi_Gang3.obj
 0001:00004fa0       ??1CObj3DMnu@@UAE@XZ       10005fa0 f i Mi_Gang3.obj
 0001:00005030       ??_GCObj3DMnu@@UAEPAXI@Z   10006030 f i Mi_Gang3.obj
 0001:00005070       ??_ECObj3DMnu@@UAEPAXI@Z   10006070 f i Mi_Gang3.obj
 0001:000050f0       ?GetObjectType@CMapFactor@@UAEHXZ 100060f0 f i Mi_Gang3.obj
 0001:00005110       ?SetObjectType@CMapFactor@@UAEXH@Z 10006110 f i Mi_Gang3.obj
 0001:00005140       ?GetElemType@CMapFactor@@UAEHXZ 10006140 f i Mi_Gang3.obj
 0001:00005160       ?SetElemType@CMapFactor@@UAEXH@Z 10006160 f i Mi_Gang3.obj
 0001:00005190       ?GetObjectNo@CMapFactor@@UAEJXZ 10006190 f i Mi_Gang3.obj
 0001:000051b0       ?SetObjectNo@CMapFactor@@UAEXJ@Z 100061b0 f i Mi_Gang3.obj
 0001:000051e0       ?GetMapFactor@CMapFactor@@UAENXZ 100061e0 f i Mi_Gang3.obj
 0001:00005200       ?SetMapFactor@CMapFactor@@UAEXN@Z 10006200 f i Mi_Gang3.obj
 0001:00005230       ?GetMapModeIndex@CMapFactor@@UAEHXZ 10006230 f i Mi_Gang3.obj
 0001:00005250       ?SetMapModeIndex@CMapFactor@@UAEXH@Z 10006250 f i Mi_Gang3.obj
 0001:00005280       ??1CMapFactor@@UAE@XZ      10006280 f i Mi_Gang3.obj
 0001:000052b0       ??_GCMapFactor@@UAEPAXI@Z  100062b0 f i Mi_Gang3.obj
 0001:000052f0       ??_ECMapFactor@@UAEPAXI@Z  100062f0 f i Mi_Gang3.obj
 0001:00005370       ?GetObjectType@CPrecision@@UAEHXZ 10006370 f i Mi_Gang3.obj
 0001:00005390       ?SetObjectType@CPrecision@@UAEXH@Z 10006390 f i Mi_Gang3.obj
 0001:000053c0       ?GetElemType@CPrecision@@UAEHXZ 100063c0 f i Mi_Gang3.obj
 0001:000053e0       ?SetElemType@CPrecision@@UAEXH@Z 100063e0 f i Mi_Gang3.obj
 0001:00005410       ?GetObjectNo@CPrecision@@UAEJXZ 10006410 f i Mi_Gang3.obj
 0001:00005430       ?SetObjectNo@CPrecision@@UAEXJ@Z 10006430 f i Mi_Gang3.obj
 0001:00005460       ?GetPrecision@CPrecision@@UAEIXZ 10006460 f i Mi_Gang3.obj
 0001:00005480       ?SetPrecision@CPrecision@@UAEXI@Z 10006480 f i Mi_Gang3.obj
 0001:000054b0       ?GetPrecisionOld@CPrecision@@UAEIXZ 100064b0 f i Mi_Gang3.obj
 0001:000054d0       ?SetPrecisionOld@CPrecision@@UAEXI@Z 100064d0 f i Mi_Gang3.obj
 0001:00005500       ?GetPrecisionDefault@CPrecision@@UAEIXZ 10006500 f i Mi_Gang3.obj
 0001:00005520       ?SetPrecisionDefault@CPrecision@@UAEXI@Z 10006520 f i Mi_Gang3.obj
 0001:00005550       ?GetWorldBase@CPrecision@@UAEJXZ 10006550 f i Mi_Gang3.obj
 0001:00005570       ?SetWorldBase@CPrecision@@UAEXJ@Z 10006570 f i Mi_Gang3.obj
 0001:000055a0       ?GetWorldBaseOld@CPrecision@@UAEJXZ 100065a0 f i Mi_Gang3.obj
 0001:000055c0       ?SetWorldBaseOld@CPrecision@@UAEXJ@Z 100065c0 f i Mi_Gang3.obj
 0001:000055f0       ?GetWorldBaseDefault@CPrecision@@UAEJXZ 100065f0 f i Mi_Gang3.obj
 0001:00005610       ?SetWorldBaseDefault@CPrecision@@UAEXJ@Z 10006610 f i Mi_Gang3.obj
 0001:00005640       ??1CPrecision@@UAE@XZ      10006640 f i Mi_Gang3.obj
 0001:00005670       ??_GCPrecision@@UAEPAXI@Z  10006670 f i Mi_Gang3.obj
 0001:000056b0       ??_ECPrecision@@UAEPAXI@Z  100066b0 f i Mi_Gang3.obj
 0001:00005730       ?GetObjectType@CScaleFactor@@UAEHXZ 10006730 f i Mi_Gang3.obj
 0001:00005750       ?SetObjectType@CScaleFactor@@UAEXH@Z 10006750 f i Mi_Gang3.obj
 0001:00005780       ?GetElemType@CScaleFactor@@UAEHXZ 10006780 f i Mi_Gang3.obj
 0001:000057a0       ?SetElemType@CScaleFactor@@UAEXH@Z 100067a0 f i Mi_Gang3.obj
 0001:000057d0       ?GetObjectNo@CScaleFactor@@UAEJXZ 100067d0 f i Mi_Gang3.obj
 0001:000057f0       ?SetObjectNo@CScaleFactor@@UAEXJ@Z 100067f0 f i Mi_Gang3.obj
 0001:00005820       ?GetScaleFactor@CScaleFactor@@UAENXZ 10006820 f i Mi_Gang3.obj
 0001:00005840       ?SetScaleFactor@CScaleFactor@@UAEXN@Z 10006840 f i Mi_Gang3.obj
 0001:00005870       ?GetScaleFactorOld@CScaleFactor@@UAENXZ 10006870 f i Mi_Gang3.obj
 0001:00005890       ?SetScaleFactorOld@CScaleFactor@@UAEXN@Z 10006890 f i Mi_Gang3.obj
 0001:000058c0       ?GetScaleFactorDefault@CScaleFactor@@UAENXZ 100068c0 f i Mi_Gang3.obj
 0001:000058e0       ?SetScaleFactorDefault@CScaleFactor@@UAEXN@Z 100068e0 f i Mi_Gang3.obj
 0001:00005910       ??1CScaleFactor@@UAE@XZ    10006910 f i Mi_Gang3.obj
 0001:00005940       ??_GCScaleFactor@@UAEPAXI@Z 10006940 f i Mi_Gang3.obj
 0001:00005980       ??_ECScaleFactor@@UAEPAXI@Z 10006980 f i Mi_Gang3.obj
 0001:00005a00       ?GetObjectType@CUnit@@UAEHXZ 10006a00 f i Mi_Gang3.obj
 0001:00005a20       ?SetObjectType@CUnit@@UAEXH@Z 10006a20 f i Mi_Gang3.obj
 0001:00005a50       ?GetElemType@CUnit@@UAEHXZ 10006a50 f i Mi_Gang3.obj
 0001:00005a70       ?SetElemType@CUnit@@UAEXH@Z 10006a70 f i Mi_Gang3.obj
 0001:00005aa0       ?GetObjectNo@CUnit@@UAEJXZ 10006aa0 f i Mi_Gang3.obj
 0001:00005ac0       ?SetObjectNo@CUnit@@UAEXJ@Z 10006ac0 f i Mi_Gang3.obj
 0001:00005af0       ?GetUnitName@CUnit@@UAE?AVCString@@I@Z 10006af0 f i Mi_Gang3.obj
 0001:00005b30       ?GetUnitIndex@CUnit@@UAEIXZ 10006b30 f i Mi_Gang3.obj
 0001:00005b50       ?SetUnitIndex@CUnit@@UAEXI@Z 10006b50 f i Mi_Gang3.obj
 0001:00005b80       ?GetUnitIndexOld@CUnit@@UAEIXZ 10006b80 f i Mi_Gang3.obj
 0001:00005ba0       ?SetUnitIndexOld@CUnit@@UAEXI@Z 10006ba0 f i Mi_Gang3.obj
 0001:00005bd0       ?GetUnitIndexDefault@CUnit@@UAEIXZ 10006bd0 f i Mi_Gang3.obj
 0001:00005bf0       ?SetUnitIndexDefault@CUnit@@UAEXI@Z 10006bf0 f i Mi_Gang3.obj
 0001:00005c20       ?GetUnitNameCount@CUnit@@UAEIXZ 10006c20 f i Mi_Gang3.obj
 0001:00005c40       ?SetUnitNameCount@CUnit@@UAEXI@Z 10006c40 f i Mi_Gang3.obj
 0001:00005c70       ??1CUnit@@UAE@XZ           10006c70 f i Mi_Gang3.obj
 0001:00005ce0       ??_GCUnit@@UAEPAXI@Z       10006ce0 f i Mi_Gang3.obj
 0001:00005d20       ??_ECUnit@@UAEPAXI@Z       10006d20 f i Mi_Gang3.obj
 0001:00005da0       ??1CDataRowHint@@UAE@XZ    10006da0 f i Mi_Gang3.obj
 0001:00005dc0       ?GetMapFactor@CObjectMgr@@UAEPAVCMapFactor@@XZ 10006dc0 f i Mi_Gang3.obj
 0001:00005de0       ?GetPrecision@CObjectMgr@@UAEPAVCPrecision@@XZ 10006de0 f i Mi_Gang3.obj
 0001:00005e00       ?GetScaleFactor@CObjectMgr@@UAEPAVCScaleFactor@@XZ 10006e00 f i Mi_Gang3.obj
 0001:00005e20       ?GetUnit@CObjectMgr@@UAEPAVCUnit@@XZ 10006e20 f i Mi_Gang3.obj
 0001:00005e40       ?GetObjectListFromIndex@CObjectMgr@@UAEPAVCDListMgr@@H@Z 10006e40 f i Mi_Gang3.obj
 0001:00005e80       ?IsSceneChanged@CObjectMgr@@UAEHXZ 10006e80 f i Mi_Gang3.obj
 0001:00005ea0       ?SetSceneChanged@CObjectMgr@@UAEXH@Z 10006ea0 f i Mi_Gang3.obj
 0001:00005ed0       ?IsViewChanged@CObjectMgr@@UAEHXZ 10006ed0 f i Mi_Gang3.obj
 0001:00005ef0       ?SetViewChanged@CObjectMgr@@UAEXH@Z 10006ef0 f i Mi_Gang3.obj
 0001:00005f20       ?GetMasterLastObjectNo@CObjectMgr@@UAEIXZ 10006f20 f i Mi_Gang3.obj
 0001:00005f40       ?SetMasterLastObjectNo@CObjectMgr@@UAEXI@Z 10006f40 f i Mi_Gang3.obj
 0001:00005f70       ?GetActiveObjectNo@CObjectMgr@@UAEIXZ 10006f70 f i Mi_Gang3.obj
 0001:00005f90       ?SetActiveObjectNo@CObjectMgr@@UAEXI@Z 10006f90 f i Mi_Gang3.obj
 0001:00005fc0       ?GetActiveListIndex@CObjectMgr@@UAEHXZ 10006fc0 f i Mi_Gang3.obj
 0001:00005fe0       ?SetActiveListIndex@CObjectMgr@@UAEXH@Z 10006fe0 f i Mi_Gang3.obj
 0001:00006010       ?GetActiveObjectIndex@CObjectMgr@@UAEHXZ 10007010 f i Mi_Gang3.obj
 0001:00006030       ?SetActiveObjectIndex@CObjectMgr@@UAEXH@Z 10007030 f i Mi_Gang3.obj
 0001:00006060       ?GetActiveObjectType@CObjectMgr@@UAEHXZ 10007060 f i Mi_Gang3.obj
 0001:00006080       ?SetActiveObjectType@CObjectMgr@@UAEXH@Z 10007080 f i Mi_Gang3.obj
 0001:000060b0       ?GetRowList@CObjectMgr@@QAEPAV?$CList@JJ@@XZ 100070b0 f i Mi_Gang3.obj
 0001:000060d0       ?GetRowCount@CObjectMgr@@QAEHXZ 100070d0 f i Mi_Gang3.obj
 0001:00006100       ?GetActiveRowIndex@CObjectMgr@@QAEHXZ 10007100 f i Mi_Gang3.obj
 0001:00006120       ?SetActiveRowIndex@CObjectMgr@@QAEXH@Z 10007120 f i Mi_Gang3.obj
 0001:00006150       ?GetFormat@CObjectMgr@@UAE?AVCString@@XZ 10007150 f i Mi_Gang3.obj
 0001:00006190       ?IsMeshGenOn@CObjectMgr@@UAEHXZ 10007190 f i Mi_Gang3.obj
 0001:000061b0       ?SetMeshGenOn@CObjectMgr@@UAEXH@Z 100071b0 f i Mi_Gang3.obj
 0001:000061e0       ?GetMeshType@CObjectMgr@@UAEIXZ 100071e0 f i Mi_Gang3.obj
 0001:00006200       ?SetMeshType@CObjectMgr@@UAEXI@Z 10007200 f i Mi_Gang3.obj
 0001:00006230       ?GetCurrentTopLevel@CObjectMgr@@UAEHXZ 10007230 f i Mi_Gang3.obj
 0001:00006250       ?SetCurrentTopLevel@CObjectMgr@@UAEXH@Z 10007250 f i Mi_Gang3.obj
 0001:00006280       ?GetObjectType@CElemInfo@@UAEHXZ 10007280 f i Mi_Gang3.obj
 0001:000062a0       ?SetObjectType@CElemInfo@@UAEXH@Z 100072a0 f i Mi_Gang3.obj
 0001:000062d0       ?GetElemType@CElemInfo@@UAEHXZ 100072d0 f i Mi_Gang3.obj
 0001:000062f0       ?SetElemType@CElemInfo@@UAEXH@Z 100072f0 f i Mi_Gang3.obj
 0001:00006320       ?GetObjectNo@CElemInfo@@UAEJXZ 10007320 f i Mi_Gang3.obj
 0001:00006340       ?SetObjectNo@CElemInfo@@UAEXJ@Z 10007340 f i Mi_Gang3.obj
 0001:00006370       ?GetInfoList@CElemInfo@@UAEPAVCDListMgr@@H@Z 10007370 f i Mi_Gang3.obj
 0001:000063a0       ??1CElemInfo@@UAE@XZ       100073a0 f i Mi_Gang3.obj
 0001:00006410       ??_GCElemInfo@@UAEPAXI@Z   10007410 f i Mi_Gang3.obj
 0001:00006450       ??_ECElemInfo@@UAEPAXI@Z   10007450 f i Mi_Gang3.obj
 0001:000064d0       ??1CMeshRowHint@@UAE@XZ    100074d0 f i Mi_Gang3.obj
 0001:000064f0       ?GetRowList@CMsObjMgr@@QAEPAV?$CList@JJ@@XZ 100074f0 f i Mi_Gang3.obj
 0001:00006510       ?GetRowCount@CMsObjMgr@@QAEHXZ 10007510 f i Mi_Gang3.obj
 0001:00006540       ?GetActiveRowIndex@CMsObjMgr@@QAEHXZ 10007540 f i Mi_Gang3.obj
 0001:00006560       ?SetActiveRowIndex@CMsObjMgr@@QAEXH@Z 10007560 f i Mi_Gang3.obj
 0001:00006590       ??1CBaseRowHint@@UAE@XZ    10007590 f i Mi_Gang3.obj
 0001:000065b0       ?GetCurrentItem@CDbObjMgr@@QAEAAVCString@@XZ 100075b0 f i Mi_Gang3.obj
 0001:000065d0       ?SetCurrentItem@CDbObjMgr@@QAEXAAVCString@@@Z 100075d0 f i Mi_Gang3.obj
 0001:00006600       ?GetCurrentParent@CDbObjMgr@@QAEAAVCString@@XZ 10007600 f i Mi_Gang3.obj
 0001:00006620       ?SetCurrentParent@CDbObjMgr@@QAEXAAVCString@@@Z 10007620 f i Mi_Gang3.obj
 0001:00006650       ??1CAxDataRowHint@@UAE@XZ  10007650 f i Mi_Gang3.obj
 0001:00006670       ?GetMapFactor@CAxObjMgr@@UAEPAVCMapFactor@@XZ 10007670 f i Mi_Gang3.obj
 0001:00006690       ?GetPrecision@CAxObjMgr@@UAEPAVCPrecision@@XZ 10007690 f i Mi_Gang3.obj
 0001:000066b0       ?GetScaleFactor@CAxObjMgr@@UAEPAVCScaleFactor@@XZ 100076b0 f i Mi_Gang3.obj
 0001:000066d0       ?GetUnit@CAxObjMgr@@UAEPAVCUnit@@XZ 100076d0 f i Mi_Gang3.obj
 0001:000066f0       ?GetObjectListFromIndex@CAxObjMgr@@UAEPAVCDListMgr@@H@Z 100076f0 f i Mi_Gang3.obj
 0001:00006730       ?IsSceneChanged@CAxObjMgr@@UAEHXZ 10007730 f i Mi_Gang3.obj
 0001:00006750       ?SetSceneChanged@CAxObjMgr@@UAEXH@Z 10007750 f i Mi_Gang3.obj
 0001:00006780       ?IsViewChanged@CAxObjMgr@@UAEHXZ 10007780 f i Mi_Gang3.obj
 0001:000067a0       ?SetViewChanged@CAxObjMgr@@UAEXH@Z 100077a0 f i Mi_Gang3.obj
 0001:000067d0       ?GetMasterLastObjectNo@CAxObjMgr@@UAEIXZ 100077d0 f i Mi_Gang3.obj
 0001:000067f0       ?SetMasterLastObjectNo@CAxObjMgr@@UAEXI@Z 100077f0 f i Mi_Gang3.obj
 0001:00006820       ?GetActiveObjectNo@CAxObjMgr@@UAEIXZ 10007820 f i Mi_Gang3.obj
 0001:00006840       ?SetActiveObjectNo@CAxObjMgr@@UAEXI@Z 10007840 f i Mi_Gang3.obj
 0001:00006870       ?GetActiveListIndex@CAxObjMgr@@UAEHXZ 10007870 f i Mi_Gang3.obj
 0001:00006890       ?SetActiveListIndex@CAxObjMgr@@UAEXH@Z 10007890 f i Mi_Gang3.obj
 0001:000068c0       ?GetActiveObjectIndex@CAxObjMgr@@UAEHXZ 100078c0 f i Mi_Gang3.obj
 0001:000068e0       ?SetActiveObjectIndex@CAxObjMgr@@UAEXH@Z 100078e0 f i Mi_Gang3.obj
 0001:00006910       ?GetActiveObjectType@CAxObjMgr@@UAEHXZ 10007910 f i Mi_Gang3.obj
 0001:00006930       ?SetActiveObjectType@CAxObjMgr@@UAEXH@Z 10007930 f i Mi_Gang3.obj
 0001:00006960       ?GetRowList@CAxObjMgr@@QAEPAV?$CList@JJ@@XZ 10007960 f i Mi_Gang3.obj
 0001:00006980       ?GetRowCount@CAxObjMgr@@QAEHXZ 10007980 f i Mi_Gang3.obj
 0001:000069b0       ?GetActiveRowIndex@CAxObjMgr@@QAEHXZ 100079b0 f i Mi_Gang3.obj
 0001:000069d0       ?SetActiveRowIndex@CAxObjMgr@@QAEXH@Z 100079d0 f i Mi_Gang3.obj
 0001:00006a00       ?GetFormat@CAxObjMgr@@UAE?AVCString@@XZ 10007a00 f i Mi_Gang3.obj
 0001:00006a40       ?IsMeshGenOn@CAxObjMgr@@UAEHXZ 10007a40 f i Mi_Gang3.obj
 0001:00006a60       ?SetMeshGenOn@CAxObjMgr@@UAEXH@Z 10007a60 f i Mi_Gang3.obj
 0001:00006a90       ?GetMeshType@CAxObjMgr@@UAEIXZ 10007a90 f i Mi_Gang3.obj
 0001:00006ab0       ?SetMeshType@CAxObjMgr@@UAEXI@Z 10007ab0 f i Mi_Gang3.obj
 0001:00006ae0       ?GetCurrentTopLevel@CAxObjMgr@@UAEHXZ 10007ae0 f i Mi_Gang3.obj
 0001:00006b00       ?SetCurrentTopLevel@CAxObjMgr@@UAEXH@Z 10007b00 f i Mi_Gang3.obj
 0001:00006b30       ?Parse_drPipe@CDrNode@@UAEPAUnodecard@@PAVCString@@@Z 10007b30 f i Mi_Gang3.obj
 0001:00006b50       ?GetNodeCard@CDrNode@@UAEPAUnodecard@@XZ 10007b50 f i Mi_Gang3.obj
 0001:00006b70       ?GetCardNo@CDrNode@@UAEHXZ 10007b70 f i Mi_Gang3.obj
 0001:00006b90       ?SetCardNo@CDrNode@@UAEXH@Z 10007b90 f i Mi_Gang3.obj
 0001:00006bc0       ?DoFormattedCardView@CDrNode@@UAEXPAVCString@@AAV2@@Z 10007bc0 f i Mi_Gang3.obj
 0001:00006be0       ?DoUnFormattedCardView@CDrNode@@UAEXPAVCString@@@Z 10007be0 f i Mi_Gang3.obj
 0001:00006c00       ?GetMaxCorners@CDrNode@@UAEHXZ 10007c00 f i Mi_Gang3.obj
 0001:00006c20       ?GetCategory@CDrNode@@UAE?AW4CATEGORY@@XZ 10007c20 f i Mi_Gang3.obj
 0001:00006c40       ?SetCategory@CDrNode@@UAEXW4CATEGORY@@@Z 10007c40 f i Mi_Gang3.obj
 0001:00006c60       ?GetPrecision@CDrNode@@UAEHXZ 10007c60 f i Mi_Gang3.obj
 0001:00006c80       ?SetPrecision@CDrNode@@UAEXH@Z 10007c80 f i Mi_Gang3.obj
 0001:00006cb0       ?GetFormat@CDrNode@@QAE?AVCString@@XZ 10007cb0 f i Mi_Gang3.obj
 0001:00006cf0       ?SetFormat@CDrNode@@QAEXVCString@@@Z 10007cf0 f i Mi_Gang3.obj
 0001:00006d50       ?GetMapFactor@CDrNode@@QAENXZ 10007d50 f i Mi_Gang3.obj
 0001:00006d70       ?SetMapFactor@CDrNode@@QAEXN@Z 10007d70 f i Mi_Gang3.obj
 0001:00006da0       ?GetScaleFactor@CDrNode@@QAENXZ 10007da0 f i Mi_Gang3.obj
 0001:00006dc0       ?SetScaleFactor@CDrNode@@QAEXN@Z 10007dc0 f i Mi_Gang3.obj
 0001:00006df0       ?GetMasterMultFac@CDrNode@@QAEJXZ 10007df0 f i Mi_Gang3.obj
 0001:00006e10       ?SetMasterMultFac@CDrNode@@QAEXJ@Z 10007e10 f i Mi_Gang3.obj
 0001:00006e40       ?GetLocalPos@CDrNode@@UAEPAUWORLD@@XZ 10007e40 f i Mi_Gang3.obj
 0001:00006e60       ?SetLocalPos@CDrNode@@UAEXUWORLD@@@Z 10007e60 f i Mi_Gang3.obj
 0001:00006e90       ?GetWorldPos@CDrNode@@UAEPAUWORLD@@XZ 10007e90 f i Mi_Gang3.obj
 0001:00006eb0       ?SetWorldPos@CDrNode@@UAEXUWORLD@@@Z 10007eb0 f i Mi_Gang3.obj
 0001:00006ee0       ?GetEyePos@CDrNode@@UAEPAUWORLD@@XZ 10007ee0 f i Mi_Gang3.obj
 0001:00006f00       ?SetEyePos@CDrNode@@UAEXUWORLD@@@Z 10007f00 f i Mi_Gang3.obj
 0001:00006f30       ?GetScreenPos3D@CDrNode@@UAEPAUWORLD@@XZ 10007f30 f i Mi_Gang3.obj
 0001:00006f50       ?SetScreenPos3D@CDrNode@@UAEXUWORLD@@@Z 10007f50 f i Mi_Gang3.obj
 0001:00006f80       ?GetScreenPos2D@CDrNode@@UAEPAUtagPOINT@@XZ 10007f80 f i Mi_Gang3.obj
 0001:00006fa0       ?SetScreenPos2D@CDrNode@@UAEXUtagPOINT@@@Z 10007fa0 f i Mi_Gang3.obj
 0001:00006fd0       ?GetNormalWorld@CDrNode@@UAEPAUWORLD@@XZ 10007fd0 f i Mi_Gang3.obj
 0001:00006ff0       ?SetNormalWorld@CDrNode@@UAEXUWORLD@@@Z 10007ff0 f i Mi_Gang3.obj
 0001:00007020       ?GetNormalEye@CDrNode@@UAEPAUWORLD@@XZ 10008020 f i Mi_Gang3.obj
 0001:00007040       ?SetNormalEye@CDrNode@@UAEXUWORLD@@@Z 10008040 f i Mi_Gang3.obj
 0001:00007070       ?GetNormalScreen3D@CDrNode@@UAEPAUWORLD@@XZ 10008070 f i Mi_Gang3.obj
 0001:00007090       ?SetNormalScreen3D@CDrNode@@UAEXUWORLD@@@Z 10008090 f i Mi_Gang3.obj
 0001:000070c0       ?GetNormalScreen2D@CDrNode@@UAEPAUtagPOINT@@XZ 100080c0 f i Mi_Gang3.obj
 0001:000070e0       ?SetNormalScreen2D@CDrNode@@UAEXUtagPOINT@@@Z 100080e0 f i Mi_Gang3.obj
 0001:00007110       ?GetLabelNo@CDrNode@@QAEJXZ 10008110 f i Mi_Gang3.obj
 0001:00007130       ?SetLabelNo@CDrNode@@QAEXJ@Z 10008130 f i Mi_Gang3.obj
 0001:00007160       ?IsMeshNode@CDrNode@@QAEHXZ 10008160 f i Mi_Gang3.obj
 0001:00007180       ?SetMeshNode@CDrNode@@QAEXH@Z 10008180 f i Mi_Gang3.obj
 0001:000071b0       ?IsGenerated@CDrNode@@QAEHXZ 100081b0 f i Mi_Gang3.obj
 0001:000071d0       ?SetGenerated@CDrNode@@QAEXH@Z 100081d0 f i Mi_Gang3.obj
 0001:00007200       ?IsControlNode@CDrNode@@QAEHXZ 10008200 f i Mi_Gang3.obj
 0001:00007230       ?SetControlNode@CDrNode@@QAEXH@Z 10008230 f i Mi_Gang3.obj
 0001:00007260       ?GetInputMode@CDrNode@@QAEHXZ 10008260 f i Mi_Gang3.obj
 0001:00007280       ?SetInputMode@CDrNode@@QAEXH@Z 10008280 f i Mi_Gang3.obj
 0001:000072b0       ?GetLength@CDrNode@@QAENXZ 100082b0 f i Mi_Gang3.obj
 0001:000072d0       ?SetLength@CDrNode@@QAEXN@Z 100082d0 f i Mi_Gang3.obj
 0001:00007300       ?GetDelta@CDrNode@@QAEPAUWORLD@@XZ 10008300 f i Mi_Gang3.obj
 0001:00007320       ?SetDelta@CDrNode@@QAEXUWORLD@@@Z 10008320 f i Mi_Gang3.obj
 0001:00007350       ?GetFromID@CDrNode@@QAE?AVCString@@XZ 10008350 f i Mi_Gang3.obj
 0001:00007390       ?SetFromID@CDrNode@@QAEXVCString@@@Z 10008390 f i Mi_Gang3.obj
 0001:000073f0       ?GetToID@CDrNode@@QAE?AVCString@@XZ 100083f0 f i Mi_Gang3.obj
 0001:00007430       ?SetToID@CDrNode@@QAEXVCString@@@Z 10008430 f i Mi_Gang3.obj
 0001:00007490       ?IsRefCN@CDrNode@@QAEHXZ   10008490 f i Mi_Gang3.obj
 0001:000074b0       ?SetRefCN@CDrNode@@QAEXH@Z 100084b0 f i Mi_Gang3.obj
 0001:000074e0       ?IsFromCN@CDrNode@@QAEHXZ  100084e0 f i Mi_Gang3.obj
 0001:00007500       ?SetFromCN@CDrNode@@QAEXH@Z 10008500 f i Mi_Gang3.obj
 0001:00007530       ?IsToCN@CDrNode@@QAEHXZ    10008530 f i Mi_Gang3.obj
 0001:00007550       ?SetToCN@CDrNode@@QAEXH@Z  10008550 f i Mi_Gang3.obj
 0001:00007580       ?IsSkewed@CDrNode@@UAEHXZ  10008580 f i Mi_Gang3.obj
 0001:000075a0       ?SetSkewed@CDrNode@@UAEXH@Z 100085a0 f i Mi_Gang3.obj
 0001:000075d0       ?IsLinSpr@CDrNode@@UAEHXZ  100085d0 f i Mi_Gang3.obj
 0001:000075f0       ?SetLinSpr@CDrNode@@UAEXH@Z 100085f0 f i Mi_Gang3.obj
 0001:00007620       ?IsLinSnu@CDrNode@@UAEHXZ  10008620 f i Mi_Gang3.obj
 0001:00007640       ?SetLinSnu@CDrNode@@UAEXH@Z 10008640 f i Mi_Gang3.obj
 0001:00007670       ?GetSuppCardList@CDrNode@@QAEPAV?$CList@Usupportcard@@U1@@@XZ 10008670 f i Mi_Gang3.obj
 0001:00007690       ?GetStaLCardList@CDrNode@@QAEPAV?$CList@UstaLcard@@U1@@@XZ 10008690 f i Mi_Gang3.obj
 0001:000076b0       ?GetElNumID@CDrFE0D@@QAEAAVCString@@XZ 100086b0 f i Mi_Gang3.obj
 0001:000076d0       ?SetElNumID@CDrFE0D@@QAEXVCString@@@Z 100086d0 f i Mi_Gang3.obj
 0001:00007730       ?GetElTypeID@CDrFE0D@@QAEAAVCString@@XZ 10008730 f i Mi_Gang3.obj
 0001:00007750       ?SetElTypeID@CDrFE0D@@QAEXVCString@@@Z 10008750 f i Mi_Gang3.obj
 0001:000077b0       ?Getrid@CDrFE0D@@QAEAAVCString@@XZ 100087b0 f i Mi_Gang3.obj
 0001:000077d0       ?Setrid@CDrFE0D@@QAEXVCString@@@Z 100087d0 f i Mi_Gang3.obj
 0001:00007830       ?Getpid@CDrFE0D@@QAEAAVCString@@XZ 10008830 f i Mi_Gang3.obj
 0001:00007850       ?Setpid@CDrFE0D@@QAEXVCString@@@Z 10008850 f i Mi_Gang3.obj
 0001:000078b0       ?Getmid@CDrFE0D@@QAEAAVCString@@XZ 100088b0 f i Mi_Gang3.obj
 0001:000078d0       ?Setmid@CDrFE0D@@QAEXVCString@@@Z 100088d0 f i Mi_Gang3.obj
 0001:00007930       ?GetElNum@CDrFE0D@@QAEIXZ  10008930 f i Mi_Gang3.obj
 0001:00007950       ?SetElNum@CDrFE0D@@QAEXI@Z 10008950 f i Mi_Gang3.obj
 0001:00007980       ?GetElTypeNum@CDrFE0D@@QAEIXZ 10008980 f i Mi_Gang3.obj
 0001:000079a0       ?SetElTypeNum@CDrFE0D@@QAEXI@Z 100089a0 f i Mi_Gang3.obj
 0001:000079d0       ?Getrel@CDrFE0D@@QAEIXZ    100089d0 f i Mi_Gang3.obj
 0001:000079f0       ?Setrel@CDrFE0D@@QAEXI@Z   100089f0 f i Mi_Gang3.obj
 0001:00007a20       ?Getprop@CDrFE0D@@QAEIXZ   10008a20 f i Mi_Gang3.obj
 0001:00007a40       ?Setprop@CDrFE0D@@QAEXI@Z  10008a40 f i Mi_Gang3.obj
 0001:00007a70       ?Getmat@CDrFE0D@@QAEIXZ    10008a70 f i Mi_Gang3.obj
 0001:00007a90       ?Setmat@CDrFE0D@@QAEXI@Z   10008a90 f i Mi_Gang3.obj
 0001:00007ac0       ?GetRefTemp@CDrFE0D@@QAENXZ 10008ac0 f i Mi_Gang3.obj
 0001:00007ae0       ?SetRefTemp@CDrFE0D@@QAEXN@Z 10008ae0 f i Mi_Gang3.obj
 0001:00007b10       ?GetNormalWorld@CDrFE0D@@UAEPAUWORLD@@XZ 10008b10 f i Mi_Gang3.obj
 0001:00007b30       ?SetNormalWorld@CDrFE0D@@UAEXUWORLD@@@Z 10008b30 f i Mi_Gang3.obj
 0001:00007b60       ?GetNormalEye@CDrFE0D@@UAEPAUWORLD@@XZ 10008b60 f i Mi_Gang3.obj
 0001:00007b80       ?SetNormalEye@CDrFE0D@@UAEXUWORLD@@@Z 10008b80 f i Mi_Gang3.obj
 0001:00007bb0       ?GetNormalScreen3D@CDrFE0D@@UAEPAUWORLD@@XZ 10008bb0 f i Mi_Gang3.obj
 0001:00007bd0       ?SetNormalScreen3D@CDrFE0D@@UAEXUWORLD@@@Z 10008bd0 f i Mi_Gang3.obj
 0001:00007c00       ?GetNormalScreen2D@CDrFE0D@@UAEPAUtagPOINT@@XZ 10008c00 f i Mi_Gang3.obj
 0001:00007c20       ?SetNormalScreen2D@CDrFE0D@@UAEXUtagPOINT@@@Z 10008c20 f i Mi_Gang3.obj
 0001:00007c50       ?IsMeshNode@CDrFE0D@@UAEHXZ 10008c50 f i Mi_Gang3.obj
 0001:00007c70       ?SetMeshNode@CDrFE0D@@UAEXH@Z 10008c70 f i Mi_Gang3.obj
 0001:00007ca0       ?GetHist_S@CDrFE0D@@QAEHXZ 10008ca0 f i Mi_Gang3.obj
 0001:00007cc0       ?SetHist_S@CDrFE0D@@QAEXH@Z 10008cc0 f i Mi_Gang3.obj
 0001:00007cf0       ?GetHist_T@CDrFE0D@@QAEHXZ 10008cf0 f i Mi_Gang3.obj
 0001:00007d10       ?SetHist_T@CDrFE0D@@QAEXH@Z 10008d10 f i Mi_Gang3.obj
 0001:00007d40       ?GetHist_R@CDrFE0D@@QAEHXZ 10008d40 f i Mi_Gang3.obj
 0001:00007d60       ?SetHist_R@CDrFE0D@@QAEXH@Z 10008d60 f i Mi_Gang3.obj
 0001:00007d90       ?Parse_drPipe@CDrFE1D@@UAEXPAVCString@@@Z 10008d90 f i Mi_Gang3.obj
 0001:00007db0       ?DoFormattedCardView@CDrFE1D@@UAEXPAVCString@@AAV2@@Z 10008db0 f i Mi_Gang3.obj
 0001:00007dd0       ?DoUnFormattedCardView@CDrFE1D@@UAEXPAVCString@@@Z 10008dd0 f i Mi_Gang3.obj
 0001:00007df0       ?GetMaxCorners@CDrFE1D@@UAEHXZ 10008df0 f i Mi_Gang3.obj
 0001:00007e10       ?GetMemIn@CDrFE1D@@UAEPAUWORLD@@XZ 10008e10 f i Mi_Gang3.obj
 0001:00007e30       ?GetMemInWts@CDrFE1D@@UAEPANXZ 10008e30 f i Mi_Gang3.obj
 0001:00007e50       ?GetMemInDP@CDrFE1D@@UAEPAUtagPOINT@@XZ 10008e50 f i Mi_Gang3.obj
 0001:00007e70       ?GetMemOut@CDrFE1D@@UAEPAUWORLD@@XZ 10008e70 f i Mi_Gang3.obj
 0001:00007e90       ?GetMemOutWts@CDrFE1D@@UAEPANXZ 10008e90 f i Mi_Gang3.obj
 0001:00007eb0       ?GetMemOutDP@CDrFE1D@@UAEPAUtagPOINT@@XZ 10008eb0 f i Mi_Gang3.obj
 0001:00007ed0       ?SetMemIn@CDrFE1D@@UAEXPAUWORLD@@@Z 10008ed0 f i Mi_Gang3.obj
 0001:00007f00       ?SetMemInWts@CDrFE1D@@UAEXPAN@Z 10008f00 f i Mi_Gang3.obj
 0001:00007f30       ?SetMemInDP@CDrFE1D@@UAEXPAUtagPOINT@@@Z 10008f30 f i Mi_Gang3.obj
 0001:00007f60       ?SetMemOut@CDrFE1D@@UAEXPAUWORLD@@@Z 10008f60 f i Mi_Gang3.obj
 0001:00007f90       ?SetMemOutWts@CDrFE1D@@UAEXPAN@Z 10008f90 f i Mi_Gang3.obj
 0001:00007fc0       ?SetMemOutDP@CDrFE1D@@UAEXPAUtagPOINT@@@Z 10008fc0 f i Mi_Gang3.obj
 0001:00007ff0       ?FixMemD@CDrFE1D@@UAEPANJ@Z 10008ff0 f i Mi_Gang3.obj
 0001:00008030       ?FreeMemD@CDrFE1D@@UAEXPAN@Z 10009030 f i Mi_Gang3.obj
 0001:00008060       ?FixMem@CDrFE1D@@UAEPAUWORLD@@J@Z 10009060 f i Mi_Gang3.obj
 0001:000080a0       ?FreeMem@CDrFE1D@@UAEXPAUWORLD@@@Z 100090a0 f i Mi_Gang3.obj
 0001:000080d0       ?FixMemDP@CDrFE1D@@UAEPAUtagPOINT@@J@Z 100090d0 f i Mi_Gang3.obj
 0001:00008110       ?FreeMemDP@CDrFE1D@@UAEXPAUtagPOINT@@@Z 10009110 f i Mi_Gang3.obj
 0001:00008140       ?GetnNodes@CDrFE1D@@QAEFXZ 10009140 f i Mi_Gang3.obj
 0001:00008160       ?SetnNodes@CDrFE1D@@QAEXF@Z 10009160 f i Mi_Gang3.obj
 0001:00008190       ?GetEdgeDegree@CDrFE1D@@QAEFXZ 10009190 f i Mi_Gang3.obj
 0001:000081b0       ?SetEdgeDegree@CDrFE1D@@QAEXF@Z 100091b0 f i Mi_Gang3.obj
 0001:000081e0       ?GetElNumID@CDrFE1D@@QAEAAVCString@@XZ 100091e0 f i Mi_Gang3.obj
 0001:00008200       ?SetElNumID@CDrFE1D@@QAEXVCString@@@Z 10009200 f i Mi_Gang3.obj
 0001:00008260       ?GetElTypeID@CDrFE1D@@QAEAAVCString@@XZ 10009260 f i Mi_Gang3.obj
 0001:00008280       ?SetElTypeID@CDrFE1D@@QAEXVCString@@@Z 10009280 f i Mi_Gang3.obj
 0001:000082e0       ?Getline_id@CDrFE1D@@QAEAAVCString@@XZ 100092e0 f i Mi_Gang3.obj
 0001:00008300       ?Setline_id@CDrFE1D@@QAEXVCString@@@Z 10009300 f i Mi_Gang3.obj
 0001:00008360       ?Getrid@CDrFE1D@@UAEAAVCString@@H@Z 10009360 f i Mi_Gang3.obj
 0001:00008390       ?Setrid@CDrFE1D@@UAEXVCString@@H@Z 10009390 f i Mi_Gang3.obj
 0001:000083f0       ?Getpid@CDrFE1D@@QAEAAVCString@@XZ 100093f0 f i Mi_Gang3.obj
 0001:00008410       ?Setpid@CDrFE1D@@QAEXVCString@@@Z 10009410 f i Mi_Gang3.obj
 0001:00008470       ?Getmid@CDrFE1D@@QAEAAVCString@@XZ 10009470 f i Mi_Gang3.obj
 0001:00008490       ?Setmid@CDrFE1D@@QAEXVCString@@@Z 10009490 f i Mi_Gang3.obj
 0001:000084f0       ?GetElNum@CDrFE1D@@QAEIXZ  100094f0 f i Mi_Gang3.obj
 0001:00008510       ?SetElNum@CDrFE1D@@QAEXI@Z 10009510 f i Mi_Gang3.obj
 0001:00008540       ?GetElTypeNum@CDrFE1D@@QAEIXZ 10009540 f i Mi_Gang3.obj
 0001:00008560       ?SetElTypeNum@CDrFE1D@@QAEXI@Z 10009560 f i Mi_Gang3.obj
 0001:00008590       ?Getline_no@CDrFE1D@@QAEIXZ 10009590 f i Mi_Gang3.obj
 0001:000085b0       ?Setline_no@CDrFE1D@@QAEXI@Z 100095b0 f i Mi_Gang3.obj
 0001:000085e0       ?Getrel@CDrFE1D@@UAEIH@Z   100095e0 f i Mi_Gang3.obj
 0001:00008610       ?Setrel@CDrFE1D@@UAEXIH@Z  10009610 f i Mi_Gang3.obj
 0001:00008640       ?Getprop@CDrFE1D@@QAEIXZ   10009640 f i Mi_Gang3.obj
 0001:00008660       ?Setprop@CDrFE1D@@QAEXI@Z  10009660 f i Mi_Gang3.obj
 0001:00008690       ?Getmat@CDrFE1D@@QAEIXZ    10009690 f i Mi_Gang3.obj
 0001:000086b0       ?Setmat@CDrFE1D@@QAEXI@Z   100096b0 f i Mi_Gang3.obj
 0001:000086e0       ?Getnumseg@CDrFE1D@@QAEIXZ 100096e0 f i Mi_Gang3.obj
 0001:00008700       ?Setnumseg@CDrFE1D@@QAEXI@Z 10009700 f i Mi_Gang3.obj
 0001:00008730       ?GetRefTemp@CDrFE1D@@QAENXZ 10009730 f i Mi_Gang3.obj
 0001:00008750       ?SetRefTemp@CDrFE1D@@QAEXN@Z 10009750 f i Mi_Gang3.obj
 0001:00008780       ?GetCardNo@CDrFE1D@@QAEIXZ 10009780 f i Mi_Gang3.obj
 0001:000087a0       ?SetCardNo@CDrFE1D@@QAEXI@Z 100097a0 f i Mi_Gang3.obj
 0001:000087d0       ?GetCenter@CDrFE1D@@UAE?AUtagPOINT@@XZ 100097d0 f i Mi_Gang3.obj
 0001:00008800       ?SetCenter@CDrFE1D@@UAEXUtagPOINT@@@Z 10009800 f i Mi_Gang3.obj
 0001:00008830       ?Parse_drPipe@CDrFE2D@@UAEXPAVCString@@@Z 10009830 f i Mi_Gang3.obj
 0001:00008850       ?DoFormattedCardView@CDrFE2D@@UAEXPAVCString@@AAV2@@Z 10009850 f i Mi_Gang3.obj
 0001:00008870       ?DoUnFormattedCardView@CDrFE2D@@UAEXPAVCString@@@Z 10009870 f i Mi_Gang3.obj
 0001:00008890       ?GetMaxCorners@CDrFE2D@@UAEHXZ 10009890 f i Mi_Gang3.obj
 0001:000088b0       ?GetCentroidScreen2D@CDrFE2D@@UAEPAUtagPOINT@@XZ 100098b0 f i Mi_Gang3.obj
 0001:000088d0       ?SetCentroidScreen2D@CDrFE2D@@UAEXUtagPOINT@@@Z 100098d0 f i Mi_Gang3.obj
 0001:00008900       ?GetCentroidScreen3D@CDrFE2D@@UAEPAUWORLD@@XZ 10009900 f i Mi_Gang3.obj
 0001:00008920       ?SetCentroidScreen3D@CDrFE2D@@UAEXUWORLD@@@Z 10009920 f i Mi_Gang3.obj
 0001:00008950       ?GetCentroidEye@CDrFE2D@@UAEPAUWORLD@@XZ 10009950 f i Mi_Gang3.obj
 0001:00008970       ?SetCentroidEye@CDrFE2D@@UAEXUWORLD@@@Z 10009970 f i Mi_Gang3.obj
 0001:000089a0       ?GetCentroidWorld@CDrFE2D@@UAEPAUWORLD@@XZ 100099a0 f i Mi_Gang3.obj
 0001:000089c0       ?SetCentroidWorld@CDrFE2D@@UAEXUWORLD@@@Z 100099c0 f i Mi_Gang3.obj
 0001:000089f0       ?GetCentroidZdepth@CDrFE2D@@UAENXZ 100099f0 f i Mi_Gang3.obj
 0001:00008a10       ?SetCentroidZdepth@CDrFE2D@@UAEXN@Z 10009a10 f i Mi_Gang3.obj
 0001:00008a40       ?GetNormalWorld@CDrFE2D@@UAEPAUWORLD@@XZ 10009a40 f i Mi_Gang3.obj
 0001:00008a60       ?SetNormalWorld@CDrFE2D@@UAEXUWORLD@@@Z 10009a60 f i Mi_Gang3.obj
 0001:00008a90       ?GetNormalEye@CDrFE2D@@UAEPAUWORLD@@XZ 10009a90 f i Mi_Gang3.obj
 0001:00008ab0       ?SetNormalEye@CDrFE2D@@UAEXUWORLD@@@Z 10009ab0 f i Mi_Gang3.obj
 0001:00008ae0       ?GetNormalScreen3D@CDrFE2D@@UAEPAUWORLD@@XZ 10009ae0 f i Mi_Gang3.obj
 0001:00008b00       ?SetNormalScreen3D@CDrFE2D@@UAEXUWORLD@@@Z 10009b00 f i Mi_Gang3.obj
 0001:00008b30       ?GetNormalScreen2D@CDrFE2D@@UAEPAUtagPOINT@@XZ 10009b30 f i Mi_Gang3.obj
 0001:00008b50       ?SetNormalScreen2D@CDrFE2D@@UAEXUtagPOINT@@@Z 10009b50 f i Mi_Gang3.obj
 0001:00008b80       ?IsCulled@CDrFE2D@@UAEHXZ  10009b80 f i Mi_Gang3.obj
 0001:00008ba0       ?SetCulled@CDrFE2D@@UAEXH@Z 10009ba0 f i Mi_Gang3.obj
 0001:00008bd0       ?GetnNodes@CDrFE2D@@QAEFXZ 10009bd0 f i Mi_Gang3.obj
 0001:00008bf0       ?SetnNodes@CDrFE2D@@QAEXF@Z 10009bf0 f i Mi_Gang3.obj
 0001:00008c20       ?GetnEdgeNodes@CDrFE2D@@QAEFXZ 10009c20 f i Mi_Gang3.obj
 0001:00008c40       ?SetnEdgeNodes@CDrFE2D@@QAEXF@Z 10009c40 f i Mi_Gang3.obj
 0001:00008c70       ?GetElNumID@CDrFE2D@@QAEAAVCString@@XZ 10009c70 f i Mi_Gang3.obj
 0001:00008c90       ?SetElNumID@CDrFE2D@@QAEXVCString@@@Z 10009c90 f i Mi_Gang3.obj
 0001:00008cf0       ?GetElTypeID@CDrFE2D@@QAEAAVCString@@XZ 10009cf0 f i Mi_Gang3.obj
 0001:00008d10       ?SetElTypeID@CDrFE2D@@QAEXVCString@@@Z 10009d10 f i Mi_Gang3.obj
 0001:00008d70       ?Getline_id@CDrFE2D@@QAEAAVCString@@XZ 10009d70 f i Mi_Gang3.obj
 0001:00008d90       ?Setline_id@CDrFE2D@@QAEXVCString@@@Z 10009d90 f i Mi_Gang3.obj
 0001:00008df0       ?Getpid@CDrFE2D@@QAEAAVCString@@XZ 10009df0 f i Mi_Gang3.obj
 0001:00008e10       ?Setpid@CDrFE2D@@QAEXVCString@@@Z 10009e10 f i Mi_Gang3.obj
 0001:00008e70       ?Getmid@CDrFE2D@@QAEAAVCString@@XZ 10009e70 f i Mi_Gang3.obj
 0001:00008e90       ?Setmid@CDrFE2D@@QAEXVCString@@@Z 10009e90 f i Mi_Gang3.obj
 0001:00008ef0       ?GetElNum@CDrFE2D@@QAEIXZ  10009ef0 f i Mi_Gang3.obj
 0001:00008f10       ?SetElNum@CDrFE2D@@QAEXI@Z 10009f10 f i Mi_Gang3.obj
 0001:00008f40       ?GetElTypeNum@CDrFE2D@@QAEIXZ 10009f40 f i Mi_Gang3.obj
 0001:00008f60       ?SetElTypeNum@CDrFE2D@@QAEXI@Z 10009f60 f i Mi_Gang3.obj
 0001:00008f90       ?Getline_no@CDrFE2D@@QAEIXZ 10009f90 f i Mi_Gang3.obj
 0001:00008fb0       ?Setline_no@CDrFE2D@@QAEXI@Z 10009fb0 f i Mi_Gang3.obj
 0001:00008fe0       ?Getprop@CDrFE2D@@QAEIXZ   10009fe0 f i Mi_Gang3.obj
 0001:00009000       ?Setprop@CDrFE2D@@QAEXI@Z  1000a000 f i Mi_Gang3.obj
 0001:00009030       ?Getmat@CDrFE2D@@QAEIXZ    1000a030 f i Mi_Gang3.obj
 0001:00009050       ?Setmat@CDrFE2D@@QAEXI@Z   1000a050 f i Mi_Gang3.obj
 0001:00009080       ?Getnumseg@CDrFE2D@@QAEIXZ 1000a080 f i Mi_Gang3.obj
 0001:000090a0       ?Setnumseg@CDrFE2D@@QAEXI@Z 1000a0a0 f i Mi_Gang3.obj
 0001:000090d0       ?GetRefTemp@CDrFE2D@@QAENXZ 1000a0d0 f i Mi_Gang3.obj
 0001:000090f0       ?SetRefTemp@CDrFE2D@@QAEXN@Z 1000a0f0 f i Mi_Gang3.obj
 0001:00009120       ?GetCardNo@CDrFE2D@@QAEIXZ 1000a120 f i Mi_Gang3.obj
 0001:00009140       ?SetCardNo@CDrFE2D@@QAEXI@Z 1000a140 f i Mi_Gang3.obj
 0001:00009170       ?GetCenter@CDrFE2D@@UAE?AUtagPOINT@@XZ 1000a170 f i Mi_Gang3.obj
 0001:000091a0       ?SetCenter@CDrFE2D@@UAEXUtagPOINT@@@Z 1000a1a0 f i Mi_Gang3.obj
 0001:000091d0       ?IsPosiEdge@CDrFE2D@@QAEHH@Z 1000a1d0 f i Mi_Gang3.obj
 0001:00009200       ?SetPosiEdge@CDrFE2D@@QAEXHH@Z 1000a200 f i Mi_Gang3.obj
 0001:00009230       ?Getrid@CDrFE2D@@UAEAAVCString@@H@Z 1000a230 f i Mi_Gang3.obj
 0001:00009260       ?Setrid@CDrFE2D@@UAEXVCString@@H@Z 1000a260 f i Mi_Gang3.obj
 0001:000092c0       ?Getrel@CDrFE2D@@UAEIH@Z   1000a2c0 f i Mi_Gang3.obj
 0001:000092f0       ?Setrel@CDrFE2D@@UAEXIH@Z  1000a2f0 f i Mi_Gang3.obj
 0001:00009320       ?GetnCorners@CDrFE2D@@UAEFXZ 1000a320 f i Mi_Gang3.obj
 0001:00009340       ?SetnCorners@CDrFE2D@@UAEXF@Z 1000a340 f i Mi_Gang3.obj
 0001:00009370       ?GetnEdges@CDrFE2D@@UAEFXZ 1000a370 f i Mi_Gang3.obj
 0001:00009390       ?SetnEdges@CDrFE2D@@UAEXF@Z 1000a390 f i Mi_Gang3.obj
 0001:000093c0       ?GetElDegree@CDrFE2D@@UAE?AW4ELEM_DEGREE@@XZ 1000a3c0 f i Mi_Gang3.obj
 0001:000093e0       ?SetElDegree@CDrFE2D@@UAEXW4ELEM_DEGREE@@@Z 1000a3e0 f i Mi_Gang3.obj
 0001:00009410       ?GetEdgeDegrees@CDrFE2D@@UAEFH@Z 1000a410 f i Mi_Gang3.obj
 0001:00009440       ?SetEdgeDegrees@CDrFE2D@@UAEXFH@Z 1000a440 f i Mi_Gang3.obj
 0001:00009470       ?GetThkness@CDrFE2D@@UAENXZ 1000a470 f i Mi_Gang3.obj
 0001:00009490       ?SetThkness@CDrFE2D@@UAEXN@Z 1000a490 f i Mi_Gang3.obj
 0001:000094c0       ?GetDrFace@CFaceInfo@@QAEPAVCObject@@XZ 1000a4c0 f i Mi_Gang3.obj
 0001:000094e0       ?SetDrFace@CFaceInfo@@QAEXPAVCObject@@@Z 1000a4e0 f i Mi_Gang3.obj
 0001:00009500       ?GetFaceType@CFaceInfo@@QAEIXZ 1000a500 f i Mi_Gang3.obj
 0001:00009520       ?SetFaceType@CFaceInfo@@QAEXI@Z 1000a520 f i Mi_Gang3.obj
 0001:00009540       ?GetGenObj@CFaceInfo@@QAEPAVCObject@@XZ 1000a540 f i Mi_Gang3.obj
 0001:00009560       ?SetGenObj@CFaceInfo@@QAEXPAVCObject@@@Z 1000a560 f i Mi_Gang3.obj
 0001:00009580       ?GetGenType@CFaceInfo@@QAEIXZ 1000a580 f i Mi_Gang3.obj
 0001:000095a0       ?SetGenType@CFaceInfo@@QAEXI@Z 1000a5a0 f i Mi_Gang3.obj
 0001:000095c0       ?GetFaceDim@CFaceInfo@@QAEIXZ 1000a5c0 f i Mi_Gang3.obj
 0001:000095e0       ?SetFaceDim@CFaceInfo@@QAEXI@Z 1000a5e0 f i Mi_Gang3.obj
 0001:00009600       ?GetObjectID@CDrEdge@@QAEAAVCString@@XZ 1000a600 f i Mi_Gang3.obj
 0001:00009620       ?SetObjectID@CDrEdge@@QAEXAAVCString@@@Z 1000a620 f i Mi_Gang3.obj
 0001:00009650       ?GetVrtxIndex@CDrEdge@@QAEHH@Z 1000a650 f i Mi_Gang3.obj
 0001:00009670       ?SetVrtxIndex@CDrEdge@@QAEXHH@Z 1000a670 f i Mi_Gang3.obj
 0001:000096a0       ?GetFaceInfoList@CDrEdge@@QAEPAVCDListMgr@@XZ 1000a6a0 f i Mi_Gang3.obj
 0001:000096c0       ?GetHist_RCH@CDrEdge@@QAEHXZ 1000a6c0 f i Mi_Gang3.obj
 0001:000096e0       ?SetHist_RCH@CDrEdge@@QAEXH@Z 1000a6e0 f i Mi_Gang3.obj
 0001:00009700       ?GetHistType@CDrEdge@@QAEHXZ 1000a700 f i Mi_Gang3.obj
 0001:00009720       ?SetHistType@CDrEdge@@QAEXH@Z 1000a720 f i Mi_Gang3.obj
 0001:00009740       ?GetMesh@CDrEdge@@QAEPAVCDrObject@@XZ 1000a740 f i Mi_Gang3.obj
 0001:00009760       ?SetMesh@CDrEdge@@QAEXPAVCDrObject@@@Z 1000a760 f i Mi_Gang3.obj
 0001:00009780       ?GetMeshType@CDrEdge@@QAEIXZ 1000a780 f i Mi_Gang3.obj
 0001:000097a0       ?SetMeshType@CDrEdge@@QAEXI@Z 1000a7a0 f i Mi_Gang3.obj
 0001:000097c0       ?IsOnBndry@CDrEdge@@QAEHXZ 1000a7c0 f i Mi_Gang3.obj
 0001:000097e0       ?SetOnBndry@CDrEdge@@QAEXH@Z 1000a7e0 f i Mi_Gang3.obj
 0001:00009800       ?GetMaxCorners@CDrLabel@@UAEHXZ 1000a800 f i Mi_Gang3.obj
 0001:00009820       ?SetProjectedCoords@CDrLabel@@UAEXUtagPOINT@@H@Z 1000a820 f i Mi_Gang3.obj
 0001:00009850       ?IsMoved@CDrLabel@@UAEHXZ  1000a850 f i Mi_Gang3.obj
 0001:00009870       ?SetMoved@CDrLabel@@UAEXH@Z 1000a870 f i Mi_Gang3.obj
 0001:000098a0       ?GetNodePtr@CDrLabel@@UAEPAVCDrNode@@XZ 1000a8a0 f i Mi_Gang3.obj
 0001:000098c0       ?SetNodePtr@CDrLabel@@UAEXPAVCDrNode@@@Z 1000a8c0 f i Mi_Gang3.obj
 0001:000098f0       ?GetContextObj@CDrLabel@@UAE?AW4CONTEXTOBJ@@XZ 1000a8f0 f i Mi_Gang3.obj
 0001:00009910       ?SetContextObj@CDrLabel@@UAEXW4CONTEXTOBJ@@@Z 1000a910 f i Mi_Gang3.obj
 0001:00009940       ?GetMeshElemType@CDrLabel@@UAEIXZ 1000a940 f i Mi_Gang3.obj
 0001:00009960       ?SetMeshElemType@CDrLabel@@UAEXI@Z 1000a960 f i Mi_Gang3.obj
 0001:00009990       ?GetColor@CDrLabel@@UAEKXZ 1000a990 f i Mi_Gang3.obj
 0001:000099b0       ?SetColor@CDrLabel@@UAEXK@Z 1000a9b0 f i Mi_Gang3.obj
 0001:000099e0       ?GetViewNum@CDrLabel@@UAEHXZ 1000a9e0 f i Mi_Gang3.obj
 0001:00009a00       ?SetViewNum@CDrLabel@@UAEXH@Z 1000aa00 f i Mi_Gang3.obj
 0001:00009a30       ?GetType@CDrLabel@@UAEHXZ  1000aa30 f i Mi_Gang3.obj
 0001:00009a50       ?SetType@CDrLabel@@UAEXH@Z 1000aa50 f i Mi_Gang3.obj
 0001:00009a80       ?GetText@CDrLabel@@UAE?AVCString@@XZ 1000aa80 f i Mi_Gang3.obj
 0001:00009ac0       ?SetText@CDrLabel@@UAEXVCString@@@Z 1000aac0 f i Mi_Gang3.obj
 0001:00009b20       ?SetLogFont@CDrLabel@@UAEXUtagLOGFONTA@@@Z 1000ab20 f i Mi_Gang3.obj
 0001:00009b50       ?GetLogFont@CDrLabel@@UAE?AUtagLOGFONTA@@XZ 1000ab50 f i Mi_Gang3.obj
 0001:00009b80       ?GetOtherCorner@CDrLabel@@UAE?AUtagPOINT@@XZ 1000ab80 f i Mi_Gang3.obj
 0001:00009bb0       ?SetOtherCorner@CDrLabel@@UAEXUtagPOINT@@@Z 1000abb0 f i Mi_Gang3.obj
 0001:00009be0       ?GetAngle@CDrLabel@@UAEHXZ 1000abe0 f i Mi_Gang3.obj
 0001:00009c00       ?SetAngle@CDrLabel@@UAEXH@Z 1000ac00 f i Mi_Gang3.obj
 0001:00009c30       ??1CDrLabel@@UAE@XZ        1000ac30 f i Mi_Gang3.obj
 0001:00009c90       ??_GCDrLabel@@UAEPAXI@Z    1000ac90 f i Mi_Gang3.obj
 0001:00009cd0       ??_ECDrLabel@@UAEPAXI@Z    1000acd0 f i Mi_Gang3.obj
 0001:00009d50       ?Setid@CMI_GangN@@QAEXVCString@@@Z 1000ad50 f i Mi_Gang3.obj
 0001:00009db0       ?FixMemD@CMI_GangN@@QAEPANJ@Z 1000adb0 f i Mi_Gang3.obj
 0001:00009df0       ?FreeMemD@CMI_GangN@@QAEXPAN@Z 1000adf0 f i Mi_Gang3.obj
 0001:00009e20       ?FixMem@CMI_GangN@@QAEPAUWORLD@@J@Z 1000ae20 f i Mi_Gang3.obj
 0001:00009e60       ?FreeMem@CMI_GangN@@QAEXPAUWORLD@@@Z 1000ae60 f i Mi_Gang3.obj
 0001:00009e90       ?IsDirty@CDrCurve@@UAEHXZ  1000ae90 f i Mi_Gang3.obj
 0001:00009eb0       ?SetDirty@CDrCurve@@UAEXH@Z 1000aeb0 f i Mi_Gang3.obj
 0001:00009ee0       ?IsControlShapeNeeded@CDrCurve@@UAEHXZ 1000aee0 f i Mi_Gang3.obj
 0001:00009f00       ?SetControlShapeNeed@CDrCurve@@UAEXH@Z 1000af00 f i Mi_Gang3.obj
 0001:00009f30       ?IsPosted@CDrCurve@@UAEHXZ 1000af30 f i Mi_Gang3.obj
 0001:00009f50       ?SetPosted@CDrCurve@@UAEXH@Z 1000af50 f i Mi_Gang3.obj
 0001:00009f80       ?GetCN_BSList@CDrCurve@@QAEPAVCDListMgr@@XZ 1000af80 f i Mi_Gang3.obj
 0001:00009fa0       ?GetVNodeList@CDrCurve@@QAEPAVCDListMgr@@XZ 1000afa0 f i Mi_Gang3.obj
 0001:00009fc0       ?GetMeshElemDim@CDrCurve@@QAEHXZ 1000afc0 f i Mi_Gang3.obj
 0001:00009fe0       ?SetMeshElemDim@CDrCurve@@QAEXH@Z 1000afe0 f i Mi_Gang3.obj
 0001:0000a010       ?IsIso@CDrCurve@@QAEHXZ    1000b010 f i Mi_Gang3.obj
 0001:0000a030       ?SetIso@CDrCurve@@QAEXH@Z  1000b030 f i Mi_Gang3.obj
 0001:0000a060       ?GetIsoToID@CDrCurve@@QAEAAVCString@@XZ 1000b060 f i Mi_Gang3.obj
 0001:0000a080       ?SetIsoToID@CDrCurve@@QAEXAAVCString@@@Z 1000b080 f i Mi_Gang3.obj
 0001:0000a0b0       ?GetCompoType@CDrCurve@@QAEHXZ 1000b0b0 f i Mi_Gang3.obj
 0001:0000a0d0       ?SetCompoType@CDrCurve@@QAEXH@Z 1000b0d0 f i Mi_Gang3.obj
 0001:0000a100       ?GetCompoID@CDrCurve@@QAEAAVCString@@XZ 1000b100 f i Mi_Gang3.obj
 0001:0000a120       ?SetCompoID@CDrCurve@@QAEXAAVCString@@@Z 1000b120 f i Mi_Gang3.obj
 0001:0000a150       ?GetClass_S@CDrCurve@@QAEHXZ 1000b150 f i Mi_Gang3.obj
 0001:0000a170       ?SetClass_S@CDrCurve@@QAEXH@Z 1000b170 f i Mi_Gang3.obj
 0001:0000a1a0       ?GetOutSegUnif_S@CDrCurve@@QAEHXZ 1000b1a0 f i Mi_Gang3.obj
 0001:0000a1c0       ?SetOutSegUnif_S@CDrCurve@@QAEXH@Z 1000b1c0 f i Mi_Gang3.obj
 0001:0000a1f0       ?IsClosed_S@CDrCurve@@QAEHXZ 1000b1f0 f i Mi_Gang3.obj
 0001:0000a210       ?SetClosed_S@CDrCurve@@QAEXH@Z 1000b210 f i Mi_Gang3.obj
 0001:0000a240       ?GetCurveObjectType@CDrCurve@@QAEHXZ 1000b240 f i Mi_Gang3.obj
 0001:0000a260       ?SetCurveObjectType@CDrCurve@@QAEXH@Z 1000b260 f i Mi_Gang3.obj
 0001:0000a290       ?GetMaxINodes_S@CDrCurve@@QAEHXZ 1000b290 f i Mi_Gang3.obj
 0001:0000a2b0       ?SetMaxINodes_S@CDrCurve@@QAEXH@Z 1000b2b0 f i Mi_Gang3.obj
 0001:0000a2e0       ?GetMaxCNodes_S@CDrCurve@@QAEHXZ 1000b2e0 f i Mi_Gang3.obj
 0001:0000a300       ?SetMaxCNodes_S@CDrCurve@@QAEXH@Z 1000b300 f i Mi_Gang3.obj
 0001:0000a330       ?GetMaxBezSegments_S@CDrCurve@@QAEHXZ 1000b330 f i Mi_Gang3.obj
 0001:0000a350       ?SetMaxBezSegments_S@CDrCurve@@QAEXH@Z 1000b350 f i Mi_Gang3.obj
 0001:0000a380       ?GetMaxOutPts_S@CDrCurve@@QAEHXZ 1000b380 f i Mi_Gang3.obj
 0001:0000a3a0       ?SetMaxOutPts_S@CDrCurve@@QAEXH@Z 1000b3a0 f i Mi_Gang3.obj
 0001:0000a3d0       ?GetLongOutPts@CDrCurve@@QAEJXZ 1000b3d0 f i Mi_Gang3.obj
 0001:0000a3f0       ?SetLongOutPts@CDrCurve@@QAEXJ@Z 1000b3f0 f i Mi_Gang3.obj
 0001:0000a420       ?GetCurveType_S@CDrCurve@@QAE?AW4CURVEPROC@@XZ 1000b420 f i Mi_Gang3.obj
 0001:0000a440       ?SetCurveType_S@CDrCurve@@QAEXW4CURVEPROC@@@Z 1000b440 f i Mi_Gang3.obj
 0001:0000a470       ?GetOutMethod@CDrCurve@@QAE?AW4CURVEOUTPUT@@XZ 1000b470 f i Mi_Gang3.obj
 0001:0000a490       ?GetAlfa@CDrCurve@@QAENXZ  1000b490 f i Mi_Gang3.obj
 0001:0000a4b0       ?GetBias@CDrCurve@@QAENXZ  1000b4b0 f i Mi_Gang3.obj
 0001:0000a4d0       ?GetTension@CDrCurve@@QAENXZ 1000b4d0 f i Mi_Gang3.obj
 0001:0000a4f0       ?IsUniform_S@CDrCurve@@QAEHXZ 1000b4f0 f i Mi_Gang3.obj
 0001:0000a510       ?SetUniform_S@CDrCurve@@QAEXH@Z 1000b510 f i Mi_Gang3.obj
 0001:0000a540       ?SetOutMethod_S@CDrCurve@@QAEXW4CURVEOUTPUT@@@Z 1000b540 f i Mi_Gang3.obj
 0001:0000a570       ?GetMaxOutSeg_S@CDrCurve@@QAEHXZ 1000b570 f i Mi_Gang3.obj
 0001:0000a590       ?SetMaxOutSeg_S@CDrCurve@@QAEXH@Z 1000b590 f i Mi_Gang3.obj
 0001:0000a5c0       ?GetDis_AngPointer_S@CDrCurve@@QAEPANXZ 1000b5c0 f i Mi_Gang3.obj
[...]
 0002:000002c0       __imp_?GetRuntimeClass@CHitNet@@UBEPAUCRuntimeClass@@XZ 100152c0     Spec_d32:Spec_D32.dll
 0002:000002c4       __imp_?Serialize@CHitNet@@UAEXAAVCArchive@@@Z 100152c4     Spec_d32:Spec_D32.dll
 0002:000002c8       __imp_?DoDataView@CHitNet@@UAEXPAVCDC@@H@Z 100152c8     Spec_d32:Spec_D32.dll
 0002:000002cc       __imp_?Pack_drPipe@CHitNet@@UAEXPAVCString@@@Z 100152cc     Spec_d32:Spec_D32.dll
 0002:000002d0       __imp_?GetObjectInfo@CHitNet@@UAEXPAVCDrObject@@@Z 100152d0     Spec_d32:Spec_D32.dll
 0002:000002d4       __imp_?SetObjectInfo@CHitNet@@UAEXPAVCDrObject@@@Z 100152d4     Spec_d32:Spec_D32.dll
 0002:000002d8       __imp_?GetRuntimeClass@CDrPen@@UBEPAUCRuntimeClass@@XZ 100152d8     Spec_d32:Spec_D32.dll
 0002:000002dc       __imp_?Serialize@CDrPen@@UAEXAAVCArchive@@@Z 100152dc     Spec_d32:Spec_D32.dll
 0002:000002e0       __imp_?DoDataView@CDrPen@@UAEXPAVCDC@@H@Z 100152e0     Spec_d32:Spec_D32.dll
 0002:000002e4       __imp_?Pack_drPipe@CDrPen@@UAEXPAVCString@@@Z 100152e4     Spec_d32:Spec_D32.dll
 0002:000002e8       __imp_?GetObjectInfo@CDrPen@@UAEXPAVCDrObject@@@Z 100152e8     Spec_d32:Spec_D32.dll
 0002:000002ec       __imp_?SetObjectInfo@CDrPen@@UAEXPAVCDrObject@@@Z 100152ec     Spec_d32:Spec_D32.dll
 0002:000002f0       __imp_?ReplacePen@CDrPen@@UAEXXZ 100152f0     Spec_d32:Spec_D32.dll
 0002:000002f4       __imp_?ReadDefaultDrPen@CDrPen@@UAEXXZ 100152f4     Spec_d32:Spec_D32.dll
 0002:000002f8       __imp_?InitDrPen@CDrPen@@UAEXXZ 100152f8     Spec_d32:Spec_D32.dll
 0002:000002fc       __imp_?GetRuntimeClass@CDrFont@@UBEPAUCRuntimeClass@@XZ 100152fc     Spec_d32:Spec_D32.dll
 0002:00000300       __imp_?Serialize@CDrFont@@UAEXAAVCArchive@@@Z 10015300     Spec_d32:Spec_D32.dll
 0002:00000304       __imp_?DoDataView@CDrFont@@UAEXPAVCDC@@H@Z 10015304     Spec_d32:Spec_D32.dll
 0002:00000308       __imp_?Pack_drPipe@CDrFont@@UAEXPAVCString@@@Z 10015308     Spec_d32:Spec_D32.dll
 0002:0000030c       __imp_?GetObjectInfo@CDrFont@@UAEXPAVCDrObject@@@Z 1001530c     Spec_d32:Spec_D32.dll
 0002:00000310       __imp_?SetObjectInfo@CDrFont@@UAEXPAVCDrObject@@@Z 10015310     Spec_d32:Spec_D32.dll
 0002:00000314       __imp_?DoTextFont@CDrFont@@UAEXXZ 10015314     Spec_d32:Spec_D32.dll
 0002:00000318       __imp_?ReadDefaultDrFont@CDrFont@@UAEXXZ 10015318     Spec_d32:Spec_D32.dll
 0002:0000031c       __imp_?InitDrFont@CDrFont@@UAEXXZ 1001531c     Spec_d32:Spec_D32.dll
 0002:00000320       __imp_?GetRuntimeClass@CDataWindow@@UBEPAUCRuntimeClass@@XZ 10015320     Spec_d32:Spec_D32.dll
 0002:00000324       __imp_?Serialize@CDataWindow@@UAEXAAVCArchive@@@Z 10015324     Spec_d32:Spec_D32.dll
 0002:00000328       __imp_?DoDataView@CDataWindow@@UAEXPAVCDC@@H@Z 10015328     Spec_d32:Spec_D32.dll
 0002:0000032c       __imp_?Pack_drPipe@CDataWindow@@UAEXPAVCString@@@Z 1001532c     Spec_d32:Spec_D32.dll
 0002:00000330       __imp_?GetObjectInfo@CDataWindow@@UAEXPAVCDrObject@@@Z 10015330     Spec_d32:Spec_D32.dll
 0002:00000334       __imp_?SetObjectInfo@CDataWindow@@UAEXPAVCDrObject@@@Z 10015334     Spec_d32:Spec_D32.dll
 0002:00000338       __imp_?SetWinMinMaxWIC@CDataWindow@@UAEXULPOINT3@@@Z 10015338     Spec_d32:Spec_D32.dll
 0002:0000033c       __imp_?SetWinExtWIC@CDataWindow@@UAEXXZ 1001533c     Spec_d32:Spec_D32.dll
 0002:00000340       __imp_?ReadDefaultDataWindow@CDataWindow@@UAEXXZ 10015340     Spec_d32:Spec_D32.dll
 0002:00000344       __imp_?InitDataWindow@CDataWindow@@UAEXXZ 10015344     Spec_d32:Spec_D32.dll
 0002:00000348       __imp_??1CDrObject@@UAE@XZ 10015348     Spec_d32:Spec_D32.dll
 0002:0000034c       __imp_?GetRuntimeClass@CBooleans@@UBEPAUCRuntimeClass@@XZ 1001534c     Spec_d32:Spec_D32.dll
 0002:00000350       __imp_?Serialize@CBooleans@@UAEXAAVCArchive@@@Z 10015350     Spec_d32:Spec_D32.dll
 0002:00000354       __imp_?DoDataView@CBooleans@@UAEXPAVCDC@@H@Z 10015354     Spec_d32:Spec_D32.dll
 0002:00000358       __imp_?GetLocalCorner@CDrObject@@UAEXPAUWORLD@@H@Z 10015358     Spec_d32:Spec_D32.dll
 0002:0000035c       __imp_?SetLocalCorner@CDrObject@@UAEXPAUWORLD@@H@Z 1001535c     Spec_d32:Spec_D32.dll
 0002:00000360       __imp_?GetWorldCorner@CDrObject@@UAEXPAUWORLD@@H@Z 10015360     Spec_d32:Spec_D32.dll
 0002:00000364       __imp_?SetWorldCorner@CDrObject@@UAEXPAUWORLD@@H@Z 10015364     Spec_d32:Spec_D32.dll
 0002:00000368       __imp_?GetEyeCorner@CDrObject@@UAEXPAUWORLD@@H@Z 10015368     Spec_d32:Spec_D32.dll
 0002:0000036c       __imp_?SetEyeCorner@CDrObject@@UAEXPAUWORLD@@H@Z 1001536c     Spec_d32:Spec_D32.dll
 0002:00000370       __imp_?GetScreen3DCorner@CDrObject@@UAEXPAUWORLD@@H@Z 10015370     Spec_d32:Spec_D32.dll
 0002:00000374       __imp_?SetScreen3DCorner@CDrObject@@UAEXPAUWORLD@@H@Z 10015374     Spec_d32:Spec_D32.dll
 0002:00000378       __imp_?Pack_drPipe@CBooleans@@UAEXPAVCString@@@Z 10015378     Spec_d32:Spec_D32.dll
 0002:0000037c       __imp_?GetObjectInfo@CBooleans@@UAEXPAVCDrObject@@@Z 1001537c     Spec_d32:Spec_D32.dll
 0002:00000380       __imp_?SetObjectInfo@CBooleans@@UAEXPAVCDrObject@@@Z 10015380     Spec_d32:Spec_D32.dll
 0002:00000384       __imp_?IsZoomEnabled@CBooleans@@UAEHH@Z 10015384     Spec_d32:Spec_D32.dll
 0002:00000388       __imp_?SetZoomEnabled@CBooleans@@UAEXHH@Z 10015388     Spec_d32:Spec_D32.dll
 0002:0000038c       __imp_?IsZoomOn@CBooleans@@UAEHHH@Z 1001538c     Spec_d32:Spec_D32.dll
 0002:00000390       __imp_?ToggleZoom@CBooleans@@UAEHHH@Z 10015390     Spec_d32:Spec_D32.dll
 0002:00000394       __imp_?ReadDefaultBooleans@CBooleans@@UAEXXZ 10015394     Spec_d32:Spec_D32.dll
 0002:00000398       __imp_?InitBooleans@CBooleans@@UAEXXZ 10015398     Spec_d32:Spec_D32.dll
 0002:0000039c       __imp_?InitPrecision@CPrecision@@UAEXXZ 1001539c     Spec_d32:Spec_D32.dll
 0002:000003a0       __imp_?GetRuntimeClass@CMatObj@@UBEPAUCRuntimeClass@@XZ 100153a0     Spec_d32:Spec_D32.dll
 0002:000003a4       \177Spec_D32_NULL_THUNK_DATA 100153a4     Spec_d32:Spec_D32.dll
 0002:000003cc       ??_C@_09GNKB@CMI_Gang3?$AA@ 100153cc     Mi_Gang3.obj
 0002:000003d8       ??_7C3DMath@@6B@           100153d8     Mi_Gang3.obj
 0002:000003ec       ??_7CMsMath@@6B@           100153ec     Mi_Gang3.obj
 0002:00000400       ??_7CMatObj@@6B@           10015400     Mi_Gang3.obj
 0002:000004dc       ??_7CBooleans@@6B@         100154dc     Mi_Gang3.obj
 0002:0000071c       ??_7CDataWindow@@6B@       1001571c     Mi_Gang3.obj
 0002:0000088c       ??_7CDrFont@@6B@           1001588c     Mi_Gang3.obj
 0002:000009fc       ??_7CDrPen@@6B@            100159fc     Mi_Gang3.obj
 0002:00000bcc       ??_7CHitNet@@6B@           10015bcc     Mi_Gang3.obj
 0002:00000d1c       ??_7CLayer@@6B@            10015d1c     Mi_Gang3.obj
 0002:00000eac       ??_7CPatchMnu@@6B@         10015eac     Mi_Gang3.obj
 0002:00001054       ??_7CObj3DMnu@@6B@         10016054     Mi_Gang3.obj
 0002:000011fc       ??_7CMapFactor@@6B@        100161fc     Mi_Gang3.obj
 0002:00001364       ??_7CPrecision@@6B@        10016364     Mi_Gang3.obj
 0002:000014ec       ??_7CScaleFactor@@6B@      100164ec     Mi_Gang3.obj
 0002:0000165c       ??_7CUnit@@6B@             1001665c     Mi_Gang3.obj
 0002:000017d8       ??_7CElemInfo@@6B@         100167d8     Mi_Gang3.obj
 0002:00001934       ??_7CDrLabel@@6B@          10016934     Mi_Gang3.obj
 0002:00001acc       ??_7CTriangle@@6B@         10016acc     Mi_Gang3.obj
 0002:00001b48       ??_7CMI_Gang3@@6B@         10016b48     Mi_Gang3.obj
 0002:00001b5c       ??_C@_0BI@PAMH@?5CMI_Gang3?3?5?5?5?5Loading?6?$AA@ 10016b5c     Mi_Gang3.obj
 0002:00001b74       ??_C@_0BI@DHJB@?5CMI_Gang3?3?5?5?5?5Storing?6?$AA@ 10016b74     Mi_Gang3.obj
 0002:00001b8c       ??_7?$CList@HH@@6B@        10016b8c     Mi_Gang3.obj
 0002:00001ba0       ??_C@_01BJG@?6?$AA@        10016ba0     Mi_Gang3.obj
 0002:00001ba4       ??_C@_05KIFI@with?5?$AA@   10016ba4     Mi_Gang3.obj
 0002:00001bac       ??_C@_09LOPF@?5elements?$AA@ 10016bac     Mi_Gang3.obj
 0002:00001bb8       ??_C@_0BH@BFCE@MMs3?4DLL?5Terminating?$CB?6?$AA@ 10016bb8     MMs3dll.obj
 0002:00001bd0       ??_C@_02DILL@?$CFs?$AA@    10016bd0     MMs3dll.obj
 0002:00001bd4       ??_C@_0BI@IDIO@MMs3?4DLL?5Initializing?$CB?6?$AA@ 10016bd4     MMs3dll.obj
 0002:00001bec       ??_C@_08PFCG@CMMs3Mgr?$AA@ 10016bec     MMs3Mgr.obj
 0002:00001bf8       ??_C@_0BA@MFHJ@21?5Node?9HEXAHED?$AA@ 10016bf8     MMs3Mgr.obj
 0002:00001c08       ??_C@_0BA@GFCI@20?5Node?9HEXAHED?$AA@ 10016c08     MMs3Mgr.obj
 0002:00001c18       ??_C@_0P@JMOM@8?5Node?9HEXAHED?$AA@ 10016c18     MMs3Mgr.obj
 0002:00001c28       ??_C@_0L@NOAE@3D?9HEXAHED?$AA@ 10016c28     MMs3Mgr.obj
 0002:00001c34       ??_C@_0BB@KFLD@10?5Node?9TETRAHED?$AA@ 10016c34     MMs3Mgr.obj
 0002:00001c48       ??_C@_0BA@KKIO@4?5Node?9TETRAHED?$AA@ 10016c48     MMs3Mgr.obj
 0002:00001c58       ??_C@_0M@KDEP@3D?9TETRAHED?$AA@ 10016c58     MMs3Mgr.obj
 0002:00001c64       ??_C@_0BB@FBLE@15?5Node?9PENTAHED?$AA@ 10016c64     MMs3Mgr.obj
 0002:00001c78       ??_C@_0BA@BDOI@6?5Node?9PENTAHED?$AA@ 10016c78     MMs3Mgr.obj
 0002:00001c88       ??_C@_0M@JPGJ@3D?9PENTAHED?$AA@ 10016c88     MMs3Mgr.obj
 0002:00001c94       ??_C@_05NKIM@BRICK?$AA@    10016c94     MMs3Mgr.obj
 0002:00001c9c       ??_C@_0L@MBJF@3D?5Element?$AA@ 10016c9c     MMs3Mgr.obj
 0002:00001ca8       ??_C@_0L@CHFE@THIN?5SHELL?$AA@ 10016ca8     MMs3Mgr.obj
 0002:00001cb4       ??_C@_0BB@KEIL@10?5Node?9TRIANGLE?$AA@ 10016cb4     MMs3Mgr.obj
 0002:00001cc8       ??_C@_0BA@HGJF@9?5Node?9TRIANGLE?$AA@ 10016cc8     MMs3Mgr.obj
 0002:00001cd8       ??_C@_0BA@COPG@6?5Node?9TRIANGLE?$AA@ 10016cd8     MMs3Mgr.obj
 0002:00001ce8       ??_C@_0BA@OGNH@3?5Node?9TRIANGLE?$AA@ 10016ce8     MMs3Mgr.obj
 0002:00001cf8       ??_C@_0M@EIPI@2D?9TRIANGLE?$AA@ 10016cf8     MMs3Mgr.obj
 0002:00001d04       ??_C@_0N@BEDA@16?5Node?9QUAD?$AA@ 10016d04     MMs3Mgr.obj
 0002:00001d14       ??_C@_0N@LOAP@12?5Node?9QUAD?$AA@ 10016d14     MMs3Mgr.obj
 0002:00001d24       ??_C@_0M@NLPC@9?5Node?9QUAD?$AA@ 10016d24     MMs3Mgr.obj
 0002:00001d30       ??_C@_0M@DBHN@8?5Node?9QUAD?$AA@ 10016d30     MMs3Mgr.obj
 0002:00001d3c       ??_C@_0M@MPDM@4?5Node?9QUAD?$AA@ 10016d3c     MMs3Mgr.obj
 0002:00001d48       ??_C@_07FEJF@2D?9QUAD?$AA@ 10016d48     MMs3Mgr.obj
 0002:00001d50       ??_C@_04GIIE@FACE?$AA@     10016d50     MMs3Mgr.obj
 0002:00001d58       ??_C@_0L@EOFH@2D?5Element?$AA@ 10016d58     MMs3Mgr.obj
 0002:00001d64       ??_C@_05HGOC@TRUSS?$AA@    10016d64     MMs3Mgr.obj
 0002:00001d6c       ??_C@_04MMHL@BEAM?$AA@     10016d6c     MMs3Mgr.obj
 0002:00001d74       ??_C@_05MEMP@ELBOW?$AA@    10016d74     MMs3Mgr.obj
 0002:00001d7c       ??_C@_04CDKK@PIPE?$AA@     10016d7c     MMs3Mgr.obj
 0002:00001d84       ??_C@_04EHJE@EDGE?$AA@     10016d84     MMs3Mgr.obj
 0002:00001d8c       ??_C@_0L@NOBB@1D?5Element?$AA@ 10016d8c     MMs3Mgr.obj
 0002:00001d98       ??_C@_05HHEN@MNODE?$AA@    10016d98     MMs3Mgr.obj
 0002:00001da0       ??_C@_09OKNM@Mesh?5NODE?$AA@ 10016da0     MMs3Mgr.obj
 0002:00001dac       ??_C@_05LGLI@CNODE?$AA@    10016dac     MMs3Mgr.obj
 0002:00001db4       ??_C@_0N@PFFC@Control?5NODE?$AA@ 10016db4     MMs3Mgr.obj
 0002:00001dc4       ??_C@_04FPID@NODE?$AA@     10016dc4     MMs3Mgr.obj
 0002:00001dcc       ??_C@_0L@EIMA@Input?5NODE?$AA@ 10016dcc     MMs3Mgr.obj
 0002:00001dd8       ??_C@_05ONAC@VERTX?$AA@    10016dd8     MMs3Mgr.obj
 0002:00001de0       ??_C@_0L@FBND@0D?5Element?$AA@ 10016de0     MMs3Mgr.obj
 0002:00001dec       ??_C@_0M@MADC@SPAWN?5Solid?$AA@ 10016dec     MMs3Mgr.obj
 0002:00001df8       ??_C@_0N@OHKI@SPLICE?5Solid?$AA@ 10016df8     MMs3Mgr.obj
 0002:00001e08       ??_C@_0N@IGEK@Delete?5Solid?$AA@ 10016e08     MMs3Mgr.obj
 0002:00001e18       ??_C@_0N@HNNM@UNPOST?5Solid?$AA@ 10016e18     MMs3Mgr.obj
 0002:00001e28       ??_C@_0L@ILDJ@POST?5Solid?$AA@ 10016e28     MMs3Mgr.obj
 0002:00001e34       ??_C@_0L@BGJP@MOVE?5Solid?$AA@ 10016e34     MMs3Mgr.obj
 0002:00001e40       ??_C@_0L@MAIP@EDIT?5Solid?$AA@ 10016e40     MMs3Mgr.obj
 0002:00001e4c       ??_C@_0L@DPM@FLAT?5Solid?$AA@ 10016e4c     MMs3Mgr.obj
 0002:00001e58       ??_C@_0M@FOEI@SWEPT?5Solid?$AA@ 10016e58     MMs3Mgr.obj
 0002:00001e64       ??_C@_0N@MKKB@DUCTED?5Solid?$AA@ 10016e64     MMs3Mgr.obj
 0002:00001e74       ??_C@_0P@IKAJ@EXTRUDED?5Solid?$AA@ 10016e74     MMs3Mgr.obj
 0002:00001e84       ??_C@_0N@DMKD@LOFTED?5Solid?$AA@ 10016e84     MMs3Mgr.obj
 0002:00001e94       ??_C@_0O@JLO@ROTATED?5Solid?$AA@ 10016e94     MMs3Mgr.obj
 0002:00001ea4       ??_C@_0M@DOOL@Coons?5Solid?$AA@ 10016ea4     MMs3Mgr.obj
 0002:00001eb0       ??_C@_0N@NFAI@Tensor?5Solid?$AA@ 10016eb0     MMs3Mgr.obj
 0002:00001ec0       ??_C@_0O@IHHM@Gordons?5Solid?$AA@ 10016ec0     MMs3Mgr.obj
 0002:00001ed0       ??_C@_05DEEH@SOLID?$AA@    10016ed0     MMs3Mgr.obj
 0002:00001ed8       ??_C@_0M@CBL@SPAWN?5Patch?$AA@ 10016ed8     MMs3Mgr.obj
 0002:00001ee4       ??_C@_0N@CFIB@SPLICE?5Patch?$AA@ 10016ee4     MMs3Mgr.obj
 0002:00001ef4       ??_C@_0L@EJBA@POST?5Patch?$AA@ 10016ef4     MMs3Mgr.obj
 0002:00001f00       ??_C@_0N@LPPF@UNPOST?5Patch?$AA@ 10016f00     MMs3Mgr.obj
 0002:00001f10       ??_C@_0N@EEGD@Delete?5Patch?$AA@ 10016f10     MMs3Mgr.obj
 0002:00001f20       ??_C@_0L@NELG@MOVE?5Patch?$AA@ 10016f20     MMs3Mgr.obj
 0002:00001f2c       ??_C@_0L@CKG@EDIT?5Patch?$AA@ 10016f2c     MMs3Mgr.obj
 0002:00001f38       ??_C@_0L@MBNF@FLAT?5Patch?$AA@ 10016f38     MMs3Mgr.obj
 0002:00001f44       ??_C@_0M@JMGB@SWEPT?5Patch?$AA@ 10016f44     MMs3Mgr.obj
 0002:00001f50       ??_C@_0N@III@DUCTED?5Patch?$AA@ 10016f50     MMs3Mgr.obj
 0002:00001f60       ??_C@_0P@EICA@EXTRUDED?5Patch?$AA@ 10016f60     MMs3Mgr.obj
 0002:00001f70       ??_C@_0N@POIK@LOFTED?5Patch?$AA@ 10016f70     MMs3Mgr.obj
 0002:00001f80       ??_C@_0O@MLJH@ROTATED?5Patch?$AA@ 10016f80     MMs3Mgr.obj
 0002:00001f90       ??_C@_0M@PMMC@Coons?5Patch?$AA@ 10016f90     MMs3Mgr.obj
 0002:00001f9c       ??_C@_0O@EFFF@Gordons?5Patch?$AA@ 10016f9c     MMs3Mgr.obj
 0002:00001fac       ??_C@_0N@BHCB@Tensor?5Patch?$AA@ 10016fac     MMs3Mgr.obj
 0002:00001fbc       ??_C@_05PGGO@PATCH?$AA@    10016fbc     MMs3Mgr.obj
 0002:00001fc4       ??_C@_0M@LOOF@SPAWN?5Curve?$AA@ 10016fc4     MMs3Mgr.obj
 0002:00001fd0       ??_C@_0N@JJHP@SPLICE?5Curve?$AA@ 10016fd0     MMs3Mgr.obj
 0002:00001fe0       ??_C@_0N@MPEP@DELETE?5Curve?$AA@ 10016fe0     MMs3Mgr.obj
 0002:00001ff0       ??_C@_0N@DAL@UNPOST?5Curve?$AA@ 10016ff0     MMs3Mgr.obj
 0002:00002000       ??_C@_0L@PFOO@POST?5Curve?$AA@ 10017000     MMs3Mgr.obj
 0002:0000200c       ??_C@_0L@GIEI@MOVE?5Curve?$AA@ 1001700c     MMs3Mgr.obj
 0002:00002018       ??_C@_0L@LOFI@EDIT?5Curve?$AA@ 10017018     MMs3Mgr.obj
 0002:00002024       ??_C@_0BA@PMJH@OPERATION?5Curve?$AA@ 10017024     MMs3Mgr.obj
 0002:00002034       ??_C@_0L@KDAP@NURB?5Curve?$AA@ 10017034     MMs3Mgr.obj
 0002:00002040       ??_C@_0P@FGGO@B?9SPLINE?5Curve?$AA@ 10017040     MMs3Mgr.obj
 0002:00002050       ??_C@_0N@IOIN@BEZIER?5Curve?$AA@ 10017050     MMs3Mgr.obj
 0002:00002060       ??_C@_0O@NLEA@HERMITE?5Curve?$AA@ 10017060     MMs3Mgr.obj
 0002:00002070       ??_C@_0BA@OMIE@QUADRATIC?5Curve?$AA@ 10017070     MMs3Mgr.obj
 0002:00002080       ??_C@_0N@ILBB@LINEAR?5Curve?$AA@ 10017080     MMs3Mgr.obj
 0002:00002090       ??_C@_0P@HNHI@PARABOLA?5Curve?$AA@ 10017090     MMs3Mgr.obj
 0002:000020a0       ??_C@_0P@OJDG@ELLIPTIC?5Curve?$AA@ 100170a0     MMs3Mgr.obj
 0002:000020b0       ??_C@_0P@GAFK@CIRCULAR?5Curve?$AA@ 100170b0     MMs3Mgr.obj
 0002:000020c0       ??_C@_05EKJA@CURVE?$AA@    100170c0     MMs3Mgr.obj
 0002:000020c8       ??_C@_00A@?$AA@            100170c8     MMs3Mgr.obj
 0002:000020cc       ??_7CMMs3Mgr@@6B@          100170cc     MMs3Mgr.obj
 0002:000020e0       ??_C@_0BG@LFDF@resource?5string?5?$DN?5?$CFs?6?$AA@ 100170e0     MMs3Mgr.obj
 0002:000020f8       ??_C@_0BD@CDGH@?5MMs3Mgr?7?3Loading?6?$AA@ 100170f8     MMs3Mgr.obj
 0002:0000210c       ??_C@_0BD@OEDB@?5MMs3Mgr?7?3Storing?6?$AA@ 1001710c     MMs3Mgr.obj
 0002:00002120       _IID_IDocHostUIHandlerDispatch 10017120     mfcs42d:stdafx.obj
 0002:00002130       _IID_IInternalConnection   10017130     mfcs42d:stdafx.obj
 0002:00002140       _IID_IAxWinAmbientDispatch 10017140     mfcs42d:stdafx.obj
 0002:00002150       _IID_IAxWinHostWindow      10017150     mfcs42d:stdafx.obj
 0002:00002160       _IID_IRegistrar            10017160     mfcs42d:stdafx.obj
 0002:00002170       _CLSID_Registrar           10017170     mfcs42d:stdafx.obj
 0002:00002180       _LIBID_ATLLib              10017180     mfcs42d:stdafx.obj
 0002:000021bc       ??_C@_08JKC@crtdll?4c?$AA@ 100171bc     msvcrtd:crtdll.obj
 0002:00002c08       __IMPORT_DESCRIPTOR_Spec_D32 10017c08     Spec_d32:Spec_D32.dll
 0002:00002c1c       __IMPORT_DESCRIPTOR_Draw_D32 10017c1c     Draw_D32:Draw_D32.dll
 0002:00002c30       __IMPORT_DESCRIPTOR_Elem_D32 10017c30     Elem_D32:Elem_D32.dll
 0002:00002c44       __IMPORT_DESCRIPTOR_OGEN_D32 10017c44     OGen_D32:OGEN_D32.dll
 0002:00002c58       __IMPORT_DESCRIPTOR_Dr3D_D32 10017c58     Dr3D_D32:Dr3D_D32.dll
 0002:00002c6c       __IMPORT_DESCRIPTOR_MMs2_D32 10017c6c     MMs2_d32:MMs2_D32.dll
 0002:00002c80       __IMPORT_DESCRIPTOR_MFC42D 10017c80     mfc42d:MFC42D.DLL
 0002:00002c94       __IMPORT_DESCRIPTOR_MSVCRTD 10017c94     msvcrtd:MSVCRTD.dll
 0002:00002ca8       __NULL_IMPORT_DESCRIPTOR   10017ca8     Spec_d32:Spec_D32.dll
 0003:00000000       ___xc_a                    1002d000     msvcrtd:cinitexe.obj
 0003:0000000c       ___xc_z                    1002d00c     msvcrtd:cinitexe.obj
 0003:00000010       ___xi_a                    1002d010     msvcrtd:cinitexe.obj
 0003:00000014       ___xi_z                    1002d014     msvcrtd:cinitexe.obj
 0003:00000050       ?classCMI_Gang3@CMI_Gang3@@2UCRuntimeClass@@A 1002d050     Mi_Gang3.obj
 0003:0000008c       __pRawDllMain              1002d08c     MMs3dll.obj
 0003:000000a0       ?CuTypes@@3PAUcutypes@@A   1002d0a0     MMs3Mgr.obj
 0003:0000021c       ?nMax_CurveTypes@@3HA      1002d21c     MMs3Mgr.obj
 0003:00000220       ?PaTypes@@3PAUpatypes@@A   1002d220     MMs3Mgr.obj
 0003:00000388       ?nMax_PatchTypes@@3HA      1002d388     MMs3Mgr.obj
 0003:00000390       ?SoTypes@@3PAUsotypes@@A   1002d390     MMs3Mgr.obj
 0003:000004f8       ?nMax_SolidTypes@@3HA      1002d4f8     MMs3Mgr.obj
 0003:00000500       ?ElTypes@@3PAUeltypes@@A   1002d500     MMs3Mgr.obj
 0003:00000830       ?nMax_ElemTypes@@3HA       1002d830     MMs3Mgr.obj
 0003:00000858       ?classCMMs3Mgr@CMMs3Mgr@@2UCRuntimeClass@@A 1002d858     MMs3Mgr.obj
 0003:00000870       ?GUID_ATLVer30@ATL@@3U_GUID@@A 1002d870     mfcs42d:stdafx.obj
 0003:00000880       ?_init_CMI_Gang3@@3UAFX_CLASSINIT@@A 1002d880     Mi_Gang3.obj
 0003:00000888       __afxForceEXTDLL           1002d888     MMs3dll.obj
 0003:00000890       ?extensionMMs3_DLL@@3UAFX_EXTENSION_MODULE@@A 1002d890     MMs3dll.obj
 0003:000008a4       ?_init_CMMs3Mgr@@3UAFX_CLASSINIT@@A 1002d8a4     MMs3Mgr.obj
 0003:000008a8       __afxForceEXCLUDE          1002d8a8     mfcs42d:nolib.obj
 0003:000008ac       ?ATL_CREATE_OBJECT@CComApartment@ATL@@2IA 1002d8ac     mfcs42d:stdafx.obj
 0003:000008b0       ?m_libid@CComModule@ATL@@2U_GUID@@A 1002d8b0     mfcs42d:stdafx.obj
 0003:000008c0       ?_pModule@ATL@@3PAVCComModule@1@A 1002d8c0     mfcs42d:stdafx.obj
 0003:000008c4       __afxForceSTDAFX           1002d8c4     mfcs42d:stdafx.obj
 0003:000008cc       __adjust_fdiv              1002d8cc     <common>
 0003:000008d0       ___onexitend               1002d8d0     <common>
 0003:000008d4       ___onexitbegin             1002d8d4     <common>

 entry point at        0001:00012b30

 Static symbols

 0001:00011fe0       _$E293                     10012fe0 f   MMs3Mgr.obj
 0001:00012000       _$E292                     10013000 f   MMs3Mgr.obj
 0001:00011330       _$E311                     10012330 f   Mi_Gang3.obj
 0001:00011350       _$E310                     10012350 f   Mi_Gang3.obj
 0001:00012930       ?ArrayUnwindFilter@@YAHPAU_EXCEPTION_POINTERS@@@Z 10013930 f   msvcrtd:ehvecdtr.obj
