 Drgraf_d32

 Timestamp is 444d823e (Mon Apr 24 18:58:22 2006)

 Preferred load address is 00400000

 Start         Length     Name                   Class
 0001:00000000 00036598H .text                   CODE
 0001:000365a0 000038f3H .text$AFX_CORE3         CODE
 0001:00039ea0 00001058H .text$AFX_INIT          CODE
 0001:0003af00 000029c3H .text$x                 CODE
 0002:00000000 0000148cH .idata$5                DATA
 0002:00001490 0000908cH .rdata                  DATA
 0002:0000a520 0000144cH .rdata$r                DATA
 0002:0000b970 00002ee0H .xdata$x                DATA
 0002:0000e850 0000035cH .idata$2                DATA
 0002:0000ebac 00000014H .idata$3                DATA
 0002:0000ebc0 0000148cH .idata$4                DATA
 0002:0001004c 00006636H .idata$6                DATA
 0002:00016690 00000037H .edata                  DATA
 0003:00000000 00000004H .CRT$XCA                DATA
 0003:00000004 00000004H .CRT$XCL                DATA
 0003:00000008 00000028H .CRT$XCU                DATA
 0003:00000030 00000004H .CRT$XCZ                DATA
 0003:00000034 00000004H .CRT$XIA                DATA
 0003:00000038 00000004H .CRT$XIZ                DATA
 0003:00000040 00001f01H .data                   DATA
 0003:00001f48 000003c0H .bss                    DATA
 0004:00000000 00001024H .rsrc$01                DATA
 0004:00001030 00106ab8H .rsrc$02                DATA

  Address         Publics by Value              Rva+Base     Lib:Object

 0001:00000000       ?CreateObject@C12View@@SGPAVCObject@@XZ 00401000 f   12view.obj
 0001:00000070       ?_GetBaseClass@C12View@@KGPAUCRuntimeClass@@XZ 00401070 f   12view.obj
 0001:00000090       ?GetRuntimeClass@C12View@@UBEPAUCRuntimeClass@@XZ 00401090 f   12view.obj
 0001:000000b0       ?_GetBaseMessageMap@C12View@@KGPBUAFX_MSGMAP@@XZ 004010b0 f   12view.obj
 0001:000000d0       ?GetMessageMap@C12View@@MBEPBUAFX_MSGMAP@@XZ 004010d0 f   12view.obj
 0001:000000f0       ??0C12View@@IAE@XZ         004010f0 f   12view.obj
 0001:00000130       ?GetViewNum@CDrawView@@UAEHXZ 00401130 f i 12view.obj
 0001:00000150       ?GetViewMapMode@CDrawView@@UAEHXZ 00401150 f i 12view.obj
 0001:00000170       ?GetDocSize@CDrawView@@UAE?AVCSize@@XZ 00401170 f i 12view.obj
 0001:000001a0       ?GetFOV@CDrawView@@UAE?AVCSize@@XZ 004011a0 f i 12view.obj
 0001:000001d0       ?SetFOV@CDrawView@@UAEXVCSize@@@Z 004011d0 f i 12view.obj
 0001:00000200       ?GetViewSize@CDrawView@@UAE?AVCSize@@XZ 00401200 f i 12view.obj
 0001:00000230       ?SetViewSize@CDrawView@@UAEXVCSize@@@Z 00401230 f i 12view.obj
 0001:00000260       ?GetCW@CDrawView@@UAE?AUWORLD@@XZ 00401260 f i 12view.obj
 0001:00000290       ?SetCW@CDrawView@@UAEXUWORLD@@@Z 00401290 f i 12view.obj
 0001:000002c0       ?GetCWDim@CDrawView@@UAEXPAN0@Z 004012c0 f i 12view.obj
 0001:00000310       ?SetCWDim@CDrawView@@UAEXNN@Z 00401310 f i 12view.obj
 0001:00000350       ?GetZoomFac@CDrawView@@UAEXPAN0@Z 00401350 f i 12view.obj
 0001:000003a0       ?SetZoomFac@CDrawView@@UAEXNN@Z 004013a0 f i 12view.obj
 0001:000003e0       ?GetViewScale@CDrawView@@UAEXPAN0@Z 004013e0 f i 12view.obj
 0001:00000430       ?SetViewScale@CDrawView@@UAEXNN@Z 00401430 f i 12view.obj
 0001:00000470       ?IsShrinkOn@CDrawView@@UAEHXZ 00401470 f i 12view.obj
 0001:00000490       ?SetShrinkOn@CDrawView@@UAEXH@Z 00401490 f i 12view.obj
 0001:000004c0       ?GetShrink@CDrawView@@UAENXZ 004014c0 f i 12view.obj
 0001:000004e0       ?SetShrink@CDrawView@@UAEXN@Z 004014e0 f i 12view.obj
 0001:00000510       ?IsParallel@CDrawView@@UAEHXZ 00401510 f i 12view.obj
 0001:00000530       ?SetParallel@CDrawView@@UAEXH@Z 00401530 f i 12view.obj
 0001:00000560       ?IsCulling3D@CDrawView@@UAEHXZ 00401560 f i 12view.obj
 0001:00000580       ?SetCulling3D@CDrawView@@UAEXH@Z 00401580 f i 12view.obj
 0001:000005b0       ?IsCulling2D@CDrawView@@UAEHXZ 004015b0 f i 12view.obj
 0001:000005d0       ?SetCulling2D@CDrawView@@UAEXH@Z 004015d0 f i 12view.obj
 0001:00000600       ?GetVRP@CDrawView@@UAE?AUWORLD@@XZ 00401600 f i 12view.obj
 0001:00000630       ?SetVRP@CDrawView@@UAEXUWORLD@@@Z 00401630 f i 12view.obj
 0001:00000660       ?GetVPN@CDrawView@@UAE?AUWORLD@@XZ 00401660 f i 12view.obj
 0001:00000690       ?SetVPN@CDrawView@@UAEXUWORLD@@@Z 00401690 f i 12view.obj
 0001:000006c0       ?GetVUP@CDrawView@@UAE?AUWORLD@@XZ 004016c0 f i 12view.obj
 0001:000006f0       ?SetVUP@CDrawView@@UAEXUWORLD@@@Z 004016f0 f i 12view.obj
 0001:00000720       ?GetVDir@CDrawView@@UAE?AUWORLD@@XZ 00401720 f i 12view.obj
 0001:00000750       ?SetVDir@CDrawView@@UAEXUWORLD@@@Z 00401750 f i 12view.obj
 0001:00000780       ?GetPRP@CDrawView@@UAE?AUWORLD@@XZ 00401780 f i 12view.obj
 0001:000007b0       ?SetPRP@CDrawView@@UAEXUWORLD@@@Z 004017b0 f i 12view.obj
 0001:000007e0       ?GetUmin@CDrawView@@UAENXZ 004017e0 f i 12view.obj
 0001:00000800       ?SetUmin@CDrawView@@UAEXN@Z 00401800 f i 12view.obj
 0001:00000830       ?GetUmax@CDrawView@@UAENXZ 00401830 f i 12view.obj
 0001:00000850       ?SetUmax@CDrawView@@UAEXN@Z 00401850 f i 12view.obj
 0001:00000880       ?GeVmin@CDrawView@@UAENXZ  00401880 f i 12view.obj
 0001:000008a0       ?SetVmin@CDrawView@@UAEXN@Z 004018a0 f i 12view.obj
 0001:000008d0       ?GetVmax@CDrawView@@UAENXZ 004018d0 f i 12view.obj
 0001:000008f0       ?SetVmax@CDrawView@@UAEXN@Z 004018f0 f i 12view.obj
 0001:00000920       ?GetFront@CDrawView@@UAENXZ 00401920 f i 12view.obj
 0001:00000940       ?SetFront@CDrawView@@UAEXN@Z 00401940 f i 12view.obj
 0001:00000970       ?GetBack@CDrawView@@UAENXZ 00401970 f i 12view.obj
 0001:00000990       ?SetBack@CDrawView@@UAEXN@Z 00401990 f i 12view.obj
 0001:000009c0       ?GetzMin@CDrawView@@UAENXZ 004019c0 f i 12view.obj
 0001:000009e0       ?SetzMin@CDrawView@@UAEXN@Z 004019e0 f i 12view.obj
 0001:00000a10       ?GetVPmin@CDrawView@@UAE?AUWORLD@@XZ 00401a10 f i 12view.obj
 0001:00000a40       ?SetVPmin@CDrawView@@UAEXUWORLD@@@Z 00401a40 f i 12view.obj
 0001:00000a70       ?GetVPmax@CDrawView@@UAE?AUWORLD@@XZ 00401a70 f i 12view.obj
 0001:00000aa0       ?SetVPmax@CDrawView@@UAEXUWORLD@@@Z 00401aa0 f i 12view.obj
 0001:00000ad0       ?GetScalevv3DToLP@CDrawView@@UAEXPAN0@Z 00401ad0 f i 12view.obj
 0001:00000b20       ?GetOpMode@CDrawView@@UAE?AW4OPMODE@@XZ 00401b20 f i 12view.obj
 0001:00000b40       ?SetOpMode@CDrawView@@UAEXW4OPMODE@@@Z 00401b40 f i 12view.obj
 0001:00000b70       ?GetRnMode@CDrawView@@UAE?AW4RENDITION@@XZ 00401b70 f i 12view.obj
 0001:00000b90       ?SetRnMode@CDrawView@@UAEXW4RENDITION@@@Z 00401b90 f i 12view.obj
 0001:00000bc0       ?IsRendChanged@CDrawView@@UAEHXZ 00401bc0 f i 12view.obj
 0001:00000be0       ?SetRendChanged@CDrawView@@UAEXH@Z 00401be0 f i 12view.obj
 0001:00000c10       ?GetGenMode@CDrawView@@UAE?AW4GENERATE@@XZ 00401c10 f i 12view.obj
 0001:00000c30       ??_EC12View@@UAEPAXI@Z     00401c30 f i 12view.obj
 0001:00000c30       ??_GC12View@@UAEPAXI@Z     00401c30 f i 12view.obj
 0001:00000c70       ??1C12View@@UAE@XZ         00401c70 f   12view.obj
 0001:00000ca0       ?OnInitialUpdate@C12View@@MAEXXZ 00401ca0 f   12view.obj
 0001:00000cf0       ?OnUpdate@C12View@@MAEXPAVCView@@JPAVCObject@@@Z 00401cf0 f   12view.obj
 0001:00000d80       ?GetObjectMgr@CDrGrafDoc@@QAEPAVCObjectMgr@@XZ 00401d80 f i 12view.obj
 0001:00000da0       ?GetActiveObjectIndex@C12View@@UAEHXZ 00401da0 f   12view.obj
 0001:00000dd0       ?GetObjectCount@C12View@@UAEHXZ 00401dd0 f   12view.obj
 0001:00000e00       ?ChangeSelectionNextObjectIndex@C12View@@UAEXH@Z 00401e00 f   12view.obj
 0001:00000e40       ?ChangeSelectionToObjectIndex@C12View@@UAEXH@Z 00401e40 f   12view.obj
 0001:00000e80       ?OnDrawObject@C12View@@UAEXPAVCDC@@HHH@Z 00401e80 f   12view.obj
 0001:00000ed0       ?OnDraw@C12View@@UAEXPAVCDC@@@Z 00401ed0 f   12view.obj
 0001:00000f90       ?OnPreparePrinting@C12View@@MAEHPAUCPrintInfo@@@Z 00401f90 f   12view.obj
 0001:00000fc0       ?OnBeginPrinting@C12View@@MAEXPAVCDC@@PAUCPrintInfo@@@Z 00401fc0 f   12view.obj
 0001:00000fe0       ?OnEndPrinting@C12View@@MAEXPAVCDC@@PAUCPrintInfo@@@Z 00401fe0 f   12view.obj
 0001:00001000       ?IsSelected@C12View@@MBEHPBVCObject@@@Z 00402000 f   12view.obj
 0001:00001030       ?OnInsertObject@C12View@@IAEXXZ 00402030 f   12view.obj
 0001:00001300       ??1AFX_EXCEPTION_LINK@@QAE@XZ 00402300 f i 12view.obj
 0001:00001320       ?OnCancelEditCntr@C12View@@IAEXXZ 00402320 f   12view.obj
 0001:000013b0       ?OnSetFocus@C12View@@IAEXPAVCWnd@@@Z 004023b0 f   12view.obj
 0001:00001460       ?GetActiveViewNumber@CDrGrafFrame@@QAEHXZ 00402460 f i 12view.obj
 0001:00001480       ?SetActiveViewNumber@CDrGrafFrame@@QAEXH@Z 00402480 f i 12view.obj
 0001:000014b0       ?OnMouseActivate@C12View@@IAEHPAVCWnd@@II@Z 004024b0 f   12view.obj
 0001:00001510       ?OnCancelEditSrvr@C12View@@IAEXXZ 00402510 f   12view.obj
 0001:00001540       ?AssertValid@C12View@@UBEXXZ 00402540 f   12view.obj
 0001:00001560       ?Dump@C12View@@UBEXAAVCDumpContext@@@Z 00402560 f   12view.obj
 0001:00001590       ?GetDocument@C12View@@QAEPAVCDrGrafDoc@@XZ 00402590 f   12view.obj
 0001:000015e0       ?OnCreate@C12View@@IAEHPAUtagCREATESTRUCTA@@@Z 004025e0 f   12view.obj
 0001:00001610       ?OnMouseMove@C12View@@IAEXIVCPoint@@@Z 00402610 f   12view.obj
 0001:00001640       ?OnLButtonDown@C12View@@IAEXIVCPoint@@@Z 00402640 f   12view.obj
 0001:00001680       ?OnLButtonUp@C12View@@IAEXIVCPoint@@@Z 00402680 f   12view.obj
 0001:000016b0       ?OnRButtonDown@C12View@@IAEXIVCPoint@@@Z 004026b0 f   12view.obj
 0001:000016f0       ?OnRButtonUp@C12View@@IAEXIVCPoint@@@Z 004026f0 f   12view.obj
 0001:00001720       ?CreateObject@C23View@@SGPAVCObject@@XZ 00402720 f   23view.obj
 0001:00001790       ?_GetBaseClass@C23View@@KGPAUCRuntimeClass@@XZ 00402790 f   23view.obj
 0001:000017b0       ?GetRuntimeClass@C23View@@UBEPAUCRuntimeClass@@XZ 004027b0 f   23view.obj
 0001:000017d0       ?_GetBaseMessageMap@C23View@@KGPBUAFX_MSGMAP@@XZ 004027d0 f   23view.obj
 0001:000017f0       ?GetMessageMap@C23View@@MBEPBUAFX_MSGMAP@@XZ 004027f0 f   23view.obj
 0001:00001810       ??0C23View@@IAE@XZ         00402810 f   23view.obj
 0001:00001850       ??_EC23View@@UAEPAXI@Z     00402850 f i 23view.obj
 0001:00001850       ??_GC23View@@UAEPAXI@Z     00402850 f i 23view.obj
 0001:00001890       ??1C23View@@UAE@XZ         00402890 f   23view.obj
 0001:000018c0       ?OnInitialUpdate@C23View@@MAEXXZ 004028c0 f   23view.obj
 0001:00001920       ?OnUpdate@C23View@@MAEXPAVCView@@JPAVCObject@@@Z 00402920 f   23view.obj
 0001:000019b0       ?GetActiveObjectIndex@C23View@@UAEHXZ 004029b0 f   23view.obj
 0001:000019e0       ?GetObjectCount@C23View@@UAEHXZ 004029e0 f   23view.obj
 0001:00001a10       ?ChangeSelectionNextObjectIndex@C23View@@UAEXH@Z 00402a10 f   23view.obj
 0001:00001a50       ?ChangeSelectionToObjectIndex@C23View@@UAEXH@Z 00402a50 f   23view.obj
 0001:00001a90       ?OnDrawObject@C23View@@UAEXPAVCDC@@HHH@Z 00402a90 f   23view.obj
 0001:00001ae0       ?OnDraw@C23View@@UAEXPAVCDC@@@Z 00402ae0 f   23view.obj
 0001:00001ba0       ?OnPreparePrinting@C23View@@MAEHPAUCPrintInfo@@@Z 00402ba0 f   23view.obj
 0001:00001bd0       ?OnBeginPrinting@C23View@@MAEXPAVCDC@@PAUCPrintInfo@@@Z 00402bd0 f   23view.obj
 0001:00001bf0       ?OnEndPrinting@C23View@@MAEXPAVCDC@@PAUCPrintInfo@@@Z 00402bf0 f   23view.obj
 0001:00001c10       ?IsSelected@C23View@@MBEHPBVCObject@@@Z 00402c10 f   23view.obj
 0001:00001c40       ?OnInsertObject@C23View@@IAEXXZ 00402c40 f   23view.obj
 0001:00001f10       ?OnCancelEditCntr@C23View@@IAEXXZ 00402f10 f   23view.obj
 0001:00001fa0       ?OnSetFocus@C23View@@IAEXPAVCWnd@@@Z 00402fa0 f   23view.obj
 0001:00002050       ?OnMouseActivate@C23View@@IAEHPAVCWnd@@II@Z 00403050 f   23view.obj
 0001:000020b0       ?OnCancelEditSrvr@C23View@@IAEXXZ 004030b0 f   23view.obj
 0001:000020e0       ?AssertValid@C23View@@UBEXXZ 004030e0 f   23view.obj
 0001:00002100       ?Dump@C23View@@UBEXAAVCDumpContext@@@Z 00403100 f   23view.obj
 0001:00002130       ?GetDocument@C23View@@QAEPAVCDrGrafDoc@@XZ 00403130 f   23view.obj
 0001:00002180       ?OnCreate@C23View@@IAEHPAUtagCREATESTRUCTA@@@Z 00403180 f   23view.obj
 0001:000021b0       ?OnMouseMove@C23View@@IAEXIVCPoint@@@Z 004031b0 f   23view.obj
 0001:000021e0       ?OnLButtonDown@C23View@@IAEXIVCPoint@@@Z 004031e0 f   23view.obj
 0001:00002220       ?OnLButtonUp@C23View@@IAEXIVCPoint@@@Z 00403220 f   23view.obj
 0001:00002250       ?OnRButtonDown@C23View@@IAEXIVCPoint@@@Z 00403250 f   23view.obj
 0001:00002290       ?OnRButtonUp@C23View@@IAEXIVCPoint@@@Z 00403290 f   23view.obj
 0001:000022c0       ?CreateObject@C31View@@SGPAVCObject@@XZ 004032c0 f   31view.obj
 0001:00002330       ?_GetBaseClass@C31View@@KGPAUCRuntimeClass@@XZ 00403330 f   31view.obj
 0001:00002350       ?GetRuntimeClass@C31View@@UBEPAUCRuntimeClass@@XZ 00403350 f   31view.obj
 0001:00002370       ?_GetBaseMessageMap@C31View@@KGPBUAFX_MSGMAP@@XZ 00403370 f   31view.obj
 0001:00002390       ?GetMessageMap@C31View@@MBEPBUAFX_MSGMAP@@XZ 00403390 f   31view.obj
 0001:000023b0       ??0C31View@@IAE@XZ         004033b0 f   31view.obj
 0001:000023f0       ??_EC31View@@UAEPAXI@Z     004033f0 f i 31view.obj
 0001:000023f0       ??_GC31View@@UAEPAXI@Z     004033f0 f i 31view.obj
 0001:00002430       ??1C31View@@UAE@XZ         00403430 f   31view.obj
 0001:00002460       ?OnInitialUpdate@C31View@@MAEXXZ 00403460 f   31view.obj
 0001:000024c0       ?OnUpdate@C31View@@MAEXPAVCView@@JPAVCObject@@@Z 004034c0 f   31view.obj
 0001:00002550       ?GetActiveObjectIndex@C31View@@UAEHXZ 00403550 f   31view.obj
 0001:00002580       ?GetObjectCount@C31View@@UAEHXZ 00403580 f   31view.obj
 0001:000025b0       ?ChangeSelectionNextObjectIndex@C31View@@UAEXH@Z 004035b0 f   31view.obj
 0001:000025f0       ?ChangeSelectionToObjectIndex@C31View@@UAEXH@Z 004035f0 f   31view.obj
 0001:00002630       ?OnDrawObject@C31View@@UAEXPAVCDC@@HHH@Z 00403630 f   31view.obj
 0001:00002680       ?OnDraw@C31View@@UAEXPAVCDC@@@Z 00403680 f   31view.obj
 0001:00002740       ?OnPreparePrinting@C31View@@MAEHPAUCPrintInfo@@@Z 00403740 f   31view.obj
 0001:00002770       ?OnBeginPrinting@C31View@@MAEXPAVCDC@@PAUCPrintInfo@@@Z 00403770 f   31view.obj
 0001:00002790       ?OnEndPrinting@C31View@@MAEXPAVCDC@@PAUCPrintInfo@@@Z 00403790 f   31view.obj
 0001:000027b0       ?IsSelected@C31View@@MBEHPBVCObject@@@Z 004037b0 f   31view.obj
 0001:000027e0       ?OnInsertObject@C31View@@IAEXXZ 004037e0 f   31view.obj
 0001:00002ab0       ?OnCancelEditCntr@C31View@@IAEXXZ 00403ab0 f   31view.obj
 0001:00002b40       ?OnSetFocus@C31View@@IAEXPAVCWnd@@@Z 00403b40 f   31view.obj
 0001:00002bf0       ?OnMouseActivate@C31View@@IAEHPAVCWnd@@II@Z 00403bf0 f   31view.obj
 0001:00002c50       ?OnCancelEditSrvr@C31View@@IAEXXZ 00403c50 f   31view.obj
 0001:00002c80       ?AssertValid@C31View@@UBEXXZ 00403c80 f   31view.obj
 0001:00002ca0       ?Dump@C31View@@UBEXAAVCDumpContext@@@Z 00403ca0 f   31view.obj
 0001:00002cd0       ?GetDocument@C31View@@QAEPAVCDrGrafDoc@@XZ 00403cd0 f   31view.obj
 0001:00002d20       ?OnCreate@C31View@@IAEHPAUtagCREATESTRUCTA@@@Z 00403d20 f   31view.obj
 0001:00002d50       ?OnMouseMove@C31View@@IAEXIVCPoint@@@Z 00403d50 f   31view.obj
 0001:00002d80       ?OnLButtonDown@C31View@@IAEXIVCPoint@@@Z 00403d80 f   31view.obj
 0001:00002dc0       ?OnLButtonUp@C31View@@IAEXIVCPoint@@@Z 00403dc0 f   31view.obj
 0001:00002df0       ?OnRButtonDown@C31View@@IAEXIVCPoint@@@Z 00403df0 f   31view.obj
 0001:00002e30       ?OnRButtonUp@C31View@@IAEXIVCPoint@@@Z 00403e30 f   31view.obj
 0001:00002e60       ?CreateObject@C3DView@@SGPAVCObject@@XZ 00403e60 f   3dview.obj
 0001:00002ed0       ?_GetBaseClass@C3DView@@KGPAUCRuntimeClass@@XZ 00403ed0 f   3dview.obj
 0001:00002ef0       ?GetRuntimeClass@C3DView@@UBEPAUCRuntimeClass@@XZ 00403ef0 f   3dview.obj
 0001:00002f10       ?_GetBaseMessageMap@C3DView@@KGPBUAFX_MSGMAP@@XZ 00403f10 f   3dview.obj
 0001:00002f30       ?GetMessageMap@C3DView@@MBEPBUAFX_MSGMAP@@XZ 00403f30 f   3dview.obj
 0001:00002f50       ??0C3DView@@IAE@XZ         00403f50 f   3dview.obj
 0001:00002f90       ??_EC3DView@@UAEPAXI@Z     00403f90 f i 3dview.obj
 0001:00002f90       ??_GC3DView@@UAEPAXI@Z     00403f90 f i 3dview.obj
 0001:00002fd0       ??1C3DView@@UAE@XZ         00403fd0 f   3dview.obj
 0001:00003000       ?OnInitialUpdate@C3DView@@MAEXXZ 00404000 f   3dview.obj
 0001:00003050       ?OnUpdate@C3DView@@UAEXPAVCView@@JPAVCObject@@@Z 00404050 f   3dview.obj
 0001:000030e0       ?GetActiveObjectIndex@C3DView@@UAEHXZ 004040e0 f   3dview.obj
 0001:00003110       ?GetObjectCount@C3DView@@UAEHXZ 00404110 f   3dview.obj
 0001:00003140       ?ChangeSelectionNextObjectIndex@C3DView@@UAEXH@Z 00404140 f   3dview.obj
 0001:00003180       ?ChangeSelectionToObjectIndex@C3DView@@UAEXH@Z 00404180 f   3dview.obj
 0001:000031c0       ?OnDrawObject@C3DView@@UAEXPAVCDC@@HHH@Z 004041c0 f   3dview.obj
 0001:00003210       ?OnDraw@C3DView@@UAEXPAVCDC@@@Z 00404210 f   3dview.obj
 0001:000032d0       ?OnPreparePrinting@C3DView@@MAEHPAUCPrintInfo@@@Z 004042d0 f   3dview.obj
 0001:00003300       ?OnBeginPrinting@C3DView@@MAEXPAVCDC@@PAUCPrintInfo@@@Z 00404300 f   3dview.obj
 0001:00003320       ?OnEndPrinting@C3DView@@MAEXPAVCDC@@PAUCPrintInfo@@@Z 00404320 f   3dview.obj
 0001:00003340       ?IsSelected@C3DView@@MBEHPBVCObject@@@Z 00404340 f   3dview.obj
 0001:00003370       ?OnInsertObject@C3DView@@IAEXXZ 00404370 f   3dview.obj
 0001:00003640       ?OnCancelEditCntr@C3DView@@IAEXXZ 00404640 f   3dview.obj
 0001:000036d0       ?OnSetFocus@C3DView@@IAEXPAVCWnd@@@Z 004046d0 f   3dview.obj
 0001:00003780       ?OnMouseActivate@C3DView@@IAEHPAVCWnd@@II@Z 00404780 f   3dview.obj
 0001:000038a0       ?AssertValid@C3DView@@UBEXXZ 004048a0 f   3dview.obj
 0001:000038c0       ?Dump@C3DView@@UBEXAAVCDumpContext@@@Z 004048c0 f   3dview.obj
 0001:000038f0       ?GetDocument@C3DView@@QAEPAVCDrGrafDoc@@XZ 004048f0 f   3dview.obj
 0001:00003940       ?OnCreate@C3DView@@IAEHPAUtagCREATESTRUCTA@@@Z 00404940 f   3dview.obj
 0001:00003970       ?OnMouseMove@C3DView@@IAEXIVCPoint@@@Z 00404970 f   3dview.obj
 0001:000039a0       ?OnLButtonDown@C3DView@@IAEXIVCPoint@@@Z 004049a0 f   3dview.obj
 0001:000039e0       ?OnLButtonUp@C3DView@@IAEXIVCPoint@@@Z 004049e0 f   3dview.obj
 0001:00003a10       ?OnRButtonDown@C3DView@@IAEXIVCPoint@@@Z 00404a10 f   3dview.obj
 0001:00003a50       ?OnRButtonUp@C3DView@@IAEXIVCPoint@@@Z 00404a50 f   3dview.obj
 0001:00003a80       ?_GetBaseMessageMap@CAboutBox@@KGPBUAFX_MSGMAP@@XZ 00404a80 f   Aboutbox.obj
 0001:00003aa0       ?GetMessageMap@CAboutBox@@MBEPBUAFX_MSGMAP@@XZ 00404aa0 f   Aboutbox.obj
 0001:00003ac0       ??0CAboutBox@@QAE@PAVCWnd@@@Z 00404ac0 f   Aboutbox.obj
 0001:00003b60       ??_GCAboutBox@@UAEPAXI@Z   00404b60 f i Aboutbox.obj
 0001:00003b60       ??_ECAboutBox@@UAEPAXI@Z   00404b60 f i Aboutbox.obj
 0001:00003ba0       ??1CBitmapButton@@UAE@XZ   00404ba0 f i Aboutbox.obj
 0001:00003c20       ??0CBigIcon@@QAE@XZ        00404c20 f i Aboutbox.obj
 0001:00003c50       ??1CBigIcon@@UAE@XZ        00404c50 f i Aboutbox.obj
 0001:00003c70       ??1CAboutBox@@UAE@XZ       00404c70 f i Aboutbox.obj
 0001:00003ce0       ??_ECBigIcon@@UAEPAXI@Z    00404ce0 f i Aboutbox.obj
 0001:00003ce0       ??_GCBigIcon@@UAEPAXI@Z    00404ce0 f i Aboutbox.obj
 0001:00003d20       ?DoDataExchange@CAboutBox@@MAEXPAVCDataExchange@@@Z 00404d20 f   Aboutbox.obj
 0001:00003d50       ?OnInitDialog@CAboutBox@@MAEHXZ 00404d50 f   Aboutbox.obj
 0001:00003ea0       ?_GetBaseMessageMap@CSplashWnd@@KGPBUAFX_MSGMAP@@XZ 00404ea0 f   Aboutbox.obj
 0001:00003ec0       ?GetMessageMap@CSplashWnd@@MBEPBUAFX_MSGMAP@@XZ 00404ec0 f   Aboutbox.obj
 0001:00003ee0       ?DoDataExchange@CSplashWnd@@MAEXPAVCDataExchange@@@Z 00404ee0 f   Aboutbox.obj
 0001:00003f10       ?Create@CSplashWnd@@QAEHPAVCWnd@@@Z 00404f10 f   Aboutbox.obj
 0001:00003f60       ?OnInitDialog@CSplashWnd@@MAEHXZ 00404f60 f   Aboutbox.obj
 0001:00003fb0       ?_GetBaseMessageMap@CBigIcon@@KGPBUAFX_MSGMAP@@XZ 00404fb0 f   Aboutbox.obj
 0001:00003fd0       ?GetMessageMap@CBigIcon@@MBEPBUAFX_MSGMAP@@XZ 00404fd0 f   Aboutbox.obj
 0001:00003ff0       ?SizeToContent@CBigIcon@@QAEXXZ 00404ff0 f   Aboutbox.obj
 0001:00004040       ?DrawItem@CBigIcon@@MAEXPAUtagDRAWITEMSTRUCT@@@Z 00405040 f   Aboutbox.obj
 0001:00004320       ?OnEraseBkgnd@CBigIcon@@IAEHPAVCDC@@@Z 00405320 f   Aboutbox.obj
 0001:00004340       ?CreateObject@CAppDlgMgr@@SGPAVCObject@@XZ 00405340 f   ADlgMgr.obj
 0001:000043b0       ?_GetBaseClass@CAppDlgMgr@@KGPAUCRuntimeClass@@XZ 004053b0 f   ADlgMgr.obj
 0001:000043d0       ?GetRuntimeClass@CAppDlgMgr@@UBEPAUCRuntimeClass@@XZ 004053d0 f   ADlgMgr.obj
 0001:00004430       ??0AFX_CLASSINIT@@QAE@PAUCRuntimeClass@@@Z 00405430 f i ADlgMgr.obj
 0001:00004460       ??5@YGAAVCArchive@@AAV0@AAPAVCAppDlgMgr@@@Z 00405460 f   ADlgMgr.obj
 0001:00004490       ??0CAppDlgMgr@@QAE@XZ      00405490 f   ADlgMgr.obj
 0001:000044c0       ??_GCAppDlgMgr@@UAEPAXI@Z  004054c0 f i ADlgMgr.obj
 0001:000044c0       ??_ECAppDlgMgr@@UAEPAXI@Z  004054c0 f i ADlgMgr.obj
 0001:00004500       ??1CAppDlgMgr@@UAE@XZ      00405500 f   ADlgMgr.obj
 0001:00004530       ?SetResource@CAppDlgMgr@@IAEPAUHINSTANCE__@@XZ 00405530 f   ADlgMgr.obj
 0001:000045e0       ?RestoreResource@CAppDlgMgr@@IAEXPAUHINSTANCE__@@@Z 004055e0 f   ADlgMgr.obj
 0001:00004660       ?DebugList_AddString@CAppDlgMgr@@QAEHAAVCString@@@Z 00405660 f   ADlgMgr.obj
 0001:000046d0       ?IsDebugCTim@CDrGrafFrame@@QAEHXZ 004056d0 f i ADlgMgr.obj
 0001:000046f0       ?GetDlg_CTim@CDrGrafFrame@@QAEPAVCDlg_CTim@@XZ 004056f0 f i ADlgMgr.obj
 0001:00004710       ?Serialize@CAppDlgMgr@@UAEXAAVCArchive@@@Z 00405710 f   ADlgMgr.obj
 0001:00004760       ?CreateObject@CAxDataVu@@SGPAVCObject@@XZ 00405760 f   AxDataVu.obj
 0001:000047d0       ?_GetBaseClass@CAxDataVu@@KGPAUCRuntimeClass@@XZ 004057d0 f   AxDataVu.obj
 0001:000047f0       ?GetRuntimeClass@CAxDataVu@@UBEPAUCRuntimeClass@@XZ 004057f0 f   AxDataVu.obj
 0001:00004810       ??0CAxDataVu@@IAE@XZ       00405810 f   AxDataVu.obj
 0001:00004840       ?CalculateRowMetrics@CRowView@@MAEXPAVCDC@@@Z 00405840 f i AxDataVu.obj
 0001:00004880       ??_ECAxDataVu@@MAEPAXI@Z   00405880 f i AxDataVu.obj
 0001:00004880       ??_GCAxDataVu@@MAEPAXI@Z   00405880 f i AxDataVu.obj
 0001:000048c0       ??1CAxDataVu@@MAE@XZ       004058c0 f   AxDataVu.obj
 0001:00004920       ?_GetBaseMessageMap@CAxDataVu@@KGPBUAFX_MSGMAP@@XZ 00405920 f   AxDataVu.obj
 0001:00004940       ?GetMessageMap@CAxDataVu@@MBEPBUAFX_MSGMAP@@XZ 00405940 f   AxDataVu.obj
 0001:00004960       ?OnUpdate@CAxDataVu@@UAEXPAVCView@@JPAVCObject@@@Z 00405960 f   AxDataVu.obj
 0001:000049c0       ?GetRowWidthHeight@CAxDataVu@@UAEXPAVCDC@@AAH1@Z 004059c0 f   AxDataVu.obj
 0001:00004ac0       ?GetDocument@CDrGrafApp@@QAEPAVCDrGrafDoc@@XZ 00405ac0 f i AxDataVu.obj
 0001:00004ae0       ?GetActiveRow@CAxDataVu@@UAEHXZ 00405ae0 f   AxDataVu.obj
 0001:00004b20       ?GetDocument@CAxDataVu@@QAEPAVCDrGrafDoc@@XZ 00405b20 f i AxDataVu.obj
 0001:00004b70       ?GetRowCount@CAxDataVu@@UAEHXZ 00405b70 f   AxDataVu.obj
 0001:00004bb0       ?GetAxObjMgr@CDrGrafDoc@@QAEPAVCAxObjMgr@@XZ 00405bb0 f i AxDataVu.obj
 0001:00004bd0       ?ChangeSelectionNextRow@CAxDataVu@@UAEXH@Z 00405bd0 f   AxDataVu.obj
 0001:00004c10       ?ChangeSelectionToRow@CAxDataVu@@UAEXH@Z 00405c10 f   AxDataVu.obj
 0001:00004c50       ?OnDrawRow@CAxDataVu@@UAEXPAVCDC@@HHH@Z 00405c50 f   AxDataVu.obj
 0001:00004db0       ?OnLButtonDown@CAxDataVu@@IAEXIVCPoint@@@Z 00405db0 f   AxDataVu.obj
 0001:00004eb0       ?_GetBaseClass@CAxDrawVu@@KGPAUCRuntimeClass@@XZ 00405eb0 f   AxDrawVu.obj
 0001:00004ed0       ?GetRuntimeClass@CAxDrawVu@@UBEPAUCRuntimeClass@@XZ 00405ed0 f   AxDrawVu.obj
 0001:00004ef0       ?_GetBaseMessageMap@CAxDrawVu@@KGPBUAFX_MSGMAP@@XZ 00405ef0 f   AxDrawVu.obj
 0001:00004f10       ?GetMessageMap@CAxDrawVu@@MBEPBUAFX_MSGMAP@@XZ 00405f10 f   AxDrawVu.obj
 0001:00004f30       ?AssertValid@CAxDrawVu@@UBEXXZ 00405f30 f   AxDrawVu.obj
 0001:00004f50       ?Dump@CAxDrawVu@@UBEXAAVCDumpContext@@@Z 00405f50 f   AxDrawVu.obj
 0001:00004f80       ??0CAxDrawVu@@IAE@XZ       00405f80 f   AxDrawVu.obj
 0001:00005120       ??0CDVM_Genr@@QAE@XZ       00406120 f i AxDrawVu.obj
 0001:00005150       ??1CDVM_Genr@@UAE@XZ       00406150 f i AxDrawVu.obj
 0001:00005180       ??_GCDVM_Genr@@UAEPAXI@Z   00406180 f i AxDrawVu.obj
 0001:00005180       ??_ECDVM_Genr@@UAEPAXI@Z   00406180 f i AxDrawVu.obj
 0001:000051c0       ??0CDVM_Edit@@QAE@XZ       004061c0 f i AxDrawVu.obj
 0001:000051f0       ??1CDVM_Edit@@UAE@XZ       004061f0 f i AxDrawVu.obj
 0001:00005220       ??_ECDVM_Edit@@UAEPAXI@Z   00406220 f i AxDrawVu.obj
 0001:00005220       ??_GCDVM_Edit@@UAEPAXI@Z   00406220 f i AxDrawVu.obj
 0001:00005260       ??0CDVM_Del@@QAE@XZ        00406260 f i AxDrawVu.obj
 0001:00005290       ??1CDVM_Del@@UAE@XZ        00406290 f i AxDrawVu.obj
 0001:000052c0       ??_ECDVM_Del@@UAEPAXI@Z    004062c0 f i AxDrawVu.obj
 0001:000052c0       ??_GCDVM_Del@@UAEPAXI@Z    004062c0 f i AxDrawVu.obj
 0001:00005300       ?GetViewNum@CAxDrawVu@@UAEHXZ 00406300 f i AxDrawVu.obj
 0001:00005320       ?GetViewMapMode@CAxDrawVu@@UAEHXZ 00406320 f i AxDrawVu.obj
 0001:00005340       ?GetDocSize@CAxDrawVu@@UAE?AVCSize@@XZ 00406340 f i AxDrawVu.obj
 0001:00005370       ?GetFOV@CAxDrawVu@@UAE?AVCSize@@XZ 00406370 f i AxDrawVu.obj
 0001:000053a0       ?SetFOV@CAxDrawVu@@UAEXVCSize@@@Z 004063a0 f i AxDrawVu.obj
 0001:000053d0       ?GetViewSize@CAxDrawVu@@UAE?AVCSize@@XZ 004063d0 f i AxDrawVu.obj
 0001:00005400       ?SetViewSize@CAxDrawVu@@UAEXVCSize@@@Z 00406400 f i AxDrawVu.obj
 0001:00005430       ?GetCW@CAxDrawVu@@UAE?AUWORLD@@XZ 00406430 f i AxDrawVu.obj
 0001:00005460       ?SetCW@CAxDrawVu@@UAEXUWORLD@@@Z 00406460 f i AxDrawVu.obj
 0001:00005490       ?GetCWDim@CAxDrawVu@@UAEXPAN0@Z 00406490 f i AxDrawVu.obj
 0001:000054e0       ?SetCWDim@CAxDrawVu@@UAEXNN@Z 004064e0 f i AxDrawVu.obj
 0001:00005520       ?GetZoomFac@CAxDrawVu@@UAEXPAN0@Z 00406520 f i AxDrawVu.obj
 0001:00005570       ?SetZoomFac@CAxDrawVu@@UAEXNN@Z 00406570 f i AxDrawVu.obj
 0001:000055b0       ?GetViewScale@CAxDrawVu@@UAEXPAN0@Z 004065b0 f i AxDrawVu.obj
 0001:00005600       ?SetViewScale@CAxDrawVu@@UAEXNN@Z 00406600 f i AxDrawVu.obj
 0001:00005640       ?GetScalevv3DToLP@CAxDrawVu@@UAEXPAN0@Z 00406640 f i AxDrawVu.obj
 0001:00005690       ?GetOpMode@CAxDrawVu@@UAE?AW4OPMODE@@XZ 00406690 f i AxDrawVu.obj
 0001:000056b0       ?SetOpMode@CAxDrawVu@@UAEXW4OPMODE@@@Z 004066b0 f i AxDrawVu.obj
 0001:000056e0       ?GetGenMode@CAxDrawVu@@UAE?AW4GENERATE@@XZ 004066e0 f i AxDrawVu.obj
 0001:00005700       ??_GCAxDrawVu@@UAEPAXI@Z   00406700 f i AxDrawVu.obj
 0001:00005700       ??_ECAxDrawVu@@UAEPAXI@Z   00406700 f i AxDrawVu.obj
 0001:00005740       ??1CAxisDraw@@UAE@XZ       00406740 f i AxDrawVu.obj
 0001:00005760       ??1CAxDrawVu@@UAE@XZ       00406760 f   AxDrawVu.obj
 0001:00005810       ?PreCreateWindow@CAxDrawVu@@MAEHAAUtagCREATESTRUCTA@@@Z 00406810 f   AxDrawVu.obj
 0001:00005870       ?OnCommandHelp@CAxDrawVu@@QAEJIJ@Z 00406870 f   AxDrawVu.obj
 0001:000058d0       ?OnHelpHitTest@CAxDrawVu@@QAEJIJ@Z 004068d0 f   AxDrawVu.obj
 0001:00005900       ?OnPrepareDC@CAxDrawVu@@UAEXPAVCDC@@PAUCPrintInfo@@@Z 00406900 f   AxDrawVu.obj
 0001:000059a0       ?SetScalevv3DToLP@CAxDrawVu@@UAEXXZ 004069a0 f   AxDrawVu.obj
 0001:00005a30       ?GetMatrix@CAxDrawVu@@UAEPAUMATRIX@@W4MATRICES@@@Z 00406a30 f   AxDrawVu.obj
 0001:00005ac0       ?SetMatrix@CAxDrawVu@@UAEXW4MATRICES@@PAUMATRIX@@@Z 00406ac0 f   AxDrawVu.obj
 0001:00005b60       ?OnInitialUpdate@CAxDrawVu@@UAEXXZ 00406b60 f   AxDrawVu.obj
 0001:000061d0       ?GetOperStat@CDrGrafFrame@@QAEPAVCStatCntl@@XZ 004071d0 f i AxDrawVu.obj
 0001:000061f0       ?GetCurrStat@CDrGrafFrame@@QAEPAVCStatCntl@@XZ 004071f0 f i AxDrawVu.obj
 0001:00006210       ?UpdateAllOtherMatButLocal@CAxDrawVu@@IAEXXZ 00407210 f   AxDrawVu.obj
 0001:00006290       ?UpdateViewMatrix@CAxDrawVu@@UAEXXZ 00407290 f   AxDrawVu.obj
 0001:000063d0       ?UpdatePerToParMatrix@CAxDrawVu@@UAEXXZ 004073d0 f   AxDrawVu.obj
 0001:00006480       ?UpdateCombinedMatrix@CAxDrawVu@@UAEXXZ 00407480 f   AxDrawVu.obj
 0001:00006510       ?UpdateWin3DtoViewPort3DMatrix@CAxDrawVu@@UAEXXZ 00407510 f   AxDrawVu.obj
 0001:000065b0       ?UpdatePenultimateMatrix@CAxDrawVu@@UAEXXZ 004075b0 f   AxDrawVu.obj
 0001:00006640       ?UpdateUltimateMatrix@CAxDrawVu@@UAEXXZ 00407640 f   AxDrawVu.obj
 0001:00006670       ?UpdateObject@CAxDrawVu@@UAEXHHH@Z 00407670 f   AxDrawVu.obj
 0001:00006a50       ?OnDraw@CAxDrawVu@@UAEXPAVCDC@@@Z 00407a50 f   AxDrawVu.obj
 0001:00006b80       ?ShowScreenGrid@CAxDrawVu@@IAEXPAVCDC@@@Z 00407b80 f   AxDrawVu.obj
 0001:00006d40       ?ShowCurrentOptions@CAxDrawVu@@IAEXPAVCDC@@@Z 00407d40 f   AxDrawVu.obj
 0001:00006d60       ?GoDoAxis@CAxDrawVu@@IAEXPAVCDC@@@Z 00407d60 f   AxDrawVu.obj
 0001:00006d80       ?GoDoPoint@CAxDrawVu@@IAEXPAVCDC@@PAUtagPOINT@@AAVCString@@@Z 00407d80 f   AxDrawVu.obj
 0001:00006e20       ?GoDoLine@CAxDrawVu@@IAEXPAVCDC@@PAUtagPOINT@@1@Z 00407e20 f   AxDrawVu.obj
 0001:00006e70       ?GetObjectReadyforRender@CAxDrawVu@@UAEXPAVCDC@@PAVCDrObject@@H@Z 00407e70 f   AxDrawVu.obj
 0001:00006fb0       ?Pack_NSBools@CAxDrawVu@@IAEXQAH@Z 00407fb0 f   AxDrawVu.obj
 0001:00007080       ?GoRender@CAxDrawVu@@MAEXPAVCDC@@VCRect@@HH@Z 00408080 f   AxDrawVu.obj
 0001:000071c0       ?Transform@CAxDrawVu@@UAEXPAUWORLD@@0@Z 004081c0 f   AxDrawVu.obj
 0001:00007240       ?Project@CAxDrawVu@@UAEXPAUWORLD@@0H@Z 00408240 f   AxDrawVu.obj
 0001:00007330       ?MouseActivateViewMatUpdate@CAxDrawVu@@IAEXXZ 00408330 f   AxDrawVu.obj
 0001:000075b0       ?SetOpMode@CDrGrafFrame@@QAEXW4OPMODE@@@Z 004085b0 f i AxDrawVu.obj
 0001:000075e0       ?GetCurMenuID@CDrGrafFrame@@QAEIXZ 004085e0 f i AxDrawVu.obj
 0001:00007600       ?GetOperBox@CDrGrafFrame@@QAEPAVCMainBox@@XZ 00408600 f i AxDrawVu.obj
 0001:00007620       ?GetIGenBox@CDrGrafFrame@@QAEPAVCIGenBox@@XZ 00408620 f i AxDrawVu.obj
 0001:00007640       ?GetCntlBox@CDrGrafFrame@@QAEPAVCCntlBox@@XZ 00408640 f i AxDrawVu.obj
 0001:00007660       ?GetDrawBox@CDrGrafFrame@@QAEPAVCDrawBox@@XZ 00408660 f i AxDrawVu.obj
 0001:00007680       ?GetCntlStat@CDrGrafFrame@@QAEPAVCStatCntl@@XZ 00408680 f i AxDrawVu.obj
 0001:000076a0       ?GetIGenStat@CDrGrafFrame@@QAEPAVCStatCntl@@XZ 004086a0 f i AxDrawVu.obj
 0001:000076c0       ?GetDrawStat@CDrGrafFrame@@QAEPAVCStatCntl@@XZ 004086c0 f i AxDrawVu.obj
 0001:000076e0       ?GetAutoAcceptStat@CDrGrafFrame@@QAEPAVCStatCntl@@XZ 004086e0 f i AxDrawVu.obj
 0001:00007700       ?GetSingleSegStat@CDrGrafFrame@@QAEPAVCStatCntl@@XZ 00408700 f i AxDrawVu.obj
 0001:00007720       ?GetBLineStat@CDrGrafFrame@@QAEPAVCStatCntl@@XZ 00408720 f i AxDrawVu.obj
 0001:00007740       ?OnKeyDown@CAxDrawVu@@QAEXIII@Z 00408740 f   AxDrawVu.obj
 0001:00007840       ?OnCreate@CAxDrawVu@@QAEHPAUtagCREATESTRUCTA@@@Z 00408840 f   AxDrawVu.obj
 0001:000078d0       ?ShowAxes@CAxDrawVu@@IAEXXZ 004088d0 f   AxDrawVu.obj
 0001:000079b0       ?OnOptionAxison@CAxDrawVu@@QAEXXZ 004089b0 f   AxDrawVu.obj
 0001:00007a00       ?OnKillFocus@CAxDrawVu@@QAEXPAVCWnd@@@Z 00408a00 f   AxDrawVu.obj
 0001:00007a30       ?OnUpdateOptionAxison@CAxDrawVu@@QAEXPAVCCmdUI@@@Z 00408a30 f   AxDrawVu.obj
 0001:00007a70       ?OnOptionPenchange@CAxDrawVu@@QAEXXZ 00408a70 f   AxDrawVu.obj
 0001:00007aa0       ?OnUpdateOptionPenchange@CAxDrawVu@@QAEXPAVCCmdUI@@@Z 00408aa0 f   AxDrawVu.obj
 0001:00007ac0       ?OnOptionRefresh@CAxDrawVu@@QAEXXZ 00408ac0 f   AxDrawVu.obj
 0001:00007ae0       ?OnUpdateOptionRefresh@CAxDrawVu@@QAEXPAVCCmdUI@@@Z 00408ae0 f   AxDrawVu.obj
 0001:00007b00       ?OnEraseBkgnd@CAxDrawVu@@QAEHPAVCDC@@@Z 00408b00 f   AxDrawVu.obj
 0001:00007bb0       ?OnSetFocus@CAxDrawVu@@QAEXPAVCWnd@@@Z 00408bb0 f   AxDrawVu.obj
 0001:00007be0       ?OnNoShowCNodes@CAxDrawVu@@QAEXXZ 00408be0 f   AxDrawVu.obj
 0001:00007c20       ?OnUpdateNoShowCNodes@CAxDrawVu@@QAEXPAVCCmdUI@@@Z 00408c20 f   AxDrawVu.obj
 0001:00007c50       ?OnNoShowCNLabel@CAxDrawVu@@QAEXXZ 00408c50 f   AxDrawVu.obj
 0001:00007c90       ?OnUpdateNoShowCNLabel@CAxDrawVu@@QAEXPAVCCmdUI@@@Z 00408c90 f   AxDrawVu.obj
 0001:00007cc0       ?OnNoShowNodes@CAxDrawVu@@QAEXXZ 00408cc0 f   AxDrawVu.obj
 0001:00007d00       ?OnUpdateNoShowNodes@CAxDrawVu@@QAEXPAVCCmdUI@@@Z 00408d00 f   AxDrawVu.obj
 0001:00007d30       ?OnNoshowMnodes@CAxDrawVu@@QAEXXZ 00408d30 f   AxDrawVu.obj
 0001:00007d70       ?OnNoShowNLabel@CAxDrawVu@@QAEXXZ 00408d70 f   AxDrawVu.obj
 0001:00007db0       ?OnUpdateNoShowNLabel@CAxDrawVu@@QAEXPAVCCmdUI@@@Z 00408db0 f   AxDrawVu.obj
 0001:00007de0       ?OnUpdateNoshowMnodes@CAxDrawVu@@QAEXPAVCCmdUI@@@Z 00408de0 f   AxDrawVu.obj
 0001:00007e10       ?OnNoshowMnlabel@CAxDrawVu@@QAEXXZ 00408e10 f   AxDrawVu.obj
 0001:00007e50       ?OnUpdateNoshowMnlabel@CAxDrawVu@@QAEXPAVCCmdUI@@@Z 00408e50 f   AxDrawVu.obj
 0001:00007e80       ?OnNoShowCShape@CAxDrawVu@@QAEXXZ 00408e80 f   AxDrawVu.obj
 0001:00007ec0       ?OnUpdateNoShowCShape@CAxDrawVu@@QAEXPAVCCmdUI@@@Z 00408ec0 f   AxDrawVu.obj
 0001:00007ef0       ?OnNoshowCentroid@CAxDrawVu@@QAEXXZ 00408ef0 f   AxDrawVu.obj
 0001:00007f30       ?OnUpdateNoshowCentroid@CAxDrawVu@@QAEXPAVCCmdUI@@@Z 00408f30 f   AxDrawVu.obj
 0001:00007f60       ?OnNoshowDCurve@CAxDrawVu@@QAEXXZ 00408f60 f   AxDrawVu.obj
 0001:00007fa0       ?OnUpdateNoshowDCurve@CAxDrawVu@@QAEXPAVCCmdUI@@@Z 00408fa0 f   AxDrawVu.obj
 0001:00007fd0       ?OnNoshowPCurve@CAxDrawVu@@QAEXXZ 00408fd0 f   AxDrawVu.obj
 0001:00008010       ?OnUpdateNoshowPCurve@CAxDrawVu@@QAEXPAVCCmdUI@@@Z 00409010 f   AxDrawVu.obj
 0001:00008040       ?SetSceneChangedOnNoShow@CAxDrawVu@@UAEXXZ 00409040 f   AxDrawVu.obj
 0001:00008090       ?OnModeDesign@CAxDrawVu@@QAEXXZ 00409090 f   AxDrawVu.obj
 0001:000080c0       ?OnUpdateModeDesign@CAxDrawVu@@QAEXPAVCCmdUI@@@Z 004090c0 f   AxDrawVu.obj
 0001:000080f0       ?OnModeInterpolate@CAxDrawVu@@QAEXXZ 004090f0 f   AxDrawVu.obj
 0001:00008120       ?OnUpdateModeInterpolate@CAxDrawVu@@QAEXPAVCCmdUI@@@Z 00409120 f   AxDrawVu.obj
 0001:00008150       ?GetList@CAxDrawVu@@IAEPAVCDListMgr@@I@Z 00409150 f   AxDrawVu.obj
 0001:000081a0       ?ShowCountBox@CAxDrawVu@@IAEXPBDH@Z 004091a0 f   AxDrawVu.obj
 0001:00008290       ?OnSummaryNodeMesh@CAxDrawVu@@QAEXXZ 00409290 f   AxDrawVu.obj
 0001:00008320       ?OnSummaryCurveDirty@CAxDrawVu@@QAEXXZ 00409320 f   AxDrawVu.obj
 0001:000083b0       ?OnSummaryCurvePosted@CAxDrawVu@@QAEXXZ 004093b0 f   AxDrawVu.obj
 0001:00008440       ?OnSummaryNodeAlltypes@CAxDrawVu@@QAEXXZ 00409440 f   AxDrawVu.obj
 0001:000084c0       ?OnSummaryNodeControl@CAxDrawVu@@QAEXXZ 004094c0 f   AxDrawVu.obj
 0001:00008550       ?MouseMove@CAxDrawVu@@IAEXIVCPoint@@@Z 00409550 f   AxDrawVu.obj
 0001:00008690       ?IsMeshMode@CDrGrafFrame@@QAEHXZ 00409690 f i AxDrawVu.obj
 0001:000086b0       ?GetCurrentOperID@CDrGrafFrame@@QAEIXZ 004096b0 f i AxDrawVu.obj
 0001:000086d0       ?GetLastStatCntlHit@CDrGrafFrame@@QAEPAVCStatCntl@@XZ 004096d0 f i AxDrawVu.obj
 0001:000086f0       ?SetLastStatCntlHit@CDrGrafFrame@@QAEXPAVCStatCntl@@@Z 004096f0 f i AxDrawVu.obj
 0001:00008720       ?LButtonDown@CAxDrawVu@@IAEXIVCPoint@@@Z 00409720 f   AxDrawVu.obj
 0001:00008830       ?LButtonUp@CAxDrawVu@@IAEXIVCPoint@@@Z 00409830 f   AxDrawVu.obj
 0001:00008940       ?RButtonDown@CAxDrawVu@@IAEXIVCPoint@@@Z 00409940 f   AxDrawVu.obj
 0001:00008a50       ?RButtonUp@CAxDrawVu@@IAEXIVCPoint@@@Z 00409a50 f   AxDrawVu.obj
 0001:00008b60       ?OnViewModeGenerator@CAxDrawVu@@QAEXXZ 00409b60 f   AxDrawVu.obj
 0001:00008bd0       ?SetMeshMode@CDrGrafFrame@@QAEXH@Z 00409bd0 f i AxDrawVu.obj
 0001:00008c00       ?OnUpdateViewModeGenerator@CAxDrawVu@@QAEXPAVCCmdUI@@@Z 00409c00 f   AxDrawVu.obj
 0001:00008c30       ?OnViewModeMesh@CAxDrawVu@@QAEXXZ 00409c30 f   AxDrawVu.obj
 0001:00008ca0       ?OnUpdateViewModeMesh@CAxDrawVu@@QAEXPAVCCmdUI@@@Z 00409ca0 f   AxDrawVu.obj
 0001:00008cd0       ?CreateObject@CBanner@@SGPAVCObject@@XZ 00409cd0 f   Banner.obj
 0001:00008d40       ?_GetBaseClass@CBanner@@KGPAUCRuntimeClass@@XZ 00409d40 f   Banner.obj
 0001:00008d60       ?GetRuntimeClass@CBanner@@UBEPAUCRuntimeClass@@XZ 00409d60 f   Banner.obj
 0001:00008dc0       ??5@YGAAVCArchive@@AAV0@AAPAVCBanner@@@Z 00409dc0 f   Banner.obj
 0001:00008df0       ?_GetBaseMessageMap@CBanner@@KGPBUAFX_MSGMAP@@XZ 00409df0 f   Banner.obj
 0001:00008e10       ?GetMessageMap@CBanner@@MBEPBUAFX_MSGMAP@@XZ 00409e10 f   Banner.obj
 0001:00008e30       ?AssertValid@CBanner@@UBEXXZ 00409e30 f   Banner.obj
 0001:00008e50       ?Dump@CBanner@@UBEXAAVCDumpContext@@@Z 00409e50 f   Banner.obj
 0001:00008e80       ??0CBanner@@QAE@XZ         00409e80 f   Banner.obj
 0001:00008ed0       ??_ECBanner@@UAEPAXI@Z     00409ed0 f i Banner.obj
 0001:00008ed0       ??_GCBanner@@UAEPAXI@Z     00409ed0 f i Banner.obj
 0001:00008f10       ??1CBanner@@UAE@XZ         00409f10 f   Banner.obj
 0001:00008ff0       ?LoadImageDIB@CBanner@@AAEXPAVCDC@@H@Z 00409ff0 f   Banner.obj
 0001:00009110       ?GetNrScanLines@CMDIB@@QAEIXZ 0040a110 f i Banner.obj
 0001:00009130       ?GetPVBits@CMDIB@@QAEPAXXZ 0040a130 f i Banner.obj
 0001:00009150       ?GetBitsInfo@CMDIB@@QAEPAUtagBITMAPINFO@@XZ 0040a150 f i Banner.obj
 0001:00009170       ?GetDIBWidth@CMDIB@@QAEKXZ 0040a170 f i Banner.obj
 0001:00009190       ?GetDIBHeight@CMDIB@@QAEKXZ 0040a190 f i Banner.obj
 0001:000091b0       ?LoadImageDIBfromFile@CBanner@@AAEHPAVCMDIB@@PAD@Z 0040a1b0 f   Banner.obj
 0001:000093d0       ?InitDIBData@CBanner@@AAEXXZ 0040a3d0 f   Banner.obj
 0001:00009590       ?ReplaceHDIB@CBanner@@AAEXPAUHDIB__@@@Z 0040a590 f   Banner.obj
 0001:000095d0       ?Init@CBanner@@QAEXH@Z     0040a5d0 f   Banner.obj
 0001:00009710       ??0CMDIB@@QAE@XZ           0040a710 f i Banner.obj
 0001:00009740       ??_GCMDIB@@UAEPAXI@Z       0040a740 f i Banner.obj
 0001:00009740       ??_ECMDIB@@UAEPAXI@Z       0040a740 f i Banner.obj
 0001:00009780       ??1CMDIB@@UAE@XZ           0040a780 f i Banner.obj
 0001:000097b0       ?Create@CBanner@@QAEHXZ    0040a7b0 f   Banner.obj
 0001:00009880       ?DissolveDot@CBanner@@QAEXPAVCDC@@AAVCRect@@@Z 0040a880 f   Banner.obj
 0001:00009900       ?DissolveRect@CBanner@@QAEXPAVCDC@@AAVCRect@@@Z 0040a900 f   Banner.obj
 0001:00009a30       ?Dog_N_PonyShow@CBanner@@QAEXPAVCDC@@AAVCRect@@@Z 0040aa30 f   Banner.obj
 0001:00009c40       ?GetHDIB@CBanner@@QBEPAUHDIB__@@XZ 0040ac40 f i Banner.obj
 0001:00009c60       ?GetDocPalette@CBanner@@QBEPAVCPalette@@XZ 0040ac60 f i Banner.obj
 0001:00009c80       ?OnEraseBkgnd@CBanner@@IAEHPAVCDC@@@Z 0040ac80 f   Banner.obj
 0001:00009ca0       ?OnPaint@CBanner@@IAEXXZ   0040aca0 f   Banner.obj
 0001:00009f60       ?_GetBaseClass@CClock@@KGPAUCRuntimeClass@@XZ 0040af60 f   Clock.obj
 0001:00009f80       ?GetRuntimeClass@CClock@@UBEPAUCRuntimeClass@@XZ 0040af80 f   Clock.obj
 0001:00009fa0       ??0CClock@@QAE@XZ          0040afa0 f   Clock.obj
 0001:00009fd0       ??_ECClock@@UAEPAXI@Z      0040afd0 f i Clock.obj
 0001:00009fd0       ??_GCClock@@UAEPAXI@Z      0040afd0 f i Clock.obj
 0001:0000a010       ??1CClock@@UAE@XZ          0040b010 f   Clock.obj
 0001:0000a040       ?SetInternational@CClock@@QAEXXZ 0040b040 f   Clock.obj
 0001:0000a1e0       ?GetTimeDate@CClock@@QAEXPAVCString@@0@Z 0040b1e0 f   Clock.obj
 0001:0000a330       ?CreateObject@CDrGrafCntrItem@@SGPAVCObject@@XZ 0040b330 f   Cntritem.obj
 0001:0000a3b0       ?_GetBaseClass@CDrGrafCntrItem@@KGPAUCRuntimeClass@@XZ 0040b3b0 f   Cntritem.obj
 0001:0000a3d0       ?GetRuntimeClass@CDrGrafCntrItem@@UBEPAUCRuntimeClass@@XZ 0040b3d0 f   Cntritem.obj
 0001:0000a430       ??5@YGAAVCArchive@@AAV0@AAPAVCDrGrafCntrItem@@@Z 0040b430 f   Cntritem.obj
 0001:0000a460       ??0CDrGrafCntrItem@@QAE@PAVCDrGrafDoc@@@Z 0040b460 f   Cntritem.obj
 0001:0000a490       ??_ECDrGrafCntrItem@@UAEPAXI@Z 0040b490 f i Cntritem.obj
 0001:0000a490       ??_GCDrGrafCntrItem@@UAEPAXI@Z 0040b490 f i Cntritem.obj
 0001:0000a4d0       ??1CDrGrafCntrItem@@UAE@XZ 0040b4d0 f   Cntritem.obj
 0001:0000a500       ?OnChange@CDrGrafCntrItem@@UAEXW4OLE_NOTIFICATION@@K@Z 0040b500 f   Cntritem.obj
 0001:0000a560       ?GetDocument@CDrGrafCntrItem@@QAEPAVCDrGrafDoc@@XZ 0040b560 f i Cntritem.obj
 0001:0000a580       ?OnChangeItemPosition@CDrGrafCntrItem@@MAEHABVCRect@@@Z 0040b580 f   Cntritem.obj
 0001:0000a5d0       ?OnGetItemPosition@CDrGrafCntrItem@@MAEXAAVCRect@@@Z 0040b5d0 f   Cntritem.obj
 0001:0000a620       ?OnActivate@CDrGrafCntrItem@@UAEXXZ 0040b620 f   Cntritem.obj
 0001:0000a6a0       ?GetActiveView@CDrGrafCntrItem@@QAEPAVCDrawView@@XZ 0040b6a0 f i Cntritem.obj
 0001:0000a6c0       ?OnDeactivateUI@CDrGrafCntrItem@@MAEXH@Z 0040b6c0 f   Cntritem.obj
 0001:0000a6f0       ?Serialize@CDrGrafCntrItem@@UAEXAAVCArchive@@@Z 0040b6f0 f   Cntritem.obj
 0001:0000a740       ?CanActivate@CDrGrafCntrItem@@MAEHXZ 0040b740 f   Cntritem.obj
 0001:0000a7d0       ?AssertValid@CDrGrafCntrItem@@UBEXXZ 0040b7d0 f   Cntritem.obj
 0001:0000a7f0       ?Dump@CDrGrafCntrItem@@UBEXAAVCDumpContext@@@Z 0040b7f0 f   Cntritem.obj
 0001:0000a820       ?CreateObject@CDataView@@SGPAVCObject@@XZ 0040b820 f   Dataview.obj
 0001:0000a890       ?_GetBaseClass@CDataView@@KGPAUCRuntimeClass@@XZ 0040b890 f   Dataview.obj
 0001:0000a8b0       ?GetRuntimeClass@CDataView@@UBEPAUCRuntimeClass@@XZ 0040b8b0 f   Dataview.obj
 0001:0000a8d0       ??0CDataView@@IAE@XZ       0040b8d0 f   Dataview.obj
 0001:0000a900       ??_GCDataView@@MAEPAXI@Z   0040b900 f i Dataview.obj
 0001:0000a900       ??_ECDataView@@MAEPAXI@Z   0040b900 f i Dataview.obj
 0001:0000a940       ??1CDataView@@MAE@XZ       0040b940 f   Dataview.obj
 0001:0000a9a0       ?_GetBaseMessageMap@CDataView@@KGPBUAFX_MSGMAP@@XZ 0040b9a0 f   Dataview.obj
 0001:0000a9c0       ?GetMessageMap@CDataView@@MBEPBUAFX_MSGMAP@@XZ 0040b9c0 f   Dataview.obj
 0001:0000a9e0       ?OnUpdate@CDataView@@UAEXPAVCView@@JPAVCObject@@@Z 0040b9e0 f   Dataview.obj
 0001:0000aa40       ?GetRowWidthHeight@CDataView@@UAEXPAVCDC@@AAH1@Z 0040ba40 f   Dataview.obj
 0001:0000ab40       ?GetActiveRow@CDataView@@UAEHXZ 0040bb40 f   Dataview.obj
 0001:0000ab80       ?GetDocument@CDataView@@QAEPAVCDrGrafDoc@@XZ 0040bb80 f i Dataview.obj
 0001:0000abd0       ?GetRowCount@CDataView@@UAEHXZ 0040bbd0 f   Dataview.obj
 0001:0000ac10       ?ChangeSelectionNextRow@CDataView@@UAEXH@Z 0040bc10 f   Dataview.obj
 0001:0000ac50       ?ChangeSelectionToRow@CDataView@@UAEXH@Z 0040bc50 f   Dataview.obj
 0001:0000ac90       ?OnDrawRow@CDataView@@UAEXPAVCDC@@HHH@Z 0040bc90 f   Dataview.obj
 0001:0000adf0       ?OnLButtonDown@CDataView@@IAEXIVCPoint@@@Z 0040bdf0 f   Dataview.obj
 0001:0000aef0       ?OnLButtonDblClk@CDataView@@IAEXIVCPoint@@@Z 0040bef0 f   Dataview.obj
 0001:0000af50       ?OnSetFocus@CDataView@@IAEXPAVCWnd@@@Z 0040bf50 f   Dataview.obj
 0001:0000afa0       ?CreateObject@CDeckView@@SGPAVCObject@@XZ 0040bfa0 f   DeckView.obj
 0001:0000b010       ?_GetBaseClass@CDeckView@@KGPAUCRuntimeClass@@XZ 0040c010 f   DeckView.obj
 0001:0000b030       ?GetRuntimeClass@CDeckView@@UBEPAUCRuntimeClass@@XZ 0040c030 f   DeckView.obj
 0001:0000b050       ?_GetBaseMessageMap@CDeckView@@KGPBUAFX_MSGMAP@@XZ 0040c050 f   DeckView.obj
 0001:0000b070       ?GetMessageMap@CDeckView@@MBEPBUAFX_MSGMAP@@XZ 0040c070 f   DeckView.obj
 0001:0000b090       ??0CDeckView@@IAE@XZ       0040c090 f   DeckView.obj
 0001:0000b150       ?CalculateCardMetrics@CDeckView@@MAEXPAVCDC@@@Z 0040c150 f i DeckView.obj
 0001:0000b190       ??_GCDeckView@@UAEPAXI@Z   0040c190 f i DeckView.obj
 0001:0000b190       ??_ECDeckView@@UAEPAXI@Z   0040c190 f i DeckView.obj
 0001:0000b1d0       ??1CDeckView@@UAE@XZ       0040c1d0 f   DeckView.obj
 0001:0000b240       ?OnDeckFormatFix@CDeckView@@IAEXXZ 0040c240 f   DeckView.obj
 0001:0000b270       ?SetFormatted@CDeckMgr@@QAEXH@Z 0040c270 f i DeckView.obj
 0001:0000b290       ?GetDeckMgr@CDeckView@@QAEPAVCDeckMgr@@XZ 0040c290 f i DeckView.obj
 0001:0000b2b0       ?OnUpdateDeckFormatFix@CDeckView@@IAEXPAVCCmdUI@@@Z 0040c2b0 f   DeckView.obj
 0001:0000b2e0       ?IsFormatted@CDeckMgr@@QAEHXZ 0040c2e0 f i DeckView.obj
 0001:0000b300       ?OnDeckFormatFree@CDeckView@@IAEXXZ 0040c300 f   DeckView.obj
 0001:0000b330       ?OnUpdateDeckFormatFree@CDeckView@@IAEXPAVCCmdUI@@@Z 0040c330 f   DeckView.obj
 0001:0000b370       ?OnPrepareDC@CDeckView@@UAEXPAVCDC@@PAUCPrintInfo@@@Z 0040c370 f   DeckView.obj
 0001:0000b490       ?OnDraw@CDeckView@@UAEXPAVCDC@@@Z 0040c490 f   DeckView.obj
 0001:0000b640       ?GetDeckList@CDeckMgr@@QAEPAV?$CList@VCString@@V1@@@XZ 0040c640 f i DeckView.obj
 0001:0000b660       ?AssertValid@CDeckView@@UBEXXZ 0040c660 f   DeckView.obj
 0001:0000b680       ?Dump@CDeckView@@UBEXAAVCDumpContext@@@Z 0040c680 f   DeckView.obj
 0001:0000b6b0       ?GetDocument@CDeckView@@QAEPAVCDrGrafDoc@@XZ 0040c6b0 f   DeckView.obj
 0001:0000b700       ?OnCreate@CDeckView@@IAEHPAUtagCREATESTRUCTA@@@Z 0040c700 f   DeckView.obj
 0001:0000b730       ?OnInitialUpdate@CDeckView@@UAEXXZ 0040c730 f   DeckView.obj
 0001:0000b760       ?UpdateScrollSizes@CDeckView@@MAEXXZ 0040c760 f   DeckView.obj
 0001:0000b8a0       ?GetCardWidthHeightCount@CDeckView@@IAEXPAVCDC@@AAH11@Z 0040c8a0 f   DeckView.obj
 0001:0000ba00       ?LastViewableCard@CDeckView@@MAEHXZ 0040ca00 f   DeckView.obj
 0001:0000ba40       ?OnUpdate@CDeckView@@MAEXPAVCView@@JPAVCObject@@@Z 0040ca40 f   DeckView.obj
 0001:0000ba90       ?OnBeginPrinting@CDeckView@@MAEXPAVCDC@@PAUCPrintInfo@@@Z 0040ca90 f   DeckView.obj
 0001:0000bba0       ?GetCardCount@CDeckView@@IAEHXZ 0040cba0 f i DeckView.obj
 0001:0000bbc0       ?OnEndPrinting@CDeckView@@MAEXPAVCDC@@PAUCPrintInfo@@@Z 0040cbc0 f   DeckView.obj
 0001:0000bbf0       ?OnEndPrintPreview@CDeckView@@MAEXPAVCDC@@PAUCPrintInfo@@UtagPOINT@@PAVCPreviewView@@@Z 0040cbf0 f   DeckView.obj
 0001:0000bc30       ?OnPreparePrinting@CDeckView@@MAEHPAUCPrintInfo@@@Z 0040cc30 f   DeckView.obj
 0001:0000bc60       ?OnPrint@CDeckView@@MAEXPAVCDC@@PAUCPrintInfo@@@Z 0040cc60 f   DeckView.obj
 0001:0000be50       ?OnSetFocus@CDeckView@@IAEXPAVCWnd@@@Z 0040ce50 f   DeckView.obj
 0001:0000bf40       ?GetEDimBox@CDrGrafFrame@@QAEPAVCEDimBox@@XZ 0040cf40 f i DeckView.obj
 0001:0000bf60       ?PrintPageHeader@CDeckView@@AAEXPAVCDC@@@Z 0040cf60 f   DeckView.obj
 0001:0000c200       ?PrintPageFooter@CDeckView@@AAEXPAVCDC@@@Z 0040d200 f   DeckView.obj
 0001:0000c430       ?GetCount@?$CList@VCString@@V1@@@QBEHXZ 0040d430 f i DeckView.obj
 0001:0000c450       ?IsEmpty@?$CList@VCString@@V1@@@QBEHXZ 0040d450 f i DeckView.obj
 0001:0000c480       ?GetHeadPosition@?$CList@VCString@@V1@@@QBEPAU__POSITION@@XZ 0040d480 f i DeckView.obj
 0001:0000c4a0       ?GetNext@?$CList@VCString@@V1@@@QAEAAVCString@@AAPAU__POSITION@@@Z 0040d4a0 f i DeckView.obj
 0001:0000c500       ?FindIndex@?$CList@VCString@@V1@@@QBEPAU__POSITION@@H@Z 0040d500 f i DeckView.obj
 0001:0000c590       ??0CDlg_CTim@@QAE@PAVCWnd@@@Z 0040d590 f   Dlg_CTim.obj
 0001:0000c650       ??_ECDlg_CTim@@UAEPAXI@Z   0040d650 f i Dlg_CTim.obj
 0001:0000c650       ??_GCDlg_CTim@@UAEPAXI@Z   0040d650 f i Dlg_CTim.obj
 0001:0000c690       ??1CDlg_CTim@@UAE@XZ       0040d690 f i Dlg_CTim.obj
 0001:0000c700       ?DoDataExchange@CDlg_CTim@@MAEXPAVCDataExchange@@@Z 0040d700 f   Dlg_CTim.obj
 0001:0000c730       ?_GetBaseMessageMap@CDlg_CTim@@KGPBUAFX_MSGMAP@@XZ 0040d730 f   Dlg_CTim.obj
 0001:0000c750       ?GetMessageMap@CDlg_CTim@@MBEPBUAFX_MSGMAP@@XZ 0040d750 f   Dlg_CTim.obj
 0001:0000c770       ?OnInitDialog@CDlg_CTim@@MAEHXZ 0040d770 f   Dlg_CTim.obj
 0001:0000c7d0       ?Create@CDlg_CTim@@QAEHXZ  0040d7d0 f   Dlg_CTim.obj
 0001:0000c8c0       ?EmptyListAllString@CDlg_CTim@@QAEXI@Z 0040d8c0 f   Dlg_CTim.obj
 0001:0000c920       ?OnOK@CDlg_CTim@@MAEXXZ    0040d920 f   Dlg_CTim.obj
 0001:0000c940       ?OnCancel@CDlg_CTim@@MAEXXZ 0040d940 f   Dlg_CTim.obj
 0001:0000c960       ??_9@$BMM@AE               0040d960 f i Dlg_CTim.obj
 0001:0000c970       ??_9@$BNA@AE               0040d970 f i Dlg_CTim.obj
 0001:0000c980       ??0CDlg_NoELem@@QAE@PAVCWnd@@@Z 0040d980 f   Dlg_NoEL.obj
 0001:0000cb30       ??_GCDlg_NoELem@@UAEPAXI@Z 0040db30 f i Dlg_NoEL.obj
 0001:0000cb30       ??_ECDlg_NoELem@@UAEPAXI@Z 0040db30 f i Dlg_NoEL.obj
 0001:0000cb70       ??1CDlg_NoELem@@UAE@XZ     0040db70 f i Dlg_NoEL.obj
 0001:0000cbe0       ?DoDataExchange@CDlg_NoELem@@MAEXPAVCDataExchange@@@Z 0040dbe0 f   Dlg_NoEL.obj
 0001:0000cdb0       ?_GetBaseMessageMap@CDlg_NoELem@@KGPBUAFX_MSGMAP@@XZ 0040ddb0 f   Dlg_NoEL.obj
 0001:0000cdd0       ?GetMessageMap@CDlg_NoELem@@MBEPBUAFX_MSGMAP@@XZ 0040ddd0 f   Dlg_NoEL.obj
 0001:0000cdf0       ?OnInitDialog@CDlg_NoELem@@MAEHXZ 0040ddf0 f   Dlg_NoEL.obj
 0001:0000ce60       ?OnNoshowAll@CDlg_NoELem@@IAEXXZ 0040de60 f   Dlg_NoEL.obj
 0001:0000cf70       ?OnNoshowNone@CDlg_NoELem@@IAEXXZ 0040df70 f   Dlg_NoEL.obj
 0001:0000d080       ??0CDlg_NoLabELem@@QAE@PAVCWnd@@@Z 0040e080 f   Dlg_NoLE.obj
 0001:0000d220       ??_GCDlg_NoLabELem@@UAEPAXI@Z 0040e220 f i Dlg_NoLE.obj
 0001:0000d220       ??_ECDlg_NoLabELem@@UAEPAXI@Z 0040e220 f i Dlg_NoLE.obj
 0001:0000d260       ??1CDlg_NoLabELem@@UAE@XZ  0040e260 f i Dlg_NoLE.obj
 0001:0000d2d0       ?DoDataExchange@CDlg_NoLabELem@@MAEXPAVCDataExchange@@@Z 0040e2d0 f   Dlg_NoLE.obj
 0001:0000d4a0       ?_GetBaseMessageMap@CDlg_NoLabELem@@KGPBUAFX_MSGMAP@@XZ 0040e4a0 f   Dlg_NoLE.obj
 0001:0000d4c0       ?GetMessageMap@CDlg_NoLabELem@@MBEPBUAFX_MSGMAP@@XZ 0040e4c0 f   Dlg_NoLE.obj
 0001:0000d4e0       ?OnInitDialog@CDlg_NoLabELem@@MAEHXZ 0040e4e0 f   Dlg_NoLE.obj
 0001:0000d550       ?OnNoshowAll@CDlg_NoLabELem@@IAEXXZ 0040e550 f   Dlg_NoLE.obj
 0001:0000d660       ?OnNoshowNone@CDlg_NoLabELem@@IAEXXZ 0040e660 f   Dlg_NoLE.obj
 0001:0000d770       ??0CDlg_Shrink@@QAE@PAVCWnd@@@Z 0040e770 f   Dlg_Shrink.obj
 0001:0000d840       ??_ECDlg_Shrink@@UAEPAXI@Z 0040e840 f i Dlg_Shrink.obj
 0001:0000d840       ??_GCDlg_Shrink@@UAEPAXI@Z 0040e840 f i Dlg_Shrink.obj
 0001:0000d880       ??1CDlg_Shrink@@UAE@XZ     0040e880 f i Dlg_Shrink.obj
 0001:0000d8f0       ?DoDataExchange@CDlg_Shrink@@MAEXPAVCDataExchange@@@Z 0040e8f0 f   Dlg_Shrink.obj
 0001:0000d950       ?_GetBaseMessageMap@CDlg_Shrink@@KGPBUAFX_MSGMAP@@XZ 0040e950 f   Dlg_Shrink.obj
 0001:0000d970       ?GetMessageMap@CDlg_Shrink@@MBEPBUAFX_MSGMAP@@XZ 0040e970 f   Dlg_Shrink.obj
 0001:0000d990       ?OnInitDialog@CDlg_Shrink@@MAEHXZ 0040e990 f   Dlg_Shrink.obj
 0001:0000d9f0       ?_GetBaseClass@CDrawView@@KGPAUCRuntimeClass@@XZ 0040e9f0 f   Drawview.obj
 0001:0000da10       ?GetRuntimeClass@CDrawView@@UBEPAUCRuntimeClass@@XZ 0040ea10 f   Drawview.obj
 0001:0000da30       ?_GetBaseMessageMap@CDrawView@@KGPBUAFX_MSGMAP@@XZ 0040ea30 f   Drawview.obj
 0001:0000da50       ?GetMessageMap@CDrawView@@MBEPBUAFX_MSGMAP@@XZ 0040ea50 f   Drawview.obj
 0001:0000da70       ?AssertValid@CDrawView@@UBEXXZ 0040ea70 f   Drawview.obj
 0001:0000da90       ?Dump@CDrawView@@UBEXAAVCDumpContext@@@Z 0040ea90 f   Drawview.obj
 0001:0000dac0       ??0CDrawView@@IAE@XZ       0040eac0 f   Drawview.obj
 0001:0000e090       ??0CDVM_CreO@@QAE@XZ       0040f090 f i Drawview.obj
 0001:0000e0c0       ??1CDVM_CreO@@UAE@XZ       0040f0c0 f i Drawview.obj
 0001:0000e0f0       ??_ECDVM_CreO@@UAEPAXI@Z   0040f0f0 f i Drawview.obj
 0001:0000e0f0       ??_GCDVM_CreO@@UAEPAXI@Z   0040f0f0 f i Drawview.obj
 0001:0000e130       ??0CDVM_Post@@QAE@XZ       0040f130 f i Drawview.obj
 0001:0000e160       ??1CDVM_Post@@UAE@XZ       0040f160 f i Drawview.obj
 0001:0000e190       ??_GCDVM_Post@@UAEPAXI@Z   0040f190 f i Drawview.obj
 0001:0000e190       ??_ECDVM_Post@@UAEPAXI@Z   0040f190 f i Drawview.obj
 0001:0000e1d0       ??0CDVM_CreM@@QAE@XZ       0040f1d0 f i Drawview.obj
 0001:0000e200       ??1CDVM_CreM@@UAE@XZ       0040f200 f i Drawview.obj
 0001:0000e230       ??_ECDVM_CreM@@UAEPAXI@Z   0040f230 f i Drawview.obj
 0001:0000e230       ??_GCDVM_CreM@@UAEPAXI@Z   0040f230 f i Drawview.obj
 0001:0000e270       ??0CDVM_Mdit@@QAE@XZ       0040f270 f i Drawview.obj
 0001:0000e2a0       ??1CDVM_Mdit@@UAE@XZ       0040f2a0 f i Drawview.obj
 0001:0000e2d0       ??_ECDVM_Mdit@@UAEPAXI@Z   0040f2d0 f i Drawview.obj
 0001:0000e2d0       ??_GCDVM_Mdit@@UAEPAXI@Z   0040f2d0 f i Drawview.obj
 0001:0000e310       ??_GCDrawView@@UAEPAXI@Z   0040f310 f i Drawview.obj
 0001:0000e310       ??_ECDrawView@@UAEPAXI@Z   0040f310 f i Drawview.obj
 0001:0000e350       ??_ECViewInfo@@UAEPAXI@Z   0040f350 f i Drawview.obj
 0001:0000e350       ??_GCViewInfo@@UAEPAXI@Z   0040f350 f i Drawview.obj
 0001:0000e390       ??1CDrawView@@UAE@XZ       0040f390 f   Drawview.obj
 0001:0000e4d0       ?PreCreateWindow@CDrawView@@MAEHAAUtagCREATESTRUCTA@@@Z 0040f4d0 f   Drawview.obj
 0001:0000e530       ?OnCommandHelp@CDrawView@@QAEJIJ@Z 0040f530 f   Drawview.obj
 0001:0000e5e0       ?OnHelpHitTest@CDrawView@@QAEJIJ@Z 0040f5e0 f   Drawview.obj
 0001:0000e660       ?OnPrepareDC@CDrawView@@UAEXPAVCDC@@PAUCPrintInfo@@@Z 0040f660 f   Drawview.obj
 0001:0000e700       ?OnSize@CDrawView@@QAEXIHH@Z 0040f700 f   Drawview.obj
 0001:0000e820       ?SetScalevv3DToLP@CDrawView@@UAEXXZ 0040f820 f   Drawview.obj
 0001:0000e8b0       ?GetMatrix@CDrawView@@UAEPAUMATRIX@@W4MATRICES@@@Z 0040f8b0 f   Drawview.obj
 0001:0000e940       ?SetMatrix@CDrawView@@UAEXW4MATRICES@@PAUMATRIX@@@Z 0040f940 f   Drawview.obj
 0001:0000e9e0       ?OnInitialUpdate@CDrawView@@UAEXXZ 0040f9e0 f   Drawview.obj
 0001:0000f410       ?UpdateAllOtherMatButLocal@CDrawView@@IAEXXZ 00410410 f   Drawview.obj
 0001:0000f490       ?UpdateViewMatrix@CDrawView@@UAEXXZ 00410490 f   Drawview.obj
 0001:0000f5d0       ?UpdatePerToParMatrix@CDrawView@@UAEXXZ 004105d0 f   Drawview.obj
 0001:0000f680       ?UpdateCombinedMatrix@CDrawView@@UAEXXZ 00410680 f   Drawview.obj
 0001:0000f710       ?UpdateWin3DtoViewPort3DMatrix@CDrawView@@UAEXXZ 00410710 f   Drawview.obj
 0001:0000f7b0       ?UpdatePenultimateMatrix@CDrawView@@UAEXXZ 004107b0 f   Drawview.obj
 0001:0000f840       ?UpdateUltimateMatrix@CDrawView@@UAEXXZ 00410840 f   Drawview.obj
 0001:0000f870       ?UpdateObject@CDrawView@@UAEXHHH@Z 00410870 f   Drawview.obj
 0001:0000fc50       ?OnDraw@CDrawView@@UAEXPAVCDC@@@Z 00410c50 f   Drawview.obj
 0001:0000fd90       ?ShowScreenGrid@CDrawView@@IAEXPAVCDC@@@Z 00410d90 f   Drawview.obj
 0001:0000ff50       ?ShowCurrentOptions@CDrawView@@IAEXPAVCDC@@@Z 00410f50 f   Drawview.obj
 0001:00010810       ?GetCurrentCntlID@CDrGrafFrame@@QAEIXZ 00411810 f i Drawview.obj
 0001:00010830       ?GetCurrentIGenID@CDrGrafFrame@@QAEIXZ 00411830 f i Drawview.obj
 0001:00010850       ??_GCString@@QAEPAXI@Z     00411850 f i Drawview.obj
 0001:00010890       ?GoDoAxis@CDrawView@@IAEXPAVCDC@@@Z 00411890 f   Drawview.obj
 0001:000108b0       ?GoDoHouse@CDrawView@@IAEXPAVCDC@@@Z 004118b0 f   Drawview.obj
 0001:00010fb0       ?GoDoViewControls@CDrawView@@IAEXPAVCDC@@@Z 00411fb0 f   Drawview.obj
 0001:00011600       ?GoDoPoint@CDrawView@@IAEXPAVCDC@@PAUtagPOINT@@AAVCString@@@Z 00412600 f   Drawview.obj
 0001:000116a0       ?GoDoLine@CDrawView@@IAEXPAVCDC@@PAUtagPOINT@@1@Z 004126a0 f   Drawview.obj
 0001:000116f0       ?GetObjectReadyforRender@CDrawView@@UAEXPAVCDC@@PAVCDrObject@@H@Z 004126f0 f   Drawview.obj
 0001:00011980       ?Pack_NSBools@CDrawView@@IAEXQAH@Z 00412980 f   Drawview.obj
 0001:00011da0       ?GoRender@CDrawView@@MAEXPAVCDC@@VCRect@@HH@Z 00412da0 f   Drawview.obj
 0001:000121f0       ?Transform@CDrawView@@UAEXPAUWORLD@@0@Z 004131f0 f   Drawview.obj
 0001:00012270       ?Project@CDrawView@@UAEXPAUWORLD@@0H@Z 00413270 f   Drawview.obj
 0001:00012360       ?MouseActivateViewMatUpdate@CDrawView@@IAEXXZ 00413360 f   Drawview.obj
 0001:000125e0       ?OnKeyDown@CDrawView@@QAEXIII@Z 004135e0 f   Drawview.obj
 0001:000126e0       ?OnCreate@CDrawView@@QAEHPAUtagCREATESTRUCTA@@@Z 004136e0 f   Drawview.obj
 0001:00012770       ?On3dAmbientlight@CDrawView@@QAEXXZ 00413770 f   Drawview.obj
 0001:00012790       ?OnUpdate3dAmbientlight@CDrawView@@QAEXPAVCCmdUI@@@Z 00413790 f   Drawview.obj
 0001:000127b0       ?On3dEyeposition@CDrawView@@QAEXXZ 004137b0 f   Drawview.obj
 0001:00012d10       ?OnGoodByeEyePos@CDrawView@@QAEJIJ@Z 00413d10 f   Drawview.obj
 0001:00012d40       ?OnUpdateEyePos@CDrawView@@QAEJIJ@Z 00413d40 f   Drawview.obj
 0001:000133d0       ?OnUpdate3dEyeposition@CDrawView@@QAEXPAVCCmdUI@@@Z 004143d0 f   Drawview.obj
 0001:00013410       ?On3dLightsource@CDrawView@@QAEXXZ 00414410 f   Drawview.obj
 0001:00013430       ?OnUpdate3dLightsource@CDrawView@@QAEXPAVCCmdUI@@@Z 00414430 f   Drawview.obj
 0001:00013450       ?On3dProjectionParallel@CDrawView@@QAEXXZ 00414450 f   Drawview.obj
 0001:000134b0       ?OnUpdate3dProjectionParallel@CDrawView@@QAEXPAVCCmdUI@@@Z 004144b0 f   Drawview.obj
 0001:000134e0       ?On3dProjectionPerspective@CDrawView@@QAEXXZ 004144e0 f   Drawview.obj
 0001:00013540       ?OnUpdate3dProjectionPerspective@CDrawView@@QAEXPAVCCmdUI@@@Z 00414540 f   Drawview.obj
 0001:00013570       ?On3dRendering@CDrawView@@QAEXXZ 00414570 f   Drawview.obj
 0001:00013590       ?OnUpdate3dRendering@CDrawView@@QAEXPAVCCmdUI@@@Z 00414590 f   Drawview.obj
 0001:000135b0       ?ShowAxes@CDrawView@@IAEXXZ 004145b0 f   Drawview.obj
 0001:00013690       ?OnOptionAxison@CDrawView@@QAEXXZ 00414690 f   Drawview.obj
 0001:000136e0       ?OnKillFocus@CDrawView@@QAEXPAVCWnd@@@Z 004146e0 f   Drawview.obj
 0001:00013710       ?OnUpdateOptionAxison@CDrawView@@QAEXPAVCCmdUI@@@Z 00414710 f   Drawview.obj
 0001:00013750       ?OnOptionCursor@CDrawView@@QAEXXZ 00414750 f   Drawview.obj
 0001:00013770       ?OnUpdateOptionCursor@CDrawView@@QAEXPAVCCmdUI@@@Z 00414770 f   Drawview.obj
 0001:00013790       ?OnOptionPenchange@CDrawView@@QAEXXZ 00414790 f   Drawview.obj
 0001:000137c0       ?OnUpdateOptionPenchange@CDrawView@@QAEXPAVCCmdUI@@@Z 004147c0 f   Drawview.obj
 0001:000137e0       ?OnOptionRefresh@CDrawView@@QAEXXZ 004147e0 f   Drawview.obj
 0001:00013800       ?OnUpdateOptionRefresh@CDrawView@@QAEXPAVCCmdUI@@@Z 00414800 f   Drawview.obj
 0001:00013820       ?OnEraseBkgnd@CDrawView@@QAEHPAVCDC@@@Z 00414820 f   Drawview.obj
 0001:000138d0       ?OnSetFocus@CDrawView@@QAEXPAVCWnd@@@Z 004148d0 f   Drawview.obj
 0001:00013900       ?OnHScroll@CDrawView@@QAEXIIPAVCScrollBar@@@Z 00414900 f   Drawview.obj
 0001:00013940       ?OnVScroll@CDrawView@@QAEXIIPAVCScrollBar@@@Z 00414940 f   Drawview.obj
 0001:00013980       ?OnNoshowElements@CDrawView@@QAEXXZ 00414980 f   Drawview.obj
 0001:00013cd0       ?OnUpdateNoshowElements@CDrawView@@QAEXPAVCCmdUI@@@Z 00414cd0 f   Drawview.obj
 0001:00013cf0       ?OnNoshowLabelElements@CDrawView@@QAEXXZ 00414cf0 f   Drawview.obj
 0001:00014040       ?OnNoShowCNLabel@CDrawView@@QAEXXZ 00415040 f   Drawview.obj
 0001:00014080       ?OnUpdateNoShowCNLabel@CDrawView@@QAEXPAVCCmdUI@@@Z 00415080 f   Drawview.obj
 0001:000140b0       ?OnNoShowCNodes@CDrawView@@QAEXXZ 004150b0 f   Drawview.obj
 0001:000140f0       ?OnUpdateNoShowCNodes@CDrawView@@QAEXPAVCCmdUI@@@Z 004150f0 f   Drawview.obj
 0001:00014120       ?OnNoShowNLabel@CDrawView@@QAEXXZ 00415120 f   Drawview.obj
 0001:00014160       ?OnUpdateNoShowNLabel@CDrawView@@QAEXPAVCCmdUI@@@Z 00415160 f   Drawview.obj
 0001:00014190       ?OnNoShowNodes@CDrawView@@QAEXXZ 00415190 f   Drawview.obj
 0001:000141d0       ?OnUpdateNoShowNodes@CDrawView@@QAEXPAVCCmdUI@@@Z 004151d0 f   Drawview.obj
 0001:00014200       ?OnNoShowCShape@CDrawView@@QAEXXZ 00415200 f   Drawview.obj
 0001:00014240       ?OnNoshowMnlabel@CDrawView@@QAEXXZ 00415240 f   Drawview.obj
 0001:00014280       ?OnUpdateNoshowMnlabel@CDrawView@@QAEXPAVCCmdUI@@@Z 00415280 f   Drawview.obj
 0001:000142b0       ?OnNoshowMnodes@CDrawView@@QAEXXZ 004152b0 f   Drawview.obj
 0001:000142f0       ?OnUpdateNoshowMnodes@CDrawView@@QAEXPAVCCmdUI@@@Z 004152f0 f   Drawview.obj
 0001:00014320       ?OnUpdateNoShowCShape@CDrawView@@QAEXPAVCCmdUI@@@Z 00415320 f   Drawview.obj
 0001:00014350       ?On3dFsPainter@CDrawView@@QAEXXZ 00415350 f   Drawview.obj
 0001:000143b0       ?OnUpdate3dFsPainter@CDrawView@@QAEXPAVCCmdUI@@@Z 004153b0 f   Drawview.obj
 0001:000143e0       ?On3dFsZbuffer@CDrawView@@QAEXXZ 004153e0 f   Drawview.obj
 0001:00014440       ?OnUpdate3dFsZbuffer@CDrawView@@QAEXPAVCCmdUI@@@Z 00415440 f   Drawview.obj
 0001:00014470       ?On3dCulling3D@CDrawView@@QAEXXZ 00415470 f   Drawview.obj
 0001:000144c0       ?OnUpdate3dCulling3D@CDrawView@@QAEXPAVCCmdUI@@@Z 004154c0 f   Drawview.obj
 0001:000144f0       ?On3dWfHidden@CDrawView@@QAEXXZ 004154f0 f   Drawview.obj
 0001:00014550       ?OnUpdate3dWfHidden@CDrawView@@QAEXPAVCCmdUI@@@Z 00415550 f   Drawview.obj
 0001:00014580       ?On3dWfPure@CDrawView@@QAEXXZ 00415580 f   Drawview.obj
 0001:000145e0       ?OnUpdate3dWfPure@CDrawView@@QAEXPAVCCmdUI@@@Z 004155e0 f   Drawview.obj
 0001:00014610       ?On3dZbGouraud@CDrawView@@QAEXXZ 00415610 f   Drawview.obj
 0001:00014670       ?OnUpdate3dZbGouraud@CDrawView@@QAEXPAVCCmdUI@@@Z 00415670 f   Drawview.obj
 0001:000146a0       ?On3dZbPhong@CDrawView@@QAEXXZ 004156a0 f   Drawview.obj
 0001:00014700       ?OnUpdate3dZbPhong@CDrawView@@QAEXPAVCCmdUI@@@Z 00415700 f   Drawview.obj
 0001:00014730       ?On3dShrinkOn@CDrawView@@QAEXXZ 00415730 f   Drawview.obj
 0001:000148c0       ?OnUpdate3dShrinkOn@CDrawView@@QAEXPAVCCmdUI@@@Z 004158c0 f   Drawview.obj
 0001:000148f0       ?OnNoshowCentroid@CDrawView@@QAEXXZ 004158f0 f   Drawview.obj
 0001:00014930       ?OnUpdateNoshowCentroid@CDrawView@@QAEXPAVCCmdUI@@@Z 00415930 f   Drawview.obj
 0001:00014960       ?OnNoshowDCurve@CDrawView@@QAEXXZ 00415960 f   Drawview.obj
 0001:000149a0       ?OnUpdateNoshowDCurve@CDrawView@@QAEXPAVCCmdUI@@@Z 004159a0 f   Drawview.obj
 0001:000149d0       ?OnNoshowDObject@CDrawView@@QAEXXZ 004159d0 f   Drawview.obj
 0001:00014a10       ?OnUpdateNoshowDObject@CDrawView@@QAEXPAVCCmdUI@@@Z 00415a10 f   Drawview.obj
 0001:00014a40       ?OnNoshowDPatch@CDrawView@@QAEXXZ 00415a40 f   Drawview.obj
 0001:00014a80       ?OnUpdateNoshowDPatch@CDrawView@@QAEXPAVCCmdUI@@@Z 00415a80 f   Drawview.obj
 0001:00014ab0       ?OnNoshowDSolid@CDrawView@@QAEXXZ 00415ab0 f   Drawview.obj
 0001:00014af0       ?OnUpdateNoshowDSolid@CDrawView@@QAEXPAVCCmdUI@@@Z 00415af0 f   Drawview.obj
 0001:00014b20       ?OnNoshowDProfile_C@CDrawView@@QAEXXZ 00415b20 f   Drawview.obj
 0001:00014b60       ?OnUpdateNoshowDProfile_C@CDrawView@@QAEXPAVCCmdUI@@@Z 00415b60 f   Drawview.obj
 0001:00014b90       ?OnNoshowDProfile_P@CDrawView@@QAEXXZ 00415b90 f   Drawview.obj
 0001:00014bd0       ?OnUpdateNoshowDProfile_P@CDrawView@@QAEXPAVCCmdUI@@@Z 00415bd0 f   Drawview.obj
 0001:00014c00       ?OnNoshowDProfile_S@CDrawView@@QAEXXZ 00415c00 f   Drawview.obj
 0001:00014c40       ?OnUpdateNoshowDProfile_S@CDrawView@@QAEXPAVCCmdUI@@@Z 00415c40 f   Drawview.obj
 0001:00014c70       ?OnNoshowNormals@CDrawView@@QAEXXZ 00415c70 f   Drawview.obj
 0001:00014cb0       ?OnUpdateNoshowNormals@CDrawView@@QAEXPAVCCmdUI@@@Z 00415cb0 f   Drawview.obj
 0001:00014ce0       ?OnNoshowPCurve@CDrawView@@QAEXXZ 00415ce0 f   Drawview.obj
 0001:00014d20       ?OnUpdateNoshowPCurve@CDrawView@@QAEXPAVCCmdUI@@@Z 00415d20 f   Drawview.obj
 0001:00014d50       ?OnNoshowPObject@CDrawView@@QAEXXZ 00415d50 f   Drawview.obj
 0001:00014d90       ?OnUpdateNoshowPObject@CDrawView@@QAEXPAVCCmdUI@@@Z 00415d90 f   Drawview.obj
 0001:00014dc0       ?OnNoshowPPatch@CDrawView@@QAEXXZ 00415dc0 f   Drawview.obj
 0001:00014e00       ?OnUpdateNoshowPPatch@CDrawView@@QAEXPAVCCmdUI@@@Z 00415e00 f   Drawview.obj
 0001:00014e30       ?OnNoshowPSolid@CDrawView@@QAEXXZ 00415e30 f   Drawview.obj
 0001:00014e70       ?OnUpdateNoshowPSolid@CDrawView@@QAEXPAVCCmdUI@@@Z 00415e70 f   Drawview.obj
 0001:00014ea0       ?OnNoshowPProfile_C@CDrawView@@QAEXXZ 00415ea0 f   Drawview.obj
 0001:00014ee0       ?OnUpdateNoshowPProfile_C@CDrawView@@QAEXPAVCCmdUI@@@Z 00415ee0 f   Drawview.obj
 0001:00014f10       ?OnNoshowPProfile_P@CDrawView@@QAEXXZ 00415f10 f   Drawview.obj
 0001:00014f50       ?OnUpdateNoshowPProfile_P@CDrawView@@QAEXPAVCCmdUI@@@Z 00415f50 f   Drawview.obj
 0001:00014f80       ?OnNoshowPProfile_S@CDrawView@@QAEXXZ 00415f80 f   Drawview.obj
 0001:00014fc0       ?OnUpdateNoshowPProfile_S@CDrawView@@QAEXPAVCCmdUI@@@Z 00415fc0 f   Drawview.obj
 0001:00014ff0       ?OnNoshowVcBcp@CDrawView@@QAEXXZ 00415ff0 f   Drawview.obj
 0001:00015030       ?OnUpdateNoshowVcBcp@CDrawView@@QAEXPAVCCmdUI@@@Z 00416030 f   Drawview.obj
 0001:00015060       ?OnNoshowVcCvv@CDrawView@@QAEXXZ 00416060 f   Drawview.obj
 0001:000150a0       ?OnUpdateNoshowVcCvv@CDrawView@@QAEXPAVCCmdUI@@@Z 004160a0 f   Drawview.obj
 0001:000150d0       ?OnNoshowVcFcp@CDrawView@@QAEXXZ 004160d0 f   Drawview.obj
 0001:00015110       ?OnUpdateNoshowVcFcp@CDrawView@@QAEXPAVCCmdUI@@@Z 00416110 f   Drawview.obj
 0001:00015140       ?OnNoshowVcPlane@CDrawView@@QAEXXZ 00416140 f   Drawview.obj
 0001:00015180       ?OnUpdateNoshowVcPlane@CDrawView@@QAEXPAVCCmdUI@@@Z 00416180 f   Drawview.obj
 0001:000151b0       ?OnNoshowVcPrp@CDrawView@@QAEXXZ 004161b0 f   Drawview.obj
 0001:000151f0       ?OnUpdateNoshowVcPrp@CDrawView@@QAEXPAVCCmdUI@@@Z 004161f0 f   Drawview.obj
 0001:00015220       ?OnNoshowVcVcs@CDrawView@@QAEXXZ 00416220 f   Drawview.obj
 0001:00015260       ?OnUpdateNoshowVcVcs@CDrawView@@QAEXPAVCCmdUI@@@Z 00416260 f   Drawview.obj
 0001:00015290       ?OnNoshowVcVdir@CDrawView@@QAEXXZ 00416290 f   Drawview.obj
 0001:000152d0       ?OnUpdateNoshowVcVdir@CDrawView@@QAEXPAVCCmdUI@@@Z 004162d0 f   Drawview.obj
 0001:00015300       ?OnNoshowVcVpn@CDrawView@@QAEXXZ 00416300 f   Drawview.obj
 0001:00015340       ?OnUpdateNoshowVcVpn@CDrawView@@QAEXPAVCCmdUI@@@Z 00416340 f   Drawview.obj
 0001:00015370       ?OnNoshowVcVrp@CDrawView@@QAEXXZ 00416370 f   Drawview.obj
 0001:000153b0       ?OnUpdateNoshowVcVrp@CDrawView@@QAEXPAVCCmdUI@@@Z 004163b0 f   Drawview.obj
 0001:000153e0       ?OnNoshowVcVup@CDrawView@@QAEXXZ 004163e0 f   Drawview.obj
 0001:00015420       ?OnUpdateNoshowVcVup@CDrawView@@QAEXPAVCCmdUI@@@Z 00416420 f   Drawview.obj
 0001:00015450       ?OnNoshowVcVv@CDrawView@@QAEXXZ 00416450 f   Drawview.obj
 0001:00015490       ?OnUpdateNoshowVcVv@CDrawView@@QAEXPAVCCmdUI@@@Z 00416490 f   Drawview.obj
 0001:000154c0       ?OnNoshowVcWc@CDrawView@@QAEXXZ 004164c0 f   Drawview.obj
 0001:00015500       ?OnUpdateNoshowVcWc@CDrawView@@QAEXPAVCCmdUI@@@Z 00416500 f   Drawview.obj
 0001:00015530       ?OnNoshowVcWcs@CDrawView@@QAEXXZ 00416530 f   Drawview.obj
 0001:00015570       ?OnUpdateNoshowVcWcs@CDrawView@@QAEXPAVCCmdUI@@@Z 00416570 f   Drawview.obj
 0001:000155a0       ?SetSceneChangedOnNoShow@CDrawView@@UAEXXZ 004165a0 f   Drawview.obj
 0001:000155f0       ?OnModeDesign@CDrawView@@QAEXXZ 004165f0 f   Drawview.obj
 0001:00015620       ?OnUpdateModeDesign@CDrawView@@QAEXPAVCCmdUI@@@Z 00416620 f   Drawview.obj
 0001:00015650       ?OnModeInterpolate@CDrawView@@QAEXXZ 00416650 f   Drawview.obj
 0001:00015680       ?OnUpdateModeInterpolate@CDrawView@@QAEXPAVCCmdUI@@@Z 00416680 f   Drawview.obj
 0001:000156b0       ?GetList@CDrawView@@IAEPAVCDListMgr@@I@Z 004166b0 f   Drawview.obj
 0001:00015700       ?ShowCountBox@CDrawView@@IAEXPBDH@Z 00416700 f   Drawview.obj
 0001:000157f0       ?OnSummaryCurveDirty@CDrawView@@QAEXXZ 004167f0 f   Drawview.obj
 0001:00015880       ?OnSummaryCurvePosted@CDrawView@@QAEXXZ 00416880 f   Drawview.obj
 0001:00015910       ?OnSummaryElements@CDrawView@@QAEXXZ 00416910 f   Drawview.obj
 0001:00015930       ?OnSummaryNodeAlltypes@CDrawView@@QAEXXZ 00416930 f   Drawview.obj
 0001:000159b0       ?OnSummaryNodeControl@CDrawView@@QAEXXZ 004169b0 f   Drawview.obj
 0001:00015a40       ?OnSummaryNodeMesh@CDrawView@@QAEXXZ 00416a40 f   Drawview.obj
 0001:00015ad0       ?OnSummaryObject@CDrawView@@QAEXXZ 00416ad0 f   Drawview.obj
 0001:00015af0       ?OnSummaryPatchDirty@CDrawView@@QAEXXZ 00416af0 f   Drawview.obj
 0001:00015b80       ?OnSummaryPatchPosted@CDrawView@@QAEXXZ 00416b80 f   Drawview.obj
 0001:00015c10       ?OnSummarySolidDirty@CDrawView@@QAEXXZ 00416c10 f   Drawview.obj
 0001:00015ca0       ?OnSummarySolidPosted@CDrawView@@QAEXXZ 00416ca0 f   Drawview.obj
 0001:00015d30       ?OnNoshowLinearsupportRigid@CDrawView@@QAEXXZ 00416d30 f   Drawview.obj
 0001:00015d70       ?OnUpdateNoshowLinearsupportRigid@CDrawView@@QAEXPAVCCmdUI@@@Z 00416d70 f   Drawview.obj
 0001:00015da0       ?OnNoshowLinearsupportSnubber@CDrawView@@QAEXXZ 00416da0 f   Drawview.obj
 0001:00015de0       ?OnUpdateNoshowLinearsupportSnubber@CDrawView@@QAEXPAVCCmdUI@@@Z 00416de0 f   Drawview.obj
 0001:00015e10       ?OnNoshowLinearsupportSpring@CDrawView@@QAEXXZ 00416e10 f   Drawview.obj
 0001:00015e50       ?OnUpdateNoshowLinearsupportSpring@CDrawView@@QAEXPAVCCmdUI@@@Z 00416e50 f   Drawview.obj
 0001:00015e80       ?OnSummaryLinearsupportRigid@CDrawView@@QAEXXZ 00416e80 f   Drawview.obj
 0001:00015f00       ?OnSummaryLinearsupportSnubber@CDrawView@@QAEXXZ 00416f00 f   Drawview.obj
 0001:00015fc0       ?OnSummaryLinearsupportSpring@CDrawView@@QAEXXZ 00416fc0 f   Drawview.obj
 0001:00016080       ?OnNoshowStaticForce@CDrawView@@QAEXXZ 00417080 f   Drawview.obj
 0001:000160c0       ?OnUpdateNoshowStaticForce@CDrawView@@QAEXPAVCCmdUI@@@Z 004170c0 f   Drawview.obj
 0001:000160f0       ?OnNoshowStaticDisplace@CDrawView@@QAEXXZ 004170f0 f   Drawview.obj
 0001:00016130       ?OnUpdateNoshowStaticDisplace@CDrawView@@QAEXPAVCCmdUI@@@Z 00417130 f   Drawview.obj
 0001:00016160       ?OnNoshowStaticPressure@CDrawView@@QAEXXZ 00417160 f   Drawview.obj
 0001:000161a0       ?OnUpdateNoshowStaticPressure@CDrawView@@QAEXPAVCCmdUI@@@Z 004171a0 f   Drawview.obj
 0001:000161d0       ?OnNoshowStaticThermal@CDrawView@@QAEXXZ 004171d0 f   Drawview.obj
 0001:00016210       ?OnUpdateNoshowStaticThermal@CDrawView@@QAEXPAVCCmdUI@@@Z 00417210 f   Drawview.obj
 0001:00016240       ?OnNoshowStaticLumpWt@CDrawView@@QAEXXZ 00417240 f   Drawview.obj
 0001:00016280       ?OnUpdateNoshowStaticLumpWt@CDrawView@@QAEXPAVCCmdUI@@@Z 00417280 f   Drawview.obj
 0001:000162b0       ?OnSummaryStaticForce@CDrawView@@QAEXXZ 004172b0 f   Drawview.obj
 0001:00016400       ?OnSummaryStaticDisplace@CDrawView@@QAEXXZ 00417400 f   Drawview.obj
 0001:00016540       ?OnSummaryStaticPressure@CDrawView@@QAEXXZ 00417540 f   Drawview.obj
 0001:00016680       ?OnSummaryStaticThermal@CDrawView@@QAEXXZ 00417680 f   Drawview.obj
 0001:000167c0       ?OnSummaryStaticLumpWt@CDrawView@@QAEXXZ 004177c0 f   Drawview.obj
 0001:00016800       ?MouseMove@CDrawView@@IAEXIVCPoint@@@Z 00417800 f   Drawview.obj
 0001:000169f0       ?LButtonDown@CDrawView@@IAEXIVCPoint@@@Z 004179f0 f   Drawview.obj
 0001:00016ba0       ?LButtonUp@CDrawView@@IAEXIVCPoint@@@Z 00417ba0 f   Drawview.obj
 0001:00016d50       ?RButtonDown@CDrawView@@IAEXIVCPoint@@@Z 00417d50 f   Drawview.obj
 0001:00016f00       ?RButtonUp@CDrawView@@IAEXIVCPoint@@@Z 00417f00 f   Drawview.obj
 0001:000170b0       ?OnViewModeGenerator@CDrawView@@QAEXXZ 004180b0 f   Drawview.obj
 0001:00017170       ?SetCurrentModeID@CDrGrafFrame@@QAEXW4ALLMODES@@@Z 00418170 f i Drawview.obj
 0001:000171a0       ?OnUpdateViewModeGenerator@CDrawView@@QAEXPAVCCmdUI@@@Z 004181a0 f   Drawview.obj
 0001:000171d0       ?OnViewModeMesh@CDrawView@@QAEXXZ 004181d0 f   Drawview.obj
 0001:00017290       ?OnUpdateViewModeMesh@CDrawView@@QAEXPAVCCmdUI@@@Z 00418290 f   Drawview.obj
 0001:000172c0       ?OnNoshowlabelsDCurve@CDrawView@@QAEXXZ 004182c0 f   Drawview.obj
 0001:000172f0       ?OnUpdateNoshowlabelsDCurve@CDrawView@@QAEXPAVCCmdUI@@@Z 004182f0 f   Drawview.obj
 0001:00017320       ?OnNoshowlabelsDObject@CDrawView@@QAEXXZ 00418320 f   Drawview.obj
 0001:00017350       ?OnUpdateNoshowlabelsDObject@CDrawView@@QAEXPAVCCmdUI@@@Z 00418350 f   Drawview.obj
 0001:00017380       ?OnNoshowlabelsDPatch@CDrawView@@QAEXXZ 00418380 f   Drawview.obj
 0001:000173b0       ?OnUpdateNoshowlabelsDPatch@CDrawView@@QAEXPAVCCmdUI@@@Z 004183b0 f   Drawview.obj
 0001:000173e0       ?OnNoshowlabelsDProfileS@CDrawView@@QAEXXZ 004183e0 f   Drawview.obj
 0001:00017410       ?OnUpdateNoshowlabelsDProfileS@CDrawView@@QAEXPAVCCmdUI@@@Z 00418410 f   Drawview.obj
 0001:00017440       ?OnNoshowlabelsDSolid@CDrawView@@QAEXXZ 00418440 f   Drawview.obj
 0001:00017470       ?OnUpdateNoshowlabelsDSolid@CDrawView@@QAEXPAVCCmdUI@@@Z 00418470 f   Drawview.obj
 0001:000174a0       ?OnNoshowlabelsLinearsupportRigid@CDrawView@@QAEXXZ 004184a0 f   Drawview.obj
 0001:000174d0       ?OnUpdateNoshowlabelsLinearsupportRigid@CDrawView@@QAEXPAVCCmdUI@@@Z 004184d0 f   Drawview.obj
 0001:00017500       ?OnNoshowlabelsLinearsupportSpring@CDrawView@@QAEXXZ 00418500 f   Drawview.obj
 0001:00017530       ?OnUpdateNoshowlabelsLinearsupportSpring@CDrawView@@QAEXPAVCCmdUI@@@Z 00418530 f   Drawview.obj
 0001:00017560       ?OnNoshowlabelsPCurve@CDrawView@@QAEXXZ 00418560 f   Drawview.obj
 0001:00017590       ?OnUpdateNoshowlabelsPCurve@CDrawView@@QAEXPAVCCmdUI@@@Z 00418590 f   Drawview.obj
 0001:000175c0       ?OnNoshowlabelsPObject@CDrawView@@QAEXXZ 004185c0 f   Drawview.obj
 0001:000175f0       ?OnUpdateNoshowlabelsPObject@CDrawView@@QAEXPAVCCmdUI@@@Z 004185f0 f   Drawview.obj
 0001:00017620       ?OnNoshowlabelsPPatch@CDrawView@@QAEXXZ 00418620 f   Drawview.obj
 0001:00017650       ?OnUpdateNoshowlabelsPPatch@CDrawView@@QAEXPAVCCmdUI@@@Z 00418650 f   Drawview.obj
 0001:00017680       ?OnNoshowlabelsPSolid@CDrawView@@QAEXXZ 00418680 f   Drawview.obj
 0001:000176b0       ?OnUpdateNoshowlabelsPSolid@CDrawView@@QAEXPAVCCmdUI@@@Z 004186b0 f   Drawview.obj
 0001:000176e0       ?OnNoshowlabelsStaticDisplace@CDrawView@@QAEXXZ 004186e0 f   Drawview.obj
 0001:00017710       ?OnUpdateNoshowlabelsStaticDisplace@CDrawView@@QAEXPAVCCmdUI@@@Z 00418710 f   Drawview.obj
 0001:00017740       ?OnNoshowlabelsStaticForce@CDrawView@@QAEXXZ 00418740 f   Drawview.obj
 0001:00017770       ?OnUpdateNoshowlabelsStaticForce@CDrawView@@QAEXPAVCCmdUI@@@Z 00418770 f   Drawview.obj
 0001:000177a0       ?OnNoshowlabelsStaticGravity@CDrawView@@QAEXXZ 004187a0 f   Drawview.obj
 0001:000177d0       ?OnUpdateNoshowlabelsStaticGravity@CDrawView@@QAEXPAVCCmdUI@@@Z 004187d0 f   Drawview.obj
 0001:00017800       ?OnNoshowlabelsStaticLumpwt@CDrawView@@QAEXXZ 00418800 f   Drawview.obj
 0001:00017830       ?OnUpdateNoshowlabelsStaticLumpwt@CDrawView@@QAEXPAVCCmdUI@@@Z 00418830 f   Drawview.obj
 0001:00017860       ?OnNoshowlabelsStaticThermal@CDrawView@@QAEXXZ 00418860 f   Drawview.obj
 0001:00017890       ?OnUpdateNoshowlabelsStaticThermal@CDrawView@@QAEXPAVCCmdUI@@@Z 00418890 f   Drawview.obj
 0001:000178c0       ?CreateObject@CDrGrafChildFrame@@SGPAVCObject@@XZ 004188c0 f   Drgracfm.obj
 0001:00017930       ?_GetBaseClass@CDrGrafChildFrame@@KGPAUCRuntimeClass@@XZ 00418930 f   Drgracfm.obj
 0001:00017950       ?GetRuntimeClass@CDrGrafChildFrame@@UBEPAUCRuntimeClass@@XZ 00418950 f   Drgracfm.obj
 0001:00017970       ?ActivateFrame@CDrGrafChildFrame@@MAEXH@Z 00418970 f   Drgracfm.obj
 0001:000179a0       ?Initialize@CDrGrafChildFrame@@SAXXZ 004189a0 f   Drgracfm.obj
 0001:000179e0       ?Terminate@CDrGrafChildFrame@@SAXXZ 004189e0 f   Drgracfm.obj
 0001:00017a30       ??0CDrGrafChildFrame@@IAE@XZ 00418a30 f   Drgracfm.obj
 0001:00017a60       ??_ECDrGrafChildFrame@@MAEPAXI@Z 00418a60 f i Drgracfm.obj
 0001:00017a60       ??_GCDrGrafChildFrame@@MAEPAXI@Z 00418a60 f i Drgracfm.obj
 0001:00017aa0       ??1CDrGrafChildFrame@@MAE@XZ 00418aa0 f   Drgracfm.obj
 0001:00017ad0       ??1CMDIChildWnd@@UAE@XZ    00418ad0 f i Drgracfm.obj
 0001:00017af0       ?PreCreateWindow@CDrGrafChildFrame@@UAEHAAUtagCREATESTRUCTA@@@Z 00418af0 f   Drgracfm.obj
 0001:00017c70       ?GetSBarTop@CDrGrafFrame@@QAEPAVCTopStatusBar@@XZ 00418c70 f i Drgracfm.obj
 0001:00017c90       ?GetSBarBot@CDrGrafFrame@@QAEPAVCBotStatusBar@@XZ 00418c90 f i Drgracfm.obj
 0001:00017cb0       ?_GetBaseMessageMap@CDrGrafChildFrame@@KGPBUAFX_MSGMAP@@XZ 00418cb0 f   Drgracfm.obj
 0001:00017cd0       ?GetMessageMap@CDrGrafChildFrame@@MBEPBUAFX_MSGMAP@@XZ 00418cd0 f   Drgracfm.obj
 0001:00017cf0       ?OnCommandHelp@CDrGrafChildFrame@@QAEJIJ@Z 00418cf0 f   Drgracfm.obj
 0001:00017dc0       ?GetOpMode@CDrGrafFrame@@QAE?AW4OPMODE@@XZ 00418dc0 f i Drgracfm.obj
 0001:00017de0       ?OnSize@CDrGrafChildFrame@@QAEXIHH@Z 00418de0 f   Drgracfm.obj
 0001:00017e50       ?OnMDIActivate@CDrGrafChildFrame@@QAEXHPAVCWnd@@0@Z 00418e50 f   Drgracfm.obj
 0001:00017e90       ?OnCreate@CDrGrafChildFrame@@QAEHPAUtagCREATESTRUCTA@@@Z 00418e90 f   Drgracfm.obj
 0001:00017ed0       ?OnContextHelp@CDrGrafChildFrame@@QAEXXZ 00418ed0 f   Drgracfm.obj
 0001:00017f00       ?OnUpdateContextHelp@CDrGrafChildFrame@@QAEXPAVCCmdUI@@@Z 00418f00 f   Drgracfm.obj
 0001:00017f20       ?CreateObject@CDrGrafDoc@@SGPAVCObject@@XZ 00418f20 f   Drgradoc.obj
 0001:00017f90       ?_GetBaseClass@CDrGrafDoc@@KGPAUCRuntimeClass@@XZ 00418f90 f   Drgradoc.obj
 0001:00017fb0       ?GetRuntimeClass@CDrGrafDoc@@UBEPAUCRuntimeClass@@XZ 00418fb0 f   Drgradoc.obj
 0001:00017fd0       ?_GetBaseMessageMap@CDrGrafDoc@@KGPBUAFX_MSGMAP@@XZ 00418fd0 f   Drgradoc.obj
 0001:00017ff0       ?GetMessageMap@CDrGrafDoc@@MBEPBUAFX_MSGMAP@@XZ 00418ff0 f   Drgradoc.obj
 0001:00018010       ?_GetBaseDispatchMap@CDrGrafDoc@@KGPBUAFX_DISPMAP@@XZ 00419010 f   Drgradoc.obj
 0001:00018030       ?GetDispatchMap@CDrGrafDoc@@MBEPBUAFX_DISPMAP@@XZ 00419030 f   Drgradoc.obj
 0001:00018050       ?_GetBaseInterfaceMap@CDrGrafDoc@@KGPBUAFX_INTERFACEMAP@@XZ 00419050 f   Drgradoc.obj
 0001:00018070       ?GetInterfaceMap@CDrGrafDoc@@MBEPBUAFX_INTERFACEMAP@@XZ 00419070 f   Drgradoc.obj
 0001:00018090       ??0CDrGrafDoc@@IAE@XZ      00419090 f   Drgradoc.obj
 0001:00018150       ??_ECDrGrafDoc@@UAEPAXI@Z  00419150 f i Drgradoc.obj
 0001:00018150       ??_GCDrGrafDoc@@UAEPAXI@Z  00419150 f i Drgradoc.obj
 0001:00018190       ??1CDrGrafDoc@@UAE@XZ      00419190 f   Drgradoc.obj
 0001:00018240       ?OnNewDocument@CDrGrafDoc@@UAEHXZ 00419240 f   Drgradoc.obj
 0001:00018290       ?OnOpenDocument@CDrGrafDoc@@UAEHPBD@Z 00419290 f   Drgradoc.obj
 0001:000182d0       ?OnCloseDocument@CDrGrafDoc@@UAEXXZ 004192d0 f   Drgradoc.obj
 0001:00018370       ?GetStatusBar@CDrGrafFrame@@QAEPAVCStatusBar@@XZ 00419370 f i Drgradoc.obj
 0001:00018390       ?GetDefaultMenu@CDrGrafDoc@@UAEPAUHMENU__@@XZ 00419390 f   Drgradoc.obj
 0001:000183b0       ?ReadDefaults@CDrGrafDoc@@IAEXXZ 004193b0 f   Drgradoc.obj
 0001:000183d0       ?Init@CDrGrafDoc@@IAEXXZ   004193d0 f   Drgradoc.obj
 0001:00018450       ?GetMsObjMgr@CDrGrafDoc@@QAEPAVCMsObjMgr@@XZ 00419450 f i Drgradoc.obj
 0001:00018470       ?OnGetEmbeddedItem@CDrGrafDoc@@MAEPAVCOleServerItem@@XZ 00419470 f   Drgradoc.obj
 0001:00018500       ?AssertValid@CDrGrafDoc@@UBEXXZ 00419500 f   Drgradoc.obj
 0001:00018520       ?Dump@CDrGrafDoc@@UBEXAAVCDumpContext@@@Z 00419520 f   Drgradoc.obj
 0001:00018550       ?OnEditClearAll@CDrGrafDoc@@IAEXXZ 00419550 f   Drgradoc.obj
 0001:00018610       ?OnUpdateEditClearAll@CDrGrafDoc@@IAEXPAVCCmdUI@@@Z 00419610 f   Drgradoc.obj
 0001:00018650       ?DeleteContents@CDrGrafDoc@@MAEXXZ 00419650 f   Drgradoc.obj
 0001:00018820       ?OnSpecLayer@CDrGrafDoc@@IAEXXZ 00419820 f   Drgradoc.obj
 0001:00018850       ?OnSpecObj3d@CDrGrafDoc@@IAEXXZ 00419850 f   Drgradoc.obj
 0001:00018870       ?OnUpdateSpecObj3d@CDrGrafDoc@@IAEXPAVCCmdUI@@@Z 00419870 f   Drgradoc.obj
 0001:00018890       ?OnSpecPatch@CDrGrafDoc@@IAEXXZ 00419890 f   Drgradoc.obj
 0001:000188b0       ?OnUpdateSpecPatch@CDrGrafDoc@@IAEXPAVCCmdUI@@@Z 004198b0 f   Drgradoc.obj
 0001:000188d0       ?OnMeshOff@CDrGrafDoc@@IAEXXZ 004198d0 f   Drgradoc.obj
 0001:00018920       ?OnUpdateMeshOff@CDrGrafDoc@@IAEXPAVCCmdUI@@@Z 00419920 f   Drgradoc.obj
 0001:00018960       ?OnMeshLinr@CDrGrafDoc@@IAEXXZ 00419960 f   Drgradoc.obj
 0001:000189b0       ?OnUpdateMeshLinr@CDrGrafDoc@@IAEXPAVCCmdUI@@@Z 004199b0 f   Drgradoc.obj
 0001:00018a00       ?OnMeshQuad@CDrGrafDoc@@IAEXXZ 00419a00 f   Drgradoc.obj
 0001:00018a50       ?OnUpdateMeshQuad@CDrGrafDoc@@IAEXPAVCCmdUI@@@Z 00419a50 f   Drgradoc.obj
 0001:00018aa0       ?OnMeshHerm@CDrGrafDoc@@IAEXXZ 00419aa0 f   Drgradoc.obj
 0001:00018af0       ?OnUpdateMeshHerm@CDrGrafDoc@@IAEXPAVCCmdUI@@@Z 00419af0 f   Drgradoc.obj
[...]
 0003:00000418       ??_R0?AVCDVM_Edit@@@8      00456418     AxDrawVu.obj
 0003:00000430       ??_R0?AVCDVM_Del@@@8       00456430     AxDrawVu.obj
 0003:00000448       ?__LINE__Var@?1??ShowCountBox@CAxDrawVu@@IAEXPBDH@Z@4FA 00456448     AxDrawVu.obj
 0003:00000470       ?classCBanner@CBanner@@2UCRuntimeClass@@A 00456470     Banner.obj
 0003:00000488       ??_R0?AVCBanner@@@8        00456488     Banner.obj
 0003:000004a0       ?__LINE__Var@?1??LoadImageDIB@CBanner@@AAEXPAVCDC@@H@Z@4FA 004564a0     Banner.obj
 0003:000004a8       ??_R0PAVCFileException@@@8 004564a8     Banner.obj
 0003:000004c8       ?__LINE__Var@?1??LoadImageDIBfromFile@CBanner@@AAEHPAVCMDIB@@PAD@Z@4FA 004564c8     Banner.obj
 0003:000004cc       ?__LINE__Var@?1??Init@CBanner@@QAEXH@Z@4FA 004564cc     Banner.obj
 0003:000004d0       ??_R0?AVCMDIB@@@8          004564d0     Banner.obj
 0003:00000528       ??_R0?AVCClock@@@8         00456528     Clock.obj
 0003:00000570       ?classCDrGrafCntrItem@CDrGrafCntrItem@@2UCRuntimeClass@@A 00456570     Cntritem.obj
 0003:00000588       ??_R0?AVCDocItem@@@8       00456588     Cntritem.obj
 0003:000005a0       ??_R0?AVCOleClientItem@@@8 004565a0     Cntritem.obj
 0003:000005c0       ??_R0?AVCDrGrafCntrItem@@@8 004565c0     Cntritem.obj
 0003:000005e0       ?__LINE__Var@?1??OnChange@CDrGrafCntrItem@@UAEXW4OLE_NOTIFICATION@@K@Z@4FA 004565e0     Cntritem.obj
 0003:000005e4       ?__LINE__Var@?1??OnChangeItemPosition@CDrGrafCntrItem@@MAEHABVCRect@@@Z@4FA 004565e4     Cntritem.obj
 0003:000005e8       ?__LINE__Var@?1??OnGetItemPosition@CDrGrafCntrItem@@MAEXAAVCRect@@@Z@4FA 004565e8     Cntritem.obj
 0003:000005ec       ?__LINE__Var@?1??OnActivate@CDrGrafCntrItem@@UAEXXZ@4FA 004565ec     Cntritem.obj
 0003:000005f0       ?__LINE__Var@?1??Serialize@CDrGrafCntrItem@@UAEXAAVCArchive@@@Z@4FA 004565f0     Cntritem.obj
 0003:000005f4       ?__LINE__Var@?1??CanActivate@CDrGrafCntrItem@@MAEHXZ@4FA 004565f4     Cntritem.obj
 0003:00000628       ??_R0?AVCDataView@@@8      00456628     Dataview.obj
 0003:00000670       ??_R0?AVCDeckView@@@8      00456670     DeckView.obj
 0003:00000688       ?__LINE__Var@?1??GetDocument@CDeckView@@QAEPAVCDrGrafDoc@@XZ@4FA 00456688     DeckView.obj
 0003:000006b0       ??_R0?AVCDlg_CTim@@@8      004566b0     Dlg_CTim.obj
 0003:000006f0       ??_R0?AVCDlg_NoELem@@@8    004566f0     Dlg_NoEL.obj
 0003:00000730       ??_R0?AVCDlg_NoLabELem@@@8 00456730     Dlg_NoLE.obj
 0003:00000778       ??_R0?AVCDlg_Shrink@@@8    00456778     Dlg_Shrink.obj
 0003:000007c8       ??_R0?AVCViewInfo@@@8      004567c8     Drawview.obj
 0003:000007e0       ?__LINE__Var@?1???0CDrawView@@IAE@XZ@4FA 004567e0     Drawview.obj
 0003:000007e8       ??_R0?AVCDVM_CreO@@@8      004567e8     Drawview.obj
 0003:00000800       ??_R0?AVCDVM_Post@@@8      00456800     Drawview.obj
 0003:00000818       ??_R0?AVCDVM_CreM@@@8      00456818     Drawview.obj
 0003:00000830       ??_R0?AVCDVM_Mdit@@@8      00456830     Drawview.obj
 0003:00000848       ?__LINE__Var@?1??ShowCurrentOptions@CDrawView@@IAEXPAVCDC@@@Z@4FA 00456848     Drawview.obj
 0003:0000084c       ?__LINE__Var@?1??ShowCountBox@CDrawView@@IAEXPBDH@Z@4FA 0045684c     Drawview.obj
 0003:00000880       ?m_nDefCmdShow@CDrGrafChildFrame@@2HA 00456880     Drgracfm.obj
 0003:00000884       ?m_nDefCmdShowOld@CDrGrafChildFrame@@2HA 00456884     Drgracfm.obj
 0003:000008a0       ??_R0?AVCFrameWnd@@@8      004568a0     Drgracfm.obj
 0003:000008b8       ??_R0?AVCMDIChildWnd@@@8   004568b8     Drgracfm.obj
 0003:000008d8       ??_R0?AVCDrGrafChildFrame@@@8 004568d8     Drgracfm.obj
 0003:00000928       ?_dispatchEntryCount@CDrGrafDoc@@0IA 00456928     Drgradoc.obj
 0003:0000092c       ?_dwStockPropMask@CDrGrafDoc@@0KA 0045692c     Drgradoc.obj
 0003:00000930       ??_R0?AVCDocument@@@8      00456930     Drgradoc.obj
 0003:00000948       ??_R0?AVCOleDocument@@@8   00456948     Drgradoc.obj
 0003:00000968       ??_R0?AVCOleLinkingDoc@@@8 00456968     Drgradoc.obj
 0003:00000988       ??_R0?AVCOleServerDoc@@@8  00456988     Drgradoc.obj
 0003:000009a8       ??_R0?AVCDrGrafDoc@@@8     004569a8     Drgradoc.obj
 0003:000009c4       ?__LINE__Var@?1??OnGetEmbeddedItem@CDrGrafDoc@@MAEPAVCOleServerItem@@XZ@4FA 004569c4     Drgradoc.obj
 0003:000009d8       ?DbTypes@@3PAUdbtypes@@A   004569d8     Drgraf.obj
 0003:00000ae8       ?nMax_DBoxTypes@@3HA       00456ae8     Drgraf.obj
 0003:00000af0       ?ElTypes@@3PAUeltypes@@A   00456af0     Drgraf.obj
 0003:00000e20       ?nMax_ElemTypes@@3HA       00456e20     Drgraf.obj
 0003:00000e28       ?CuTypes@@3PAUcutypes@@A   00456e28     Drgraf.obj
 0003:00000fa4       ?nMax_CurveTypes@@3HA      00456fa4     Drgraf.obj
 0003:00000fa8       ?PaTypes@@3PAUpatypes@@A   00456fa8     Drgraf.obj
 0003:00001110       ?nMax_PatchTypes@@3HA      00457110     Drgraf.obj
 0003:00001118       ?SoTypes@@3PAUsotypes@@A   00457118     Drgraf.obj
 0003:00001280       ?nMax_SolidTypes@@3HA      00457280     Drgraf.obj
 0003:00001288       ?SuTypes@@3PAUsutypes@@A   00457288     Drgraf.obj
 0003:00001540       ?nMax_SuppTypes@@3HA       00457540     Drgraf.obj
 0003:00001548       ?StaLTypes@@3PAUstaLtypes@@A 00457548     Drgraf.obj
 0003:000015b4       ?nMax_StaLTypes@@3HA       004575b4     Drgraf.obj
 0003:00001600       ??_R0?AVCWinThread@@@8     00457600     Drgraf.obj
 0003:00001620       ??_R0?AVCWinApp@@@8        00457620     Drgraf.obj
 0003:00001638       ??_R0?AVCDrGrafApp@@@8     00457638     Drgraf.obj
 0003:00001658       ??_R0?AVCSplashWnd@@@8     00457658     Drgraf.obj
 0003:00001674       ?__LINE__Var@?1??SetDocument@CDrGrafApp@@QAEXXZ@4FA 00457674     Drgraf.obj
 0003:00001738       ??_R0?AVCMDIFrameWnd@@@8   00457738     Drgrafrm.obj
 0003:00001758       ??_R0?AVCDrGrafFrame@@@8   00457758     Drgrafrm.obj
 0003:00001778       ??_R0?AVCControlBar@@@8    00457778     Drgrafrm.obj
 0003:00001798       ??_R0?AVCStatusBar@@@8     00457798     Drgrafrm.obj
 0003:000017b8       ??_R0?AVCTopStatusBar@@@8  004577b8     Drgrafrm.obj
 0003:000017d8       ??_R0?AVCBotStatusBar@@@8  004577d8     Drgrafrm.obj
 0003:000017f4       ?__LINE__Var@?1??CreateOrActivateFrame@CDrGrafFrame@@QAEXPAVCDocTemplate@@PAUCRuntimeClass@@@Z@4FA 004577f4     Drgrafrm.obj
 0003:000017f8       ?__LINE__Var@?1??CloseView@CDrGrafFrame@@QAEXPAUCRuntimeClass@@@Z@4FA 004577f8     Drgrafrm.obj
 0003:000017fc       ?__LINE__Var@?1??GetViewPointer@CDrGrafFrame@@QAEPAVCView@@PAUCRuntimeClass@@@Z@4FA 004577fc     Drgrafrm.obj
 0003:00001800       ?__LINE__Var@?1??OnWindowNew3dView@CDrGrafFrame@@IAEXXZ@4FA 00457800     Drgrafrm.obj
 0003:00001830       ??_R0?AVCDrSplitFrm@@@8    00457830     DrSplit.obj
 0003:00001850       ??_R0?AVCSplitterWnd@@@8   00457850     DrSplit.obj
 0003:00001870       ??_R0?AVCDrSplitWnd@@@8    00457870     DrSplit.obj
 0003:0000188c       ?__LINE__Var@?1??GetActivePane@CDrSplitWnd@@UAEPAVCWnd@@PAH0@Z@4FA 0045788c     DrSplit.obj
 0003:00001a58       ??_R0?AVCHsDataVu@@@8      00457a58     HsDataVu.obj
 0003:00001aa0       ??_R0?AVCHsDrawVu@@@8      00457aa0     HsDrawVu.obj
 0003:00001ab8       ?__LINE__Var@?1??OnDraw@CHsDrawVu@@UAEXPAVCDC@@@Z@4FA 00457ab8     HsDrawVu.obj
 0003:00001abc       ?__LINE__Var@?1??OnInsertObject@CHsDrawVu@@IAEXXZ@4FA 00457abc     HsDrawVu.obj
 0003:00001ac0       ?__LINE__Var@?1??OnCancelEditCntr@CHsDrawVu@@IAEXXZ@4FA 00457ac0     HsDrawVu.obj
 0003:00001ac4       ?__LINE__Var@?1??GetDocument@CHsDrawVu@@QAEPAVCDrGrafDoc@@XZ@4FA 00457ac4     HsDrawVu.obj
 0003:00001af8       ??_R0?AVCMsDataVu@@@8      00457af8     MsDataVu.obj
 0003:00001b10       ?__LINE__Var@?1???0GLOBAL_DATA@@QAE@XZ@4FA 00457b10     Oldglob.obj
 0003:00001b14       ?__LINE__Var@?1??UpdateSysColors@GLOBAL_DATA@@QAEXXZ@4FA 00457b14     Oldglob.obj
 0003:00001b18       ?__LINE__Var@?1??UpdateSysMetrics@GLOBAL_DATA@@QAEXXZ@4FA 00457b18     Oldglob.obj
 0003:00001b40       ??_R0?AVCOldStatusBar@@@8  00457b40     Oldstat.obj
 0003:00001b5c       ?__LINE__Var@?1???1COldStatusBar@@UAE@XZ@4FA 00457b5c     Oldstat.obj
 0003:00001b60       ?__LINE__Var@?1??Create@COldStatusBar@@QAEHPAVCWnd@@KI@Z@4FA 00457b60     Oldstat.obj
 0003:00001b64       ?__LINE__Var@?1??SetIndicators@COldStatusBar@@QAEHPBIH@Z@4FA 00457b64     Oldstat.obj
 0003:00001b68       ?__LINE__Var@?1??_GetPanePtr@COldStatusBar@@IBEPAUAFX_STATUSPANE@@H@Z@4FA 00457b68     Oldstat.obj
 0003:00001b6c       ?__LINE__Var@?1??CommandToIndex@COldStatusBar@@QBEHI@Z@4FA 00457b6c     Oldstat.obj
 0003:00001b70       ?__LINE__Var@?1??GetItemID@COldStatusBar@@QBEIH@Z@4FA 00457b70     Oldstat.obj
 0003:00001b74       ?__LINE__Var@?1??GetItemRect@COldStatusBar@@QBEXHPAUtagRECT@@@Z@4FA 00457b74     Oldstat.obj
 0003:00001b78       ?__LINE__Var@?1??GetPaneInfo@COldStatusBar@@QBEXHAAI0AAH@Z@4FA 00457b78     Oldstat.obj
 0003:00001b7c       ?__LINE__Var@?1??SetPaneInfo@COldStatusBar@@QAEXHIIH@Z@4FA 00457b7c     Oldstat.obj
 0003:00001b80       ?__LINE__Var@?1??GetPaneText@COldStatusBar@@QBEXHAAVCString@@@Z@4FA 00457b80     Oldstat.obj
 0003:00001b84       ?__LINE__Var@?1??SetPaneText@COldStatusBar@@QAEHHPBDH@Z@4FA 00457b84     Oldstat.obj
 0003:00001b88       ?__LINE__Var@?1??CalcFixedLayout@COldStatusBar@@UAE?AVCSize@@HH@Z@4FA 00457b88     Oldstat.obj
 0003:00001b8c       ?__LINE__Var@?1??DoPaint@COldStatusBar@@MAEXPAVCDC@@@Z@4FA 00457b8c     Oldstat.obj
 0003:00001b90       ?__LINE__Var@?1??DrawStatusText@COldStatusBar@@IAEXPAVCDC@@ABVCRect@@PBDI@Z@4FA 00457b90     Oldstat.obj
 0003:00001b94       ?__LINE__Var@?1??OnSetFont@COldStatusBar@@IAEJIJ@Z@4FA 00457b94     Oldstat.obj
 0003:00001b98       ?__LINE__Var@?1??Enable@COldStatusCmdUI@@UAEXH@Z@4FA 00457b98     Oldstat.obj
 0003:00001b9c       ?__LINE__Var@?1??SetCheck@COldStatusCmdUI@@UAEXH@Z@4FA 00457b9c     Oldstat.obj
 0003:00001ba0       ?__LINE__Var@?1??SetText@COldStatusCmdUI@@UAEXPBD@Z@4FA 00457ba0     Oldstat.obj
 0003:00001ba8       ??_R0?AVCCmdUI@@@8         00457ba8     Oldstat.obj
 0003:00001bc0       ??_R0?AVCOldStatusCmdUI@@@8 00457bc0     Oldstat.obj
 0003:00001c00       ?__LINE__Var@?1??DrawButton@COldToolBar@@IAEHPAVCDC@@HHHI@Z@4FA 00457c00     OldTool.obj
 0003:00001c04       ?__LINE__Var@?1??PrepareDrawButton@COldToolBar@@IAEHAAUDrawState@2@@Z@4FA 00457c04     OldTool.obj
 0003:00001c08       ??_R0?AVCOldToolBar@@@8    00457c08     OldTool.obj
 0003:00001c24       ?__LINE__Var@?1???0COldToolBar@@QAE@XZ@4FA 00457c24     OldTool.obj
 0003:00001c28       ?__LINE__Var@?1??Create@COldToolBar@@QAEHPAVCWnd@@KI@Z@4FA 00457c28     OldTool.obj
 0003:00001c2c       ?__LINE__Var@?1??SetSizes@COldToolBar@@QAEXUtagSIZE@@0@Z@4FA 00457c2c     OldTool.obj
 0003:00001c30       ?__LINE__Var@?1??SetHeight@COldToolBar@@QAEXH@Z@4FA 00457c30     OldTool.obj
 0003:00001c34       ?__LINE__Var@?1??LoadBitmapA@COldToolBar@@QAEHPBD@Z@4FA 00457c34     OldTool.obj
 0003:00001c38       ?__LINE__Var@?1??SetButtons@COldToolBar@@QAEHPBIH@Z@4FA 00457c38     OldTool.obj
 0003:00001c3c       ?__LINE__Var@?1??CommandToIndex@COldToolBar@@QBEHI@Z@4FA 00457c3c     OldTool.obj
 0003:00001c40       ?__LINE__Var@?1??_GetButtonPtr@COldToolBar@@IBEPAUAFX_TBBUTTON@@H@Z@4FA 00457c40     OldTool.obj
 0003:00001c44       ?__LINE__Var@?1??GetItemID@COldToolBar@@QBEIH@Z@4FA 00457c44     OldTool.obj
 0003:00001c48       ?__LINE__Var@?1??GetItemRect@COldToolBar@@UBEXHPAUtagRECT@@@Z@4FA 00457c48     OldTool.obj
 0003:00001c4c       ?__LINE__Var@?1??CalcFixedLayout@COldToolBar@@UAE?AVCSize@@HH@Z@4FA 00457c4c     OldTool.obj
 0003:00001c50       ?__LINE__Var@?1??GetButtonInfo@COldToolBar@@QBEXHAAI0AAH@Z@4FA 00457c50     OldTool.obj
 0003:00001c54       ?__LINE__Var@?1??SetButtonInfo@COldToolBar@@QAEXHIIH@Z@4FA 00457c54     OldTool.obj
 0003:00001c58       ?__LINE__Var@?1??DoPaint@COldToolBar@@MAEXPAVCDC@@@Z@4FA 00457c58     OldTool.obj
 0003:00001c5c       ?__LINE__Var@?1??InvalidateButton@COldToolBar@@IAEXH@Z@4FA 00457c5c     OldTool.obj
 0003:00001c60       ?__LINE__Var@?1??OnToolHitTest@COldToolBar@@MBEHVCPoint@@PAUtagTOOLINFOA@@@Z@4FA 00457c60     OldTool.obj
 0003:00001c64       ?__LINE__Var@?1??HitTest@COldToolBar@@MAEHVCPoint@@@Z@4FA 00457c64     OldTool.obj
 0003:00001c68       ?__LINE__Var@?1??OnLButtonDown@COldToolBar@@IAEXIVCPoint@@@Z@4FA 00457c68     OldTool.obj
 0003:00001c6c       ?__LINE__Var@?1??OnMouseMove@COldToolBar@@IAEXIVCPoint@@@Z@4FA 00457c6c     OldTool.obj
 0003:00001c70       ?__LINE__Var@?1??OnLButtonUp@COldToolBar@@IAEXIVCPoint@@@Z@4FA 00457c70     OldTool.obj
 0003:00001c74       ?__LINE__Var@?1??OnCancelMode@COldToolBar@@IAEXXZ@4FA 00457c74     OldTool.obj
 0003:00001c78       ?__LINE__Var@?1??Enable@COldToolCmdUI@@UAEXH@Z@4FA 00457c78     OldTool.obj
 0003:00001c7c       ?__LINE__Var@?1??SetCheck@COldToolCmdUI@@UAEXH@Z@4FA 00457c7c     OldTool.obj
 0003:00001c80       ??_R0?AVCOldToolCmdUI@@@8  00457c80     OldTool.obj
 0003:00001cc8       ??_R0?AVCProbElemDim@@@8   00457cc8     ProbElemDim.obj
 0003:00001d40       ??_R0?AVCSpDataVu@@@8      00457d40     SpDataVu.obj
 0003:00001d88       ??_R0?AVCSpDrawVu@@@8      00457d88     SpDrawVu.obj
 0003:00001da0       ?__LINE__Var@?1??OnDraw@CSpDrawVu@@UAEXPAVCDC@@@Z@4FA 00457da0     SpDrawVu.obj
 0003:00001da4       ?__LINE__Var@?1??OnInsertObject@CSpDrawVu@@IAEXXZ@4FA 00457da4     SpDrawVu.obj
 0003:00001da8       ?__LINE__Var@?1??OnCancelEditCntr@CSpDrawVu@@IAEXXZ@4FA 00457da8     SpDrawVu.obj
 0003:00001dac       ?__LINE__Var@?1??GetDocument@CSpDrawVu@@QAEPAVCDrGrafDoc@@XZ@4FA 00457dac     SpDrawVu.obj
 0003:00001dd0       ??_R0?AVCSplashCom@@@8     00457dd0     Splash.obj
 0003:00001dec       ?__LINE__Var@?1???1CSplashCom@@UAE@XZ@4FA 00457dec     Splash.obj
 0003:00001df0       ?__LINE__Var@?1??ShowSplashScreen@CSplashCom@@SAXPAVCWnd@@@Z@4FA@f87fe778 00457df0     Splash.obj
 0003:00001e28       ??_R0?AVCOleServerItem@@@8 00457e28     SrvrItem.obj
 0003:00001e48       ??_R0?AVCDrGrafSrvrItem@@@8 00457e48     SrvrItem.obj
 0003:00001e68       ?__LINE__Var@?1??Serialize@CDrGrafSrvrItem@@MAEXAAVCArchive@@@Z@4FA 00457e68     SrvrItem.obj
 0003:00001e6c       ?__LINE__Var@?1??OnGetExtent@CDrGrafSrvrItem@@UAEHW4tagDVASPECT@@AAVCSize@@@Z@4FA 00457e6c     SrvrItem.obj
 0003:00001e70       ?__LINE__Var@?1??OnDraw@CDrGrafSrvrItem@@UAEHPAVCDC@@AAVCSize@@@Z@4FA 00457e70     SrvrItem.obj
 0003:00001ea8       ??_R0?AVCStatCntl@@@8      00457ea8     StatCntl.obj
 0003:00001ec0       ?__LINE__Var@?1??Create@CStatCntl@@QAEHPAVCWnd@@VCRect@@I@Z@4FA 00457ec0     StatCntl.obj
 0003:00001ef8       ?GUID_ATLVer30@ATL@@3U_GUID@@A 00457ef8     mfcs42d:stdafx.obj
 0003:00001f10       ??_R0?AVtype_info@@@8      00457f10     msvcrtd:ti_inst.obj
 0003:00001f30       ___defaultmatherr          00457f30     msvcrtd:merr.obj
 0003:00001f48       ?_init_CAppDlgMgr@@3UAFX_CLASSINIT@@A 00457f48     ADlgMgr.obj
 0003:00001f4c       ?_init_CBanner@@3UAFX_CLASSINIT@@A 00457f4c     Banner.obj
 0003:00001f50       ?sDate@@3VCString@@A       00457f50     Clock.obj
 0003:00001f54       ?sTime@@3VCString@@A       00457f54     Clock.obj
 0003:00001f58       ?iDate@@3HA                00457f58     Clock.obj
 0003:00001f5c       ?sAMPM@@3PAVCString@@A     00457f5c     Clock.obj
 0003:00001f64       ?iTime@@3HA                00457f64     Clock.obj
 0003:00001f68       ?_init_CDrGrafCntrItem@@3UAFX_CLASSINIT@@A 00457f68     Cntritem.obj
 0003:00001f70       ?theApp@@3VCDrGrafApp@@A   00457f70     Drgraf.obj
 0003:00002228       ?globalData@@3UGLOBAL_DATA@@A 00458228     Oldglob.obj
 0003:000022bc       ?c_pSplashWnd@CSplashCom@@1PAV1@A 004582bc     Splash.obj
 0003:000022c0       ?c_bShowSplashWnd@CSplashCom@@1HA 004582c0     Splash.obj
 0003:000022c4       __afxForceEXCLUDE          004582c4     mfcs42d:nolib.obj
 0003:000022c8       ?ATL_CREATE_OBJECT@CComApartment@ATL@@2IA 004582c8     mfcs42d:stdafx.obj
 0003:000022d0       ?m_libid@CComModule@ATL@@2U_GUID@@A 004582d0     mfcs42d:stdafx.obj
 0003:000022e0       ?_pModule@ATL@@3PAVCComModule@1@A 004582e0     mfcs42d:stdafx.obj
 0003:000022e4       __afxForceSTDAFX           004582e4     mfcs42d:stdafx.obj
 0003:000022e8       __dowildcard               004582e8     msvcrtd:wildcard.obj
 0003:000022ec       __newmode                  004582ec     msvcrtd:_newmode.obj
 0003:000022f0       __commode                  004582f0     msvcrtd:xncommod.obj
 0003:000022f4       __fmode                    004582f4     msvcrtd:xtxtmode.obj
 0003:000022f8       ?_afxInitAppState@@3DA     004582f8     mfcs42d:appmodul.obj
 0003:000022fc       __adjust_fdiv              004582fc     <common>
 0003:00002300       ___onexitend               00458300     <common>
 0003:00002304       ___onexitbegin             00458304     <common>

 entry point at        0001:00035da0

 Static symbols

 0001:00030860       _$E277                     00431860 f   ProbElemDim.obj
 0001:00030880       _$E274                     00431880 f   ProbElemDim.obj
 0001:000308c0       _$E276                     004318c0 f   ProbElemDim.obj
 0001:000308e0       _$E275                     004318e0 f   ProbElemDim.obj
 0001:00030910       _$E282                     00431910 f   ProbElemDim.obj
 0001:00030930       _$E279                     00431930 f   ProbElemDim.obj
 0001:00030970       _$E281                     00431970 f   ProbElemDim.obj
 0001:00030990       _$E280                     00431990 f   ProbElemDim.obj
 0001:0003a600       _$E267                     0043b600 f   OldTool.obj
 0001:0003a620       _$E264                     0043b620 f   OldTool.obj
 0001:0003a630       _$E266                     0043b630 f   OldTool.obj
 0001:0003a650       _$E265                     0043b650 f   OldTool.obj
 0001:000385c0       ?CreateDitherBitmap@@YGPAUHBITMAP__@@XZ 004395c0 f   OldTool.obj
 0001:00030220       _$E264                     00431220 f   Oldglob.obj
 0001:00030240       _$E261                     00431240 f   Oldglob.obj
 0001:00030260       _$E263                     00431260 f   Oldglob.obj
 0001:00030280       _$E262                     00431280 f   Oldglob.obj
 0001:00024b40       _$E684                     00425b40 f   Drstatus.obj
 0001:00024b60       _$E681                     00425b60 f   Drstatus.obj
 0001:00024bd0       _$E683                     00425bd0 f   Drstatus.obj
 0001:00024bf0       _$E682                     00425bf0 f   Drstatus.obj
 0001:0001e7e0       ?ReadWindowPlacement@@YGHPAUtagWINDOWPLACEMENT@@@Z 0041f7e0 f   Drgrafrm.obj
 0001:0001ea20       ?WriteWindowPlacement@@YGXPAUtagWINDOWPLACEMENT@@@Z 0041fa20 f   Drgrafrm.obj
 0001:000190f0       _$E759                     0041a0f0 f   Drgraf.obj
 0001:00019110       _$E756                     0041a110 f   Drgraf.obj
 0001:00019130       _$E758                     0041a130 f   Drgraf.obj
 0001:00019150       _$E757                     0041a150 f   Drgraf.obj
 0001:0000a3f0       _$E325                     0040b3f0 f   Cntritem.obj
 0001:0000a410       _$E324                     0040b410 f   Cntritem.obj
 0001:00009ea0       _$E265                     0040aea0 f   Clock.obj
 0001:00009ec0       _$E262                     0040aec0 f   Clock.obj
 0001:00009f00       _$E264                     0040af00 f   Clock.obj
 0001:00009f20       _$E263                     0040af20 f   Clock.obj
 0001:00008d80       _$E265                     00409d80 f   Banner.obj
 0001:00008da0       _$E264                     00409da0 f   Banner.obj
 0001:000043f0       _$E642                     004053f0 f   ADlgMgr.obj
 0001:00004410       _$E641                     00405410 f   ADlgMgr.obj
 0001:00036560       _$E373                     00437560 f   mfcs42d:appmodul.obj
 0001:00036570       _$E372                     00437570 f   mfcs42d:appmodul.obj
 0001:00035d40       _$$$00001                  00436d40 f   msvcrtd:chkstk.obj
 0001:00035d4c       probepages                 00436d4c f   msvcrtd:chkstk.obj
 0001:00035d60       lastpage                   00436d60 f   msvcrtd:chkstk.obj
 0001:00035d00       ?ArrayUnwindFilter@@YAHPAU_EXCEPTION_POINTERS@@@Z 00436d00 f   msvcrtd:ehvecdtr.obj
