SPLIT_ACC_ROTA_DYNAMIC          Source Listing                   1-Sep-2008 12:26:58  Compaq Visual Fortran 6.6-1684    Page 1
                                                                 1-Sep-2008 12:26:58  Split_Acc_DYNAMIC.f

	      1 	Subroutine Split_Acc_RotA_DYNAMIC(Qa,nStif,T,Iout)
	      2 !
	      3 !	Coerced Isoparametric Quadrilateral_Cubic_Cubic Element
	      4 !
	      5 !	Notes:	Nint should be atleast 2
	      6 !
	      7 !	Inputs
	      8 !		Qa(nStif)	= Latest Acceleration controls: state vector
	      9 !		Iout		= Error Output file#
	     10 !		 	
	     11 !	Outputs 
	     12 !		Trace		= trace of the matrix
	     13 !
	     14 	Implicit Real(kind=8) (a-h,o-z)
	     15 !	===========================
	     16 	include 'CurParams.h'
	     29 	include 'SizeVar.h'
	     35 	include 'LoadStepIter.h'
	     37 	include 'ShellParams.h'
	     51 	include 'ShellParams_DYNAMIC.h'
	     52 !============================================
	     53 !
	     54 !	Input Variables & Arrays
	     55 !
	     64 	Real(kind=8)	Qa                   
	     65 	Dimension		Qa(nStif)
	     66 !	
	     67 !	Working Variables & Arrays	
	     68 !
	     69 	Real(kind=8)	HD          
	     70 	Dimension		HD(nDof)
	     71 !	
	     72 !	Output Variables & Arrays	
	     73 !
	     74 	Real(kind=8)	T     
	     75 	Dimension		T(nDof,nStif)
	     76 !	=============================== 
	     77 	DATA zero/0.D0/,one/1.0D0/,onm/-1.0D0/ 
	     78 	DATA NC/3/
	     79 !	//////////////////////
	     80 !--------------------------------------------------------------------- Velocities
	     81 	HD		= MATMUL(T,Qa)
	     82 !============================================================== 
	     83 	iPrt = 0
	     84 		if((iStep == 1).AND.(iNut == 2)) Then
	     85 			iPrt = 0
	     86 		endif
	     87 	if(iPrt == 1) then
	     88 		call DumpIntegerVar(iStep,"iStep",iPrt,iOut)
	     89 		call DumpIntegerVar(iNut,"iNut",iPrt,iOut)
	     90 		call DumpStringVar("Beg:Split_Acc_DYNAMIC",iPrt,iOut)
	     91 		call DumpRealArray(Hd,nDof,"HDAcc array",1,iOut)
	     92 		call DumpStringVar("End:Split_Acc_DYNAMIC",iPrt,iOut)
	     93 	iPrt = 0
	     94 	endif
	     95 !============================================================== 
	     96 	nG =nDof	! = 6

SPLIT_ACC_ROTA_DYNAMIC          Source Listing                   1-Sep-2008 12:26:58  Compaq Visual Fortran 6.6-1684    Page 2
                                                                 1-Sep-2008 12:26:58  Split_Acc_DYNAMIC.f

	     97 !	------------------------------------------------------------------- H(dHat):Incremental
	     98 	call VectorExtract_Vector(HD,nG,TAcc,nC,1,Iout)	    !Trans. Accel
	     99 	call VectorExtract_Vector(HD,nG,RotA,nC,4,Iout)	    !Theta2Dot
	    100 !	=============================================== 
	    101 	return
	    102 !
	    103  1010 format("Full Stiffness Matrix:Stif(",I2,",",I2,")"/)
	    104  1020 format(I5/(6(12(f8.1,1X)/)/))
	    105  1030 format("DMat(12,12)"/(12(f7.0,1X)))
	    106  1040 format(2X, "EDG Matrix(18,18)"/(I3,18(f5.0,1X)))
	    107 	end   		


PROGRAM SECTIONS

    Name				 Bytes   Attributes

  1 .bss                                    20 NOPIC CON REL LCL NOSHR NOEXE   RD   WRT QUAD
  2 .data                                  364 NOPIC CON REL LCL NOSHR NOEXE   RD   WRT QUAD
  3 .literal                                96   PIC CON REL LCL   SHR NOEXE   RD NOWRT QUAD
  4 .text                                  926   PIC CON REL LCL   SHR   EXE NORD NOWRT QUAD
  5 _CURPARAMS                             376 NOPIC OVR REL GBL NOSHR NOEXE   RD   WRT OCTA
  6 _SIZEVAR                               100 NOPIC OVR REL GBL NOSHR NOEXE   RD   WRT OCTA
  7 _LOADSTEPITER                           16 NOPIC OVR REL GBL NOSHR NOEXE   RD   WRT OCTA
  8 _SHELLPARAMS                           768 NOPIC OVR REL GBL NOSHR NOEXE   RD   WRT OCTA
  9 _SHELLPARAMS_DYNAMIC                   360 NOPIC OVR REL GBL NOSHR NOEXE   RD   WRT OCTA
 10 .drectve                               212 NOPIC CON REL LCL NOSHR NOEXE NORD NOWRT QUAD
 11 .debug$T                                92 NOPIC CON REL LCL NOSHR NOEXE   RD NOWRT BYTE

    Total Space Allocated                 3330


ENTRY POINTS

 Address      Name                  
                                    
  4-00000000  SPLIT_ACC_ROTA_DYNAMIC


VARIABLES

 Address      Type  Name     Address      Type  Name     Address      Type  Name     Address      Type  Name   
                                                                                                               
  7-00000008  R*8   BRESET    6-00000008  I*4   NDIM      6-00000010  I*4   NQC2      6-0000005C  I*4   NSZINT 
  5-00000158  R*8   CT        6-00000018  I*4   NDOF      6-0000001C  I*4   NQD       2-00000158  R*8   ONE    
  6-00000004  I*4   ICONT     6-00000058  I*4   NDOF2     6-0000004C  I*4   NQD1      2-00000150  R*8   ONM    
  6-00000000  I*4   IGEOM     6-00000020  I*4   NELEM     6-00000050  I*4   NQD2      5-00000170  R*8   RUTAHAT
  7-00000004  I*4   INUT      6-00000048  I*4   NELTYPE       **      I*4   NSTIF     5-00000150  R*8   ST     
      **      I*4   IOUT      1-0000000C  I*4   NG        6-0000003C  I*4   NSTIFC    5-00000160  R*8   XLAM1  
  1-00000010  I*4   IPRT      6-00000030  I*4   NINT      6-00000024  I*4   NSTIFEL   5-00000168  R*8   XLAM2  
  7-00000000  I*4   ISTEP     6-00000028  I*4   NINT1     6-00000040  I*4   NSTIFN    2-00000160  R*8   ZERO   
  2-00000168  I*4   NC        6-0000002C  I*4   NINT2     6-00000038  I*4   NSTIFS                             
  6-00000034  I*4   NCINT     6-00000044  I*4   NLOD      6-00000014  I*4   NSUP                               
  6-00000054  I*4   NCMAT     6-0000000C  I*4   NQC1      6-00000060  I*4   NSZDBL                             



SPLIT_ACC_ROTA_DYNAMIC          Source Listing                   1-Sep-2008 12:26:58  Compaq Visual Fortran 6.6-1684    Page 3
                                                                 1-Sep-2008 12:26:58  Split_Acc_DYNAMIC.f

ARRAYS

 Address      Type  Name         Bytes  Dimensions

  5-000000D8  R*8   A1HAT           24  (3)
  5-000000F0  R*8   A2HAT           24  (3)
  5-00000060  R*8   AA1             24  (3)
  5-00000078  R*8   AA2             24  (3)
  9-00000078  R*8   AACC            24  (3)
  8-00000090  R*8   AMAT1           72  (3, 3)
  8-000000D8  R*8   AMAT2           72  (3, 3)
  5-00000090  R*8   AO1             24  (3)
  5-00000108  R*8   AO12N           72  (3, 3)
  5-000000A8  R*8   AO2             24  (3)
  9-00000048  R*8   AVEL            24  (3)
  5-00000000  R*8   C01             24  (3)
  5-00000018  R*8   C02             24  (3)
  5-00000030  R*8   CK1             24  (3)
  5-00000048  R*8   CK2             24  (3)
  8-00000000  R*8   DD              24  (3)
  8-00000030  R*8   DP1             24  (3)
  8-00000060  R*8   DP2             24  (3)
  8-000002A0  R*8   FMT1            48  (6)
  8-000002D0  R*8   FMT2            48  (6)
      **      R*8   HD              **  (*)
      **      R*8   QA              **  (*)
  8-00000240  R*8   RE1             48  (6)
  8-00000270  R*8   RE2             48  (6)
  8-000001B0  R*8   RMAT1           72  (3, 3)
  8-000001F8  R*8   RMAT2           72  (3, 3)
  9-00000018  R*8   ROTA            24  (3)
  9-00000000  R*8   ROTV            24  (3)
  8-00000048  R*8   RP1             24  (3)
  8-00000078  R*8   RP2             24  (3)
  8-00000018  R*8   RR              24  (3)
      **      R*8   T               **  (*, *)
  9-00000060  R*8   TACC            24  (3)
  9-00000030  R*8   TVEL            24  (3)
  9-00000090  R*8   W               72  (3, 3)
  9-00000120  R*8   WACC            72  (3, 3)
  8-00000120  R*8   WMAT1           72  (3, 3)
  8-00000168  R*8   WMAT2           72  (3, 3)
  9-000000D8  R*8   WVEL            72  (3, 3)
  5-000000C0  R*8   XNOR            24  (3)

SPLIT_ACC_ROTA_DYNAMIC          Source Listing                   1-Sep-2008 12:26:58  Compaq Visual Fortran 6.6-1684    Page 4
                                                                 1-Sep-2008 12:26:58  Split_Acc_DYNAMIC.f

	    108 	   		
COMPILER OPTIONS BEING USED

  /noalign:commons                      /noalign:dcommons
  /align:records                        /noalign:sequence
  /noalign:rec1byte                     /noalign:rec2byte
  /noalign:rec4byte                     /noalign:rec8byte
  /altparam                             /noannotations:code
  /noannotations:detail                 /noannotations:feedback
  /noannotations:inlining               /noannotations:loop_transforms
  /noannotations:loop_unrolling         /noannotations:prefetching
  /noannotations:shrinkwrapping         /noannotations:software_pipelining
  /noannotations:tail_calls             /noannotations:tail_recursion
  /arch:generic                         /noasmattributes:machine
  /noasmattributes:source               /assume:accuracy_sensitive
  /noassume:buffered_io                 /noassume:byterecl
  /noassume:dummy_aliases               /noassume:minus0
  /assume:protect_constants             /assume:source_include
  /noassume:underscore                  /noassume:2underscores
  /noautomatic                          /nobintext
  /ccdefault:default                    /nocheck:arg_temp_created
  /check:bounds                         /check:flawed_pentium
  /nocheck:format                       /nocheck:output_conversion
  /nocheck:overflow                     /nocheck:power
  /nocheck:underflow                    /convert:native
  /D:_WIN32=1                           /D:_DF_VER=660
  /D:_VF_VER=660                        /D:_X86_=1
  /D:_M_IX86=500                        /D:_INTEGRAL_MAX_BITS=32
  /double_size:64                       /nod_lines
  /error_limit:30                       /extend_source:72
  /nof66                                /nof77rtl
  /nofast                               /nofltconsist
  /nofpscomp:filesfromcmd               /nofpscomp:general
  /nofpscomp:ioformat                   /nofpscomp:ldio_spacing
  /fpscomp:libs                         /nofpscomp:logicals
  /fixed                                /nofpconstant
  /fpe3                                 /g2
  /Gt0                                  /iface:stdref
  /nointconstant                        /integer_size:32
  /libdir:automatic                     /libdir:user
  /nolibs_dll                           /nomachine_code
  /math_library:check                   /mixed_str_len_arg
  /module:Debug/                        /names:uppercase
  /nonoinclude                          /O0
  /inline:none                          /notransform_loops
  /nopipeline                           /tune:generic
  /unroll:0                             /nopad_source
  /real_size:32                         /norecursive
  /reentrancy:none                      /noshow:include
  /show:map                             /stand:none
  /nosyntax_only                        /traceback
  /novms                                /warn:alignments
  /warn:argument_checking               /nowarn:declarations
  /nowarn:errors                        /warn:general
  /nowarn:granularity                   /nowarn:ignore_loc
  /nowarn:stderrors                     /nowarn:truncated_source
  /warn:uncalled                        /warn:uninitialized

SPLIT_ACC_ROTA_DYNAMIC          Source Listing                   1-Sep-2008 12:26:58  Compaq Visual Fortran 6.6-1684    Page 5
                                                                 1-Sep-2008 12:26:58  Split_Acc_DYNAMIC.f

  /nowarn:unused                        /warn:usage

  /I         path : C:\drProjects\drThe Book Examples\Shell_6_Curv_Any_DYNAMIC\,C:\Program Files\ArrayVisualizer\Include\,
           C:\Program Files\Microsoft Visual Studio\DF98\CXML\Include\,C:\Program Files\Microsoft Visual Studio\DF98\IMSL\Include\,
           C:\Program Files\Microsoft Visual Studio\VC98\Include\,C:\Program Files\Microsoft Visual Studio\DF98\Include\,
           C:\PROGRAM FILES\MICROSOFT VISUAL STUDIO\COMMON\,C:\PROGRAM FILES\MICROSOFT VISUAL STUDIO\VC98\MFC\INCLUDE\
  /V         filename : Debug/Split_Acc_DYNAMIC.lst
  /o         filename : Debug/Split_Acc_DYNAMIC.obj
  /nobrowser
  /Fd        filename : Debug/DF60.PDB

COMPILER: Compaq Visual Fortran 6.6-1684-47B6E

COMPILATION STATISTICS

  CPU time:          0.01 seconds
  Elapsed time:      0.02 seconds
  Pagefaults:           0
  I/O Count:            0
