 OGen_D32

 Timestamp is 4035524f (Thu Feb 19 16:18:23 2004)

 Preferred load address is 10000000

 Start         Length     Name                   Class
 0001:00000000 00044508H .text                   CODE
 0001:00044510 00000019H .text$AFX_COL1          CODE
 0001:00044530 000025a3H .text$x                 CODE
 0002:00000000 000002d0H .idata$5                DATA
 0002:000002d0 0000338dH .rdata                  DATA
 0002:00003660 00002618H .xdata$x                DATA
 0002:00005c78 00000050H .idata$2                DATA
 0002:00005cc8 00000014H .idata$3                DATA
 0002:00005cdc 000002d0H .idata$4                DATA
 0002:00005fac 00000e70H .idata$6                DATA
 0002:00006e20 00010b98H .edata                  DATA
 0003:00000000 00000004H .CRT$XCA                DATA
 0003:00000004 0000001cH .CRT$XCU                DATA
 0003:00000020 00000004H .CRT$XCZ                DATA
 0003:00000024 00000004H .CRT$XIA                DATA
 0003:00000028 00000004H .CRT$XIZ                DATA
 0003:00000030 00002050H .data                   DATA
 0003:00002080 00000360H .bss                    DATA

  Address         Publics by Value              Rva+Base     Lib:Object

 0001:00000000       ?Set3DPts@C3DMath@@QAEXPAULPOINT3@@JJJ@Z 10001000 f i Curve.obj
 0001:00000030       ?Set3DPts@C3DMath@@QAEXPAUWORLD@@NNN@Z 10001030 f i Curve.obj
 0001:00000080       ?Len3DPts@C3DMath@@QAENPAUWORLD@@@Z 10001080 f i Curve.obj
 0001:000000d0       ??1C3DMath@@UAE@XZ         100010d0 f i Curve.obj
 0001:00000100       ??_GC3DMath@@UAEPAXI@Z     10001100 f i Curve.obj
 0001:00000140       ??_EC3DMath@@UAEPAXI@Z     10001140 f i Curve.obj
 0001:000001c0       ??1CCurve@@UAE@XZ          100011c0 f i Curve.obj
 0001:000001f0       ??_GCCurve@@UAEPAXI@Z      100011f0 f i Curve.obj
 0001:00000230       ??_ECCurve@@UAEPAXI@Z      10001230 f i Curve.obj
 0001:000002b0       ?_GetBaseClass@CCurve@@KGPAUCRuntimeClass@@XZ 100012b0 f   Curve.obj
 0001:000002d0       ?GetRuntimeClass@CCurve@@UBEPAUCRuntimeClass@@XZ 100012d0 f   Curve.obj
 0001:000002f0       ??0CCurve@@QAE@XZ          100012f0 f   Curve.obj
 0001:00000340       ?CtlPtStep@CCurve@@QAEHW4CURVEPROC@@H@Z 10001340 f   Curve.obj
 0001:00000420       ?NumberOfCurves@CCurve@@QAEHW4CURVEPROC@@HPAHHH@Z 10001420 f   Curve.obj
 0001:00000490       ?DegreeElevate_Seg@CCurve@@QAEHPAUWORLD@@0H@Z 10001490 f   Curve.obj
 0001:00000620       ?Rat_DegreeElevate_Seg@CCurve@@QAEHPAUWORLD@@PAN01H@Z 10001620 f   Curve.obj
 0001:00000860       ?Tangent_t@CCurve@@QAEHPAUWORLD@@NHAAU2@@Z 10001860 f   Curve.obj
 0001:00000960       ?Tangent_0@CCurve@@QAEHPAUWORLD@@HAAU2@@Z 10001960 f   Curve.obj
 0001:000009f0       ?Tangent_0@CCurve@@QAEHUWORLD@@0HAAU2@@Z 100019f0 f   Curve.obj
 0001:00000a80       ?Tangent_1@CCurve@@QAEHUWORLD@@0HAAU2@@Z 10001a80 f   Curve.obj
 0001:00000b10       ?Curvature_t@CCurve@@QAENPAUWORLD@@NH@Z 10001b10 f   Curve.obj
 0001:00000bf0       ?Curvature_0@CCurve@@QAENPAUWORLD@@H@Z 10001bf0 f   Curve.obj
 0001:00000ce0       ?SubDivide_t@CCurve@@QAEHPAUWORLD@@N0HH@Z 10001ce0 f   Curve.obj
 0001:00000ff0       ?Rat_Tangent_t@CCurve@@QAEHPAUWORLD@@PANNHAAU2@@Z 10001ff0 f   Curve.obj
 0001:00001140       ?Rat_Tangent_t_for_Patch@CCurve@@QAEHPAUWORLD@@PANNH1AAU2@@Z 10002140 f   Curve.obj
 0001:000012a0       ?Rat_Tangent_0@CCurve@@QAEHUWORLD@@0NNHAAU2@@Z 100022a0 f   Curve.obj
 0001:00001340       ?Rat_Tangent_0@CCurve@@QAEHPAUWORLD@@PANHAAU2@@Z 10002340 f   Curve.obj
 0001:000013e0       ?Rat_Tangent_1@CCurve@@QAEHUWORLD@@0NNHAAU2@@Z 100023e0 f   Curve.obj
 0001:00001480       ?Rat_Curvature_t@CCurve@@QAENPAUWORLD@@PANNH@Z 10002480 f   Curve.obj
 0001:000015b0       ?Rat_Curvature_0@CCurve@@QAENPAUWORLD@@PANH@Z 100025b0 f   Curve.obj
 0001:000016b0       ?TriangleArea@CCurve@@QAENUWORLD@@00@Z 100026b0 f   Curve.obj
 0001:00001770       ?Rat_SubDivide_t@CCurve@@QAEHPAUWORLD@@PANN01HH@Z 10002770 f   Curve.obj
 0001:00001bb0       ?GetTangentAtaNode@CCurve@@QAEHUWORLD@@AAU2@HHHHPANPAU2@N@Z 10002bb0 f   Curve.obj
 0001:00001c90       ?GetCurrentBezSeg_N_ControlIndex@CCurve@@QAEHUWORLD@@AAH1HHHPANPAU2@N@Z 10002c90 f   Curve.obj
 0001:00001db0       ?GetBezSegEndTangent_0@CCurve@@QAEHHHPAUWORLD@@PANHHAAU2@@Z 10002db0 f   Curve.obj
 0001:00001ed0       ?GetBezSegEndTangent_1@CCurve@@QAEHHHPAUWORLD@@PANHHAAU2@@Z 10002ed0 f   Curve.obj
 0001:00001ff0       ?_GetBaseClass@CCurve_1@@KGPAUCRuntimeClass@@XZ 10002ff0 f   Curve_1.obj
 0001:00002010       ?GetRuntimeClass@CCurve_1@@UBEPAUCRuntimeClass@@XZ 10003010 f   Curve_1.obj
 0001:00002030       ??0CCurve_1@@QAE@XZ        10003030 f   Curve_1.obj
 0001:00002060       ??_ECCurve_1@@UAEPAXI@Z    10003060 f i Curve_1.obj
 0001:00002060       ??_GCCurve_1@@UAEPAXI@Z    10003060 f i Curve_1.obj
 0001:000020a0       ??1CCurve_1@@UAE@XZ        100030a0 f i Curve_1.obj
 0001:000020d0       ?SetBasis@CCurve_1@@QAEPAY01NW4CURVEPROC@@NNN@Z 100030d0 f   Curve_1.obj
 0001:00002110       ?GetBlending_NUSpline@CCurve_1@@IAEXHNPAN0@Z 10003110 f   Curve_1.obj
 0001:00002130       ?HO_GetAPointOnABezSegCurve@CCurve_1@@QAEHHPAUWORLD@@HPANHN01H@Z 10003130 f   Curve_1.obj
 0001:000021e0       ?HO_GenerateAPointOnASingleBezCurve@CCurve_1@@IAEHPAUWORLD@@HPANN01@Z 100031e0 f   Curve_1.obj
 0001:000023b0       ?HO_MakeCurves@CCurve_1@@QAEHHPAY01NHHPAUWORLD@@HPANPAH212H@Z 100033b0 f   Curve_1.obj
 0001:000024b0       ?HO_Make_A_Curve@CCurve_1@@QAEHHPAUWORLD@@PANHPAY01N0H1H101H@Z 100034b0 f   Curve_1.obj
 0001:00002790       ?HO_Make_A_Curve_Pt@CCurve_1@@QAEHPAY03NHNPAUWORLD@@PAN@Z 10003790 f   Curve_1.obj
 0001:00002890       ?HO_ComputeMG@CCurve_1@@QAEXPAY03NPAY01N0H@Z 10003890 f   Curve_1.obj
 0001:00002ae0       ??_GCString@@QAEPAXI@Z     10003ae0 f i Curve_1.obj
 0001:00002b20       ?FD_ForwardDifference@CCurve_1@@IAEPAY01NH@Z 10003b20 f   Curve_1.obj
 0001:00002c90       ?FD_ComputeEA@CCurve_1@@IAEXPAY03NPAY01N0@Z 10003c90 f   Curve_1.obj
 0001:00002d50       ?FD_MultMat@CCurve_1@@IAEXPAY01N00@Z 10003d50 f   Curve_1.obj
 0001:00002e10       ?FD_GeneratePoints_Unif@CCurve_1@@IAEHPAY03NHPAUWORLD@@H@Z 10003e10 f   Curve_1.obj
 0001:00002f50       ?FD_ComputeFDiff_x_Mcoeff@CCurve_1@@IAEPAY01NW4CURVEPROC@@NNNH@Z 10003f50 f   Curve_1.obj
 0001:00003030       ?FD_MakeCurves@CCurve_1@@IAEHHPAUWORLD@@HPANPAH0H@Z 10004030 f   Curve_1.obj
 0001:00003340       ?GenerateCurve@CCurve_1@@QAEHW4CURVEOUTPUT@@HHPAUWORLD@@HPANPAH212HH@Z 10004340 f   Curve_1.obj
 0001:000036d0       ?MakeTangents@CCurve_1@@QAEHHHPAUWORLD@@HPANPAH10H@Z 100046d0 f   Curve_1.obj
 0001:00003840       ?MakeCurvatures@CCurve_1@@QAEHHHPAUWORLD@@HPANPAH11H@Z 10004840 f   Curve_1.obj
 0001:00003980       ?_GetBaseClass@CCurve_2@@KGPAUCRuntimeClass@@XZ 10004980 f   Curve_2.obj
 0001:000039a0       ?GetRuntimeClass@CCurve_2@@UBEPAUCRuntimeClass@@XZ 100049a0 f   Curve_2.obj
 0001:000039c0       ??0CCurve_2@@QAE@XZ        100049c0 f   Curve_2.obj
 0001:000039f0       ??_ECCurve_2@@UAEPAXI@Z    100049f0 f i Curve_2.obj
 0001:000039f0       ??_GCCurve_2@@UAEPAXI@Z    100049f0 f i Curve_2.obj
 0001:00003a30       ??1CCurve_2@@UAE@XZ        10004a30 f i Curve_2.obj
 0001:00003a60       ?SetBasis@CCurve_2@@QAEPAY02NW4CURVEPROC@@NNN@Z 10004a60 f   Curve_2.obj
 0001:00003aa0       ?GetBlending_NUSpline@CCurve_2@@IAEXHNPAN0@Z 10004aa0 f   Curve_2.obj
 0001:00003ac0       ?HO_GetAPointOnABezSegCurve@CCurve_2@@QAEHHPAUWORLD@@HPANHN01H@Z 10004ac0 f   Curve_2.obj
 0001:00003b70       ?HO_GenerateAPointOnASingleBezCurve@CCurve_2@@IAEHPAUWORLD@@HPANN01@Z 10004b70 f   Curve_2.obj
 0001:00003d40       ?HO_MakeCurves@CCurve_2@@QAEHHPAY02NHHPAUWORLD@@HPANPAH212H@Z 10004d40 f   Curve_2.obj
 0001:00003e50       ?HO_Make_A_Curve@CCurve_2@@QAEHHPAUWORLD@@PANHPAY02N0H1H101H@Z 10004e50 f   Curve_2.obj
 0001:00004130       ?HO_Make_A_Curve_Pt@CCurve_2@@QAEHPAY03NHNPAUWORLD@@PAN@Z 10005130 f   Curve_2.obj
 0001:00004270       ?HO_ComputeMG@CCurve_2@@QAEXPAY03NPAY02N0H@Z 10005270 f   Curve_2.obj
 0001:000044c0       ?FD_ForwardDifference@CCurve_2@@IAEPAY02NH@Z 100054c0 f   Curve_2.obj
 0001:00004630       ?FD_ComputeEA@CCurve_2@@IAEXPAY03NPAY02N0@Z 10005630 f   Curve_2.obj
 0001:000046f0       ?FD_MultMat@CCurve_2@@IAEXPAY02N00@Z 100056f0 f   Curve_2.obj
 0001:000047b0       ?FD_GeneratePoints_Unif@CCurve_2@@IAEHPAY03NHPAUWORLD@@H@Z 100057b0 f   Curve_2.obj
 0001:000048f0       ?FD_ComputeFDiff_x_Mcoeff@CCurve_2@@IAEPAY02NW4CURVEPROC@@NNNH@Z 100058f0 f   Curve_2.obj
 0001:000049f0       ?FD_MakeCurves@CCurve_2@@IAEHHPAUWORLD@@HPANPAH0H@Z 100059f0 f   Curve_2.obj
 0001:00004d00       ?GenerateCurve@CCurve_2@@QAEHW4CURVEOUTPUT@@HHPAUWORLD@@HPANPAH212HH@Z 10005d00 f   Curve_2.obj
 0001:00005090       ?MakeTangents@CCurve_2@@QAEHHHPAUWORLD@@HPANPAH10H@Z 10006090 f   Curve_2.obj
 0001:00005400       ?MakeCurvatures@CCurve_2@@QAEHHHPAUWORLD@@HPANPAH11H@Z 10006400 f   Curve_2.obj
 0001:00005730       ?_GetBaseClass@CCurve_3@@KGPAUCRuntimeClass@@XZ 10006730 f   Curve_3.obj
 0001:00005750       ?GetRuntimeClass@CCurve_3@@UBEPAUCRuntimeClass@@XZ 10006750 f   Curve_3.obj
 0001:00005770       ??0CCurve_3@@QAE@XZ        10006770 f   Curve_3.obj
 0001:000057c0       ??_ECCurve_3@@UAEPAXI@Z    100067c0 f i Curve_3.obj
 0001:000057c0       ??_GCCurve_3@@UAEPAXI@Z    100067c0 f i Curve_3.obj
 0001:00005800       ??1CCurve_3@@UAE@XZ        10006800 f i Curve_3.obj
 0001:00005830       ?SetBasis@CCurve_3@@QAEPAY03NW4CURVEPROC@@NNN@Z 10006830 f   Curve_3.obj
 0001:00005e10       ?GetBlending_NUSpline@CCurve_3@@IAEXHNPAN0@Z 10006e10 f   Curve_3.obj
 0001:000061f0       ?HO_GetAPointOnABezSegCurve@CCurve_3@@QAEHHPAUWORLD@@HPANHN01H@Z 100071f0 f   Curve_3.obj
 0001:000062b0       ?HO_GenerateAPointOnASingleBezCurve@CCurve_3@@IAEHPAUWORLD@@HPANN01@Z 100072b0 f   Curve_3.obj
 0001:00006490       ?HO_MakeCurves@CCurve_3@@QAEHHPAY03NHHPAUWORLD@@HPANPAH212H@Z 10007490 f   Curve_3.obj
 0001:000065b0       ?HO_Make_A_Curve@CCurve_3@@QAEHHPAUWORLD@@PANHPAY03N0H1H101H@Z 100075b0 f   Curve_3.obj
 0001:000068a0       ?HO_Make_A_Curve_Pt@CCurve_3@@QAEHPAY03NHNPAUWORLD@@PAN@Z 100078a0 f   Curve_3.obj
 0001:00006a20       ?HO_ComputeMG@CCurve_3@@QAEXPAY03N00H@Z 10007a20 f   Curve_3.obj
 0001:00006c70       ?FD_ForwardDifference@CCurve_3@@IAEPAY03NH@Z 10007c70 f   Curve_3.obj
 0001:00006de0       ?FD_ComputeEA@CCurve_3@@IAEXPAY03N00@Z 10007de0 f   Curve_3.obj
 0001:00006ea0       ?FD_GeneratePoints_Unif@CCurve_3@@IAEHPAY03NHPAUWORLD@@H@Z 10007ea0 f   Curve_3.obj
 0001:00006fe0       ?FD_ComputeFDiff_x_Mcoeff@CCurve_3@@IAEPAY03NW4CURVEPROC@@NNNH@Z 10007fe0 f   Curve_3.obj
 0001:000070f0       ?FD_MakeCurves@CCurve_3@@IAEHHPAUWORLD@@HPANPAH0H@Z 100080f0 f   Curve_3.obj
 0001:00007400       ?GenerateCurve@CCurve_3@@QAEHW4CURVEOUTPUT@@HHPAUWORLD@@HPANPAH212HH@Z 10008400 f   Curve_3.obj
 0001:00007790       ?MakeTangents@CCurve_3@@QAEHHHPAUWORLD@@HPANPAH10H@Z 10008790 f   Curve_3.obj
 0001:00007900       ?MakeCurvatures@CCurve_3@@QAEHHHPAUWORLD@@HPANPAH11H@Z 10008900 f   Curve_3.obj
 0001:00007a40       ?SetParallel@CXForm@@UAEXH@Z 10008a40 f i Drcurve.obj
 0001:00007a60       ?GetParallel@CXForm@@UAEHXZ 10008a60 f i Drcurve.obj
 0001:00007a80       ??1CXForm@@UAE@XZ          10008a80 f i Drcurve.obj
 0001:00007ab0       ??_GCXForm@@UAEPAXI@Z      10008ab0 f i Drcurve.obj
 0001:00007af0       ??_ECXForm@@UAEPAXI@Z      10008af0 f i Drcurve.obj
 0001:00007b70       ?GetMatrix@CMatObj@@UAEPAUMATRIX@@XZ 10008b70 f i Drcurve.obj
 0001:00007b90       ?SetMatrix@CMatObj@@UAEXPAUMATRIX@@@Z 10008b90 f i Drcurve.obj
 0001:00007c00       ?GetCurveLatch@CMatObj@@UAE?AW4CURVELATCH@@XZ 10008c00 f i Drcurve.obj
 0001:00007c20       ?SetCurveLatch@CMatObj@@UAEXW4CURVELATCH@@@Z 10008c20 f i Drcurve.obj
 0001:00007c40       ?IsInstanced_Prof@CMatObj@@UAEHXZ 10008c40 f i Drcurve.obj
 0001:00007c60       ?SetInstanced_Prof@CMatObj@@UAEXH@Z 10008c60 f i Drcurve.obj
 0001:00007c80       ?GetFromID@CMatObj@@UAE?AVCString@@XZ 10008c80 f i Drcurve.obj
 0001:00007cc0       ?SetFromID@CMatObj@@UAEXVCString@@@Z 10008cc0 f i Drcurve.obj
 0001:00007d20       ?GetFromPt@CMatObj@@UAE?AUWORLD@@XZ 10008d20 f i Drcurve.obj
 0001:00007d50       ?SetFromPt@CMatObj@@UAEXUWORLD@@@Z 10008d50 f i Drcurve.obj
 0001:00007d80       ?GetToID@CMatObj@@UAE?AVCString@@XZ 10008d80 f i Drcurve.obj
 0001:00007dc0       ?SetToID@CMatObj@@UAEXVCString@@@Z 10008dc0 f i Drcurve.obj
 0001:00007e20       ?GetToPt@CMatObj@@UAE?AUWORLD@@XZ 10008e20 f i Drcurve.obj
 0001:00007e50       ?SetToPt@CMatObj@@UAEXUWORLD@@@Z 10008e50 f i Drcurve.obj
 0001:00007e80       ?GetRotPtID@CMatObj@@UAE?AVCString@@XZ 10008e80 f i Drcurve.obj
 0001:00007ec0       ?SetRotPtID@CMatObj@@UAEXVCString@@@Z 10008ec0 f i Drcurve.obj
 0001:00007f20       ?GetRotPt@CMatObj@@UAE?AUWORLD@@XZ 10008f20 f i Drcurve.obj
 0001:00007f50       ?SetRotPt@CMatObj@@UAEXUWORLD@@@Z 10008f50 f i Drcurve.obj
 0001:00007f80       ?IsCoordIn@CMatObj@@UAEHXZ 10008f80 f i Drcurve.obj
 0001:00007fa0       ?SetCoordIn@CMatObj@@UAEXH@Z 10008fa0 f i Drcurve.obj
 0001:00007fd0       ?GetTranPtID@CMatObj@@UAE?AVCString@@XZ 10008fd0 f i Drcurve.obj
 0001:00008010       ?SetTranPtID@CMatObj@@UAEXVCString@@@Z 10009010 f i Drcurve.obj
 0001:00008070       ?GetTranslation@CMatObj@@UAE?AUWORLD@@XZ 10009070 f i Drcurve.obj
 0001:000080a0       ?SetTranslation@CMatObj@@UAEXUWORLD@@@Z 100090a0 f i Drcurve.obj
 0001:000080d0       ?IsAngleIn@CMatObj@@UAEHXZ 100090d0 f i Drcurve.obj
 0001:000080f0       ?SetAngleIn@CMatObj@@UAEXH@Z 100090f0 f i Drcurve.obj
 0001:00008120       ?IsDirCos@CMatObj@@UAEHXZ  10009120 f i Drcurve.obj
 0001:00008140       ?SetDirCos@CMatObj@@UAEXH@Z 10009140 f i Drcurve.obj
 0001:00008170       ?GetDirCosDirect@CMatObj@@UAE?AUWORLD@@XZ 10009170 f i Drcurve.obj
 0001:000081a0       ?SetDirCosDirect@CMatObj@@UAEXUWORLD@@@Z 100091a0 f i Drcurve.obj
 0001:000081d0       ?GetRotation@CMatObj@@UAE?AUWORLD@@XZ 100091d0 f i Drcurve.obj
 0001:00008200       ?SetRotation@CMatObj@@UAEXUWORLD@@@Z 10009200 f i Drcurve.obj
 0001:00008230       ?GetScale@CMatObj@@UAE?AUWORLD@@XZ 10009230 f i Drcurve.obj
 0001:00008260       ?SetScale@CMatObj@@UAEXUWORLD@@@Z 10009260 f i Drcurve.obj
 0001:00008290       ?GetShear@CMatObj@@UAE?AUWORLD@@XZ 10009290 f i Drcurve.obj
 0001:000082c0       ?SetShear@CMatObj@@UAEXUWORLD@@@Z 100092c0 f i Drcurve.obj
 0001:000082f0       ?IsNoRot@CMatObj@@UAEHXZ   100092f0 f i Drcurve.obj
 0001:00008310       ?SetNoRot@CMatObj@@UAEXH@Z 10009310 f i Drcurve.obj
 0001:00008340       ?IsNoTran@CMatObj@@UAEHXZ  10009340 f i Drcurve.obj
 0001:00008360       ?SetNoTran@CMatObj@@UAEXH@Z 10009360 f i Drcurve.obj
 0001:00008390       ?IsNoScale@CMatObj@@UAEHXZ 10009390 f i Drcurve.obj
 0001:000083b0       ?SetNoScale@CMatObj@@UAEXH@Z 100093b0 f i Drcurve.obj
 0001:000083e0       ?IsNoShear@CMatObj@@UAEHXZ 100093e0 f i Drcurve.obj
 0001:00008400       ?SetNoShear@CMatObj@@UAEXH@Z 10009400 f i Drcurve.obj
 0001:00008430       ?GetXformType@CMatObj@@UAE?AW4XFORMTYPE@@XZ 10009430 f i Drcurve.obj
 0001:00008450       ?SetXformType@CMatObj@@UAEXW4XFORMTYPE@@@Z 10009450 f i Drcurve.obj
 0001:00008480       ?GetSpawnType@CMatObj@@UAE?AW4SPAWNTYPE@@XZ 10009480 f i Drcurve.obj
 0001:000084a0       ?SetSpawnType@CMatObj@@UAEXW4SPAWNTYPE@@@Z 100094a0 f i Drcurve.obj
 0001:000084d0       ?GetCreOp@CMatObj@@UAEIXZ  100094d0 f i Drcurve.obj
 0001:000084f0       ?SetCreOp@CMatObj@@UAEXI@Z 100094f0 f i Drcurve.obj
 0001:00008520       ??1CMatObj@@UAE@XZ         10009520 f i Drcurve.obj
 0001:000085c0       ??_GCMatObj@@UAEPAXI@Z     100095c0 f i Drcurve.obj
 0001:00008600       ??_ECMatObj@@UAEPAXI@Z     10009600 f i Drcurve.obj
 0001:00008680       ?ReadyToDelete@CDrObject@@UAEXXZ 10009680 f i Drcurve.obj
 0001:000086a0       ?DoFormattedCardView@CDrObject@@UAEXPAVCString@@AAV2@@Z 100096a0 f i Drcurve.obj
 0001:000086c0       ?DoUnFormattedCardView@CDrObject@@UAEXPAVCString@@@Z 100096c0 f i Drcurve.obj
 0001:000086e0       ?DoDataView@CDrObject@@UAEXPAVCDC@@H@Z 100096e0 f i Drcurve.obj
 0001:00008700       ?InitDraw@CDrObject@@UAEXPAVCDC@@HHPAUMATRIX@@1NNN@Z 10009700 f i Drcurve.obj
 0001:00008720       ?InitDraw@CDrObject@@UAEXPAVCDC@@HHPAUMATRIX@@1NNNN@Z 10009720 f i Drcurve.obj
 0001:00008740       ?Corner_3Dto2D@CDrObject@@UAEXXZ 10009740 f i Drcurve.obj
 0001:00008760       ?DoDrawView@CDrObject@@UAEXPAVCDC@@@Z 10009760 f i Drcurve.obj
 0001:00008780       ?DoDrawView@CDrObject@@UAEXPAVCDC@@H@Z 10009780 f i Drcurve.obj
 0001:000087a0       ?DoDrawView@CDrObject@@UAEXPAVCDC@@HH@Z 100097a0 f i Drcurve.obj
 0001:000087c0       ?DealObjectDialog@CDrObject@@UAEHXZ 100097c0 f i Drcurve.obj
 0001:000087e0       ?TransformObjectToWorld@CDrObject@@UAEXPAUMATRIX@@H@Z 100097e0 f i Drcurve.obj
 0001:00008800       ?TransformObjectToView@CDrObject@@UAEXPAUMATRIX@@@Z 10009800 f i Drcurve.obj
 0001:00008820       ?TransformObjectToViewDirect@CDrObject@@UAEXPAUMATRIX@@00H@Z 10009820 f i Drcurve.obj
 0001:00008840       ?RemoveHiddenObject@CDrObject@@UAEHPAUMATRIX@@UWORLD@@H@Z 10009840 f i Drcurve.obj
 0001:00008860       ?ProjectObject@CDrObject@@UAEXPAUMATRIX@@NN@Z 10009860 f i Drcurve.obj
 0001:00008880       ?Calc_2DBoundsScreen@CDrObject@@UAEHXZ 10009880 f i Drcurve.obj
 0001:000088a0       ?Calc_3DBoundsLocal@CDrObject@@UAEHXZ 100098a0 f i Drcurve.obj
 0001:000088c0       ?FinishObject@CDrObject@@UAEXPAVCClientDC@@H@Z 100098c0 f i Drcurve.obj
 0001:000088e0       ?FinishObject@CDrObject@@UAEXH@Z 100098e0 f i Drcurve.obj
 0001:00008900       ?FinishObject@CDrObject@@UAEXXZ 10009900 f i Drcurve.obj
 0001:00008920       ?GetMaxCorners@CDrObject@@UAEHXZ 10009920 f i Drcurve.obj
 0001:00008940       ?GetRawCoords@CDrObject@@UAEXPAJPAHH@Z 10009940 f i Drcurve.obj
 0001:00008960       ?SetProjectedCoords@CDrObject@@UAEXUtagPOINT@@H@Z 10009960 f i Drcurve.obj
 0001:00008980       ?RearrangeProjectedCoords@CDrObject@@UAEXXZ 10009980 f i Drcurve.obj
 0001:000089a0       ?IsObjectHit@CDrObject@@UAEHNUWORLD@@@Z 100099a0 f i Drcurve.obj
 0001:000089c0       ?IsObjectHit@CDrObject@@UAEHHUtagPOINT@@H@Z 100099c0 f i Drcurve.obj
 0001:000089e0       ?IsObjectHit@CDrObject@@UAEHHUtagPOINT@@@Z 100099e0 f i Drcurve.obj
 0001:00008a00       ?IsObjectHit@CDrObject@@UAEHPAVCClientDC@@HUtagPOINT@@PAVCRect@@H@Z 10009a00 f i Drcurve.obj
 0001:00008a20       ?IsKeyMatch@CDrObject@@UAEHPAV1@VCString@@I@Z 10009a20 f i Drcurve.obj
 0001:00008a50       ?IsKeyMatch@CDrObject@@UAEHVCString@@I@Z 10009a50 f i Drcurve.obj
 0001:00008a80       ?IsControlShapeNeeded@CDrObject@@UAEHXZ 10009a80 f i Drcurve.obj
 0001:00008aa0       ?SetControlShapeNeed@CDrObject@@UAEXH@Z 10009aa0 f i Drcurve.obj
 0001:00008ac0       ?IsNormalNeeded@CDrObject@@UAEHXZ 10009ac0 f i Drcurve.obj
 0001:00008ae0       ?SetNormalNeed@CDrObject@@UAEXH@Z 10009ae0 f i Drcurve.obj
 0001:00008b00       ?IsCulled@CDrObject@@UAEHXZ 10009b00 f i Drcurve.obj
 0001:00008b20       ?SetCulled@CDrObject@@UAEXH@Z 10009b20 f i Drcurve.obj
 0001:00008b40       ?IsSkewed@CDrObject@@UAEHXZ 10009b40 f i Drcurve.obj
 0001:00008b60       ?SetSkewed@CDrObject@@UAEXH@Z 10009b60 f i Drcurve.obj
 0001:00008b80       ?IsLinSpr@CDrObject@@UAEHXZ 10009b80 f i Drcurve.obj
 0001:00008ba0       ?SetLinSpr@CDrObject@@UAEXH@Z 10009ba0 f i Drcurve.obj
 0001:00008bc0       ?IsLinSnu@CDrObject@@UAEHXZ 10009bc0 f i Drcurve.obj
 0001:00008be0       ?SetLinSnu@CDrObject@@UAEXH@Z 10009be0 f i Drcurve.obj
 0001:00008c00       ?CullWorld@CDrObject@@UAEHUWORLD@@@Z 10009c00 f i Drcurve.obj
 0001:00008c20       ?CullScreen@CDrObject@@UAEHPAUMATRIX@@@Z 10009c20 f i Drcurve.obj
 0001:00008c40       ?Calc_CentroidWorld@CDrObject@@UAEXXZ 10009c40 f i Drcurve.obj
 0001:00008c60       ?Calc_CentroidEye@CDrObject@@UAEXXZ 10009c60 f i Drcurve.obj
 0001:00008c80       ?Calc_CentroidScreen3D@CDrObject@@UAEXNN@Z 10009c80 f i Drcurve.obj
 0001:00008ca0       ?Calc_NormalWorld@CDrObject@@UAEXXZ 10009ca0 f i Drcurve.obj
 0001:00008cc0       ?TransformNormalToEye@CDrObject@@UAEXPAUMATRIX@@@Z 10009cc0 f i Drcurve.obj
 0001:00008ce0       ?ProjectNormalToScreen3D@CDrObject@@UAEXPAUMATRIX@@NN@Z 10009ce0 f i Drcurve.obj
 0001:00008d00       ?GetNormalWorld@CDrObject@@UAEPAUWORLD@@XZ 10009d00 f i Drcurve.obj
 0001:00008d20       ?SetNormalWorld@CDrObject@@UAEXUWORLD@@@Z 10009d20 f i Drcurve.obj
 0001:00008d40       ?GetNormalEye@CDrObject@@UAEPAUWORLD@@XZ 10009d40 f i Drcurve.obj
 0001:00008d60       ?SetNormalEye@CDrObject@@UAEXUWORLD@@@Z 10009d60 f i Drcurve.obj
 0001:00008d80       ?GetNormalScreen3D@CDrObject@@UAEPAUWORLD@@XZ 10009d80 f i Drcurve.obj
 0001:00008da0       ?SetNormalScreen3D@CDrObject@@UAEXUWORLD@@@Z 10009da0 f i Drcurve.obj
 0001:00008dc0       ?GetNormalScreen2D@CDrObject@@UAEPAUtagPOINT@@XZ 10009dc0 f i Drcurve.obj
 0001:00008de0       ?SetNormalScreen2D@CDrObject@@UAEXUtagPOINT@@@Z 10009de0 f i Drcurve.obj
 0001:00008e00       ?GetObjectList@CDrObject@@UAEPAVCDListMgr@@XZ 10009e00 f i Drcurve.obj
 0001:00008e20       ?GetBoundingRect@CDrObject@@QAE?AVCRect@@XZ 10009e20 f i Drcurve.obj
 0001:00008e60       ?GetRInfo@CDrObject@@QAEPAURENDINFO@@XZ 10009e60 f i Drcurve.obj
 0001:00008e80       ?IsParallel@CDrObject@@QAEHXZ 10009e80 f i Drcurve.obj
 0001:00008ea0       ?GetnView@CDrObject@@QAEHXZ 10009ea0 f i Drcurve.obj
 0001:00008ec0       ?GetdzMin@CDrObject@@QAENXZ 10009ec0 f i Drcurve.obj
 0001:00008ee0       ?GetdScale_U@CDrObject@@QAENXZ 10009ee0 f i Drcurve.obj
 0001:00008f00       ?GetdScale_V@CDrObject@@QAENXZ 10009f00 f i Drcurve.obj
 0001:00008f20       ?GetpViewM@CDrObject@@QAEPAUMATRIX@@XZ 10009f20 f i Drcurve.obj
 0001:00008f40       ?Getpvv3DM@CDrObject@@QAEPAUMATRIX@@XZ 10009f40 f i Drcurve.obj
 0001:00008f60       ?GetpComposedM@CDrObject@@QAEPAUMATRIX@@XZ 10009f60 f i Drcurve.obj
 0001:00008f80       ?SetParallel@CDrObject@@QAEXH@Z 10009f80 f i Drcurve.obj
 0001:00008fb0       ?SetnView@CDrObject@@QAEXH@Z 10009fb0 f i Drcurve.obj
 0001:00008fe0       ?SetdzMin@CDrObject@@QAEXN@Z 10009fe0 f i Drcurve.obj
 0001:00009010       ?SetdScale_U@CDrObject@@QAEXN@Z 1000a010 f i Drcurve.obj
 0001:00009040       ?SetdScale_V@CDrObject@@QAEXN@Z 1000a040 f i Drcurve.obj
 0001:00009070       ?SetpViewM@CDrObject@@QAEXPAUMATRIX@@@Z 1000a070 f i Drcurve.obj
 0001:000090a0       ?Setpvv3DM@CDrObject@@QAEXPAUMATRIX@@@Z 1000a0a0 f i Drcurve.obj
 0001:000090d0       ?SetpComposedM@CDrObject@@QAEXPAUMATRIX@@@Z 1000a0d0 f i Drcurve.obj
 0001:00009100       ?GetLevelType@CDrObject@@QAEHXZ 1000a100 f i Drcurve.obj
 0001:00009120       ?SetLevelType@CDrObject@@QAEXH@Z 1000a120 f i Drcurve.obj
 0001:00009150       ?GetObjectID@CDrObject@@QAE?AVCString@@XZ 1000a150 f i Drcurve.obj
 0001:00009190       ?SetObjectID@CDrObject@@QAEXVCString@@@Z 1000a190 f i Drcurve.obj
 0001:000091f0       ?GetObjectNo@CDrObject@@QAEJXZ 1000a1f0 f i Drcurve.obj
 0001:00009210       ?SetObjectNo@CDrObject@@QAEXJ@Z 1000a210 f i Drcurve.obj
 0001:00009240       ?GetObjectType@CDrObject@@QAEHXZ 1000a240 f i Drcurve.obj
 0001:00009260       ?SetObjectType@CDrObject@@QAEXH@Z 1000a260 f i Drcurve.obj
 0001:00009290       ?GetElemType@CDrObject@@QAEHXZ 1000a290 f i Drcurve.obj
 0001:000092b0       ?SetElemType@CDrObject@@QAEXH@Z 1000a2b0 f i Drcurve.obj
 0001:000092e0       ?GetPenInfo@CDrObject@@QAEXAAIAAK0@Z 1000a2e0 f i Drcurve.obj
 0001:00009320       ?SetPenInfo@CDrObject@@QAEXIKI@Z 1000a320 f i Drcurve.obj
 0001:00009360       ?GetPenInfoHi@CDrObject@@QAEXAAIAAK0@Z 1000a360 f i Drcurve.obj
 0001:000093a0       ?SetPenInfoHi@CDrObject@@QAEXIKI@Z 1000a3a0 f i Drcurve.obj
 0001:000093e0       ?GetLayer@CDrObject@@QAEIXZ 1000a3e0 f i Drcurve.obj
 0001:00009400       ?SetLayer@CDrObject@@QAEXI@Z 1000a400 f i Drcurve.obj
 0001:00009430       ?IsClipped@CDrObject@@QAEHXZ 1000a430 f i Drcurve.obj
 0001:00009450       ?SetClipped@CDrObject@@QAEXH@Z 1000a450 f i Drcurve.obj
 0001:00009480       ?IsVirtual@CDrObject@@QAEHXZ 1000a480 f i Drcurve.obj
 0001:000094a0       ?SetVirtual@CDrObject@@QAEXH@Z 1000a4a0 f i Drcurve.obj
 0001:000094c0       ?IsShow@CDrObject@@QAEHXZ  1000a4c0 f i Drcurve.obj
 0001:000094e0       ?SetShow@CDrObject@@QAEXH@Z 1000a4e0 f i Drcurve.obj
 0001:00009510       ?GetParentID@CDrObject@@QAEAAVCString@@XZ 1000a510 f i Drcurve.obj
 0001:00009530       ?SetParentID@CDrObject@@QAEXAAVCString@@@Z 1000a530 f i Drcurve.obj
 0001:00009560       ?GetParentType@CDrObject@@QAEIXZ 1000a560 f i Drcurve.obj
 0001:00009580       ?SetParentType@CDrObject@@QAEXI@Z 1000a580 f i Drcurve.obj
 0001:000095a0       ?IsInstanced@CDrObject@@QAEHXZ 1000a5a0 f i Drcurve.obj
 0001:000095c0       ?SetInstanced@CDrObject@@QAEXH@Z 1000a5c0 f i Drcurve.obj
 0001:000095e0       ?GetMatObj@CDrObject@@QAEPAVCMatObj@@XZ 1000a5e0 f i Drcurve.obj
 0001:00009600       ?SetMatObj@CDrObject@@QAEXPAVCMatObj@@@Z 1000a600 f i Drcurve.obj
 0001:00009620       ?GetSpeLList@CDrObject@@QAEPAVCDListMgr@@XZ 1000a620 f i Drcurve.obj
 0001:00009640       ?GetDynLList@CDrObject@@QAEPAVCDListMgr@@XZ 1000a640 f i Drcurve.obj
 0001:00009660       ?GetStaLList@CDrObject@@QAEPAVCDListMgr@@XZ 1000a660 f i Drcurve.obj
 0001:00009680       ?GetSuppList@CDrObject@@QAEPAVCDListMgr@@XZ 1000a680 f i Drcurve.obj
 0001:000096a0       ?GetElemList@CDrObject@@QAEPAVCDListMgr@@XZ 1000a6a0 f i Drcurve.obj
 0001:000096c0       ?GetCurveList@CDrObject@@QAEPAVCDListMgr@@XZ 1000a6c0 f i Drcurve.obj
 0001:000096e0       ?GetCProfList@CDrObject@@QAEPAVCDListMgr@@XZ 1000a6e0 f i Drcurve.obj
 0001:00009700       ?GetPatchList@CDrObject@@QAEPAVCDListMgr@@XZ 1000a700 f i Drcurve.obj
 0001:00009720       ?GetSolidList@CDrObject@@QAEPAVCDListMgr@@XZ 1000a720 f i Drcurve.obj
 0001:00009740       ?GetObj3DList@CDrObject@@QAEPAVCDListMgr@@XZ 1000a740 f i Drcurve.obj
 0001:00009760       ?GetCNodeList@CDrObject@@QAEPAVCDListMgr@@XZ 1000a760 f i Drcurve.obj
 0001:00009780       ?GetINodeList@CDrObject@@QAEPAVCDListMgr@@XZ 1000a780 f i Drcurve.obj
 0001:000097a0       ?GetNodeList@CDrObject@@QAEPAVCDListMgr@@XZ 1000a7a0 f i Drcurve.obj
 0001:000097c0       ?GetLabelList@CDrObject@@QAEPAVCDListMgr@@XZ 1000a7c0 f i Drcurve.obj
 0001:000097e0       ?GetFE0DList@CDrObject@@QAEPAVCDListMgr@@XZ 1000a7e0 f i Drcurve.obj
 0001:00009800       ?GetFE1DList@CDrObject@@QAEPAVCDListMgr@@XZ 1000a800 f i Drcurve.obj
 0001:00009820       ?GetFE2DList@CDrObject@@QAEPAVCDListMgr@@XZ 1000a820 f i Drcurve.obj
 0001:00009840       ?GetFE3DList@CDrObject@@QAEPAVCDListMgr@@XZ 1000a840 f i Drcurve.obj
 0001:00009860       ?GetMs0List@CDrObject@@QAEPAVCDListMgr@@XZ 1000a860 f i Drcurve.obj
 0001:00009880       ?GetMs1List@CDrObject@@QAEPAVCDListMgr@@XZ 1000a880 f i Drcurve.obj
 0001:000098a0       ?GetMs2List@CDrObject@@QAEPAVCDListMgr@@XZ 1000a8a0 f i Drcurve.obj
 0001:000098c0       ?GetMs3List@CDrObject@@QAEPAVCDListMgr@@XZ 1000a8c0 f i Drcurve.obj
 0001:000098e0       ?GetMbj3DList@CDrObject@@QAEPAVCDListMgr@@XZ 1000a8e0 f i Drcurve.obj
 0001:00009900       ?GetM2DProfList@CDrObject@@QAEPAVCDListMgr@@XZ 1000a900 f i Drcurve.obj
 0001:00009920       ?GetM3DProfList@CDrObject@@QAEPAVCDListMgr@@XZ 1000a920 f i Drcurve.obj
 0001:00009940       ?GetMbjProfList@CDrObject@@QAEPAVCDListMgr@@XZ 1000a940 f i Drcurve.obj
 0001:00009960       ?GetScreen2DCorner@CDrObject@@UAE?AUtagPOINT@@H@Z 1000a960 f i Drcurve.obj
 0001:000099a0       ?SetScreen2DCorner@CDrObject@@UAEXUtagPOINT@@H@Z 1000a9a0 f i Drcurve.obj
 0001:000099d0       ?GetSpawnType@CDrObject@@QAE?AW4SPAWNTYPE@@XZ 1000a9d0 f i Drcurve.obj
 0001:000099f0       ?SetSpawnType@CDrObject@@QAEXW4SPAWNTYPE@@@Z 1000a9f0 f i Drcurve.obj
 0001:00009a10       ?GetCategory@CDrObject@@QAE?AW4CATEGORY@@XZ 1000aa10 f i Drcurve.obj
 0001:00009a30       ?SetCategory@CDrObject@@QAEXW4CATEGORY@@@Z 1000aa30 f i Drcurve.obj
 0001:00009a50       ?GetSubCat@CDrObject@@QAE?AW4SUBCAT@@XZ 1000aa50 f i Drcurve.obj
 0001:00009a70       ?SetSubCat@CDrObject@@QAEXW4SUBCAT@@@Z 1000aa70 f i Drcurve.obj
 0001:00009a90       ?GetElemDimLim@CDrObject@@QAE?AW4ELEMDIMLIM@@XZ 1000aa90 f i Drcurve.obj
 0001:00009ab0       ?SetElemDimLim@CDrObject@@QAEXW4ELEMDIMLIM@@@Z 1000aab0 f i Drcurve.obj
 0001:00009ad0       ?IsDirty@CDrObject@@QAEHXZ 1000aad0 f i Drcurve.obj
 0001:00009b00       ?SetDirty@CDrObject@@QAEXH@Z 1000ab00 f i Drcurve.obj
 0001:00009b30       ?IsMoved@CDrObject@@QAEHXZ 1000ab30 f i Drcurve.obj
 0001:00009b50       ?SetMoved@CDrObject@@QAEXH@Z 1000ab50 f i Drcurve.obj
 0001:00009b80       ?IsEdited@CDrObject@@QAEHXZ 1000ab80 f i Drcurve.obj
 0001:00009ba0       ?SetEdited@CDrObject@@QAEXH@Z 1000aba0 f i Drcurve.obj
 0001:00009bd0       ?IsPosted@CDrObject@@QAEHXZ 1000abd0 f i Drcurve.obj
 0001:00009bf0       ?SetPosted@CDrObject@@QAEXH@Z 1000abf0 f i Drcurve.obj
 0001:00009c20       ?IsDeleted@CDrObject@@QAEHXZ 1000ac20 f i Drcurve.obj
 0001:00009c40       ?SetDeleted@CDrObject@@QAEXH@Z 1000ac40 f i Drcurve.obj
 0001:00009c70       ?IsToBeMoved@CDrObject@@QAEHXZ 1000ac70 f i Drcurve.obj
 0001:00009c90       ?SetToBeMoved@CDrObject@@QAEXH@Z 1000ac90 f i Drcurve.obj
 0001:00009cb0       ?IsToBeEdited@CDrObject@@QAEHXZ 1000acb0 f i Drcurve.obj
 0001:00009cd0       ?SetToBeEdited@CDrObject@@QAEXH@Z 1000acd0 f i Drcurve.obj
 0001:00009cf0       ?IsToBePosted@CDrObject@@QAEHXZ 1000acf0 f i Drcurve.obj
 0001:00009d10       ?SetToBePosted@CDrObject@@QAEXH@Z 1000ad10 f i Drcurve.obj
 0001:00009d30       ?IsToBeUnPosted@CDrObject@@QAEHXZ 1000ad30 f i Drcurve.obj
 0001:00009d50       ?SetToBeUnPosted@CDrObject@@QAEXH@Z 1000ad50 f i Drcurve.obj
 0001:00009d70       ?IsToBeDeleted@CDrObject@@QAEHXZ 1000ad70 f i Drcurve.obj
 0001:00009d90       ?SetToBeDeleted@CDrObject@@QAEXH@Z 1000ad90 f i Drcurve.obj
 0001:00009db0       ?IsFormatted@CDrObject@@QAEHXZ 1000adb0 f i Drcurve.obj
 0001:00009dd0       ?SetFormatted@CDrObject@@QAEXH@Z 1000add0 f i Drcurve.obj
 0001:00009df0       ?Parse_drPipe@CDrNode@@UAEPAUnodecard@@PAVCString@@@Z 1000adf0 f i Drcurve.obj
 0001:00009e10       ?GetNodeCard@CDrNode@@UAEPAUnodecard@@XZ 1000ae10 f i Drcurve.obj
 0001:00009e30       ?GetCardNo@CDrNode@@UAEHXZ 1000ae30 f i Drcurve.obj
 0001:00009e50       ?SetCardNo@CDrNode@@UAEXH@Z 1000ae50 f i Drcurve.obj
 0001:00009e80       ?DoFormattedCardView@CDrNode@@UAEXPAVCString@@AAV2@@Z 1000ae80 f i Drcurve.obj
 0001:00009ea0       ?DoUnFormattedCardView@CDrNode@@UAEXPAVCString@@@Z 1000aea0 f i Drcurve.obj
 0001:00009ec0       ?GetMaxCorners@CDrNode@@UAEHXZ 1000aec0 f i Drcurve.obj
 0001:00009ee0       ?GetCategory@CDrNode@@UAE?AW4CATEGORY@@XZ 1000aee0 f i Drcurve.obj
 0001:00009f00       ?SetCategory@CDrNode@@UAEXW4CATEGORY@@@Z 1000af00 f i Drcurve.obj
 0001:00009f20       ?GetPrecision@CDrNode@@UAEHXZ 1000af20 f i Drcurve.obj
 0001:00009f40       ?SetPrecision@CDrNode@@UAEXH@Z 1000af40 f i Drcurve.obj
 0001:00009f70       ?GetFormat@CDrNode@@QAE?AVCString@@XZ 1000af70 f i Drcurve.obj
 0001:00009fb0       ?SetFormat@CDrNode@@QAEXVCString@@@Z 1000afb0 f i Drcurve.obj
 0001:0000a010       ?GetMapFactor@CDrNode@@QAENXZ 1000b010 f i Drcurve.obj
 0001:0000a030       ?SetMapFactor@CDrNode@@QAEXN@Z 1000b030 f i Drcurve.obj
 0001:0000a060       ?GetScaleFactor@CDrNode@@QAENXZ 1000b060 f i Drcurve.obj
 0001:0000a080       ?SetScaleFactor@CDrNode@@QAEXN@Z 1000b080 f i Drcurve.obj
 0001:0000a0b0       ?GetMasterMultFac@CDrNode@@QAEJXZ 1000b0b0 f i Drcurve.obj
 0001:0000a0d0       ?SetMasterMultFac@CDrNode@@QAEXJ@Z 1000b0d0 f i Drcurve.obj
 0001:0000a100       ?GetLocalPos@CDrNode@@UAEPAUWORLD@@XZ 1000b100 f i Drcurve.obj
 0001:0000a120       ?SetLocalPos@CDrNode@@UAEXUWORLD@@@Z 1000b120 f i Drcurve.obj
 0001:0000a150       ?GetWorldPos@CDrNode@@UAEPAUWORLD@@XZ 1000b150 f i Drcurve.obj
 0001:0000a170       ?SetWorldPos@CDrNode@@UAEXUWORLD@@@Z 1000b170 f i Drcurve.obj
 0001:0000a1a0       ?GetEyePos@CDrNode@@UAEPAUWORLD@@XZ 1000b1a0 f i Drcurve.obj
 0001:0000a1c0       ?SetEyePos@CDrNode@@UAEXUWORLD@@@Z 1000b1c0 f i Drcurve.obj
 0001:0000a1f0       ?GetScreenPos3D@CDrNode@@UAEPAUWORLD@@XZ 1000b1f0 f i Drcurve.obj
 0001:0000a210       ?SetScreenPos3D@CDrNode@@UAEXUWORLD@@@Z 1000b210 f i Drcurve.obj
 0001:0000a240       ?GetScreenPos2D@CDrNode@@UAEPAUtagPOINT@@XZ 1000b240 f i Drcurve.obj
 0001:0000a260       ?SetScreenPos2D@CDrNode@@UAEXUtagPOINT@@@Z 1000b260 f i Drcurve.obj
 0001:0000a290       ?GetNormalWorld@CDrNode@@UAEPAUWORLD@@XZ 1000b290 f i Drcurve.obj
 0001:0000a2b0       ?SetNormalWorld@CDrNode@@UAEXUWORLD@@@Z 1000b2b0 f i Drcurve.obj
 0001:0000a2e0       ?GetNormalEye@CDrNode@@UAEPAUWORLD@@XZ 1000b2e0 f i Drcurve.obj
 0001:0000a300       ?SetNormalEye@CDrNode@@UAEXUWORLD@@@Z 1000b300 f i Drcurve.obj
 0001:0000a330       ?GetNormalScreen3D@CDrNode@@UAEPAUWORLD@@XZ 1000b330 f i Drcurve.obj
 0001:0000a350       ?SetNormalScreen3D@CDrNode@@UAEXUWORLD@@@Z 1000b350 f i Drcurve.obj
 0001:0000a380       ?GetNormalScreen2D@CDrNode@@UAEPAUtagPOINT@@XZ 1000b380 f i Drcurve.obj
 0001:0000a3a0       ?SetNormalScreen2D@CDrNode@@UAEXUtagPOINT@@@Z 1000b3a0 f i Drcurve.obj
 0001:0000a3d0       ?GetLabelNo@CDrNode@@QAEJXZ 1000b3d0 f i Drcurve.obj
 0001:0000a3f0       ?SetLabelNo@CDrNode@@QAEXJ@Z 1000b3f0 f i Drcurve.obj
 0001:0000a420       ?IsMeshNode@CDrNode@@QAEHXZ 1000b420 f i Drcurve.obj
 0001:0000a440       ?SetMeshNode@CDrNode@@QAEXH@Z 1000b440 f i Drcurve.obj
 0001:0000a470       ?IsGenerated@CDrNode@@QAEHXZ 1000b470 f i Drcurve.obj
 0001:0000a490       ?SetGenerated@CDrNode@@QAEXH@Z 1000b490 f i Drcurve.obj
 0001:0000a4c0       ?IsControlNode@CDrNode@@QAEHXZ 1000b4c0 f i Drcurve.obj
 0001:0000a4f0       ?SetControlNode@CDrNode@@QAEXH@Z 1000b4f0 f i Drcurve.obj
 0001:0000a520       ?GetInputMode@CDrNode@@QAEHXZ 1000b520 f i Drcurve.obj
 0001:0000a540       ?SetInputMode@CDrNode@@QAEXH@Z 1000b540 f i Drcurve.obj
 0001:0000a570       ?GetLength@CDrNode@@QAENXZ 1000b570 f i Drcurve.obj
 0001:0000a590       ?SetLength@CDrNode@@QAEXN@Z 1000b590 f i Drcurve.obj
 0001:0000a5c0       ?GetDelta@CDrNode@@QAEPAUWORLD@@XZ 1000b5c0 f i Drcurve.obj
 0001:0000a5e0       ?SetDelta@CDrNode@@QAEXUWORLD@@@Z 1000b5e0 f i Drcurve.obj
 0001:0000a610       ?GetFromID@CDrNode@@QAE?AVCString@@XZ 1000b610 f i Drcurve.obj
 0001:0000a650       ?SetFromID@CDrNode@@QAEXVCString@@@Z 1000b650 f i Drcurve.obj
 0001:0000a6b0       ?GetToID@CDrNode@@QAE?AVCString@@XZ 1000b6b0 f i Drcurve.obj
 0001:0000a6f0       ?SetToID@CDrNode@@QAEXVCString@@@Z 1000b6f0 f i Drcurve.obj
 0001:0000a750       ?IsRefCN@CDrNode@@QAEHXZ   1000b750 f i Drcurve.obj
 0001:0000a770       ?SetRefCN@CDrNode@@QAEXH@Z 1000b770 f i Drcurve.obj
 0001:0000a7a0       ?IsFromCN@CDrNode@@QAEHXZ  1000b7a0 f i Drcurve.obj
 0001:0000a7c0       ?SetFromCN@CDrNode@@QAEXH@Z 1000b7c0 f i Drcurve.obj
 0001:0000a7f0       ?IsToCN@CDrNode@@QAEHXZ    1000b7f0 f i Drcurve.obj
 0001:0000a810       ?SetToCN@CDrNode@@QAEXH@Z  1000b810 f i Drcurve.obj
 0001:0000a840       ?IsSkewed@CDrNode@@UAEHXZ  1000b840 f i Drcurve.obj
 0001:0000a860       ?SetSkewed@CDrNode@@UAEXH@Z 1000b860 f i Drcurve.obj
 0001:0000a890       ?IsLinSpr@CDrNode@@UAEHXZ  1000b890 f i Drcurve.obj
 0001:0000a8b0       ?SetLinSpr@CDrNode@@UAEXH@Z 1000b8b0 f i Drcurve.obj
 0001:0000a8e0       ?IsLinSnu@CDrNode@@UAEHXZ  1000b8e0 f i Drcurve.obj
 0001:0000a900       ?SetLinSnu@CDrNode@@UAEXH@Z 1000b900 f i Drcurve.obj
 0001:0000a930       ?GetSuppCardList@CDrNode@@QAEPAV?$CList@Usupportcard@@U1@@@XZ 1000b930 f i Drcurve.obj
 0001:0000a950       ?GetStaLCardList@CDrNode@@QAEPAV?$CList@UstaLcard@@U1@@@XZ 1000b950 f i Drcurve.obj
 0001:0000a970       ?IsDirty@CDrCurve@@UAEHXZ  1000b970 f i Drcurve.obj
 0001:0000a990       ?SetDirty@CDrCurve@@UAEXH@Z 1000b990 f i Drcurve.obj
 0001:0000a9c0       ?IsControlShapeNeeded@CDrCurve@@UAEHXZ 1000b9c0 f i Drcurve.obj
 0001:0000a9e0       ?SetControlShapeNeed@CDrCurve@@UAEXH@Z 1000b9e0 f i Drcurve.obj
 0001:0000aa10       ?IsPosted@CDrCurve@@UAEHXZ 1000ba10 f i Drcurve.obj
 0001:0000aa30       ?SetPosted@CDrCurve@@UAEXH@Z 1000ba30 f i Drcurve.obj
 0001:0000aa60       ?GetCN_BSList@CDrCurve@@QAEPAVCDListMgr@@XZ 1000ba60 f i Drcurve.obj
 0001:0000aa80       ?GetVNodeList@CDrCurve@@QAEPAVCDListMgr@@XZ 1000ba80 f i Drcurve.obj
 0001:0000aaa0       ?GetMeshElemDim@CDrCurve@@QAEHXZ 1000baa0 f i Drcurve.obj
 0001:0000aac0       ?SetMeshElemDim@CDrCurve@@QAEXH@Z 1000bac0 f i Drcurve.obj
 0001:0000aaf0       ?IsIso@CDrCurve@@QAEHXZ    1000baf0 f i Drcurve.obj
 0001:0000ab10       ?SetIso@CDrCurve@@QAEXH@Z  1000bb10 f i Drcurve.obj
 0001:0000ab40       ?GetIsoToID@CDrCurve@@QAEAAVCString@@XZ 1000bb40 f i Drcurve.obj
 0001:0000ab60       ?SetIsoToID@CDrCurve@@QAEXAAVCString@@@Z 1000bb60 f i Drcurve.obj
 0001:0000ab90       ?GetCompoType@CDrCurve@@QAEHXZ 1000bb90 f i Drcurve.obj
 0001:0000abb0       ?SetCompoType@CDrCurve@@QAEXH@Z 1000bbb0 f i Drcurve.obj
 0001:0000abe0       ?GetCompoID@CDrCurve@@QAEAAVCString@@XZ 1000bbe0 f i Drcurve.obj
 0001:0000ac00       ?SetCompoID@CDrCurve@@QAEXAAVCString@@@Z 1000bc00 f i Drcurve.obj
 0001:0000ac30       ?GetClass_S@CDrCurve@@QAEHXZ 1000bc30 f i Drcurve.obj
 0001:0000ac50       ?SetClass_S@CDrCurve@@QAEXH@Z 1000bc50 f i Drcurve.obj
 0001:0000ac80       ?GetOutSegUnif_S@CDrCurve@@QAEHXZ 1000bc80 f i Drcurve.obj
 0001:0000aca0       ?SetOutSegUnif_S@CDrCurve@@QAEXH@Z 1000bca0 f i Drcurve.obj
 0001:0000acd0       ?IsClosed_S@CDrCurve@@QAEHXZ 1000bcd0 f i Drcurve.obj
 0001:0000acf0       ?SetClosed_S@CDrCurve@@QAEXH@Z 1000bcf0 f i Drcurve.obj
 0001:0000ad20       ?GetCurveObjectType@CDrCurve@@QAEHXZ 1000bd20 f i Drcurve.obj
 0001:0000ad40       ?SetCurveObjectType@CDrCurve@@QAEXH@Z 1000bd40 f i Drcurve.obj
 0001:0000ad70       ?GetMaxINodes_S@CDrCurve@@QAEHXZ 1000bd70 f i Drcurve.obj
 0001:0000ad90       ?SetMaxINodes_S@CDrCurve@@QAEXH@Z 1000bd90 f i Drcurve.obj
 0001:0000adc0       ?GetMaxCNodes_S@CDrCurve@@QAEHXZ 1000bdc0 f i Drcurve.obj
 0001:0000ade0       ?SetMaxCNodes_S@CDrCurve@@QAEXH@Z 1000bde0 f i Drcurve.obj
 0001:0000ae10       ?GetMaxBezSegments_S@CDrCurve@@QAEHXZ 1000be10 f i Drcurve.obj
 0001:0000ae30       ?SetMaxBezSegments_S@CDrCurve@@QAEXH@Z 1000be30 f i Drcurve.obj
 0001:0000ae60       ?GetMaxOutPts_S@CDrCurve@@QAEHXZ 1000be60 f i Drcurve.obj
 0001:0000ae80       ?SetMaxOutPts_S@CDrCurve@@QAEXH@Z 1000be80 f i Drcurve.obj
 0001:0000aeb0       ?GetLongOutPts@CDrCurve@@QAEJXZ 1000beb0 f i Drcurve.obj
 0001:0000aed0       ?SetLongOutPts@CDrCurve@@QAEXJ@Z 1000bed0 f i Drcurve.obj
 0001:0000af00       ?GetCurveType_S@CDrCurve@@QAE?AW4CURVEPROC@@XZ 1000bf00 f i Drcurve.obj
 0001:0000af20       ?SetCurveType_S@CDrCurve@@QAEXW4CURVEPROC@@@Z 1000bf20 f i Drcurve.obj
 0001:0000af50       ?GetOutMethod@CDrCurve@@QAE?AW4CURVEOUTPUT@@XZ 1000bf50 f i Drcurve.obj
 0001:0000af70       ?GetAlfa@CDrCurve@@QAENXZ  1000bf70 f i Drcurve.obj
 0001:0000af90       ?GetBias@CDrCurve@@QAENXZ  1000bf90 f i Drcurve.obj
 0001:0000afb0       ?GetTension@CDrCurve@@QAENXZ 1000bfb0 f i Drcurve.obj
 0001:0000afd0       ?IsUniform_S@CDrCurve@@QAEHXZ 1000bfd0 f i Drcurve.obj
 0001:0000aff0       ?SetUniform_S@CDrCurve@@QAEXH@Z 1000bff0 f i Drcurve.obj
 0001:0000b020       ?SetOutMethod_S@CDrCurve@@QAEXW4CURVEOUTPUT@@@Z 1000c020 f i Drcurve.obj
 0001:0000b050       ?GetMaxOutSeg_S@CDrCurve@@QAEHXZ 1000c050 f i Drcurve.obj
 0001:0000b070       ?SetMaxOutSeg_S@CDrCurve@@QAEXH@Z 1000c070 f i Drcurve.obj
 0001:0000b0a0       ?GetDis_AngPointer_S@CDrCurve@@QAEPANXZ 1000c0a0 f i Drcurve.obj
 0001:0000b0c0       ?SetDis_AngPointer_S@CDrCurve@@QAEXPAN@Z 1000c0c0 f i Drcurve.obj
 0001:0000b0f0       ?GetNum_tPointer_S@CDrCurve@@QAEPAHXZ 1000c0f0 f i Drcurve.obj
 0001:0000b110       ?SetNum_tPointer_S@CDrCurve@@QAEXPAH@Z 1000c110 f i Drcurve.obj
 0001:0000b140       ?GetDis_tPointer_S@CDrCurve@@QAEPANXZ 1000c140 f i Drcurve.obj
 0001:0000b160       ?SetDis_tPointer_S@CDrCurve@@QAEXPAN@Z 1000c160 f i Drcurve.obj
 0001:0000b190       ?GetNum_tPointer_Ex_S@CDrCurve@@QAEPAHXZ 1000c190 f i Drcurve.obj
 0001:0000b1b0       ?SetNum_tPointer_Ex_S@CDrCurve@@QAEXPAH@Z 1000c1b0 f i Drcurve.obj
 0001:0000b1e0       ?GetnBSeg_Ex_S@CDrCurve@@QAEHXZ 1000c1e0 f i Drcurve.obj
 0001:0000b200       ?SetnBSeg_Ex_S@CDrCurve@@QAEXH@Z 1000c200 f i Drcurve.obj
 0001:0000b230       ?GetBSegPointer_Ex_S@CDrCurve@@QAEPAHXZ 1000c230 f i Drcurve.obj
 0001:0000b250       ?SetBSegPointer_Ex_S@CDrCurve@@QAEXPAH@Z 1000c250 f i Drcurve.obj
 0001:0000b280       ?SetAlfa@CDrCurve@@QAEXN@Z 1000c280 f i Drcurve.obj
 0001:0000b2b0       ?SetBias@CDrCurve@@QAEXN@Z 1000c2b0 f i Drcurve.obj
 0001:0000b2e0       ?SetTension@CDrCurve@@QAEXN@Z 1000c2e0 f i Drcurve.obj
 0001:0000b310       ?GetMemIn@CDrCurve@@QAEPAUWORLD@@XZ 1000c310 f i Drcurve.obj
 0001:0000b330       ?GetMemInWts@CDrCurve@@QAEPANXZ 1000c330 f i Drcurve.obj
 0001:0000b350       ?GetMemInDP@CDrCurve@@QAEPAUtagPOINT@@XZ 1000c350 f i Drcurve.obj
 0001:0000b370       ?GetMemOut@CDrCurve@@QAEPAUWORLD@@XZ 1000c370 f i Drcurve.obj
 0001:0000b390       ?GetMemOutWts@CDrCurve@@QAEPANXZ 1000c390 f i Drcurve.obj
 0001:0000b3b0       ?GetMemOutDP@CDrCurve@@QAEPAUtagPOINT@@XZ 1000c3b0 f i Drcurve.obj
 0001:0000b3d0       ?SetMemIn@CDrCurve@@QAEXPAUWORLD@@@Z 1000c3d0 f i Drcurve.obj
 0001:0000b400       ?SetMemInWts@CDrCurve@@QAEXPAN@Z 1000c400 f i Drcurve.obj
 0001:0000b430       ?SetMemInDP@CDrCurve@@QAEXPAUtagPOINT@@@Z 1000c430 f i Drcurve.obj
 0001:0000b460       ?SetMemOut@CDrCurve@@QAEXPAUWORLD@@@Z 1000c460 f i Drcurve.obj
 0001:0000b490       ?SetMemOutWts@CDrCurve@@QAEXPAN@Z 1000c490 f i Drcurve.obj
 0001:0000b4c0       ?SetMemOutDP@CDrCurve@@QAEXPAUtagPOINT@@@Z 1000c4c0 f i Drcurve.obj
 0001:0000b4f0       ?FixMemD@CDrCurve@@QAEPANJ@Z 1000c4f0 f i Drcurve.obj
 0001:0000b530       ?FreeMemD@CDrCurve@@QAEXPAN@Z 1000c530 f i Drcurve.obj
 0001:0000b560       ?FixMem@CDrCurve@@QAEPAUWORLD@@J@Z 1000c560 f i Drcurve.obj
 0001:0000b5a0       ?FreeMem@CDrCurve@@QAEXPAUWORLD@@@Z 1000c5a0 f i Drcurve.obj
 0001:0000b5d0       ?FixMemDP@CDrCurve@@QAEPAUtagPOINT@@J@Z 1000c5d0 f i Drcurve.obj
 0001:0000b610       ?FreeMemDP@CDrCurve@@QAEXPAUtagPOINT@@@Z 1000c610 f i Drcurve.obj
 0001:0000b640       ?GetData_S@CDrCurve@@QAEHXZ 1000c640 f i Drcurve.obj
 0001:0000b660       ?SetData_S@CDrCurve@@QAEXH@Z 1000c660 f i Drcurve.obj
 0001:0000b690       ?GetOrder_S@CDrCurve@@QAEHXZ 1000c690 f i Drcurve.obj
 0001:0000b6b0       ?SetOrder_S@CDrCurve@@QAEXH@Z 1000c6b0 f i Drcurve.obj
 0001:0000b6e0       ?GetKnotType_S@CDrCurve@@QAE?AW4KNOT@@XZ 1000c6e0 f i Drcurve.obj
 0001:0000b700       ?SetKnotType_S@CDrCurve@@QAEXW4KNOT@@@Z 1000c700 f i Drcurve.obj
 0001:0000b730       ?GetWtType_S@CDrCurve@@QAE?AW4WEIGHT@@XZ 1000c730 f i Drcurve.obj
 0001:0000b750       ?SetWtType_S@CDrCurve@@QAEXW4WEIGHT@@@Z 1000c750 f i Drcurve.obj
 0001:0000b780       ?GetBCL_S@CDrCurve@@QAE?AW4BOUNDARY@@XZ 1000c780 f i Drcurve.obj
 0001:0000b7a0       ?SetBCL_S@CDrCurve@@QAEXW4BOUNDARY@@@Z 1000c7a0 f i Drcurve.obj
 0001:0000b7d0       ?GetBCR_S@CDrCurve@@QAE?AW4BOUNDARY@@XZ 1000c7d0 f i Drcurve.obj
 0001:0000b7f0       ?SetBCR_S@CDrCurve@@QAEXW4BOUNDARY@@@Z 1000c7f0 f i Drcurve.obj
 0001:0000b820       ?GetTanL_S@CDrCurve@@QAE?AUVECTOR@@XZ 1000c820 f i Drcurve.obj
 0001:0000b850       ?SetTanL_S@CDrCurve@@QAEXUVECTOR@@@Z 1000c850 f i Drcurve.obj
 0001:0000b880       ?GetTanR_S@CDrCurve@@QAE?AUVECTOR@@XZ 1000c880 f i Drcurve.obj
 0001:0000b8b0       ?SetTanR_S@CDrCurve@@QAEXUVECTOR@@@Z 1000c8b0 f i Drcurve.obj
 0001:0000b8e0       ?GetnCon_BS_S@CDrCurve@@QAEHXZ 1000c8e0 f i Drcurve.obj
 0001:0000b900       ?SetnCon_BS_S@CDrCurve@@QAEXH@Z 1000c900 f i Drcurve.obj
 0001:0000b930       ?GetnCon_BZ_S@CDrCurve@@QAEHXZ 1000c930 f i Drcurve.obj
 0001:0000b950       ?SetnCon_BZ_S@CDrCurve@@QAEXH@Z 1000c950 f i Drcurve.obj
 0001:0000b980       ?GetnMKnots_S@CDrCurve@@QAEHXZ 1000c980 f i Drcurve.obj
 0001:0000b9a0       ?SetnMKnots_S@CDrCurve@@QAEXH@Z 1000c9a0 f i Drcurve.obj
 0001:0000b9d0       ?GetnKnots_S@CDrCurve@@QAEHXZ 1000c9d0 f i Drcurve.obj
 0001:0000b9f0       ?SetnKnots_S@CDrCurve@@QAEXH@Z 1000c9f0 f i Drcurve.obj
 0001:0000ba20       ?GetnDim_S@CDrCurve@@QAEHXZ 1000ca20 f i Drcurve.obj
 0001:0000ba40       ?SetnDim_S@CDrCurve@@QAEXH@Z 1000ca40 f i Drcurve.obj
 0001:0000ba70       ?GetpMKnots_S@CDrCurve@@QAEPANXZ 1000ca70 f i Drcurve.obj
 0001:0000ba90       ?SetpMKnots_S@CDrCurve@@QAEXPAN@Z 1000ca90 f i Drcurve.obj
 0001:0000bac0       ?GetpWts_BS_S@CDrCurve@@QAEPANXZ 1000cac0 f i Drcurve.obj
 0001:0000bae0       ?SetpWts_BS_S@CDrCurve@@QAEXPAN@Z 1000cae0 f i Drcurve.obj
 0001:0000bb10       ?GetpKnots_S@CDrCurve@@QAEPANXZ 1000cb10 f i Drcurve.obj
 0001:0000bb30       ?SetpKnots_S@CDrCurve@@QAEXPAN@Z 1000cb30 f i Drcurve.obj
 0001:0000bb60       ?GetpWts_DT_S@CDrCurve@@QAEPANXZ 1000cb60 f i Drcurve.obj
 0001:0000bb80       ?SetpWts_DT_S@CDrCurve@@QAEXPAN@Z 1000cb80 f i Drcurve.obj
 0001:0000bbb0       ?GetpWts_BZ_S@CDrCurve@@QAEPANXZ 1000cbb0 f i Drcurve.obj
 0001:0000bbd0       ?SetpWts_BZ_S@CDrCurve@@QAEXPAN@Z 1000cbd0 f i Drcurve.obj
 0001:0000bc00       ?GetFromIDNode_S@CDrCurve@@QAEPAVCDrNode@@XZ 1000cc00 f i Drcurve.obj
 0001:0000bc20       ?SetFromIDNode_S@CDrCurve@@QAEXPAVCDrNode@@@Z 1000cc20 f i Drcurve.obj
 0001:0000bc50       ?GetToIDNode_S@CDrCurve@@QAEPAVCDrNode@@XZ 1000cc50 f i Drcurve.obj
 0001:0000bc70       ?SetToIDNode_S@CDrCurve@@QAEXPAVCDrNode@@@Z 1000cc70 f i Drcurve.obj
 0001:0000bca0       ?GetData_Ex_S@CDrCurve@@QAEHXZ 1000cca0 f i Drcurve.obj
 0001:0000bcc0       ?SetData_Ex_S@CDrCurve@@QAEXH@Z 1000ccc0 f i Drcurve.obj
 0001:0000bcf0       ?IsExpanded_S@CDrCurve@@QAEHXZ 1000ccf0 f i Drcurve.obj
 0001:0000bd10       ?SetExpanded_S@CDrCurve@@QAEXH@Z 1000cd10 f i Drcurve.obj
 0001:0000bd40       ?GetMaxENodes_S@CDrCurve@@QAEHXZ 1000cd40 f i Drcurve.obj
 0001:0000bd60       ?SetMaxENodes_S@CDrCurve@@QAEXH@Z 1000cd60 f i Drcurve.obj
 0001:0000bd90       ?GetRadius_S@CDrCurve@@QAENXZ 1000cd90 f i Drcurve.obj
 0001:0000bdb0       ?SetRadius_S@CDrCurve@@QAEXN@Z 1000cdb0 f i Drcurve.obj
 0001:0000bde0       ?GetTheta_S@CDrCurve@@QAENXZ 1000cde0 f i Drcurve.obj
 0001:0000be00       ?SetTheta_S@CDrCurve@@QAEXN@Z 1000ce00 f i Drcurve.obj
 0001:0000be30       ?GetCenter_S@CDrCurve@@QAE?AUWORLD@@XZ 1000ce30 f i Drcurve.obj
 0001:0000be60       ?SetCenter_S@CDrCurve@@QAEXUWORLD@@@Z 1000ce60 f i Drcurve.obj
 0001:0000bec0       ?GetNormal_S@CDrCurve@@QAE?AUWORLD@@XZ 1000cec0 f i Drcurve.obj
 0001:0000bef0       ?SetNormal_S@CDrCurve@@QAEXUWORLD@@@Z 1000cef0 f i Drcurve.obj
 0001:0000bf50       ?GetSegAngle_S@CDrCurve@@QAENXZ 1000cf50 f i Drcurve.obj
 0001:0000bf70       ?SetSegAngle_S@CDrCurve@@QAEXN@Z 1000cf70 f i Drcurve.obj
 0001:0000bfa0       ?GetCNode_CC@CDrCurve@@QAEPAVCDrNode@@XZ 1000cfa0 f i Drcurve.obj
 0001:0000bfc0       ?SetCNode_CC@CDrCurve@@QAEXPAVCDrNode@@@Z 1000cfc0 f i Drcurve.obj
 0001:0000bff0       ?GetCNode_TI@CDrCurve@@QAEPAVCDrNode@@XZ 1000cff0 f i Drcurve.obj
 0001:0000c010       ?SetCNode_TI@CDrCurve@@QAEXPAVCDrNode@@@Z 1000d010 f i Drcurve.obj
 0001:0000c040       ?GetCNode_CA@CDrCurve@@QAEPAVCDrNode@@XZ 1000d040 f i Drcurve.obj
 0001:0000c060       ?SetCNode_CA@CDrCurve@@QAEXPAVCDrNode@@@Z 1000d060 f i Drcurve.obj
 0001:0000c090       ?GetCNode_CB@CDrCurve@@QAEPAVCDrNode@@XZ 1000d090 f i Drcurve.obj
 0001:0000c0b0       ?SetCNode_CB@CDrCurve@@QAEXPAVCDrNode@@@Z 1000d0b0 f i Drcurve.obj
 0001:0000c0e0       ?IsHole_S@CDrCurve@@QAEHXZ 1000d0e0 f i Drcurve.obj
 0001:0000c100       ?SetHole_S@CDrCurve@@QAEXH@Z 1000d100 f i Drcurve.obj
 0001:0000c130       ?GetpTangents_S@CDrCurve@@QAEPAUWORLD@@XZ 1000d130 f i Drcurve.obj
 0001:0000c150       ?SetpTangents_S@CDrCurve@@QAEXPAUWORLD@@@Z 1000d150 f i Drcurve.obj
 0001:0000c180       ?GetpCurvatures_S@CDrCurve@@QAEPANXZ 1000d180 f i Drcurve.obj
 0001:0000c1a0       ?SetpCurvatures_S@CDrCurve@@QAEXPAN@Z 1000d1a0 f i Drcurve.obj
 0001:0000c1d0       ?GetRatio_S@CDrCurve@@QAENXZ 1000d1d0 f i Drcurve.obj
 0001:0000c1f0       ?SetRatio_S@CDrCurve@@QAEXN@Z 1000d1f0 f i Drcurve.obj
 0001:0000c220       ?IsAxisInput@CDrCurve@@QAEHXZ 1000d220 f i Drcurve.obj
 0001:0000c240       ?SetAxisInput@CDrCurve@@QAEXH@Z 1000d240 f i Drcurve.obj
 0001:0000c270       ?GetAxis@CDrCurve@@QAEHXZ  1000d270 f i Drcurve.obj
 0001:0000c290       ?SetAxis@CDrCurve@@QAEXH@Z 1000d290 f i Drcurve.obj
 0001:0000c2c0       ?IsNegative@CDrCurve@@QAEHXZ 1000d2c0 f i Drcurve.obj
 0001:0000c2e0       ?SetNegative@CDrCurve@@QAEXH@Z 1000d2e0 f i Drcurve.obj
 0001:0000c310       ?GetCircleType@CDrCurve@@QAE?AW4CIRCLETYPE@@XZ 1000d310 f i Drcurve.obj
 0001:0000c330       ?SetCircleType@CDrCurve@@QAEXW4CIRCLETYPE@@@Z 1000d330 f i Drcurve.obj
 0001:0000c360       ?GetInputType@CDrCurve@@QAEHXZ 1000d360 f i Drcurve.obj
 0001:0000c380       ?SetInputType@CDrCurve@@QAEXH@Z 1000d380 f i Drcurve.obj
 0001:0000c3b0       ?IsArcType@CDrCurve@@QAEHXZ 1000d3b0 f i Drcurve.obj
 0001:0000c3d0       ?SetArcType@CDrCurve@@QAEXH@Z 1000d3d0 f i Drcurve.obj
 0001:0000c400       ?GetElperSegList_S@CDrCurve@@QAEPAV?$CList@HH@@XZ 1000d400 f i Drcurve.obj
 0001:0000c420       ?IsSkewed@CDrCurve@@UAEHXZ 1000d420 f i Drcurve.obj
 0001:0000c440       ?SetSkewed@CDrCurve@@UAEXH@Z 1000d440 f i Drcurve.obj
 0001:0000c470       ?IsLinSpr@CDrCurve@@UAEHXZ 1000d470 f i Drcurve.obj
 0001:0000c490       ?SetLinSpr@CDrCurve@@UAEXH@Z 1000d490 f i Drcurve.obj
 0001:0000c4c0       ?IsLinSnu@CDrCurve@@UAEHXZ 1000d4c0 f i Drcurve.obj
 0001:0000c4e0       ?SetLinSnu@CDrCurve@@UAEXH@Z 1000d4e0 f i Drcurve.obj
 0001:0000c510       ?CullWorld@CDrCurve@@UAEHUWORLD@@@Z 1000d510 f i Drcurve.obj
 0001:0000c530       ?CullScreen@CDrCurve@@UAEHPAUMATRIX@@@Z 1000d530 f i Drcurve.obj
 0001:0000c550       ?Calc_CentroidWorld@CDrCurve@@UAEXXZ 1000d550 f i Drcurve.obj
 0001:0000c570       ?Calc_CentroidEye@CDrCurve@@UAEXXZ 1000d570 f i Drcurve.obj
 0001:0000c590       ?Calc_CentroidScreen3D@CDrCurve@@UAEXNN@Z 1000d590 f i Drcurve.obj
 0001:0000c5b0       ?Calc_NormalWorld@CDrCurve@@UAEXXZ 1000d5b0 f i Drcurve.obj
 0001:0000c5d0       ?TransformNormalToEye@CDrCurve@@UAEXPAUMATRIX@@@Z 1000d5d0 f i Drcurve.obj
 0001:0000c5f0       ?ProjectNormalToScreen3D@CDrCurve@@UAEXPAUMATRIX@@NN@Z 1000d5f0 f i Drcurve.obj
 0001:0000c610       ?GetNormalWorld@CDrCurve@@UAEPAUWORLD@@XZ 1000d610 f i Drcurve.obj
 0001:0000c630       ?SetNormalWorld@CDrCurve@@UAEXUWORLD@@@Z 1000d630 f i Drcurve.obj
 0001:0000c650       ?GetNormalEye@CDrCurve@@UAEPAUWORLD@@XZ 1000d650 f i Drcurve.obj
 0001:0000c670       ?SetNormalEye@CDrCurve@@UAEXUWORLD@@@Z 1000d670 f i Drcurve.obj
 0001:0000c690       ?GetNormalScreen3D@CDrCurve@@UAEPAUWORLD@@XZ 1000d690 f i Drcurve.obj
 0001:0000c6b0       ?SetNormalScreen3D@CDrCurve@@UAEXUWORLD@@@Z 1000d6b0 f i Drcurve.obj
 0001:0000c6d0       ?GetNormalScreen2D@CDrCurve@@UAEPAUtagPOINT@@XZ 1000d6d0 f i Drcurve.obj
 0001:0000c6f0       ?SetNormalScreen2D@CDrCurve@@UAEXUtagPOINT@@@Z 1000d6f0 f i Drcurve.obj
 0001:0000c710       ?GetNodTopoList@CDrCurve@@QAEPAVCDListMgr@@XZ 1000d710 f i Drcurve.obj
 0001:0000c730       ?GetSuppCardList@CDrCurve@@QAEPAV?$CList@Usupportcard@@U1@@@XZ 1000d730 f i Drcurve.obj
 0001:0000c750       ?GetStaLCardList@CDrCurve@@QAEPAV?$CList@UstaLcard@@U1@@@XZ 1000d750 f i Drcurve.obj
 0001:0000c770       ?GetBndryPtList@CDrCurve@@QAEPAV?$CList@UWORLD@@U1@@@XZ 1000d770 f i Drcurve.obj
 0001:0000c790       ?GetBezierType@CDrCurve@@QAE?AW4BEZIERTYPE@@XZ 1000d790 f i Drcurve.obj
 0001:0000c7b0       ?SetBezierType@CDrCurve@@QAEXW4BEZIERTYPE@@@Z 1000d7b0 f i Drcurve.obj
 0001:0000c7e0       ?CreateObject@CDrCurve@@SGPAVCObject@@XZ 1000d7e0 f   Drcurve.obj
 0001:0000c850       ?_GetBaseClass@CDrCurve@@KGPAUCRuntimeClass@@XZ 1000d850 f   Drcurve.obj
 0001:0000c870       ?GetRuntimeClass@CDrCurve@@UBEPAUCRuntimeClass@@XZ 1000d870 f   Drcurve.obj
 0001:0000c8d0       ??0AFX_CLASSINIT@@QAE@PAUCRuntimeClass@@@Z 1000d8d0 f i Drcurve.obj
 0001:0000c900       ??5@YGAAVCArchive@@AAV0@AAPAVCDrCurve@@@Z 1000d900 f   Drcurve.obj
 0001:0000c930       ??0CDrCurve@@QAE@XZ        1000d930 f   Drcurve.obj
 0001:0000ce50       ??_GCDrCurve@@UAEPAXI@Z    1000de50 f i Drcurve.obj
 0001:0000ce90       ??_ECDrCurve@@UAEPAXI@Z    1000de90 f i Drcurve.obj
 0001:0000cf10       ??1CDrCurve@@UAE@XZ        1000df10 f   Drcurve.obj
 0001:0000d2e0       ?ReadyToDelete@CDrCurve@@UAEXXZ 1000e2e0 f   Drcurve.obj
 0001:0000d680       ??1supportcard@@QAE@XZ     1000e680 f i Drcurve.obj
 0001:0000d700       ??1staLcard@@QAE@XZ        1000e700 f i Drcurve.obj
 0001:0000d7c0       ?DealObjectDialog@CDrCurve@@UAEHXZ 1000e7c0 f   Drcurve.obj
 0001:0000d7e0       ?SetObjectInfo@CDrCurve@@UAEXPAVCDrObject@@@Z 1000e7e0 f   Drcurve.obj
 0001:0000e340       ?GetObjectInfo@CDrCurve@@UAEXPAVCDrObject@@@Z 1000f340 f   Drcurve.obj
 0001:0000ee90       ?DoDataView@CDrCurve@@UAEXPAVCDC@@H@Z 1000fe90 f   Drcurve.obj
 0001:0000ef10       ?Pack_drPipe@CDrCurve@@UAEXPAVCString@@@Z 1000ff10 f   Drcurve.obj
 0001:0000f030       ?Get_EndTangent@CDrCurve@@QAEXAAUWORLD@@HN@Z 10010030 f   Drcurve.obj
 0001:0000f0c0       ?Get_EndTangent_Vector@CDrCurve@@QAEXAAUVECTOR@@HN@Z 100100c0 f   Drcurve.obj
 0001:0000f190       ?Get_TangentAtaNode_Vector@CDrCurve@@QAEXUWORLD@@AAUVECTOR@@N@Z 10010190 f   Drcurve.obj
 0001:0000f210       ?Calc_3DBoundsLocal@CDrCurve@@UAEHXZ 10010210 f   Drcurve.obj
 0001:0000f3c0       ?TransformObjectToWorld@CDrCurve@@UAEXPAUMATRIX@@H@Z 100103c0 f   Drcurve.obj
 0001:0000f3f0       ?TransformObjectToView@CDrCurve@@UAEXPAUMATRIX@@@Z 100103f0 f   Drcurve.obj
 0001:0000f430       ?Gen_XFormedCurveForDirtyDraw@CDrCurve@@IAEXXZ 10010430 f   Drcurve.obj
 0001:0000f650       ?RemoveHiddenObject@CDrCurve@@UAEHPAUMATRIX@@UWORLD@@H@Z 10010650 f   Drcurve.obj
 0001:0000f670       ?ProjectObject@CDrCurve@@UAEXPAUMATRIX@@NN@Z 10010670 f   Drcurve.obj
 0001:0000f6b0       ?TransformToWorldPos@CDrCurve@@IAEXPAUMATRIX@@H@Z 100106b0 f   Drcurve.obj
 0001:0000f980       ?TransformToEyePos@CDrCurve@@IAEXPAUMATRIX@@@Z 10010980 f   Drcurve.obj
 0001:0000fac0       ?ProjectToScreenPos@CDrCurve@@IAEXPAUMATRIX@@NN@Z 10010ac0 f   Drcurve.obj
 0001:0000fbf0       ?RefillCNEyePosForDirtyDraw@CDrCurve@@QAEXXZ 10010bf0 f   Drcurve.obj
 0001:0000fd10       ?RefillCNLocalPosForPosting@CDrCurve@@QAEXXZ 10010d10 f   Drcurve.obj
 0001:0000fe40       ?ProjectForDirtyDraw@CDrCurve@@IAEXPAUMATRIX@@NN@Z 10010e40 f   Drcurve.obj
 0001:0000ff60       ?Calc_ScreenRectFromCNodes@CDrCurve@@IAEXXZ 10010f60 f   Drcurve.obj
 0001:0000ff90       ?Rearrange3DCorners@CDrCurve@@IAEXPAUWORLD@@0@Z 10010f90 f   Drcurve.obj
 0001:00010070       ?Rearrange2DCorners@CDrCurve@@IAEXXZ 10011070 f   Drcurve.obj
 0001:00010100       ?FinishObject@CDrCurve@@MAEXXZ 10011100 f   Drcurve.obj
 0001:000102d0       ?InitDraw@CDrCurve@@UAEXPAVCDC@@HHPAUMATRIX@@1NNN@Z 100112d0 f   Drcurve.obj
 0001:000103e0       ?DoDrawView@CDrCurve@@UAEXPAVCDC@@H@Z 100113e0 f   Drcurve.obj
 0001:00010530       ?GoDoIt@CDrCurve@@IAEXPAVCDC@@@Z 10011530 f   Drcurve.obj
 0001:00010790       ?GoDoControlNodes@CDrCurve@@IAEXPAVCDC@@@Z 10011790 f   Drcurve.obj
 0001:000108e0       ?NumberOfCurves@CDrCurve@@QAEHW4CURVEPROC@@HPAHHH@Z 100118e0 f   Drcurve.obj
 0001:00010970       ?GenerateCurve@CDrCurve@@QAEHPAUWORLD@@PAN@Z 10011970 f   Drcurve.obj
 0001:00010d80       ?Get_TangentAtaNode@CDrCurve@@QAEHUWORLD@@AAU2@N@Z 10011d80 f   Drcurve.obj
 0001:00010e30       ?GenerateTangent@CDrCurve@@QAEHPAUWORLD@@@Z 10011e30 f   Drcurve.obj
 0001:00011200       ?IsKeyMatch@CDrCurve@@UAEHPAVCDrObject@@VCString@@I@Z 10012200 f   Drcurve.obj
 0001:000112c0       ?IsObjectHit@CDrCurve@@UAEHHUtagPOINT@@@Z 100122c0 f   Drcurve.obj
 0001:00011760       ?AppendToObject@CDrCurve@@QAEHPAVCDListMgr@@00000000@Z 10012760 f   Drcurve.obj
 0001:00011920       ?GetCurrentBezSeg_N_s@CDrCurve@@QAEHHAAHAAN@Z 10012920 f   Drcurve.obj
 0001:00011a10       ?GetAPointOnCurrentBezSeg@CDrCurve@@QAEHHPAUWORLD@@PAN@Z 10012a10 f   Drcurve.obj
 0001:00011b80       ?Serialize@CDrCurve@@UAEXAAVCArchive@@@Z 10012b80 f   Drcurve.obj
 0001:00011f00       ??0?$CList@Usupportcard@@U1@@@QAE@H@Z 10012f00 f i Drcurve.obj
 0001:00011fc0       ?IsEmpty@?$CList@Usupportcard@@U1@@@QBEHXZ 10012fc0 f i Drcurve.obj
 0001:00011ff0       ?RemoveHead@?$CList@Usupportcard@@U1@@@QAE?AUsupportcard@@XZ 10012ff0 f i Drcurve.obj
 0001:00012130       ?AddTail@?$CList@Usupportcard@@U1@@@QAEXPAV1@@Z 10013130 f i Drcurve.obj
 0001:000121d0       ?RemoveAll@?$CList@Usupportcard@@U1@@@QAEXXZ 100131d0 f i Drcurve.obj
 0001:00012260       ??1?$CList@Usupportcard@@U1@@@UAE@XZ 10013260 f i Drcurve.obj
 0001:000122e0       ?Serialize@?$CList@Usupportcard@@U1@@@UAEXAAVCArchive@@@Z 100132e0 f i Drcurve.obj
 0001:00012430       ?Dump@?$CList@Usupportcard@@U1@@@UBEXAAVCDumpContext@@@Z 10013430 f i Drcurve.obj
 0001:000124d0       ?AssertValid@?$CList@Usupportcard@@U1@@@UBEXXZ 100134d0 f i Drcurve.obj
 0001:000125a0       ??0?$CList@UstaLcard@@U1@@@QAE@H@Z 100135a0 f i Drcurve.obj
 0001:00012660       ?IsEmpty@?$CList@UstaLcard@@U1@@@QBEHXZ 10013660 f i Drcurve.obj
 0001:00012690       ?RemoveHead@?$CList@UstaLcard@@U1@@@QAE?AUstaLcard@@XZ 10013690 f i Drcurve.obj
 0001:000127d0       ?AddTail@?$CList@UstaLcard@@U1@@@QAEXPAV1@@Z 100137d0 f i Drcurve.obj
 0001:00012870       ?RemoveAll@?$CList@UstaLcard@@U1@@@QAEXXZ 10013870 f i Drcurve.obj
 0001:00012900       ??1?$CList@UstaLcard@@U1@@@UAE@XZ 10013900 f i Drcurve.obj
 0001:00012980       ?Serialize@?$CList@UstaLcard@@U1@@@UAEXAAVCArchive@@@Z 10013980 f i Drcurve.obj
 0001:00012ad0       ?Dump@?$CList@UstaLcard@@U1@@@UBEXAAVCDumpContext@@@Z 10013ad0 f i Drcurve.obj
 0001:00012b70       ?AssertValid@?$CList@UstaLcard@@U1@@@UBEXXZ 10013b70 f i Drcurve.obj
 0001:00012c40       ??0?$CList@UWORLD@@U1@@@QAE@H@Z 10013c40 f i Drcurve.obj
 0001:00012d00       ?IsEmpty@?$CList@UWORLD@@U1@@@QBEHXZ 10013d00 f i Drcurve.obj
 0001:00012d30       ?AddTail@?$CList@UWORLD@@U1@@@QAEXPAV1@@Z 10013d30 f i Drcurve.obj
 0001:00012dc0       ??1?$CList@UWORLD@@U1@@@UAE@XZ 10013dc0 f i Drcurve.obj
 0001:00012e40       ?Serialize@?$CList@UWORLD@@U1@@@UAEXAAVCArchive@@@Z 10013e40 f i Drcurve.obj
 0001:00012f30       ?Dump@?$CList@UWORLD@@U1@@@UBEXAAVCDumpContext@@@Z 10013f30 f i Drcurve.obj
 0001:00012fd0       ?AssertValid@?$CList@UWORLD@@U1@@@UBEXXZ 10013fd0 f i Drcurve.obj
 0001:000130a0       ??0?$CList@HH@@QAE@H@Z     100140a0 f i Drcurve.obj
 0001:00013160       ?IsEmpty@?$CList@HH@@QBEHXZ 10014160 f i Drcurve.obj
 0001:00013190       ?AddTail@?$CList@HH@@QAEXPAV1@@Z 10014190 f i Drcurve.obj
 0001:00013220       ?RemoveAll@?$CList@HH@@QAEXXZ 10014220 f i Drcurve.obj
 0001:000132b0       ??1?$CList@HH@@UAE@XZ      100142b0 f i Drcurve.obj
 0001:00013330       ?Serialize@?$CList@HH@@UAEXAAVCArchive@@@Z 10014330 f i Drcurve.obj
 0001:00013420       ?Dump@?$CList@HH@@UBEXAAVCDumpContext@@@Z 10014420 f i Drcurve.obj
 0001:000134c0       ?AssertValid@?$CList@HH@@UBEXXZ 100144c0 f i Drcurve.obj
 0001:00013590       ??_E?$CList@Usupportcard@@U1@@@UAEPAXI@Z 10014590 f i Drcurve.obj
 0001:00013590       ??_G?$CList@Usupportcard@@U1@@@UAEPAXI@Z 10014590 f i Drcurve.obj
 0001:000135d0       ??0supportcard@@QAE@ABU0@@Z 100145d0 f i Drcurve.obj
 0001:000137c0       ??0supportcard@@QAE@XZ     100147c0 f i Drcurve.obj
 0001:00013840       ??_E?$CList@UstaLcard@@U1@@@UAEPAXI@Z 10014840 f i Drcurve.obj
 0001:00013840       ??_G?$CList@UstaLcard@@U1@@@UAEPAXI@Z 10014840 f i Drcurve.obj
 0001:00013880       ??0staLcard@@QAE@ABU0@@Z   10014880 f i Drcurve.obj
 0001:00013b70       ??0staLcard@@QAE@XZ        10014b70 f i Drcurve.obj
 0001:00013c40       ??_G?$CList@UWORLD@@U1@@@UAEPAXI@Z 10014c40 f i Drcurve.obj
 0001:00013c40       ??_E?$CList@UWORLD@@U1@@@UAEPAXI@Z 10014c40 f i Drcurve.obj
 0001:00013c80       ??_E?$CList@HH@@UAEPAXI@Z  10014c80 f i Drcurve.obj
 0001:00013c80       ??_G?$CList@HH@@UAEPAXI@Z  10014c80 f i Drcurve.obj
 0001:00013cc0       ?AddTail@?$CList@Usupportcard@@U1@@@QAEPAU__POSITION@@Usupportcard@@@Z 10014cc0 f i Drcurve.obj
 0001:00013d80       ?GetHeadPosition@?$CList@Usupportcard@@U1@@@QBEPAU__POSITION@@XZ 10014d80 f i Drcurve.obj
 0001:00013da0       ?GetNext@?$CList@Usupportcard@@U1@@@QAEAAUsupportcard@@AAPAU__POSITION@@@Z 10014da0 f i Drcurve.obj
 0001:00013e00       ?FreeNode@?$CList@Usupportcard@@U1@@@IAEXPAUCNode@1@@Z 10014e00 f i Drcurve.obj
 0001:00013e80       ?DestructElements@@YGXPAUsupportcard@@H@Z 10014e80 f i Drcurve.obj
 0001:00013f00       ?SerializeElements@@YGXAAVCArchive@@PAUsupportcard@@H@Z 10014f00 f i Drcurve.obj
 0001:00013f90       ?DumpElements@@YGXAAVCDumpContext@@PBUsupportcard@@H@Z 10014f90 f i Drcurve.obj
 0001:00013fe0       ?AddTail@?$CList@UstaLcard@@U1@@@QAEPAU__POSITION@@UstaLcard@@@Z 10014fe0 f i Drcurve.obj
 0001:000140a0       ?GetHeadPosition@?$CList@UstaLcard@@U1@@@QBEPAU__POSITION@@XZ 100150a0 f i Drcurve.obj
 0001:000140c0       ?GetNext@?$CList@UstaLcard@@U1@@@QAEAAUstaLcard@@AAPAU__POSITION@@@Z 100150c0 f i Drcurve.obj
 0001:00014120       ?FreeNode@?$CList@UstaLcard@@U1@@@IAEXPAUCNode@1@@Z 10015120 f i Drcurve.obj
 0001:000141a0       ?DestructElements@@YGXPAUstaLcard@@H@Z 100151a0 f i Drcurve.obj
 0001:00014220       ?SerializeElements@@YGXAAVCArchive@@PAUstaLcard@@H@Z 10015220 f i Drcurve.obj
 0001:000142b0       ?DumpElements@@YGXAAVCDumpContext@@PBUstaLcard@@H@Z 100152b0 f i Drcurve.obj
 0001:00014300       ?AddTail@?$CList@UWORLD@@U1@@@QAEPAU__POSITION@@UWORLD@@@Z 10015300 f i Drcurve.obj
 0001:00014380       ?RemoveAll@?$CList@UWORLD@@U1@@@QAEXXZ 10015380 f i Drcurve.obj
 0001:00014410       ?GetHeadPosition@?$CList@UWORLD@@U1@@@QBEPAU__POSITION@@XZ 10015410 f i Drcurve.obj
 0001:00014430       ?GetNext@?$CList@UWORLD@@U1@@@QAEAAUWORLD@@AAPAU__POSITION@@@Z 10015430 f i Drcurve.obj
 0001:00014490       ?SerializeElements@@YGXAAVCArchive@@PAUWORLD@@H@Z 10015490 f i Drcurve.obj
 0001:00014510       ?DumpElements@@YGXAAVCDumpContext@@PBUWORLD@@H@Z 10015510 f i Drcurve.obj
 0001:00014560       ?AddTail@?$CList@HH@@QAEPAU__POSITION@@H@Z 10015560 f i Drcurve.obj
 0001:000145d0       ?GetHeadPosition@?$CList@HH@@QBEPAU__POSITION@@XZ 100155d0 f i Drcurve.obj
 0001:000145f0       ?GetNext@?$CList@HH@@QAEAAHAAPAU__POSITION@@@Z 100155f0 f i Drcurve.obj
 0001:00014650       ?DestructElements@@YGXPAHH@Z 10015650 f i Drcurve.obj
 0001:000146c0       ?SerializeElements@@YGXAAVCArchive@@PAHH@Z 100156c0 f i Drcurve.obj
 0001:00014740       ?DumpElements@@YGXAAVCDumpContext@@PBHH@Z 10015740 f i Drcurve.obj
 0001:00014790       ??4supportcard@@QAEAAU0@ABU0@@Z 10015790 f i Drcurve.obj
 0001:000149a0       ??_Gsupportcard@@QAEPAXI@Z 100159a0 f i Drcurve.obj
 0001:000149e0       ??4staLcard@@QAEAAU0@ABU0@@Z 100159e0 f i Drcurve.obj
 0001:00014cd0       ??_GstaLcard@@QAEPAXI@Z    10015cd0 f i Drcurve.obj
 0001:00014d10       ?NewNode@?$CList@Usupportcard@@U1@@@IAEPAUCNode@1@PAU21@0@Z 10015d10 f i Drcurve.obj
 0001:00014e40       ?NewNode@?$CList@UstaLcard@@U1@@@IAEPAUCNode@1@PAU21@0@Z 10015e40 f i Drcurve.obj
 0001:00014f70       ?NewNode@?$CList@UWORLD@@U1@@@IAEPAUCNode@1@PAU21@0@Z 10015f70 f i Drcurve.obj
 0001:00015090       ?DestructElements@@YGXPAUWORLD@@H@Z 10016090 f i Drcurve.obj
 0001:00015100       ?NewNode@?$CList@HH@@IAEPAUCNode@1@PAU21@0@Z 10016100 f i Drcurve.obj
 0001:00015220       ?ConstructElements@@YGXPAUsupportcard@@H@Z 10016220 f i Drcurve.obj
 0001:00015310       ??2@YAPAXIPAX@Z            10016310 f i Drcurve.obj
 0001:00015330       ??3@YAXPAX0@Z              10016330 f i Drcurve.obj
 0001:00015340       ?ConstructElements@@YGXPAUstaLcard@@H@Z 10016340 f i Drcurve.obj
 0001:00015430       ?ConstructElements@@YGXPAUWORLD@@H@Z 10016430 f i Drcurve.obj
 0001:000154c0       ?ConstructElements@@YGXPAHH@Z 100164c0 f i Drcurve.obj
 0001:00015550       ?SetzMin@CDrClip@@UAEXN@Z  10016550 f i Drnode.obj
 0001:00015580       ?GetzMin@CDrClip@@UAENXZ   10016580 f i Drnode.obj
 0001:000155a0       ?SetPerspective@CDrClip@@UAEXH@Z 100165a0 f i Drnode.obj
 0001:000155c0       ?GetPerspective@CDrClip@@UAEHXZ 100165c0 f i Drnode.obj
 0001:000155e0       ?SetCanonical@CDrClip@@UAEXH@Z 100165e0 f i Drnode.obj
 0001:00015600       ?GetCanonical@CDrClip@@UAEHXZ 10016600 f i Drnode.obj
 0001:00015620       ?CreateObject@CDrNode@@SGPAVCObject@@XZ 10016620 f   Drnode.obj
 0001:00015690       ?_GetBaseClass@CDrNode@@KGPAUCRuntimeClass@@XZ 10016690 f   Drnode.obj
 0001:000156b0       ?GetRuntimeClass@CDrNode@@UBEPAUCRuntimeClass@@XZ 100166b0 f   Drnode.obj
 0001:00015710       ??5@YGAAVCArchive@@AAV0@AAPAVCDrNode@@@Z 10016710 f   Drnode.obj
 0001:00015740       ??0CDrNode@@QAE@XZ         10016740 f   Drnode.obj
 0001:00015930       ??_GCDrNode@@UAEPAXI@Z     10016930 f i Drnode.obj
 0001:00015970       ??_ECDrNode@@UAEPAXI@Z     10016970 f i Drnode.obj
 0001:000159f0       ??0nodecard@@QAE@XZ        100169f0 f i Drnode.obj
 0001:00015a80       ??1nodecard@@QAE@XZ        10016a80 f i Drnode.obj
 0001:00015b10       ??1CDrNode@@UAE@XZ         10016b10 f   Drnode.obj
 0001:00015be0       ?ReadyToDelete@CDrNode@@UAEXXZ 10016be0 f   Drnode.obj
 0001:00016200       ?DealObjectDialog@CDrNode@@UAEHXZ 10017200 f   Drnode.obj
 0001:00016220       ?SetObjectInfo@CDrNode@@UAEXPAVCDrObject@@@Z 10017220 f   Drnode.obj
 0001:000166f0       ?GetObjectInfo@CDrNode@@UAEXPAVCDrObject@@@Z 100176f0 f   Drnode.obj
 0001:00016bc0       ?DoDataView@CDrNode@@UAEXPAVCDC@@H@Z 10017bc0 f   Drnode.obj
 0001:00016c40       ?Pack_drPipe@CDrNode@@UAEXPAVCString@@@Z 10017c40 f   Drnode.obj
 0001:00016f50       ?TransformObjectToWorld@CDrNode@@UAEXPAUMATRIX@@H@Z 10017f50 f   Drnode.obj
 0001:00016f80       ?TransformObjectToView@CDrNode@@UAEXPAUMATRIX@@@Z 10017f80 f   Drnode.obj
 0001:00016fb0       ?RemoveHiddenObject@CDrNode@@UAEHPAUMATRIX@@UWORLD@@H@Z 10017fb0 f   Drnode.obj
 0001:00016fd0       ?ProjectObject@CDrNode@@UAEXPAUMATRIX@@NN@Z 10017fd0 f   Drnode.obj
 0001:00017010       ?TransformToWorldPos@CDrNode@@IAEXPAUMATRIX@@H@Z 10018010 f   Drnode.obj
 0001:00017050       ?TransformToEyePos@CDrNode@@IAEXPAUMATRIX@@@Z 10018050 f   Drnode.obj
 0001:00017080       ?ProjectToScreenPos@CDrNode@@IAEXPAUMATRIX@@NN@Z 10018080 f   Drnode.obj
 0001:000170f0       ?Calc_ScreenRectFromCNodes@CDrNode@@IAEXXZ 100180f0 f   Drnode.obj
 0001:00017110       ?FinishObject@CDrNode@@UAEXXZ 10018110 f   Drnode.obj
 0001:000171c0       ?Calc_WorldPos@CDrNode@@QAEXPAUMATRIX@@H@Z 100181c0 f   Drnode.obj
 0001:00017290       ?Calc_EyePos@CDrNode@@QAEXPAUMATRIX@@@Z 10018290 f   Drnode.obj
 0001:00017330       ?ProjectToScreenPos3D@CDrNode@@QAEXPAUMATRIX@@@Z 10018330 f   Drnode.obj
 0001:000173d0       ?Calc_NormalWorld@CDrNode@@UAEXXZ 100183d0 f   Drnode.obj
 0001:00017490       ?Calc_NormalEye@CDrNode@@QAEXXZ 10018490 f   Drnode.obj
 0001:00017550       ?Calc_NormalScreen3D@CDrNode@@QAEXXZ 10018550 f   Drnode.obj
 0001:00017610       ?InitDraw@CDrNode@@UAEXPAVCDC@@HHPAUMATRIX@@1NNN@Z 10018610 f   Drnode.obj
 0001:00017830       ?DoDrawView@CDrNode@@UAEXPAVCDC@@H@Z 10018830 f   Drnode.obj
 0001:00017870       ?GoDoIt@CDrNode@@IAEXPAVCDC@@PAUtagPOINT@@H@Z 10018870 f   Drnode.obj
 0001:00017a80       ?IsKeyMatch@CDrNode@@UAEHPAVCDrObject@@VCString@@I@Z 10018a80 f   Drnode.obj
 0001:00017be0       ?Serialize@CDrNode@@UAEXAAVCArchive@@@Z 10018be0 f   Drnode.obj
 0001:00017fd0       ?IsObjectHit@CDrNode@@UAEHHUtagPOINT@@@Z 10018fd0 f   Drnode.obj
 0001:00018090       ?IsObjectHit@CDrNode@@UAEHNUWORLD@@@Z 10019090 f   Drnode.obj
 0001:00018150       ?IsSubDivided@CTriangle@@UAEHXZ 10019150 f i Drobj3d.obj
 0001:00018170       ?SetSubDivided@CTriangle@@UAEXH@Z 10019170 f i Drobj3d.obj
 0001:00018190       ?GetSubTriangleIndex@CTriangle@@UAEHH@Z 10019190 f i Drobj3d.obj
 0001:000181b0       ?SetSubTriangleIndex@CTriangle@@UAEXHH@Z 100191b0 f i Drobj3d.obj
 0001:000181e0       ?GetType@CTriangle@@UAEHXZ 100191e0 f i Drobj3d.obj
 0001:00018200       ?SetType@CTriangle@@UAEXH@Z 10019200 f i Drobj3d.obj
 0001:00018220       ?GetCNIndexList@CTriangle@@UAEPAV?$CList@HH@@XZ 10019220 f i Drobj3d.obj
 0001:00018240       ?GetPatIndex@CTriangle@@UAEHXZ 10019240 f i Drobj3d.obj
 0001:00018260       ?SetPatIndex@CTriangle@@UAEXH@Z 10019260 f i Drobj3d.obj
 0001:00018280       ?GetDegree@CTriangle@@UAEHXZ 10019280 f i Drobj3d.obj
 0001:000182a0       ?SetDegree@CTriangle@@UAEXH@Z 100192a0 f i Drobj3d.obj
 0001:000182c0       ?GetVertexIndex@CTriangle@@UAEHH@Z 100192c0 f i Drobj3d.obj
 0001:000182e0       ?SetVertexIndex@CTriangle@@UAEXHH@Z 100192e0 f i Drobj3d.obj
 0001:00018310       ?GetVertexIndex@CTriangle@@UAEPAHXZ 10019310 f i Drobj3d.obj
 0001:00018330       ?GetNebrVertexIndex@CTriangle@@UAEHH@Z 10019330 f i Drobj3d.obj
 0001:00018350       ?SetNebrVertexIndex@CTriangle@@UAEXHH@Z 10019350 f i Drobj3d.obj
 0001:00018380       ?GetNebrVertexIndex@CTriangle@@UAEPAHXZ 10019380 f i Drobj3d.obj
 0001:000183a0       ?GetNebrTriangleIndex@CTriangle@@UAEHH@Z 100193a0 f i Drobj3d.obj
 0001:000183c0       ?SetNebrTriangleIndex@CTriangle@@UAEXHH@Z 100193c0 f i Drobj3d.obj
 0001:000183f0       ?GetNebrTriangleIndex@CTriangle@@UAEPAHXZ 100193f0 f i Drobj3d.obj
 0001:00018410       ?GetOutSeg@CTriangle@@UAEHXZ 10019410 f i Drobj3d.obj
 0001:00018430       ?SetOutSeg@CTriangle@@UAEXH@Z 10019430 f i Drobj3d.obj
 0001:00018450       ?GetiOutGlo@CTriangle@@UAEHXZ 10019450 f i Drobj3d.obj
 0001:00018470       ?SetiOutGlo@CTriangle@@UAEXH@Z 10019470 f i Drobj3d.obj
 0001:000184a0       ?GetjOutGlo@CTriangle@@UAEHXZ 100194a0 f i Drobj3d.obj
 0001:000184c0       ?SetjOutGlo@CTriangle@@UAEXH@Z 100194c0 f i Drobj3d.obj
 0001:000184f0       ??1CTriangle@@UAE@XZ       100194f0 f i Drobj3d.obj
 0001:00018550       ??_GCTriangle@@UAEPAXI@Z   10019550 f i Drobj3d.obj
 0001:00018590       ??_ECTriangle@@UAEPAXI@Z   10019590 f i Drobj3d.obj
 0001:00018610       ?GetCategory@CDrPatch@@UAE?AW4CATEGORY@@XZ 10019610 f i Drobj3d.obj
 0001:00018630       ?SetCategory@CDrPatch@@UAEXW4CATEGORY@@@Z 10019630 f i Drobj3d.obj
 0001:00018650       ?IsNormalNeeded@CDrPatch@@UAEHXZ 10019650 f i Drobj3d.obj
 0001:00018670       ?SetNormalNeed@CDrPatch@@UAEXH@Z 10019670 f i Drobj3d.obj
 0001:000186a0       ?GetCurveType_T@CDrPatch@@QAE?AW4CURVEPROC@@XZ 100196a0 f i Drobj3d.obj
 0001:000186c0       ?SetCurveType_T@CDrPatch@@QAEXW4CURVEPROC@@@Z 100196c0 f i Drobj3d.obj
 0001:000186f0       ?GetOutSegUnif_T@CDrPatch@@QAEHXZ 100196f0 f i Drobj3d.obj
 0001:00018710       ?SetOutSegUnif_T@CDrPatch@@QAEXH@Z 10019710 f i Drobj3d.obj
 0001:00018740       ?IsClosed_T@CDrPatch@@QAEHXZ 10019740 f i Drobj3d.obj
 0001:00018760       ?SetClosed_T@CDrPatch@@QAEXH@Z 10019760 f i Drobj3d.obj
 0001:00018790       ?GetMaxBezSegments_T@CDrPatch@@QAEHXZ 10019790 f i Drobj3d.obj
 0001:000187b0       ?SetMaxBezSegments_T@CDrPatch@@QAEXH@Z 100197b0 f i Drobj3d.obj
 0001:000187e0       ?GetMaxCNodes_T@CDrPatch@@QAEHXZ 100197e0 f i Drobj3d.obj
 0001:00018800       ?SetMaxCNodes_T@CDrPatch@@QAEXH@Z 10019800 f i Drobj3d.obj
 0001:00018830       ?GetMaxOutPts_T@CDrPatch@@QAEHXZ 10019830 f i Drobj3d.obj
 0001:00018850       ?SetMaxOutPts_T@CDrPatch@@QAEXH@Z 10019850 f i Drobj3d.obj
 0001:00018880       ?GetNodes_S@CDrPatch@@QAEHXZ 10019880 f i Drobj3d.obj
 0001:000188a0       ?SetNodes_S@CDrPatch@@QAEXH@Z 100198a0 f i Drobj3d.obj
 0001:000188d0       ?GetNodes_T@CDrPatch@@QAEHXZ 100198d0 f i Drobj3d.obj
 0001:000188f0       ?SetNodes_T@CDrPatch@@QAEXH@Z 100198f0 f i Drobj3d.obj
 0001:00018920       ?GetPrimaryDir@CDrPatch@@QAEHXZ 10019920 f i Drobj3d.obj
 0001:00018940       ?SetPrimaryDir@CDrPatch@@QAEXH@Z 10019940 f i Drobj3d.obj
 0001:00018970       ?GetBlendCurve@CDrPatch@@QAEPAVCDrCurve@@XZ 10019970 f i Drobj3d.obj
 0001:00018990       ?SetBlendCurve@CDrPatch@@QAEXPAVCDrCurve@@@Z 10019990 f i Drobj3d.obj
 0001:000189c0       ?GetBlendCurve_U@CDrPatch@@QAEPAVCDrCurve@@XZ 100199c0 f i Drobj3d.obj
 0001:000189e0       ?SetBlendCurve_U@CDrPatch@@QAEXPAVCDrCurve@@@Z 100199e0 f i Drobj3d.obj
 0001:00018a10       ?GetBlendCurve_V@CDrPatch@@QAEPAVCDrCurve@@XZ 10019a10 f i Drobj3d.obj
 0001:00018a30       ?SetBlendCurve_V@CDrPatch@@QAEXPAVCDrCurve@@@Z 10019a30 f i Drobj3d.obj
 0001:00018a60       ?GetBlendCurve_W@CDrPatch@@QAEPAVCDrCurve@@XZ 10019a60 f i Drobj3d.obj
 0001:00018a80       ?SetBlendCurve_W@CDrPatch@@QAEXPAVCDrCurve@@@Z 10019a80 f i Drobj3d.obj
 0001:00018ab0       ?GetVCurveList@CDrPatch@@QAEPAVCDListMgr@@XZ 10019ab0 f i Drobj3d.obj
 0001:00018ad0       ?GetCurveList_U@CDrPatch@@QAEPAVCDListMgr@@XZ 10019ad0 f i Drobj3d.obj
 0001:00018af0       ?GetCurveList_V@CDrPatch@@QAEPAVCDListMgr@@XZ 10019af0 f i Drobj3d.obj
 0001:00018b10       ?GetCurveList_W@CDrPatch@@QAEPAVCDListMgr@@XZ 10019b10 f i Drobj3d.obj
 0001:00018b30       ?GetCurveLatchList_U@CDrPatch@@QAEPAV?$CList@W4CURVELATCH@@W41@@@XZ 10019b30 f i Drobj3d.obj
 0001:00018b50       ?GetCurveLatchList_V@CDrPatch@@QAEPAV?$CList@W4CURVELATCH@@W41@@@XZ 10019b50 f i Drobj3d.obj
 0001:00018b70       ?GetCurveLatchList_W@CDrPatch@@QAEPAV?$CList@W4CURVELATCH@@W41@@@XZ 10019b70 f i Drobj3d.obj
 0001:00018b90       ?IsAdvancedEnd_U@CDrPatch@@QAEHXZ 10019b90 f i Drobj3d.obj
 0001:00018bb0       ?SetAdvancedEnd_U@CDrPatch@@QAEXH@Z 10019bb0 f i Drobj3d.obj
 0001:00018be0       ?GetCornerTwist_U@CDrPatch@@QAEPAY01UWORLD@@XZ 10019be0 f i Drobj3d.obj
 0001:00018c00       ?SetCornerTwist_U@CDrPatch@@QAEXPAY01UWORLD@@@Z 10019c00 f i Drobj3d.obj
 0001:00018c30       ?GetTwistMethod_U@CDrPatch@@QAE?AW4TWIST@@XZ 10019c30 f i Drobj3d.obj
 0001:00018c50       ?SetTwistMethod_U@CDrPatch@@QAEXW4TWIST@@@Z 10019c50 f i Drobj3d.obj
 0001:00018c80       ?IsAdvancedEnd_V@CDrPatch@@QAEHXZ 10019c80 f i Drobj3d.obj
 0001:00018ca0       ?SetAdvancedEnd_V@CDrPatch@@QAEXH@Z 10019ca0 f i Drobj3d.obj
 0001:00018cd0       ?GetCornerTwist_V@CDrPatch@@QAEPAY01UWORLD@@XZ 10019cd0 f i Drobj3d.obj
 0001:00018cf0       ?SetCornerTwist_V@CDrPatch@@QAEXPAY01UWORLD@@@Z 10019cf0 f i Drobj3d.obj
 0001:00018d20       ?GetTwistMethod_V@CDrPatch@@QAE?AW4TWIST@@XZ 10019d20 f i Drobj3d.obj
 0001:00018d40       ?SetTwistMethod_V@CDrPatch@@QAEXW4TWIST@@@Z 10019d40 f i Drobj3d.obj
 0001:00018d70       ?GetEndList_U@CDrPatch@@QAEPAV?$CList@Ublendend@@U1@@@XZ 10019d70 f i Drobj3d.obj
 0001:00018d90       ?GetEndList_V@CDrPatch@@QAEPAV?$CList@Ublendend@@U1@@@XZ 10019d90 f i Drobj3d.obj
 0001:00018db0       ?GetElperSegList_T@CDrPatch@@QAEPAV?$CList@HH@@XZ 10019db0 f i Drobj3d.obj
 0001:00018dd0       ?GetCurveID@CDrPatch@@QAE?AVCString@@H@Z 10019dd0 f i Drobj3d.obj
 0001:00018e10       ?SetCurveID@CDrPatch@@QAEXVCString@@H@Z 10019e10 f i Drobj3d.obj
 0001:00018e70       ?GetBndryCurve@CDrPatch@@QAEPAVCDrCurve@@H@Z 10019e70 f i Drobj3d.obj
 0001:00018ea0       ?SetCurve@CDrPatch@@QAEXPAVCDrCurve@@H@Z 10019ea0 f i Drobj3d.obj
 0001:00018ed0       ?GetCurveLatch@CDrPatch@@QAE?AW4CURVELATCH@@H@Z 10019ed0 f i Drobj3d.obj
 0001:00018f00       ?SetCurveLatch@CDrPatch@@QAEXW4CURVELATCH@@H@Z 10019f00 f i Drobj3d.obj
 0001:00018f30       ?GetFromIDNode_T@CDrPatch@@QAEPAVCDrNode@@XZ 10019f30 f i Drobj3d.obj
 0001:00018f50       ?SetFromIDNode_T@CDrPatch@@QAEXPAVCDrNode@@@Z 10019f50 f i Drobj3d.obj
 0001:00018f80       ?GetToIDNode_T@CDrPatch@@QAEPAVCDrNode@@XZ 10019f80 f i Drobj3d.obj
 0001:00018fa0       ?SetToIDNode_T@CDrPatch@@QAEXPAVCDrNode@@@Z 10019fa0 f i Drobj3d.obj
 0001:00018fd0       ?GetFromPtLocal_T@CDrPatch@@QAEPAUWORLD@@XZ 10019fd0 f i Drobj3d.obj
 0001:00018ff0       ?SetFromPtLocal_T@CDrPatch@@QAEXUWORLD@@@Z 10019ff0 f i Drobj3d.obj
 0001:00019020       ?GetToPtLocal_T@CDrPatch@@QAEPAUWORLD@@XZ 1001a020 f i Drobj3d.obj
 0001:00019040       ?SetToPtLocal_T@CDrPatch@@QAEXUWORLD@@@Z 1001a040 f i Drobj3d.obj
 0001:00019070       ?GetFromPtWorld_T@CDrPatch@@QAEPAUWORLD@@XZ 1001a070 f i Drobj3d.obj
 0001:00019090       ?SetFromPtWorld_T@CDrPatch@@QAEXUWORLD@@@Z 1001a090 f i Drobj3d.obj
 0001:000190c0       ?GetToPtWorld_T@CDrPatch@@QAEPAUWORLD@@XZ 1001a0c0 f i Drobj3d.obj
 0001:000190e0       ?SetToPtWorld_T@CDrPatch@@QAEXUWORLD@@@Z 1001a0e0 f i Drobj3d.obj
 0001:00019110       ?GetFromPtEye_T@CDrPatch@@QAEPAUWORLD@@XZ 1001a110 f i Drobj3d.obj
 0001:00019130       ?SetFromPtEye_T@CDrPatch@@QAEXUWORLD@@@Z 1001a130 f i Drobj3d.obj
 0001:00019160       ?GetToPtEye_T@CDrPatch@@QAEPAUWORLD@@XZ 1001a160 f i Drobj3d.obj
 0001:00019180       ?SetToPtEye_T@CDrPatch@@QAEXUWORLD@@@Z 1001a180 f i Drobj3d.obj
 0001:000191b0       ?GetAxis_T@CDrPatch@@QAEPAUWORLD@@XZ 1001a1b0 f i Drobj3d.obj
 0001:000191d0       ?SetAxis_T@CDrPatch@@QAEXUWORLD@@@Z 1001a1d0 f i Drobj3d.obj
 0001:00019200       ?GetExtruType_T@CDrPatch@@QAEHXZ 1001a200 f i Drobj3d.obj
 0001:00019220       ?SetExtruType_T@CDrPatch@@QAEXH@Z 1001a220 f i Drobj3d.obj
 0001:00019250       ?GetLength_T@CDrPatch@@QAENXZ 1001a250 f i Drobj3d.obj
 0001:00019270       ?SetLength_T@CDrPatch@@QAEXN@Z 1001a270 f i Drobj3d.obj
 0001:000192a0       ?GetWorldLength_T@CDrPatch@@QAE?AUWORLD@@XZ 1001a2a0 f i Drobj3d.obj
 0001:000192d0       ?SetWorldLength_T@CDrPatch@@QAEXUWORLD@@@Z 1001a2d0 f i Drobj3d.obj
 0001:00019300       ?GetSegs_T@CDrPatch@@QAEHXZ 1001a300 f i Drobj3d.obj
 0001:00019320       ?SetSegs_T@CDrPatch@@QAEXH@Z 1001a320 f i Drobj3d.obj
 0001:00019350       ?IsAxisInput_T@CDrPatch@@QAEHXZ 1001a350 f i Drobj3d.obj
 0001:00019370       ?SetAxisInput_T@CDrPatch@@QAEXH@Z 1001a370 f i Drobj3d.obj
 0001:000193a0       ?GetAxisType_T@CDrPatch@@QAEHXZ 1001a3a0 f i Drobj3d.obj
 0001:000193c0       ?SetAxisType_T@CDrPatch@@QAEXH@Z 1001a3c0 f i Drobj3d.obj
 0001:000193f0       ?IsNegative_T@CDrPatch@@QAEHXZ 1001a3f0 f i Drobj3d.obj
 0001:00019410       ?SetNegative_T@CDrPatch@@QAEXH@Z 1001a410 f i Drobj3d.obj
 0001:00019440       ?GetCircleType_T@CDrPatch@@QAE?AW4CIRCLETYPE@@XZ 1001a440 f i Drobj3d.obj
 0001:00019460       ?SetCircleType_T@CDrPatch@@QAEXW4CIRCLETYPE@@@Z 1001a460 f i Drobj3d.obj
 0001:00019490       ?GetAng_1_T@CDrPatch@@QAENXZ 1001a490 f i Drobj3d.obj
 0001:000194b0       ?SetAng_1_T@CDrPatch@@QAEXN@Z 1001a4b0 f i Drobj3d.obj
 0001:000194e0       ?GetAng_2_T@CDrPatch@@QAENXZ 1001a4e0 f i Drobj3d.obj
 0001:00019500       ?SetAng_2_T@CDrPatch@@QAEXN@Z 1001a500 f i Drobj3d.obj
 0001:00019530       ?GetPatchProc@CDrPatch@@QAE?AW4PATCHPROC@@XZ 1001a530 f i Drobj3d.obj
 0001:00019550       ?SetPatchProc@CDrPatch@@QAEXW4PATCHPROC@@@Z 1001a550 f i Drobj3d.obj
 0001:00019580       ?GetPatchType@CDrPatch@@QAE?AW4PATCHTYPE@@XZ 1001a580 f i Drobj3d.obj
 0001:000195a0       ?SetPatchType@CDrPatch@@QAEXW4PATCHTYPE@@@Z 1001a5a0 f i Drobj3d.obj
 0001:000195d0       ?GetPatSubType@CDrPatch@@QAE?AW4PATSUBTYPE@@XZ 1001a5d0 f i Drobj3d.obj
 0001:000195f0       ?SetPatSubType@CDrPatch@@QAEXW4PATSUBTYPE@@@Z 1001a5f0 f i Drobj3d.obj
 0001:00019620       ?GetOut_S@CDrPatch@@QAEHXZ 1001a620 f i Drobj3d.obj
 0001:00019640       ?SetOut_S@CDrPatch@@QAEXH@Z 1001a640 f i Drobj3d.obj
 0001:00019670       ?GetOut_T@CDrPatch@@QAEHXZ 1001a670 f i Drobj3d.obj
 0001:00019690       ?SetOut_T@CDrPatch@@QAEXH@Z 1001a690 f i Drobj3d.obj
 0001:000196c0       ?GetTotalElems@CDrPatch@@QAEJXZ 1001a6c0 f i Drobj3d.obj
 0001:000196e0       ?SetTotalElems@CDrPatch@@QAEXJ@Z 1001a6e0 f i Drobj3d.obj
 0001:00019710       ?GetPtrTangents_S@CDrPatch@@QAEPAUWORLD@@XZ 1001a710 f i Drobj3d.obj
 0001:00019730       ?GetPtrTangents_T@CDrPatch@@QAEPAUWORLD@@XZ 1001a730 f i Drobj3d.obj
 0001:00019750       ?GetPtrNormals@CDrPatch@@QAEPAUWORLD@@XZ 1001a750 f i Drobj3d.obj
 0001:00019770       ?GetPtrTwists@CDrPatch@@QAEPAUWORLD@@XZ 1001a770 f i Drobj3d.obj
 0001:00019790       ?GetMemIn@CDrPatch@@UAEPAUWORLD@@H@Z 1001a790 f i Drobj3d.obj
 0001:000197c0       ?SetMemIn@CDrPatch@@UAEXPAUWORLD@@H@Z 1001a7c0 f i Drobj3d.obj
 0001:000197f0       ?SetMemIn@CDrPatch@@UAEXPAUWORLD@@@Z 1001a7f0 f i Drobj3d.obj
 0001:00019820       ?SetMemInDP@CDrPatch@@UAEXPAUtagPOINT@@@Z 1001a820 f i Drobj3d.obj
 0001:00019850       ?SetMemOut@CDrPatch@@UAEXPAUWORLD@@@Z 1001a850 f i Drobj3d.obj
 0001:00019880       ?SetMemOutDP@CDrPatch@@UAEXPAUtagPOINT@@@Z 1001a880 f i Drobj3d.obj
 0001:000198b0       ?IsUniform_T@CDrPatch@@QAEHXZ 1001a8b0 f i Drobj3d.obj
 0001:000198d0       ?SetUniform_T@CDrPatch@@QAEXH@Z 1001a8d0 f i Drobj3d.obj
 0001:00019900       ?GetClass_T@CDrPatch@@QAEHXZ 1001a900 f i Drobj3d.obj
 0001:00019920       ?SetClass_T@CDrPatch@@QAEXH@Z 1001a920 f i Drobj3d.obj
 0001:00019950       ?GetOrder_T@CDrPatch@@QAEHXZ 1001a950 f i Drobj3d.obj
 0001:00019970       ?SetOrder_T@CDrPatch@@QAEXH@Z 1001a970 f i Drobj3d.obj
 0001:000199a0       ?GetnDim_T@CDrPatch@@QAEHXZ 1001a9a0 f i Drobj3d.obj
[...]
 0002:00002c94       ??_C@_0CN@LGCL@CSolid4?3?3HO_MakeSolides?6nOut?5?$CB?$DN?5@ 1004ac94     Solid4.obj
 0002:00002cc4       ??_C@_0CJ@FAH@CSolid4?3?3HO_MakeSolides?6nOutS?5?$CB?$DN@ 1004acc4     Solid4.obj
 0002:00002cf0       ??_C@_0CK@MDGB@CSolid4?3?3HO_Make_A_Solid?6nOutST?5@ 1004acf0     Solid4.obj
 0002:00002d1c       ??_C@_0CD@GAHJ@pCon_S4T4?$FL?$CFd?$FN?$FL?$CFd?$FN?3?5Actually?$FL4?$FN?$FL4@ 1004ad1c     Solid4.obj
 0002:00002d40       ??_C@_0EF@DGGD@CSolid4?3?3HO_Make_A_Solid?9Just?5be@ 1004ad40     Solid4.obj
 0002:00002d88       ??_C@_0DC@HKLM@CSolid4?3?3TensorProduct_Surfaces?6@ 1004ad88     Solid4.obj
 0002:00002dc0       ?classCSolidHex@CSolidHex@@2UCRuntimeClass@@B 1004adc0     SolidHex.obj
 0002:00002dd8       ??_C@_09IDIH@CSolidHex?$AA@ 1004add8     SolidHex.obj
 0002:00002de4       ??_7CSolidHex@@6B@         1004ade4     SolidHex.obj
 0002:00002df8       ??_C@_0DC@PMD@CSolidHex?3?3HO_MakeSolides?6nOutST@ 1004adf8     SolidHex.obj
 0002:00002e2c       ??_C@_0CP@GOEO@CSolidHex?3?3HO_MakeSolides?6nOut?5?$CB@ 1004ae2c     SolidHex.obj
 0002:00002e5c       ??_C@_0CL@NODH@CSolidHex?3?3HO_MakeSolides?6nOutS?5@ 1004ae5c     SolidHex.obj
 0002:00002e88       ??_C@_0CM@FJLK@CSolidHex?3?3HO_Make_A_Solid?6nOutS@ 1004ae88     SolidHex.obj
 0002:00002eb4       ??_C@_0EH@JOIH@CSolidHex?3?3HO_Make_A_Solid?9Just?5@ 1004aeb4     SolidHex.obj
 0002:00002efc       ??_C@_0DE@MAF@CSolidHex?3?3TensorProduct_Surface@ 1004aefc     SolidHex.obj
 0002:00002f30       ?classCSolidPen@CSolidPen@@2UCRuntimeClass@@B 1004af30     SolidPen.obj
 0002:00002f48       ??_C@_09GEFK@CSolidPen?$AA@ 1004af48     SolidPen.obj
 0002:00002f54       ??_7CSolidPen@@6B@         1004af54     SolidPen.obj
 0002:00002f68       ??_C@_0CH@FHHG@ERROR?3?6CSolidPen?3?3MakeSolides?6nO@ 1004af68     SolidPen.obj
 0002:00002f90       ??_C@_0DB@IACK@ERROR?3?6CSolidPen?3?3MakeSolides?6nC@ 1004af90     SolidPen.obj
 0002:00002fc4       ??_C@_0CA@ELMG@pCon_UVW?$FL?$CFd?$FN?5and?5pWts_UVW?$FL?$CFd?$FN?3?6?$AA@ 1004afc4     SolidPen.obj
 0002:00002fe4       ??_C@_0BP@NBPL@Just?5in?5CSolidPen?3?3MakeSolides?$AA@ 1004afe4     SolidPen.obj
 0002:00003004       ??_C@_0CL@PHN@CSolidPen?3?3HO_Make_A_Solid?6nType@ 1004b004     SolidPen.obj
 0002:00003030       ??_C@_0CM@LBAJ@CSolidPen?3?3HO_Make_A_Solid?6nOutS@ 1004b030     SolidPen.obj
 0002:0000305c       ??_C@_0BO@ONJE@pCon_ST?$FL?$CFd?$FN?5and?5pWts_ST?$FL?$CFd?$FN?3?6?$AA@ 1004b05c     SolidPen.obj
 0002:0000307c       ??_C@_0EH@LLKB@CSolidPen?3?3HO_Make_A_Solid?9Just?5@ 1004b07c     SolidPen.obj
 0002:000030c4       ??_C@_0CD@IPOB@pOut_STR?$FL?$CFd?$FN?5and?5pOutWts_STR?$FL?$CFd?$FN@ 1004b0c4     SolidPen.obj
 0002:000030e8       ??_C@_0DK@IPHF@CSolidPen?3?3PentaHeds_3D?9Just?5aft@ 1004b0e8     SolidPen.obj
 0002:00003124       ??_C@_0CE@HNAL@CSolidPen?3?3Triangles_2D?6nPtActua@ 1004b124     SolidPen.obj
 0002:00003148       ??_C@_0DI@GDPN@ERROR?6CSolidPen?3?3Triangles?6PA_DE@ 1004b148     SolidPen.obj
 0002:00003180       ??_C@_0DL@JMDD@ERROR?6CSolidPen?3?3Triangles?6PA_MO@ 1004b180     SolidPen.obj
 0002:000031c0       ?classCSurface3@CSurface3@@2UCRuntimeClass@@B 1004b1c0     Surface3.obj
 0002:000031d8       ??_C@_09DCMI@CSurface3?$AA@ 1004b1d8     Surface3.obj
 0002:000031e4       ??_C@_0CN@IELL@ERROR?3?6CSurface3?3?3MakePatches?6nC@ 1004b1e4     Surface3.obj
 0002:00003214       ??_C@_0BP@ONGB@Just?5in?5CSurface3?3?3MakePatches?$AA@ 1004b214     Surface3.obj
 0002:00003234       ??_C@_0CD@FNPB@Just?5in?5CSurface3?3?3EX_Make_A_Pat@ 1004b234     Surface3.obj
 0002:00003258       ??_C@_0CG@LILG@CSurface3?3?3MakePatches?6nOutP?5?$CB?$DN?5@ 1004b258     Surface3.obj
 0002:00003280       ??_C@_0CL@CEOC@CSurface3?3?3EX_Make_A_Patch?6nType@ 1004b280     Surface3.obj
 0002:000032ac       ??_C@_0CE@EAAP@CSurface3?3?3Triangles_2D?6nPtActua@ 1004b2ac     Surface3.obj
 0002:000032d0       ??_C@_0DI@MFDH@ERROR?6CSurface3?3?3Triangles?6PA_DE@ 1004b2d0     Surface3.obj
 0002:00003308       ??_C@_0DL@KBIO@ERROR?6CSurface3?3?3Triangles?6PA_MO@ 1004b308     Surface3.obj
 0002:00003348       ?classCSurface4@CSurface4@@2UCRuntimeClass@@B 1004b348     Surface4.obj
 0002:00003360       ??_C@_09GHCN@CSurface4?$AA@ 1004b360     Surface4.obj
 0002:0000336c       ??_C@_0CK@MFOE@CSurface4?3?3HO_MakePatches?6nOutP?5@ 1004b36c     Surface4.obj
 0002:00003398       ??_C@_0EF@ODMH@Still?5in?5CSurface4?3?3HO_Make_A_Pa@ 1004b398     Surface4.obj
 0002:000033e0       ??_C@_0CK@FMEG@CSurface4?3?3HO_Make_A_Patch?6nOutU@ 1004b3e0     Surface4.obj
 0002:0000340c       ??_C@_0CH@IPNN@ppCon_V4?$FL?$CFd?$FN?3?5Actually?$FL4?$FN?$FL4?$FN?6iv?5@ 1004b40c     Surface4.obj
 0002:00003434       ??_C@_0DP@LFNP@Still?5in?5CSurface4?3?3HO_Make_A_Pa@ 1004b434     Surface4.obj
 0002:00003474       ??_C@_0CD@INLO@Just?5in?5CSurface4?3?3HO_Make_A_Pat@ 1004b474     Surface4.obj
 0002:00003498       ??_C@_0O@KHIK@MG_1?$FL?$CFd?$FN?$FL?$CFd?$FN?6?$AA@ 1004b498     Surface4.obj
 0002:000034a8       ??_C@_0CF@LFN@Just?5Leaving?6CSurface4?3?3HO_Compu@ 1004b4a8     Surface4.obj
 0002:000034d0       ??_C@_0N@GDEF@G_1?$FL?$CFd?$FN?$FL?$CFd?$FN?6?$AA@ 1004b4d0     Surface4.obj
 0002:000034e0       ??_C@_0BH@CGJP@?$CF2d?5?$CF7?42f?5?$CF7?42f?5?$CF7?42f?6?$AA@ 1004b4e0     Surface4.obj
 0002:000034f8       ??_C@_0L@HMJO@ppInC?$FL?$CFd?$FN?6?$AA@ 1004b4f8     Surface4.obj
 0002:00003504       ??_C@_0L@CBDO@ppWts?$FL?$CFd?$FN?6?$AA@ 1004b504     Surface4.obj
 0002:00003510       ??_C@_0CA@EIEA@Just?5in?5CSurface4?3?3HO_ComputeMG?$AA@ 1004b510     Surface4.obj
 0002:00003530       ??_C@_0CL@LBEO@CSurface4?3?3HO_Make_A_Curve_U?6nOu@ 1004b530     Surface4.obj
 0002:0000355c       ??_C@_0DE@NFD@CSurface4?3?3TensorProduct_Surface@ 1004b55c     Surface4.obj
 0002:00003590       ?classCTriangle@CTriangle@@2UCRuntimeClass@@B 1004b590     Triangle.obj
 0002:000035a8       ??_C@_09OCLI@CTriangle?$AA@ 1004b5a8     Triangle.obj
 0002:000035b8       _IID_IDocHostUIHandlerDispatch 1004b5b8     mfcs42d:stdafx.obj
 0002:000035c8       _IID_IInternalConnection   1004b5c8     mfcs42d:stdafx.obj
 0002:000035d8       _IID_IAxWinAmbientDispatch 1004b5d8     mfcs42d:stdafx.obj
 0002:000035e8       _IID_IAxWinHostWindow      1004b5e8     mfcs42d:stdafx.obj
 0002:000035f8       _IID_IRegistrar            1004b5f8     mfcs42d:stdafx.obj
 0002:00003608       _CLSID_Registrar           1004b608     mfcs42d:stdafx.obj
 0002:00003618       _LIBID_ATLLib              1004b618     mfcs42d:stdafx.obj
 0002:00003654       ??_C@_08JKC@crtdll?4c?$AA@ 1004b654     msvcrtd:crtdll.obj
 0002:00005c78       __IMPORT_DESCRIPTOR_Dr3D_D32 1004dc78     Dr3D_D32:Dr3D_D32.dll
 0002:00005c8c       __IMPORT_DESCRIPTOR_Spec_D32 1004dc8c     Spec_D32:Spec_D32.dll
 0002:00005ca0       __IMPORT_DESCRIPTOR_MFC42D 1004dca0     mfc42d:MFC42D.DLL
 0002:00005cb4       __IMPORT_DESCRIPTOR_MSVCRTD 1004dcb4     msvcrtd:MSVCRTD.dll
 0002:00005cc8       __NULL_IMPORT_DESCRIPTOR   1004dcc8     Dr3D_D32:Dr3D_D32.dll
 0003:00000000       ___xc_a                    10060000     msvcrtd:cinitexe.obj
 0003:00000020       ___xc_z                    10060020     msvcrtd:cinitexe.obj
 0003:00000024       ___xi_a                    10060024     msvcrtd:cinitexe.obj
 0003:00000028       ___xi_z                    10060028     msvcrtd:cinitexe.obj
 0003:00000050       ?__LINE__Var@?1??Tangent_t@CCurve@@QAEHPAUWORLD@@NHAAU3@@Z@4FA 10060050     Curve.obj
 0003:00000054       ?__LINE__Var@?1??Curvature_t@CCurve@@QAENPAUWORLD@@NH@Z@4FA 10060054     Curve.obj
 0003:00000058       ?__LINE__Var@?1??Rat_Tangent_t@CCurve@@QAEHPAUWORLD@@PANNHAAU3@@Z@4FA 10060058     Curve.obj
 0003:0000005c       ?__LINE__Var@?1??Rat_Tangent_t_for_Patch@CCurve@@QAEHPAUWORLD@@PANNH1AAU3@@Z@4FA 1006005c     Curve.obj
 0003:00000060       ?__LINE__Var@?1??Rat_Curvature_t@CCurve@@QAENPAUWORLD@@PANNH@Z@4FA 10060060     Curve.obj
 0003:000000d8       ?__LINE__Var@?1??HO_ComputeMG@CCurve_1@@QAEXPAY03NPAY01N0H@Z@4FA 100600d8     Curve_1.obj
 0003:000000dc       ?__LINE__Var@?1??GenerateCurve@CCurve_1@@QAEHW4CURVEOUTPUT@@HHPAUWORLD@@HPANPAH212HH@Z@4FA 100600dc     Curve_1.obj
 0003:000001a0       ?__LINE__Var@?1??HO_ComputeMG@CCurve_2@@QAEXPAY03NPAY02N0H@Z@4FA 100601a0     Curve_2.obj
 0003:000001a4       ?__LINE__Var@?1??GenerateCurve@CCurve_2@@QAEHW4CURVEOUTPUT@@HHPAUWORLD@@HPANPAH212HH@Z@4FA 100601a4     Curve_2.obj
 0003:000001a8       ?__LINE__Var@?1??MakeTangents@CCurve_2@@QAEHHHPAUWORLD@@HPANPAH10H@Z@4FA 100601a8     Curve_2.obj
 0003:000001ac       ?__LINE__Var@?1??MakeCurvatures@CCurve_2@@QAEHHHPAUWORLD@@HPANPAH11H@Z@4FA 100601ac     Curve_2.obj
 0003:00000460       ?__LINE__Var@?1??HO_ComputeMG@CCurve_3@@QAEXPAY03N00H@Z@4FA 10060460     Curve_3.obj
 0003:00000464       ?__LINE__Var@?1??GenerateCurve@CCurve_3@@QAEHW4CURVEOUTPUT@@HHPAUWORLD@@HPANPAH212HH@Z@4FA 10060464     Curve_3.obj
 0003:00000498       ?classCDrCurve@CDrCurve@@2UCRuntimeClass@@A 10060498     Drcurve.obj
 0003:000004b0       ?__LINE__Var@?1??SetObjectInfo@CDrCurve@@UAEXPAVCDrObject@@@Z@4FA 100604b0     Drcurve.obj
 0003:000004b4       ?__LINE__Var@?1??GetObjectInfo@CDrCurve@@UAEXPAVCDrObject@@@Z@4FA 100604b4     Drcurve.obj
 0003:000004b8       ?__LINE__Var@?1??Gen_XFormedCurveForDirtyDraw@CDrCurve@@IAEXXZ@4FA 100604b8     Drcurve.obj
 0003:000004bc       ?__LINE__Var@?1??GenerateCurve@CDrCurve@@QAEHPAUWORLD@@PAN@Z@4FA 100604bc     Drcurve.obj
 0003:000004c0       ?__LINE__Var@?1??GenerateTangent@CDrCurve@@QAEHPAUWORLD@@@Z@4FA 100604c0     Drcurve.obj
 0003:000004f8       ?classCDrNode@CDrNode@@2UCRuntimeClass@@A 100604f8     Drnode.obj
 0003:00000540       ?classCDrObj3D@CDrObj3D@@2UCRuntimeClass@@A 10060540     Drobj3d.obj
 0003:00000588       ?classCDrPatch@CDrPatch@@2UCRuntimeClass@@A 10060588     Drpatch.obj
 0003:000005d0       ?classCDrProf_C@CDrProf_C@@2UCRuntimeClass@@A 100605d0     Drprof_c.obj
 0003:00000618       ?classCDrProf_P@CDrProf_P@@2UCRuntimeClass@@A 10060618     Drprof_P.obj
 0003:00000660       ?classCDrSolid@CDrSolid@@2UCRuntimeClass@@A 10060660     Drsolid.obj
 0003:00000678       ?__LINE__Var@?1??Generate_SolidHex@CDrSolid@@QAEHPAUWORLD@@PAN@Z@4FA 10060678     Drsolid.obj
 0003:00000690       ?ElTypes@@3PAUeltypes@@A   10060690     OGen_dll.obj
 0003:000009c0       ?nMax_ElemTypes@@3HA       100609c0     OGen_dll.obj
 0003:000009c8       ?CuTypes@@3PAUcutypes@@A   100609c8     OGen_dll.obj
 0003:00000b44       ?nMax_CurveTypes@@3HA      10060b44     OGen_dll.obj
 0003:00000b48       ?PaTypes@@3PAUpatypes@@A   10060b48     OGen_dll.obj
 0003:00000cb0       ?nMax_PatchTypes@@3HA      10060cb0     OGen_dll.obj
 0003:00000cb8       ?SoTypes@@3PAUsotypes@@A   10060cb8     OGen_dll.obj
 0003:00000e20       ?nMax_SolidTypes@@3HA      10060e20     OGen_dll.obj
 0003:00000e48       __pRawDllMain              10060e48     OGen_dll.obj
 0003:00000e74       ?__LINE__Var@?1??SubDivide_U@CPat_SubDiv4@@QAEHPAUWORLD@@N0HHH@Z@4FA 10060e74     Pat_SubDiv4.obj
 0003:00000e78       ?__LINE__Var@?1??SubDivide_V@CPat_SubDiv4@@QAEHPAUWORLD@@N0HHH@Z@4FA 10060e78     Pat_SubDiv4.obj
 0003:00000e7c       ?__LINE__Var@?1??Rat_SubDivide_U@CPat_SubDiv4@@QAEHPAUWORLD@@PANN01HHH@Z@4FA 10060e7c     Pat_SubDiv4.obj
 0003:00000e80       ?__LINE__Var@?1??Rat_SubDivide_V@CPat_SubDiv4@@QAEHPAUWORLD@@PANN01HHH@Z@4FA 10060e80     Pat_SubDiv4.obj
 0003:00000eb4       ?__LINE__Var@?1??DC_GetTangentsForNormalAtaNode@CPat_Tan3@@QAEHUWORLD@@AAU3@1HHHHPAVCDListMgr@@PANPAU3@N@Z@4FA 10060eb4     Pat_Tan3.obj
 0003:00000eb8       ?__LINE__Var@?1??DC_GetTangentsForNormalAtaLIndex@CPat_Tan3@@IAEHHHHHHHPANPAUWORLD@@AAU3@2@Z@4FA 10060eb8     Pat_Tan3.obj
 0003:00000ebc       ?__LINE__Var@?1??DC_GetaTangentAtaNode@CPat_Tan3@@QAEHUWORLD@@AAU3@HHHHHPAVCDListMgr@@PANPAU3@N@Z@4FA 10060ebc     Pat_Tan3.obj
 0003:00000ec0       ?__LINE__Var@?1??DC_GetaTangentAtaLIndex@CPat_Tan3@@IAEHHHHHHHPANPAUWORLD@@AAU3@AAH@Z@4FA 10060ec0     Pat_Tan3.obj
 0003:00000ec4       ?__LINE__Var@?1??DC_MakeTangentsInOneDir@CPat_Tan3@@IAEHHHHHHPAVCDListMgr@@PANPAUWORLD@@2H@Z@4FA 10060ec4     Pat_Tan3.obj
 0003:00000ec8       ?__LINE__Var@?1??DC_Make_TangentsInOneDir_A_Patch@CPat_Tan3@@IAEHHHHHHHHHPANPAUWORLD@@1H@Z@4FA 10060ec8     Pat_Tan3.obj
 0003:00000ecc       ?__LINE__Var@?1??DC_MakeTangents@CPat_Tan3@@IAEHHHHHHPAVCDListMgr@@PANPAUWORLD@@22@Z@4FA 10060ecc     Pat_Tan3.obj
 0003:00000ed0       ?__LINE__Var@?1??DC_Make_Tangents_A_Patch@CPat_Tan3@@IAEHHHHHHHHHPANPAUWORLD@@11@Z@4FA 10060ed0     Pat_Tan3.obj
 0003:00000ed4       ?__LINE__Var@?1??Tangent_UV@CPat_Tan3@@IAEHPAUWORLD@@NNHHAAU3@@Z@4FA 10060ed4     Pat_Tan3.obj
 0003:00000ed8       ?__LINE__Var@?1??SubDivide@CPat_Tan3@@IAEHPAUWORLD@@NN0HH@Z@4FA 10060ed8     Pat_Tan3.obj
 0003:00000edc       ?__LINE__Var@?1??Rat_Tangent_UV@CPat_Tan3@@IAEHPAUWORLD@@PANNNHHAAU3@@Z@4FA 10060edc     Pat_Tan3.obj
 0003:00000ee0       ?__LINE__Var@?1??Rat_SubDivide@CPat_Tan3@@IAEHPAUWORLD@@PANNN01HH@Z@4FA 10060ee0     Pat_Tan3.obj
 0003:00000f14       ?__LINE__Var@?1??MakeTangents@CPat_Tan4@@QAEHHHHHHPAHPANHHHHH011PAUWORLD@@2@Z@4FA 10060f14     Pat_Tan4.obj
 0003:00000f18       ?__LINE__Var@?1??Make_Tangents_A_Patch@CPat_Tan4@@QAEHPAY03PAUWORLD@@PAY03PANHHHHPANHHHH2PAU3@HHH@Z@4FA 10060f18     Pat_Tan4.obj
 0003:00000f40       ?__LINE__Var@?1??MakeTwists@CPat_Twist4@@QAEHHHHHHPAHPANHHHHH01PAUWORLD@@2@Z@4FA 10060f40     Pat_Twist4.obj
 0003:00000f44       ?__LINE__Var@?1??Make_Twists_A_Patch@CPat_Twist4@@QAEHPAY03PAUWORLD@@HHHHPANHHHH1PAU3@HHH@Z@4FA 10060f44     Pat_Twist4.obj
 0003:00000f48       ?__LINE__Var@?1??GetaTwistAtaControlNode@CPat_Twist4@@QAEHUWORLD@@AAU3@HHHHHHHHPAU3@N@Z@4FA 10060f48     Pat_Twist4.obj
 0003:00000f4c       ?__LINE__Var@?1??Pat_SubDivide_U@CPat_Twist4@@QAEHPAUWORLD@@N0HHH@Z@4FA 10060f4c     Pat_Twist4.obj
 0003:00000f50       ?__LINE__Var@?1??Pat_SubDivide_V@CPat_Twist4@@QAEHPAUWORLD@@N0HHH@Z@4FA 10060f50     Pat_Twist4.obj
 0003:00000fa8       ?__LINE__Var@?1??MakeTwists@CRat_Twist4@@QAEHHHHHHPAHPANHHHHH011PAUWORLD@@2@Z@4FA 10060fa8     Rat_Twist4.obj
 0003:00000fac       ?__LINE__Var@?1??Make_Twists_A_Patch@CRat_Twist4@@QAEHPAUWORLD@@PANHHHH1HHHH10HHH@Z@4FA 10060fac     Rat_Twist4.obj
 0003:00000fb0       ?__LINE__Var@?1??GetaTwistAtaControlNode@CRat_Twist4@@QAEHUWORLD@@AAU3@HHHHHHHHPANPAU3@N@Z@4FA 10060fb0     Rat_Twist4.obj
 0003:00000fb4       ?__LINE__Var@?1??Rat_SubDivide_U@CRat_Twist4@@QAEHPAUWORLD@@PANN01HHH@Z@4FA 10060fb4     Rat_Twist4.obj
 0003:00000fb8       ?__LINE__Var@?1??Rat_SubDivide_V@CRat_Twist4@@QAEHPAUWORLD@@PANN01HHH@Z@4FA 10060fb8     Rat_Twist4.obj
 0003:000013c0       ?__LINE__Var@?1??HO_MakeSolides@CSolid4@@IAEHHHHHHHPAHPANHHHHHH01HHHHHH011PAUWORLD@@21@Z@4FA 100613c0     Solid4.obj
 0003:000013c4       ?__LINE__Var@?1??HO_Make_A_Solid@CSolid4@@IAEHPAY133PAUWORLD@@PAY133PANHHHHPANHHHH2HHHH2PAU3@2HHHHH@Z@4FA 100613c4     Solid4.obj
 0003:000017c8       ?__LINE__Var@?1??HO_MakeSolides@CSolidHex@@IAEHHHHHHHPAHPANHHHHHH01HHHHHH011PAUWORLD@@21@Z@4FA 100617c8     SolidHex.obj
 0003:000017cc       ?__LINE__Var@?1??HO_Make_A_Solid@CSolidHex@@IAEHPAY133PAUWORLD@@PAY133PANHHHHPANHHHH2HHHH2PAU3@2HHHHH@Z@4FA 100617cc     SolidHex.obj
 0003:00001bd0       ?__LINE__Var@?1??EX_MakeSolides@CSolidPen@@IAEHHHHHPANHHPAVCDListMgr@@0PAUWORLD@@20@Z@4FA 10061bd0     SolidPen.obj
 0003:00001bd4       ?__LINE__Var@?1??EX_Make_A_Solid@CSolidPen@@IAEHHHHHHHHHPANHHHHHHHPAUWORLD@@010@Z@4FA 10061bd4     SolidPen.obj
 0003:00001bd8       ?__LINE__Var@?1??PentaHeds_3D@CSolidPen@@QAEHW4SOLIDOUTPUT@@HHHHPANHHPAVCDListMgr@@PAUWORLD@@131H@Z@4FA 10061bd8     SolidPen.obj
 0003:00001c0c       ?__LINE__Var@?1??HO_GetAPointOnABezSegPatch@CSurface3@@QAEHHHHPAVCTriangle@@NNPAVCDListMgr@@PANPAUWORLD@@32@Z@4FA 10061c0c     Surface3.obj
 0003:00001c10       ?__LINE__Var@?1??HO_GenerateAPointOnASingleBezPatch@CSurface3@@IAEHHHHNNPANPAUWORLD@@10@Z@4FA 10061c10     Surface3.obj
 0003:00001c14       ?__LINE__Var@?1??EX_MakePatches@CSurface3@@IAEHHHHHHPAVCDListMgr@@PANPAUWORLD@@21@Z@4FA 10061c14     Surface3.obj
 0003:00001c18       ?__LINE__Var@?1??EX_Make_A_Patch@CSurface3@@IAEHHHHHHHHHPANPAUWORLD@@10@Z@4FA 10061c18     Surface3.obj
 0003:00002020       ?__LINE__Var@?1??HO_MakePatches@CSurface4@@IAEHHHHHHHPAHPANHHHHHH011PAUWORLD@@21@Z@4FA 10062020     Surface4.obj
 0003:00002024       ?__LINE__Var@?1??HO_Make_A_Patch@CSurface4@@IAEHPAY03PAUWORLD@@PAY03PANHHHHPANHHHH2PAU3@2HHH@Z@4FA 10062024     Surface4.obj
 0003:00002028       ?__LINE__Var@?1??HO_ComputeMG@CSurface4@@QAEXPAPAUWORLD@@PAPANPAY03N22HH@Z@4FA 10062028     Surface4.obj
 0003:0000202c       ?__LINE__Var@?1??HO_GetAPointOnABezSegPatch@CSurface4@@QAEHHHHHHHNHHHHHHNPANPAUWORLD@@10@Z@4FA 1006202c     Surface4.obj
 0003:00002030       ?__LINE__Var@?1??HO_GenerateAPointOnASingleBezPatch@CSurface4@@IAEHPAY03PAUWORLD@@PAY03PANHHNHHNPAU3@PAN@Z@4FA 10062030     Surface4.obj
 0003:00002068       ?GUID_ATLVer30@ATL@@3U_GUID@@A 10062068     mfcs42d:stdafx.obj
 0003:000022d0       ?_init_CDrCurve@@3UAFX_CLASSINIT@@A 100622d0     Drcurve.obj
 0003:000022dc       ?_init_CDrNode@@3UAFX_CLASSINIT@@A 100622dc     Drnode.obj
 0003:000022e9       ?_init_CDrObj3D@@3UAFX_CLASSINIT@@A 100622e9     Drobj3d.obj
 0003:000022ec       ?_init_CDrPatch@@3UAFX_CLASSINIT@@A 100622ec     Drpatch.obj
 0003:000022fd       ?_init_CDrProf_C@@3UAFX_CLASSINIT@@A 100622fd     Drprof_c.obj
 0003:00002301       ?_init_CDrProf_P@@3UAFX_CLASSINIT@@A 10062301     Drprof_P.obj
 0003:00002308       ?_init_CDrSolid@@3UAFX_CLASSINIT@@A 10062308     Drsolid.obj
 0003:00002310       __afxForceEXTDLL           10062310     OGen_dll.obj
 0003:00002318       ?extensionOGen_DLL@@3UAFX_EXTENSION_MODULE@@A 10062318     OGen_dll.obj
 0003:000023b0       __afxForceEXCLUDE          100623b0     mfcs42d:nolib.obj
 0003:000023b4       ?ATL_CREATE_OBJECT@CComApartment@ATL@@2IA 100623b4     mfcs42d:stdafx.obj
 0003:000023b8       ?m_libid@CComModule@ATL@@2U_GUID@@A 100623b8     mfcs42d:stdafx.obj
 0003:000023c8       ?_pModule@ATL@@3PAVCComModule@1@A 100623c8     mfcs42d:stdafx.obj
 0003:000023cc       __afxForceSTDAFX           100623cc     mfcs42d:stdafx.obj
 0003:000023d4       __adjust_fdiv              100623d4     <common>
 0003:000023d8       ___onexitend               100623d8     <common>
 0003:000023dc       ___onexitbegin             100623dc     <common>

 entry point at        0001:000443f0

 Static symbols

 0001:0002a0e0       _$E265                     1002b0e0 f   Drsolid.obj
 0001:0002a100       _$E264                     1002b100 f   Drsolid.obj
 0001:0002bad0       _$E268                     1002cad0 f   Drsolid.obj
 0001:00027440       _$E261                     10028440 f   Drprof_P.obj
 0001:00027460       _$E260                     10028460 f   Drprof_P.obj
 0001:00027b90       _$E264                     10028b90 f   Drprof_P.obj
 0001:00026210       _$E258                     10027210 f   Drprof_c.obj
 0001:00026230       _$E257                     10027230 f   Drprof_c.obj
 0001:00026970       _$E261                     10027970 f   Drprof_c.obj
 0001:0001c930       _$E263                     1001d930 f   Drpatch.obj
 0001:0001c950       _$E262                     1001d950 f   Drpatch.obj
 0001:0001ed80       _$E266                     1001fd80 f   Drpatch.obj
 0001:0001a610       _$E260                     1001b610 f   Drobj3d.obj
 0001:0001a630       _$E259                     1001b630 f   Drobj3d.obj
 0001:0001ad60       _$E263                     1001bd60 f   Drobj3d.obj
 0001:000156d0       _$E257                     100166d0 f   Drnode.obj
 0001:000156f0       _$E256                     100166f0 f   Drnode.obj
 0001:00016f30       _$E260                     10017f30 f   Drnode.obj
 0001:0000c890       _$E261                     1000d890 f   Drcurve.obj
 0001:0000c8b0       _$E260                     1000d8b0 f   Drcurve.obj
 0001:0000f010       _$E264                     10010010 f   Drcurve.obj
 0001:00044190       ?ArrayUnwindFilter@@YAHPAU_EXCEPTION_POINTERS@@@Z 10045190 f   msvcrtd:ehvecdtr.obj
