 MMs1_D32

 Timestamp is 444d7e3f (Mon Apr 24 18:41:19 2006)

 Preferred load address is 10000000

 Start         Length     Name                   Class
 0001:00000000 000168e4H .text                   CODE
 0001:000168f0 00000019H .text$AFX_COL1          CODE
 0001:00016910 00000f43H .text$x                 CODE
 0002:00000000 000005f8H .idata$5                DATA
 0002:000005f8 000026b5H .rdata                  DATA
 0002:00002cb0 000011a0H .xdata$x                DATA
 0002:00003e50 000000f0H .idata$2                DATA
 0002:00003f40 00000014H .idata$3                DATA
 0002:00003f54 000005f8H .idata$4                DATA
 0002:0000454c 00002b1eH .idata$6                DATA
 0002:00007070 00011144H .edata                  DATA
 0003:00000000 00000004H .CRT$XCA                DATA
 0003:00000004 00000008H .CRT$XCU                DATA
 0003:0000000c 00000004H .CRT$XCZ                DATA
 0003:00000010 00000004H .CRT$XIA                DATA
 0003:00000014 00000004H .CRT$XIZ                DATA
 0003:00000020 00000230H .data                   DATA
 0003:00000250 00000058H .bss                    DATA
 0004:00000000 00000378H .rsrc$01                DATA
 0004:00000380 00003440H .rsrc$02                DATA

  Address         Publics by Value              Rva+Base     Lib:Object

 0001:00000000       ?Set3DPts@C3DMath@@QAEXPAULPOINT3@@JJJ@Z 10001000 f i Dlg_1Mrg.obj
 0001:00000030       ?Set3DPts@C3DMath@@QAEXPAUWORLD@@NNN@Z 10001030 f i Dlg_1Mrg.obj
 0001:00000080       ?Len3DPts@C3DMath@@QAENPAUWORLD@@@Z 10001080 f i Dlg_1Mrg.obj
 0001:000000d0       ??1C3DMath@@UAE@XZ         100010d0 f i Dlg_1Mrg.obj
 0001:00000100       ??_GC3DMath@@UAEPAXI@Z     10001100 f i Dlg_1Mrg.obj
 0001:00000140       ??_EC3DMath@@UAEPAXI@Z     10001140 f i Dlg_1Mrg.obj
 0001:000001c0       ?GetMatrix@CMatObj@@UAEPAUMATRIX@@XZ 100011c0 f i Dlg_1Mrg.obj
 0001:000001e0       ?SetMatrix@CMatObj@@UAEXPAUMATRIX@@@Z 100011e0 f i Dlg_1Mrg.obj
 0001:00000250       ?GetCurveLatch@CMatObj@@UAE?AW4CURVELATCH@@XZ 10001250 f i Dlg_1Mrg.obj
 0001:00000270       ?SetCurveLatch@CMatObj@@UAEXW4CURVELATCH@@@Z 10001270 f i Dlg_1Mrg.obj
 0001:00000290       ?IsInstanced_Prof@CMatObj@@UAEHXZ 10001290 f i Dlg_1Mrg.obj
 0001:000002b0       ?SetInstanced_Prof@CMatObj@@UAEXH@Z 100012b0 f i Dlg_1Mrg.obj
 0001:000002d0       ?GetFromID@CMatObj@@UAE?AVCString@@XZ 100012d0 f i Dlg_1Mrg.obj
 0001:00000310       ?SetFromID@CMatObj@@UAEXVCString@@@Z 10001310 f i Dlg_1Mrg.obj
 0001:00000370       ?GetFromPt@CMatObj@@UAE?AUWORLD@@XZ 10001370 f i Dlg_1Mrg.obj
 0001:000003a0       ?SetFromPt@CMatObj@@UAEXUWORLD@@@Z 100013a0 f i Dlg_1Mrg.obj
 0001:000003d0       ?GetToID@CMatObj@@UAE?AVCString@@XZ 100013d0 f i Dlg_1Mrg.obj
 0001:00000410       ?SetToID@CMatObj@@UAEXVCString@@@Z 10001410 f i Dlg_1Mrg.obj
 0001:00000470       ?GetToPt@CMatObj@@UAE?AUWORLD@@XZ 10001470 f i Dlg_1Mrg.obj
 0001:000004a0       ?SetToPt@CMatObj@@UAEXUWORLD@@@Z 100014a0 f i Dlg_1Mrg.obj
 0001:000004d0       ?GetRotPtID@CMatObj@@UAE?AVCString@@XZ 100014d0 f i Dlg_1Mrg.obj
 0001:00000510       ?SetRotPtID@CMatObj@@UAEXVCString@@@Z 10001510 f i Dlg_1Mrg.obj
 0001:00000570       ?GetRotPt@CMatObj@@UAE?AUWORLD@@XZ 10001570 f i Dlg_1Mrg.obj
 0001:000005a0       ?SetRotPt@CMatObj@@UAEXUWORLD@@@Z 100015a0 f i Dlg_1Mrg.obj
 0001:000005d0       ?IsCoordIn@CMatObj@@UAEHXZ 100015d0 f i Dlg_1Mrg.obj
 0001:000005f0       ?SetCoordIn@CMatObj@@UAEXH@Z 100015f0 f i Dlg_1Mrg.obj
 0001:00000620       ?GetTranPtID@CMatObj@@UAE?AVCString@@XZ 10001620 f i Dlg_1Mrg.obj
 0001:00000660       ?SetTranPtID@CMatObj@@UAEXVCString@@@Z 10001660 f i Dlg_1Mrg.obj
 0001:000006c0       ?GetTranslation@CMatObj@@UAE?AUWORLD@@XZ 100016c0 f i Dlg_1Mrg.obj
 0001:000006f0       ?SetTranslation@CMatObj@@UAEXUWORLD@@@Z 100016f0 f i Dlg_1Mrg.obj
 0001:00000720       ?IsAngleIn@CMatObj@@UAEHXZ 10001720 f i Dlg_1Mrg.obj
 0001:00000740       ?SetAngleIn@CMatObj@@UAEXH@Z 10001740 f i Dlg_1Mrg.obj
 0001:00000770       ?IsDirCos@CMatObj@@UAEHXZ  10001770 f i Dlg_1Mrg.obj
 0001:00000790       ?SetDirCos@CMatObj@@UAEXH@Z 10001790 f i Dlg_1Mrg.obj
 0001:000007c0       ?GetDirCosDirect@CMatObj@@UAE?AUWORLD@@XZ 100017c0 f i Dlg_1Mrg.obj
 0001:000007f0       ?SetDirCosDirect@CMatObj@@UAEXUWORLD@@@Z 100017f0 f i Dlg_1Mrg.obj
 0001:00000820       ?GetRotation@CMatObj@@UAE?AUWORLD@@XZ 10001820 f i Dlg_1Mrg.obj
 0001:00000850       ?SetRotation@CMatObj@@UAEXUWORLD@@@Z 10001850 f i Dlg_1Mrg.obj
 0001:00000880       ?GetScale@CMatObj@@UAE?AUWORLD@@XZ 10001880 f i Dlg_1Mrg.obj
 0001:000008b0       ?SetScale@CMatObj@@UAEXUWORLD@@@Z 100018b0 f i Dlg_1Mrg.obj
 0001:000008e0       ?GetShear@CMatObj@@UAE?AUWORLD@@XZ 100018e0 f i Dlg_1Mrg.obj
 0001:00000910       ?SetShear@CMatObj@@UAEXUWORLD@@@Z 10001910 f i Dlg_1Mrg.obj
 0001:00000940       ?IsNoRot@CMatObj@@UAEHXZ   10001940 f i Dlg_1Mrg.obj
 0001:00000960       ?SetNoRot@CMatObj@@UAEXH@Z 10001960 f i Dlg_1Mrg.obj
 0001:00000990       ?IsNoTran@CMatObj@@UAEHXZ  10001990 f i Dlg_1Mrg.obj
 0001:000009b0       ?SetNoTran@CMatObj@@UAEXH@Z 100019b0 f i Dlg_1Mrg.obj
 0001:000009e0       ?IsNoScale@CMatObj@@UAEHXZ 100019e0 f i Dlg_1Mrg.obj
 0001:00000a00       ?SetNoScale@CMatObj@@UAEXH@Z 10001a00 f i Dlg_1Mrg.obj
 0001:00000a30       ?IsNoShear@CMatObj@@UAEHXZ 10001a30 f i Dlg_1Mrg.obj
 0001:00000a50       ?SetNoShear@CMatObj@@UAEXH@Z 10001a50 f i Dlg_1Mrg.obj
 0001:00000a80       ?GetXformType@CMatObj@@UAE?AW4XFORMTYPE@@XZ 10001a80 f i Dlg_1Mrg.obj
 0001:00000aa0       ?SetXformType@CMatObj@@UAEXW4XFORMTYPE@@@Z 10001aa0 f i Dlg_1Mrg.obj
 0001:00000ad0       ?GetSpawnType@CMatObj@@UAE?AW4SPAWNTYPE@@XZ 10001ad0 f i Dlg_1Mrg.obj
 0001:00000af0       ?SetSpawnType@CMatObj@@UAEXW4SPAWNTYPE@@@Z 10001af0 f i Dlg_1Mrg.obj
 0001:00000b20       ?GetCreOp@CMatObj@@UAEIXZ  10001b20 f i Dlg_1Mrg.obj
 0001:00000b40       ?SetCreOp@CMatObj@@UAEXI@Z 10001b40 f i Dlg_1Mrg.obj
 0001:00000b70       ??1CMatObj@@UAE@XZ         10001b70 f i Dlg_1Mrg.obj
 0001:00000c10       ??_GCMatObj@@UAEPAXI@Z     10001c10 f i Dlg_1Mrg.obj
 0001:00000c50       ??_ECMatObj@@UAEPAXI@Z     10001c50 f i Dlg_1Mrg.obj
 0001:00000cd0       ?ReadyToDelete@CDrObject@@UAEXXZ 10001cd0 f i Dlg_1Mrg.obj
 0001:00000cf0       ?DoFormattedCardView@CDrObject@@UAEXPAVCString@@AAV2@@Z 10001cf0 f i Dlg_1Mrg.obj
 0001:00000d10       ?DoUnFormattedCardView@CDrObject@@UAEXPAVCString@@@Z 10001d10 f i Dlg_1Mrg.obj
 0001:00000d30       ?DoDataView@CDrObject@@UAEXPAVCDC@@H@Z 10001d30 f i Dlg_1Mrg.obj
 0001:00000d50       ?InitDraw@CDrObject@@UAEXPAVCDC@@HHPAUMATRIX@@1NNN@Z 10001d50 f i Dlg_1Mrg.obj
 0001:00000d70       ?InitDraw@CDrObject@@UAEXPAVCDC@@HHPAUMATRIX@@1NNNN@Z 10001d70 f i Dlg_1Mrg.obj
 0001:00000d90       ?Corner_3Dto2D@CDrObject@@UAEXXZ 10001d90 f i Dlg_1Mrg.obj
 0001:00000db0       ?DoDrawView@CDrObject@@UAEXPAVCDC@@@Z 10001db0 f i Dlg_1Mrg.obj
 0001:00000dd0       ?DoDrawView@CDrObject@@UAEXPAVCDC@@H@Z 10001dd0 f i Dlg_1Mrg.obj
 0001:00000df0       ?DoDrawView@CDrObject@@UAEXPAVCDC@@HH@Z 10001df0 f i Dlg_1Mrg.obj
 0001:00000e10       ?DealObjectDialog@CDrObject@@UAEHXZ 10001e10 f i Dlg_1Mrg.obj
 0001:00000e30       ?TransformObjectToWorld@CDrObject@@UAEXPAUMATRIX@@H@Z 10001e30 f i Dlg_1Mrg.obj
 0001:00000e50       ?TransformObjectToView@CDrObject@@UAEXPAUMATRIX@@@Z 10001e50 f i Dlg_1Mrg.obj
 0001:00000e70       ?TransformObjectToViewDirect@CDrObject@@UAEXPAUMATRIX@@00H@Z 10001e70 f i Dlg_1Mrg.obj
 0001:00000e90       ?RemoveHiddenObject@CDrObject@@UAEHPAUMATRIX@@UWORLD@@H@Z 10001e90 f i Dlg_1Mrg.obj
 0001:00000eb0       ?ProjectObject@CDrObject@@UAEXPAUMATRIX@@NN@Z 10001eb0 f i Dlg_1Mrg.obj
 0001:00000ed0       ?Calc_2DBoundsScreen@CDrObject@@UAEHXZ 10001ed0 f i Dlg_1Mrg.obj
 0001:00000ef0       ?Calc_3DBoundsLocal@CDrObject@@UAEHXZ 10001ef0 f i Dlg_1Mrg.obj
 0001:00000f10       ?FinishObject@CDrObject@@UAEXPAVCClientDC@@H@Z 10001f10 f i Dlg_1Mrg.obj
 0001:00000f30       ?FinishObject@CDrObject@@UAEXH@Z 10001f30 f i Dlg_1Mrg.obj
 0001:00000f50       ?FinishObject@CDrObject@@UAEXXZ 10001f50 f i Dlg_1Mrg.obj
 0001:00000f70       ?GetMaxCorners@CDrObject@@UAEHXZ 10001f70 f i Dlg_1Mrg.obj
 0001:00000f90       ?GetRawCoords@CDrObject@@UAEXPAJPAHH@Z 10001f90 f i Dlg_1Mrg.obj
 0001:00000fb0       ?SetProjectedCoords@CDrObject@@UAEXUtagPOINT@@H@Z 10001fb0 f i Dlg_1Mrg.obj
 0001:00000fd0       ?RearrangeProjectedCoords@CDrObject@@UAEXXZ 10001fd0 f i Dlg_1Mrg.obj
 0001:00000ff0       ?IsObjectHit@CDrObject@@UAEHNUWORLD@@@Z 10001ff0 f i Dlg_1Mrg.obj
 0001:00001010       ?IsObjectHit@CDrObject@@UAEHHUtagPOINT@@H@Z 10002010 f i Dlg_1Mrg.obj
 0001:00001030       ?IsObjectHit@CDrObject@@UAEHHUtagPOINT@@@Z 10002030 f i Dlg_1Mrg.obj
 0001:00001050       ?IsObjectHit@CDrObject@@UAEHPAVCClientDC@@HUtagPOINT@@PAVCRect@@H@Z 10002050 f i Dlg_1Mrg.obj
 0001:00001070       ?IsKeyMatch@CDrObject@@UAEHPAV1@VCString@@I@Z 10002070 f i Dlg_1Mrg.obj
 0001:000010a0       ?IsKeyMatch@CDrObject@@UAEHVCString@@I@Z 100020a0 f i Dlg_1Mrg.obj
 0001:000010d0       ?IsControlShapeNeeded@CDrObject@@UAEHXZ 100020d0 f i Dlg_1Mrg.obj
 0001:000010f0       ?SetControlShapeNeed@CDrObject@@UAEXH@Z 100020f0 f i Dlg_1Mrg.obj
 0001:00001110       ?IsNormalNeeded@CDrObject@@UAEHXZ 10002110 f i Dlg_1Mrg.obj
 0001:00001130       ?SetNormalNeed@CDrObject@@UAEXH@Z 10002130 f i Dlg_1Mrg.obj
 0001:00001150       ?IsCulled@CDrObject@@UAEHXZ 10002150 f i Dlg_1Mrg.obj
 0001:00001170       ?SetCulled@CDrObject@@UAEXH@Z 10002170 f i Dlg_1Mrg.obj
 0001:00001190       ?IsSkewed@CDrObject@@UAEHXZ 10002190 f i Dlg_1Mrg.obj
 0001:000011b0       ?SetSkewed@CDrObject@@UAEXH@Z 100021b0 f i Dlg_1Mrg.obj
 0001:000011d0       ?IsLinSpr@CDrObject@@UAEHXZ 100021d0 f i Dlg_1Mrg.obj
 0001:000011f0       ?SetLinSpr@CDrObject@@UAEXH@Z 100021f0 f i Dlg_1Mrg.obj
 0001:00001210       ?IsLinSnu@CDrObject@@UAEHXZ 10002210 f i Dlg_1Mrg.obj
 0001:00001230       ?SetLinSnu@CDrObject@@UAEXH@Z 10002230 f i Dlg_1Mrg.obj
 0001:00001250       ?CullWorld@CDrObject@@UAEHUWORLD@@@Z 10002250 f i Dlg_1Mrg.obj
 0001:00001270       ?CullScreen@CDrObject@@UAEHPAUMATRIX@@@Z 10002270 f i Dlg_1Mrg.obj
 0001:00001290       ?Calc_CentroidWorld@CDrObject@@UAEXXZ 10002290 f i Dlg_1Mrg.obj
 0001:000012b0       ?Calc_CentroidEye@CDrObject@@UAEXXZ 100022b0 f i Dlg_1Mrg.obj
 0001:000012d0       ?Calc_CentroidScreen3D@CDrObject@@UAEXNN@Z 100022d0 f i Dlg_1Mrg.obj
 0001:000012f0       ?Calc_NormalWorld@CDrObject@@UAEXXZ 100022f0 f i Dlg_1Mrg.obj
 0001:00001310       ?TransformNormalToEye@CDrObject@@UAEXPAUMATRIX@@@Z 10002310 f i Dlg_1Mrg.obj
 0001:00001330       ?ProjectNormalToScreen3D@CDrObject@@UAEXPAUMATRIX@@NN@Z 10002330 f i Dlg_1Mrg.obj
 0001:00001350       ?GetNormalWorld@CDrObject@@UAEPAUWORLD@@XZ 10002350 f i Dlg_1Mrg.obj
 0001:00001370       ?SetNormalWorld@CDrObject@@UAEXUWORLD@@@Z 10002370 f i Dlg_1Mrg.obj
 0001:00001390       ?GetNormalEye@CDrObject@@UAEPAUWORLD@@XZ 10002390 f i Dlg_1Mrg.obj
 0001:000013b0       ?SetNormalEye@CDrObject@@UAEXUWORLD@@@Z 100023b0 f i Dlg_1Mrg.obj
 0001:000013d0       ?GetNormalScreen3D@CDrObject@@UAEPAUWORLD@@XZ 100023d0 f i Dlg_1Mrg.obj
 0001:000013f0       ?SetNormalScreen3D@CDrObject@@UAEXUWORLD@@@Z 100023f0 f i Dlg_1Mrg.obj
 0001:00001410       ?GetNormalScreen2D@CDrObject@@UAEPAUtagPOINT@@XZ 10002410 f i Dlg_1Mrg.obj
 0001:00001430       ?SetNormalScreen2D@CDrObject@@UAEXUtagPOINT@@@Z 10002430 f i Dlg_1Mrg.obj
 0001:00001450       ?GetObjectList@CDrObject@@UAEPAVCDListMgr@@XZ 10002450 f i Dlg_1Mrg.obj
 0001:00001470       ?GetBoundingRect@CDrObject@@QAE?AVCRect@@XZ 10002470 f i Dlg_1Mrg.obj
 0001:000014b0       ?GetRInfo@CDrObject@@QAEPAURENDINFO@@XZ 100024b0 f i Dlg_1Mrg.obj
 0001:000014d0       ?IsParallel@CDrObject@@QAEHXZ 100024d0 f i Dlg_1Mrg.obj
 0001:000014f0       ?GetnView@CDrObject@@QAEHXZ 100024f0 f i Dlg_1Mrg.obj
 0001:00001510       ?GetdzMin@CDrObject@@QAENXZ 10002510 f i Dlg_1Mrg.obj
 0001:00001530       ?GetdScale_U@CDrObject@@QAENXZ 10002530 f i Dlg_1Mrg.obj
 0001:00001550       ?GetdScale_V@CDrObject@@QAENXZ 10002550 f i Dlg_1Mrg.obj
 0001:00001570       ?GetpViewM@CDrObject@@QAEPAUMATRIX@@XZ 10002570 f i Dlg_1Mrg.obj
 0001:00001590       ?Getpvv3DM@CDrObject@@QAEPAUMATRIX@@XZ 10002590 f i Dlg_1Mrg.obj
 0001:000015b0       ?GetpComposedM@CDrObject@@QAEPAUMATRIX@@XZ 100025b0 f i Dlg_1Mrg.obj
 0001:000015d0       ?SetParallel@CDrObject@@QAEXH@Z 100025d0 f i Dlg_1Mrg.obj
 0001:00001600       ?SetnView@CDrObject@@QAEXH@Z 10002600 f i Dlg_1Mrg.obj
 0001:00001630       ?SetdzMin@CDrObject@@QAEXN@Z 10002630 f i Dlg_1Mrg.obj
 0001:00001660       ?SetdScale_U@CDrObject@@QAEXN@Z 10002660 f i Dlg_1Mrg.obj
 0001:00001690       ?SetdScale_V@CDrObject@@QAEXN@Z 10002690 f i Dlg_1Mrg.obj
 0001:000016c0       ?SetpViewM@CDrObject@@QAEXPAUMATRIX@@@Z 100026c0 f i Dlg_1Mrg.obj
 0001:000016f0       ?Setpvv3DM@CDrObject@@QAEXPAUMATRIX@@@Z 100026f0 f i Dlg_1Mrg.obj
 0001:00001720       ?SetpComposedM@CDrObject@@QAEXPAUMATRIX@@@Z 10002720 f i Dlg_1Mrg.obj
 0001:00001750       ?GetLevelType@CDrObject@@QAEHXZ 10002750 f i Dlg_1Mrg.obj
 0001:00001770       ?SetLevelType@CDrObject@@QAEXH@Z 10002770 f i Dlg_1Mrg.obj
 0001:000017a0       ?GetObjectID@CDrObject@@QAE?AVCString@@XZ 100027a0 f i Dlg_1Mrg.obj
 0001:000017e0       ?SetObjectID@CDrObject@@QAEXVCString@@@Z 100027e0 f i Dlg_1Mrg.obj
 0001:00001840       ?GetObjectNo@CDrObject@@QAEJXZ 10002840 f i Dlg_1Mrg.obj
 0001:00001860       ?SetObjectNo@CDrObject@@QAEXJ@Z 10002860 f i Dlg_1Mrg.obj
 0001:00001890       ?GetObjectType@CDrObject@@QAEHXZ 10002890 f i Dlg_1Mrg.obj
 0001:000018b0       ?SetObjectType@CDrObject@@QAEXH@Z 100028b0 f i Dlg_1Mrg.obj
 0001:000018e0       ?GetElemType@CDrObject@@QAEHXZ 100028e0 f i Dlg_1Mrg.obj
 0001:00001900       ?SetElemType@CDrObject@@QAEXH@Z 10002900 f i Dlg_1Mrg.obj
 0001:00001930       ?GetPenInfo@CDrObject@@QAEXAAIAAK0@Z 10002930 f i Dlg_1Mrg.obj
 0001:00001970       ?SetPenInfo@CDrObject@@QAEXIKI@Z 10002970 f i Dlg_1Mrg.obj
 0001:000019b0       ?GetPenInfoHi@CDrObject@@QAEXAAIAAK0@Z 100029b0 f i Dlg_1Mrg.obj
 0001:000019f0       ?SetPenInfoHi@CDrObject@@QAEXIKI@Z 100029f0 f i Dlg_1Mrg.obj
 0001:00001a30       ?GetLayer@CDrObject@@QAEIXZ 10002a30 f i Dlg_1Mrg.obj
 0001:00001a50       ?SetLayer@CDrObject@@QAEXI@Z 10002a50 f i Dlg_1Mrg.obj
 0001:00001a80       ?IsClipped@CDrObject@@QAEHXZ 10002a80 f i Dlg_1Mrg.obj
 0001:00001aa0       ?SetClipped@CDrObject@@QAEXH@Z 10002aa0 f i Dlg_1Mrg.obj
 0001:00001ad0       ?IsVirtual@CDrObject@@QAEHXZ 10002ad0 f i Dlg_1Mrg.obj
 0001:00001af0       ?SetVirtual@CDrObject@@QAEXH@Z 10002af0 f i Dlg_1Mrg.obj
 0001:00001b10       ?IsShow@CDrObject@@QAEHXZ  10002b10 f i Dlg_1Mrg.obj
 0001:00001b30       ?SetShow@CDrObject@@QAEXH@Z 10002b30 f i Dlg_1Mrg.obj
 0001:00001b60       ?GetParentID@CDrObject@@QAEAAVCString@@XZ 10002b60 f i Dlg_1Mrg.obj
 0001:00001b80       ?SetParentID@CDrObject@@QAEXAAVCString@@@Z 10002b80 f i Dlg_1Mrg.obj
 0001:00001bb0       ?GetParentType@CDrObject@@QAEIXZ 10002bb0 f i Dlg_1Mrg.obj
 0001:00001bd0       ?SetParentType@CDrObject@@QAEXI@Z 10002bd0 f i Dlg_1Mrg.obj
 0001:00001bf0       ?IsInstanced@CDrObject@@QAEHXZ 10002bf0 f i Dlg_1Mrg.obj
 0001:00001c10       ?SetInstanced@CDrObject@@QAEXH@Z 10002c10 f i Dlg_1Mrg.obj
 0001:00001c30       ?GetMatObj@CDrObject@@QAEPAVCMatObj@@XZ 10002c30 f i Dlg_1Mrg.obj
 0001:00001c50       ?SetMatObj@CDrObject@@QAEXPAVCMatObj@@@Z 10002c50 f i Dlg_1Mrg.obj
 0001:00001c70       ?GetSpeLList@CDrObject@@QAEPAVCDListMgr@@XZ 10002c70 f i Dlg_1Mrg.obj
 0001:00001c90       ?GetDynLList@CDrObject@@QAEPAVCDListMgr@@XZ 10002c90 f i Dlg_1Mrg.obj
 0001:00001cb0       ?GetStaLList@CDrObject@@QAEPAVCDListMgr@@XZ 10002cb0 f i Dlg_1Mrg.obj
 0001:00001cd0       ?GetSuppList@CDrObject@@QAEPAVCDListMgr@@XZ 10002cd0 f i Dlg_1Mrg.obj
 0001:00001cf0       ?GetElemList@CDrObject@@QAEPAVCDListMgr@@XZ 10002cf0 f i Dlg_1Mrg.obj
 0001:00001d10       ?GetCurveList@CDrObject@@QAEPAVCDListMgr@@XZ 10002d10 f i Dlg_1Mrg.obj
 0001:00001d30       ?GetCProfList@CDrObject@@QAEPAVCDListMgr@@XZ 10002d30 f i Dlg_1Mrg.obj
 0001:00001d50       ?GetPatchList@CDrObject@@QAEPAVCDListMgr@@XZ 10002d50 f i Dlg_1Mrg.obj
 0001:00001d70       ?GetSolidList@CDrObject@@QAEPAVCDListMgr@@XZ 10002d70 f i Dlg_1Mrg.obj
 0001:00001d90       ?GetObj3DList@CDrObject@@QAEPAVCDListMgr@@XZ 10002d90 f i Dlg_1Mrg.obj
 0001:00001db0       ?GetCNodeList@CDrObject@@QAEPAVCDListMgr@@XZ 10002db0 f i Dlg_1Mrg.obj
 0001:00001dd0       ?GetINodeList@CDrObject@@QAEPAVCDListMgr@@XZ 10002dd0 f i Dlg_1Mrg.obj
 0001:00001df0       ?GetNodeList@CDrObject@@QAEPAVCDListMgr@@XZ 10002df0 f i Dlg_1Mrg.obj
 0001:00001e10       ?GetLabelList@CDrObject@@QAEPAVCDListMgr@@XZ 10002e10 f i Dlg_1Mrg.obj
 0001:00001e30       ?GetFE0DList@CDrObject@@QAEPAVCDListMgr@@XZ 10002e30 f i Dlg_1Mrg.obj
 0001:00001e50       ?GetFE1DList@CDrObject@@QAEPAVCDListMgr@@XZ 10002e50 f i Dlg_1Mrg.obj
 0001:00001e70       ?GetFE2DList@CDrObject@@QAEPAVCDListMgr@@XZ 10002e70 f i Dlg_1Mrg.obj
 0001:00001e90       ?GetFE3DList@CDrObject@@QAEPAVCDListMgr@@XZ 10002e90 f i Dlg_1Mrg.obj
 0001:00001eb0       ?GetMs0List@CDrObject@@QAEPAVCDListMgr@@XZ 10002eb0 f i Dlg_1Mrg.obj
 0001:00001ed0       ?GetMs1List@CDrObject@@QAEPAVCDListMgr@@XZ 10002ed0 f i Dlg_1Mrg.obj
 0001:00001ef0       ?GetMs2List@CDrObject@@QAEPAVCDListMgr@@XZ 10002ef0 f i Dlg_1Mrg.obj
 0001:00001f10       ?GetMs3List@CDrObject@@QAEPAVCDListMgr@@XZ 10002f10 f i Dlg_1Mrg.obj
 0001:00001f30       ?GetMbj3DList@CDrObject@@QAEPAVCDListMgr@@XZ 10002f30 f i Dlg_1Mrg.obj
 0001:00001f50       ?GetM2DProfList@CDrObject@@QAEPAVCDListMgr@@XZ 10002f50 f i Dlg_1Mrg.obj
 0001:00001f70       ?GetM3DProfList@CDrObject@@QAEPAVCDListMgr@@XZ 10002f70 f i Dlg_1Mrg.obj
 0001:00001f90       ?GetMbjProfList@CDrObject@@QAEPAVCDListMgr@@XZ 10002f90 f i Dlg_1Mrg.obj
 0001:00001fb0       ?GetScreen2DCorner@CDrObject@@UAE?AUtagPOINT@@H@Z 10002fb0 f i Dlg_1Mrg.obj
 0001:00001ff0       ?SetScreen2DCorner@CDrObject@@UAEXUtagPOINT@@H@Z 10002ff0 f i Dlg_1Mrg.obj
 0001:00002020       ?GetSpawnType@CDrObject@@QAE?AW4SPAWNTYPE@@XZ 10003020 f i Dlg_1Mrg.obj
 0001:00002040       ?SetSpawnType@CDrObject@@QAEXW4SPAWNTYPE@@@Z 10003040 f i Dlg_1Mrg.obj
 0001:00002060       ?GetCategory@CDrObject@@QAE?AW4CATEGORY@@XZ 10003060 f i Dlg_1Mrg.obj
 0001:00002080       ?SetCategory@CDrObject@@QAEXW4CATEGORY@@@Z 10003080 f i Dlg_1Mrg.obj
 0001:000020a0       ?GetSubCat@CDrObject@@QAE?AW4SUBCAT@@XZ 100030a0 f i Dlg_1Mrg.obj
 0001:000020c0       ?SetSubCat@CDrObject@@QAEXW4SUBCAT@@@Z 100030c0 f i Dlg_1Mrg.obj
 0001:000020e0       ?GetElemDimLim@CDrObject@@QAE?AW4ELEMDIMLIM@@XZ 100030e0 f i Dlg_1Mrg.obj
 0001:00002100       ?SetElemDimLim@CDrObject@@QAEXW4ELEMDIMLIM@@@Z 10003100 f i Dlg_1Mrg.obj
 0001:00002120       ?IsDirty@CDrObject@@QAEHXZ 10003120 f i Dlg_1Mrg.obj
 0001:00002150       ?SetDirty@CDrObject@@QAEXH@Z 10003150 f i Dlg_1Mrg.obj
 0001:00002180       ?IsMoved@CDrObject@@QAEHXZ 10003180 f i Dlg_1Mrg.obj
 0001:000021a0       ?SetMoved@CDrObject@@QAEXH@Z 100031a0 f i Dlg_1Mrg.obj
 0001:000021d0       ?IsEdited@CDrObject@@QAEHXZ 100031d0 f i Dlg_1Mrg.obj
 0001:000021f0       ?SetEdited@CDrObject@@QAEXH@Z 100031f0 f i Dlg_1Mrg.obj
 0001:00002220       ?IsPosted@CDrObject@@QAEHXZ 10003220 f i Dlg_1Mrg.obj
 0001:00002240       ?SetPosted@CDrObject@@QAEXH@Z 10003240 f i Dlg_1Mrg.obj
 0001:00002270       ?IsDeleted@CDrObject@@QAEHXZ 10003270 f i Dlg_1Mrg.obj
 0001:00002290       ?SetDeleted@CDrObject@@QAEXH@Z 10003290 f i Dlg_1Mrg.obj
 0001:000022c0       ?IsToBeMoved@CDrObject@@QAEHXZ 100032c0 f i Dlg_1Mrg.obj
 0001:000022e0       ?SetToBeMoved@CDrObject@@QAEXH@Z 100032e0 f i Dlg_1Mrg.obj
 0001:00002300       ?IsToBeEdited@CDrObject@@QAEHXZ 10003300 f i Dlg_1Mrg.obj
 0001:00002320       ?SetToBeEdited@CDrObject@@QAEXH@Z 10003320 f i Dlg_1Mrg.obj
 0001:00002340       ?IsToBePosted@CDrObject@@QAEHXZ 10003340 f i Dlg_1Mrg.obj
 0001:00002360       ?SetToBePosted@CDrObject@@QAEXH@Z 10003360 f i Dlg_1Mrg.obj
 0001:00002380       ?IsToBeUnPosted@CDrObject@@QAEHXZ 10003380 f i Dlg_1Mrg.obj
 0001:000023a0       ?SetToBeUnPosted@CDrObject@@QAEXH@Z 100033a0 f i Dlg_1Mrg.obj
 0001:000023c0       ?IsToBeDeleted@CDrObject@@QAEHXZ 100033c0 f i Dlg_1Mrg.obj
 0001:000023e0       ?SetToBeDeleted@CDrObject@@QAEXH@Z 100033e0 f i Dlg_1Mrg.obj
 0001:00002400       ?IsFormatted@CDrObject@@QAEHXZ 10003400 f i Dlg_1Mrg.obj
 0001:00002420       ?SetFormatted@CDrObject@@QAEXH@Z 10003420 f i Dlg_1Mrg.obj
 0001:00002440       ?GetObjectType@CBooleans@@UAEHXZ 10003440 f i Dlg_1Mrg.obj
 0001:00002460       ?SetObjectType@CBooleans@@UAEXH@Z 10003460 f i Dlg_1Mrg.obj
 0001:00002490       ?GetElemType@CBooleans@@UAEHXZ 10003490 f i Dlg_1Mrg.obj
 0001:000024b0       ?SetElemType@CBooleans@@UAEXH@Z 100034b0 f i Dlg_1Mrg.obj
 0001:000024e0       ?GetObjectNo@CBooleans@@UAEJXZ 100034e0 f i Dlg_1Mrg.obj
 0001:00002500       ?SetObjectNo@CBooleans@@UAEXJ@Z 10003500 f i Dlg_1Mrg.obj
 0001:00002530       ?IsSoundOn@CBooleans@@UAEHXZ 10003530 f i Dlg_1Mrg.obj
 0001:00002550       ?ToggleSoundOn@CBooleans@@UAEXXZ 10003550 f i Dlg_1Mrg.obj
 0001:00002580       ?IsCoonSocksOff@CBooleans@@UAEHXZ 10003580 f i Dlg_1Mrg.obj
 0001:000025a0       ?ToggleCoonSocksOff@CBooleans@@UAEXXZ 100035a0 f i Dlg_1Mrg.obj
 0001:000025d0       ?IsSnapOn@CBooleans@@UAEHXZ 100035d0 f i Dlg_1Mrg.obj
 0001:000025f0       ?ToggleSnapOn@CBooleans@@UAEXXZ 100035f0 f i Dlg_1Mrg.obj
 0001:00002620       ?IsHorSnapOn@CBooleans@@UAEHXZ 10003620 f i Dlg_1Mrg.obj
 0001:00002640       ?ToggleHorSnapOn@CBooleans@@UAEXXZ 10003640 f i Dlg_1Mrg.obj
 0001:00002670       ?IsVerSnapOn@CBooleans@@UAEHXZ 10003670 f i Dlg_1Mrg.obj
 0001:00002690       ?ToggleVerSnapOn@CBooleans@@UAEXXZ 10003690 f i Dlg_1Mrg.obj
 0001:000026c0       ?IsSpawnOn@CBooleans@@UAEHXZ 100036c0 f i Dlg_1Mrg.obj
 0001:000026e0       ?ToggleSpawnOn@CBooleans@@UAEXXZ 100036e0 f i Dlg_1Mrg.obj
 0001:00002710       ?IsBLineOn@CBooleans@@UAEHXZ 10003710 f i Dlg_1Mrg.obj
 0001:00002730       ?ToggleBLineOn@CBooleans@@UAEXXZ 10003730 f i Dlg_1Mrg.obj
 0001:00002760       ?IsSingleSegOn@CBooleans@@UAEHXZ 10003760 f i Dlg_1Mrg.obj
 0001:00002780       ?ToggleSingleSegOn@CBooleans@@UAEXXZ 10003780 f i Dlg_1Mrg.obj
 0001:000027b0       ?IsAutoAcceptOn@CBooleans@@UAEHXZ 100037b0 f i Dlg_1Mrg.obj
 0001:000027d0       ?ToggleAutoAcceptOn@CBooleans@@UAEXXZ 100037d0 f i Dlg_1Mrg.obj
 0001:00002800       ?IsDialogOn@CBooleans@@UAEHXZ 10003800 f i Dlg_1Mrg.obj
 0001:00002820       ?ToggleDialogOn@CBooleans@@UAEXXZ 10003820 f i Dlg_1Mrg.obj
 0001:00002850       ?IsElementOn@CBooleans@@UAEHXZ 10003850 f i Dlg_1Mrg.obj
 0001:00002870       ?ToggleElementOn@CBooleans@@UAEXXZ 10003870 f i Dlg_1Mrg.obj
 0001:000028a0       ?IsDragOn@CBooleans@@UAEHXZ 100038a0 f i Dlg_1Mrg.obj
 0001:000028c0       ?ToggleDragOn@CBooleans@@UAEXXZ 100038c0 f i Dlg_1Mrg.obj
 0001:000028f0       ?IsRefreshOn@CBooleans@@UAEHXZ 100038f0 f i Dlg_1Mrg.obj
 0001:00002910       ?ToggleRefreshOn@CBooleans@@UAEXXZ 10003910 f i Dlg_1Mrg.obj
 0001:00002940       ?IsRubberBandOn@CBooleans@@UAEHXZ 10003940 f i Dlg_1Mrg.obj
 0001:00002960       ?ToggleRubberBandOn@CBooleans@@UAEXXZ 10003960 f i Dlg_1Mrg.obj
 0001:00002990       ?IsStViewActive@CBooleans@@UAEHXZ 10003990 f i Dlg_1Mrg.obj
 0001:000029b0       ?ToggleStViewActive@CBooleans@@UAEXXZ 100039b0 f i Dlg_1Mrg.obj
 0001:000029e0       ?IsSpViewActive@CBooleans@@UAEHXZ 100039e0 f i Dlg_1Mrg.obj
 0001:00002a00       ?ToggleSpViewActive@CBooleans@@UAEXXZ 10003a00 f i Dlg_1Mrg.obj
 0001:00002a30       ?IsHsViewActive@CBooleans@@UAEHXZ 10003a30 f i Dlg_1Mrg.obj
 0001:00002a50       ?ToggleHsViewActive@CBooleans@@UAEXXZ 10003a50 f i Dlg_1Mrg.obj
 0001:00002a80       ?Is12ViewActive@CBooleans@@UAEHXZ 10003a80 f i Dlg_1Mrg.obj
 0001:00002aa0       ?Toggle12ViewActive@CBooleans@@UAEXXZ 10003aa0 f i Dlg_1Mrg.obj
 0001:00002ad0       ?Is23ViewActive@CBooleans@@UAEHXZ 10003ad0 f i Dlg_1Mrg.obj
 0001:00002af0       ?Toggle23ViewActive@CBooleans@@UAEXXZ 10003af0 f i Dlg_1Mrg.obj
 0001:00002b20       ?Is31ViewActive@CBooleans@@UAEHXZ 10003b20 f i Dlg_1Mrg.obj
 0001:00002b40       ?Toggle31ViewActive@CBooleans@@UAEXXZ 10003b40 f i Dlg_1Mrg.obj
 0001:00002b70       ?IsIsoViewActive@CBooleans@@UAEHXZ 10003b70 f i Dlg_1Mrg.obj
 0001:00002b90       ?ToggleIsoViewActive@CBooleans@@UAEXXZ 10003b90 f i Dlg_1Mrg.obj
 0001:00002bc0       ?IsDataViewActive@CBooleans@@UAEHXZ 10003bc0 f i Dlg_1Mrg.obj
 0001:00002be0       ?ToggleDataViewActive@CBooleans@@UAEXXZ 10003be0 f i Dlg_1Mrg.obj
 0001:00002c10       ?IsMeshDataViewActive@CBooleans@@UAEHXZ 10003c10 f i Dlg_1Mrg.obj
 0001:00002c30       ?ToggleMeshDataViewActive@CBooleans@@UAEXXZ 10003c30 f i Dlg_1Mrg.obj
 0001:00002c60       ?IsDeckViewActive@CBooleans@@UAEHXZ 10003c60 f i Dlg_1Mrg.obj
 0001:00002c80       ?ToggleDeckViewActive@CBooleans@@UAEXXZ 10003c80 f i Dlg_1Mrg.obj
 0001:00002cb0       ?IsFormDataViewActive@CBooleans@@UAEHXZ 10003cb0 f i Dlg_1Mrg.obj
 0001:00002cd0       ?ToggleFormDataViewActive@CBooleans@@UAEXXZ 10003cd0 f i Dlg_1Mrg.obj
 0001:00002d00       ?IsInputMode@CBooleans@@UAEHXZ 10003d00 f i Dlg_1Mrg.obj
 0001:00002d20       ?SetInputMode@CBooleans@@UAEXH@Z 10003d20 f i Dlg_1Mrg.obj
 0001:00002d50       ?IsOutputMode@CBooleans@@UAEHXZ 10003d50 f i Dlg_1Mrg.obj
 0001:00002d70       ?SetOutputMode@CBooleans@@UAEXH@Z 10003d70 f i Dlg_1Mrg.obj
 0001:00002da0       ??1CBooleans@@UAE@XZ       10003da0 f i Dlg_1Mrg.obj
 0001:00002dd0       ??_GCBooleans@@UAEPAXI@Z   10003dd0 f i Dlg_1Mrg.obj
 0001:00002e10       ??_ECBooleans@@UAEPAXI@Z   10003e10 f i Dlg_1Mrg.obj
 0001:00002e90       ?GetObjectType@CDataWindow@@UAEHXZ 10003e90 f i Dlg_1Mrg.obj
 0001:00002eb0       ?SetObjectType@CDataWindow@@UAEXH@Z 10003eb0 f i Dlg_1Mrg.obj
 0001:00002ee0       ?GetElemType@CDataWindow@@UAEHXZ 10003ee0 f i Dlg_1Mrg.obj
 0001:00002f00       ?SetElemType@CDataWindow@@UAEXH@Z 10003f00 f i Dlg_1Mrg.obj
 0001:00002f30       ?GetObjectNo@CDataWindow@@UAEJXZ 10003f30 f i Dlg_1Mrg.obj
 0001:00002f50       ?SetObjectNo@CDataWindow@@UAEXJ@Z 10003f50 f i Dlg_1Mrg.obj
 0001:00002f80       ?GetWinOrgWIC@CDataWindow@@UAE?AULPOINT3@@XZ 10003f80 f i Dlg_1Mrg.obj
 0001:00002fc0       ?GetWinMinWIC@CDataWindow@@UAE?AULPOINT3@@XZ 10003fc0 f i Dlg_1Mrg.obj
 0001:00003000       ?GetWinMaxWIC@CDataWindow@@UAE?AULPOINT3@@XZ 10004000 f i Dlg_1Mrg.obj
 0001:00003040       ?GetWinExtWIC@CDataWindow@@UAE?AULPOINT3@@XZ 10004040 f i Dlg_1Mrg.obj
 0001:00003080       ??1CDataWindow@@UAE@XZ     10004080 f i Dlg_1Mrg.obj
 0001:000030b0       ??_GCDataWindow@@UAEPAXI@Z 100040b0 f i Dlg_1Mrg.obj
 0001:000030f0       ??_ECDataWindow@@UAEPAXI@Z 100040f0 f i Dlg_1Mrg.obj
 0001:00003170       ?GetObjectType@CDrFont@@UAEHXZ 10004170 f i Dlg_1Mrg.obj
 0001:00003190       ?SetObjectType@CDrFont@@UAEXH@Z 10004190 f i Dlg_1Mrg.obj
 0001:000031c0       ?GetElemType@CDrFont@@UAEHXZ 100041c0 f i Dlg_1Mrg.obj
 0001:000031e0       ?SetElemType@CDrFont@@UAEXH@Z 100041e0 f i Dlg_1Mrg.obj
 0001:00003210       ?GetObjectNo@CDrFont@@UAEJXZ 10004210 f i Dlg_1Mrg.obj
 0001:00003230       ?SetObjectNo@CDrFont@@UAEXJ@Z 10004230 f i Dlg_1Mrg.obj
 0001:00003260       ?IsFontSelected@CDrFont@@UAEHXZ 10004260 f i Dlg_1Mrg.obj
 0001:00003280       ?GetTextColor@CDrFont@@UAEKXZ 10004280 f i Dlg_1Mrg.obj
 0001:000032a0       ?SetTextColor@CDrFont@@UAEXK@Z 100042a0 f i Dlg_1Mrg.obj
 0001:000032d0       ?GetCurrentLogFont@CDrFont@@UAE?AUtagLOGFONTA@@XZ 100042d0 f i Dlg_1Mrg.obj
 0001:00003300       ?SetCurrentLogFont@CDrFont@@UAEXUtagLOGFONTA@@@Z 10004300 f i Dlg_1Mrg.obj
 0001:00003330       ??1CDrFont@@UAE@XZ         10004330 f i Dlg_1Mrg.obj
 0001:00003360       ??_GCDrFont@@UAEPAXI@Z     10004360 f i Dlg_1Mrg.obj
 0001:000033a0       ??_ECDrFont@@UAEPAXI@Z     100043a0 f i Dlg_1Mrg.obj
 0001:00003420       ?GetObjectType@CDrPen@@UAEHXZ 10004420 f i Dlg_1Mrg.obj
 0001:00003440       ?SetObjectType@CDrPen@@UAEXH@Z 10004440 f i Dlg_1Mrg.obj
 0001:00003470       ?GetElemType@CDrPen@@UAEHXZ 10004470 f i Dlg_1Mrg.obj
 0001:00003490       ?SetElemType@CDrPen@@UAEXH@Z 10004490 f i Dlg_1Mrg.obj
 0001:000034c0       ?GetObjectNo@CDrPen@@UAEJXZ 100044c0 f i Dlg_1Mrg.obj
 0001:000034e0       ?SetObjectNo@CDrPen@@UAEXJ@Z 100044e0 f i Dlg_1Mrg.obj
 0001:00003510       ?GetCurrentPen@CDrPen@@UAEPAVCPen@@XZ 10004510 f i Dlg_1Mrg.obj
 0001:00003530       ?GetStyle@CDrPen@@UAEHXZ   10004530 f i Dlg_1Mrg.obj
 0001:00003550       ?SetStyle@CDrPen@@UAEXH@Z  10004550 f i Dlg_1Mrg.obj
 0001:00003580       ?GetStyleOld@CDrPen@@UAEHXZ 10004580 f i Dlg_1Mrg.obj
 0001:000035a0       ?SetStyleOld@CDrPen@@UAEXH@Z 100045a0 f i Dlg_1Mrg.obj
 0001:000035d0       ?GetStyleDefault@CDrPen@@UAEHXZ 100045d0 f i Dlg_1Mrg.obj
 0001:000035f0       ?SetStyleDefault@CDrPen@@UAEXH@Z 100045f0 f i Dlg_1Mrg.obj
 0001:00003620       ?GetWidth@CDrPen@@UAEHXZ   10004620 f i Dlg_1Mrg.obj
 0001:00003640       ?SetWidth@CDrPen@@UAEXH@Z  10004640 f i Dlg_1Mrg.obj
 0001:00003670       ?GetWidthOld@CDrPen@@UAEHXZ 10004670 f i Dlg_1Mrg.obj
 0001:00003690       ?SetWidthOld@CDrPen@@UAEXH@Z 10004690 f i Dlg_1Mrg.obj
 0001:000036c0       ?GetWidthDefault@CDrPen@@UAEHXZ 100046c0 f i Dlg_1Mrg.obj
 0001:000036e0       ?SetWidthDefault@CDrPen@@UAEXH@Z 100046e0 f i Dlg_1Mrg.obj
 0001:00003710       ?GetColor@CDrPen@@UAEKXZ   10004710 f i Dlg_1Mrg.obj
 0001:00003730       ?SetColor@CDrPen@@UAEXK@Z  10004730 f i Dlg_1Mrg.obj
 0001:00003760       ?GetColorOld@CDrPen@@UAEKXZ 10004760 f i Dlg_1Mrg.obj
 0001:00003780       ?SetColorOld@CDrPen@@UAEXK@Z 10004780 f i Dlg_1Mrg.obj
 0001:000037b0       ?GetColorDefault@CDrPen@@UAEKXZ 100047b0 f i Dlg_1Mrg.obj
 0001:000037d0       ?SetColorDefault@CDrPen@@UAEXK@Z 100047d0 f i Dlg_1Mrg.obj
 0001:00003800       ?GetIndex@CDrPen@@UAEIXZ   10004800 f i Dlg_1Mrg.obj
 0001:00003820       ?SetIndex@CDrPen@@UAEXI@Z  10004820 f i Dlg_1Mrg.obj
 0001:00003850       ?GetIndexOld@CDrPen@@UAEIXZ 10004850 f i Dlg_1Mrg.obj
 0001:00003870       ?SetIndexOld@CDrPen@@UAEXI@Z 10004870 f i Dlg_1Mrg.obj
 0001:000038a0       ?GetIndexDefault@CDrPen@@UAEIXZ 100048a0 f i Dlg_1Mrg.obj
 0001:000038c0       ?SetIndexDefault@CDrPen@@UAEXI@Z 100048c0 f i Dlg_1Mrg.obj
 0001:000038f0       ?GetStyleNameCount@CDrPen@@UAEIXZ 100048f0 f i Dlg_1Mrg.obj
 0001:00003910       ?SetStyleNameCount@CDrPen@@UAEXI@Z 10004910 f i Dlg_1Mrg.obj
 0001:00003940       ?GetStyleName@CDrPen@@UAE?AVCString@@I@Z 10004940 f i Dlg_1Mrg.obj
 0001:00003980       ?GetStyleConstant@CDrPen@@UAEII@Z 10004980 f i Dlg_1Mrg.obj
 0001:000039b0       ??1CDrPen@@UAE@XZ          100049b0 f i Dlg_1Mrg.obj
 0001:00003a30       ??_GCDrPen@@UAEPAXI@Z      10004a30 f i Dlg_1Mrg.obj
 0001:00003a70       ??_ECDrPen@@UAEPAXI@Z      10004a70 f i Dlg_1Mrg.obj
 0001:00003af0       ?GetObjectType@CHitNet@@UAEHXZ 10004af0 f i Dlg_1Mrg.obj
 0001:00003b10       ?SetObjectType@CHitNet@@UAEXH@Z 10004b10 f i Dlg_1Mrg.obj
 0001:00003b40       ?GetElemType@CHitNet@@UAEHXZ 10004b40 f i Dlg_1Mrg.obj
 0001:00003b60       ?SetElemType@CHitNet@@UAEXH@Z 10004b60 f i Dlg_1Mrg.obj
 0001:00003b90       ?GetObjectNo@CHitNet@@UAEJXZ 10004b90 f i Dlg_1Mrg.obj
 0001:00003bb0       ?SetObjectNo@CHitNet@@UAEXJ@Z 10004bb0 f i Dlg_1Mrg.obj
 0001:00003be0       ?GetSearchNet@CHitNet@@QAEHXZ 10004be0 f i Dlg_1Mrg.obj
 0001:00003c00       ?SetSearchNet@CHitNet@@QAEXH@Z 10004c00 f i Dlg_1Mrg.obj
 0001:00003c30       ?GetSearchNetOld@CHitNet@@QAEHXZ 10004c30 f i Dlg_1Mrg.obj
 0001:00003c50       ?SetSearchNetOld@CHitNet@@QAEXH@Z 10004c50 f i Dlg_1Mrg.obj
 0001:00003c80       ?GetSearchNetDefault@CHitNet@@QAEHXZ 10004c80 f i Dlg_1Mrg.obj
 0001:00003ca0       ?SetSearchNetDefault@CHitNet@@QAEXH@Z 10004ca0 f i Dlg_1Mrg.obj
 0001:00003cd0       ?GetSearchDet@CHitNet@@QAENXZ 10004cd0 f i Dlg_1Mrg.obj
 0001:00003cf0       ?SetSearchDet@CHitNet@@QAEXN@Z 10004cf0 f i Dlg_1Mrg.obj
 0001:00003d20       ?GetSearchDetOld@CHitNet@@QAENXZ 10004d20 f i Dlg_1Mrg.obj
 0001:00003d40       ?SetSearchDetOld@CHitNet@@QAEXN@Z 10004d40 f i Dlg_1Mrg.obj
 0001:00003d70       ?GetSearchDetDefault@CHitNet@@QAENXZ 10004d70 f i Dlg_1Mrg.obj
 0001:00003d90       ?SetSearchDetDefault@CHitNet@@QAEXN@Z 10004d90 f i Dlg_1Mrg.obj
 0001:00003dc0       ?GetDblRatio@CHitNet@@QAENXZ 10004dc0 f i Dlg_1Mrg.obj
 0001:00003de0       ?SetDblRatio@CHitNet@@QAEXN@Z 10004de0 f i Dlg_1Mrg.obj
 0001:00003e10       ?GetDblRatioOld@CHitNet@@QAENXZ 10004e10 f i Dlg_1Mrg.obj
 0001:00003e30       ?SetDblRatioOld@CHitNet@@QAEXN@Z 10004e30 f i Dlg_1Mrg.obj
 0001:00003e60       ?GetDblRatioDefault@CHitNet@@QAENXZ 10004e60 f i Dlg_1Mrg.obj
 0001:00003e80       ?SetDblRatioDefault@CHitNet@@QAEXN@Z 10004e80 f i Dlg_1Mrg.obj
 0001:00003eb0       ?GetCoLinear@CHitNet@@QAENXZ 10004eb0 f i Dlg_1Mrg.obj
 0001:00003ed0       ?SetCoLinear@CHitNet@@QAEXN@Z 10004ed0 f i Dlg_1Mrg.obj
 0001:00003f00       ?GetCoLinearOld@CHitNet@@QAENXZ 10004f00 f i Dlg_1Mrg.obj
 0001:00003f20       ?SetCoLinearOld@CHitNet@@QAEXN@Z 10004f20 f i Dlg_1Mrg.obj
 0001:00003f50       ?GetCoLinearDefault@CHitNet@@QAENXZ 10004f50 f i Dlg_1Mrg.obj
 0001:00003f70       ?SetCoLinearDefault@CHitNet@@QAEXN@Z 10004f70 f i Dlg_1Mrg.obj
 0001:00003fa0       ?GetCoPlanar@CHitNet@@QAENXZ 10004fa0 f i Dlg_1Mrg.obj
 0001:00003fc0       ?SetCoPlanar@CHitNet@@QAEXN@Z 10004fc0 f i Dlg_1Mrg.obj
 0001:00003ff0       ?GetCoPlanarOld@CHitNet@@QAENXZ 10004ff0 f i Dlg_1Mrg.obj
 0001:00004010       ?SetCoPlanarOld@CHitNet@@QAEXN@Z 10005010 f i Dlg_1Mrg.obj
 0001:00004040       ?GetCoPlanarDefault@CHitNet@@QAENXZ 10005040 f i Dlg_1Mrg.obj
 0001:00004060       ?SetCoPlanarDefault@CHitNet@@QAEXN@Z 10005060 f i Dlg_1Mrg.obj
 0001:00004090       ?GetMergeNode_X@CHitNet@@QAENXZ 10005090 f i Dlg_1Mrg.obj
 0001:000040b0       ?SetMergeNode_X@CHitNet@@QAEXN@Z 100050b0 f i Dlg_1Mrg.obj
 0001:000040e0       ?GetMergeNode_XOld@CHitNet@@QAENXZ 100050e0 f i Dlg_1Mrg.obj
 0001:00004100       ?SetMergeNode_XOld@CHitNet@@QAEXN@Z 10005100 f i Dlg_1Mrg.obj
 0001:00004130       ?GetMergeNode_XDefault@CHitNet@@QAENXZ 10005130 f i Dlg_1Mrg.obj
 0001:00004150       ?SetMergeNode_XDefault@CHitNet@@QAEXN@Z 10005150 f i Dlg_1Mrg.obj
 0001:00004180       ?GetMergeNode_Y@CHitNet@@QAENXZ 10005180 f i Dlg_1Mrg.obj
 0001:000041a0       ?SetMergeNode_Y@CHitNet@@QAEXN@Z 100051a0 f i Dlg_1Mrg.obj
 0001:000041d0       ?GetMergeNode_YOld@CHitNet@@QAENXZ 100051d0 f i Dlg_1Mrg.obj
 0001:000041f0       ?SetMergeNode_YOld@CHitNet@@QAEXN@Z 100051f0 f i Dlg_1Mrg.obj
 0001:00004220       ?GetMergeNode_YDefault@CHitNet@@QAENXZ 10005220 f i Dlg_1Mrg.obj
 0001:00004240       ?SetMergeNode_YDefault@CHitNet@@QAEXN@Z 10005240 f i Dlg_1Mrg.obj
 0001:00004270       ?GetMergeNode_Z@CHitNet@@QAENXZ 10005270 f i Dlg_1Mrg.obj
 0001:00004290       ?SetMergeNode_Z@CHitNet@@QAEXN@Z 10005290 f i Dlg_1Mrg.obj
 0001:000042c0       ?GetMergeNode_ZOld@CHitNet@@QAENXZ 100052c0 f i Dlg_1Mrg.obj
 0001:000042e0       ?SetMergeNode_ZOld@CHitNet@@QAEXN@Z 100052e0 f i Dlg_1Mrg.obj
 0001:00004310       ?GetMergeNode_ZDefault@CHitNet@@QAENXZ 10005310 f i Dlg_1Mrg.obj
 0001:00004330       ?SetMergeNode_ZDefault@CHitNet@@QAEXN@Z 10005330 f i Dlg_1Mrg.obj
 0001:00004360       ??1CHitNet@@UAE@XZ         10005360 f i Dlg_1Mrg.obj
 0001:00004390       ??_GCHitNet@@UAEPAXI@Z     10005390 f i Dlg_1Mrg.obj
 0001:000043d0       ??_ECHitNet@@UAEPAXI@Z     100053d0 f i Dlg_1Mrg.obj
 0001:00004450       ?GetObjectType@CLayer@@UAEHXZ 10005450 f i Dlg_1Mrg.obj
 0001:00004470       ?SetObjectType@CLayer@@UAEXH@Z 10005470 f i Dlg_1Mrg.obj
 0001:000044a0       ?GetElemType@CLayer@@UAEHXZ 100054a0 f i Dlg_1Mrg.obj
 0001:000044c0       ?SetElemType@CLayer@@UAEXH@Z 100054c0 f i Dlg_1Mrg.obj
 0001:000044f0       ?GetObjectNo@CLayer@@UAEJXZ 100054f0 f i Dlg_1Mrg.obj
 0001:00004510       ?SetObjectNo@CLayer@@UAEXJ@Z 10005510 f i Dlg_1Mrg.obj
 0001:00004540       ?GetCurrentLayer@CLayer@@UAEIXZ 10005540 f i Dlg_1Mrg.obj
 0001:00004560       ?SetCurrentLayer@CLayer@@UAEXI@Z 10005560 f i Dlg_1Mrg.obj
 0001:00004590       ?GetCurrentLayerOld@CLayer@@UAEIXZ 10005590 f i Dlg_1Mrg.obj
 0001:000045b0       ?SetCurrentLayerOld@CLayer@@UAEXI@Z 100055b0 f i Dlg_1Mrg.obj
 0001:000045e0       ?GetCurrentLayerDefault@CLayer@@UAEIXZ 100055e0 f i Dlg_1Mrg.obj
 0001:00004600       ?SetCurrentLayerDefault@CLayer@@UAEXI@Z 10005600 f i Dlg_1Mrg.obj
 0001:00004630       ??1CLayer@@UAE@XZ          10005630 f i Dlg_1Mrg.obj
 0001:00004660       ??_GCLayer@@UAEPAXI@Z      10005660 f i Dlg_1Mrg.obj
 0001:000046a0       ??_ECLayer@@UAEPAXI@Z      100056a0 f i Dlg_1Mrg.obj
 0001:00004720       ?GetObjectType@CPatchMnu@@UAEHXZ 10005720 f i Dlg_1Mrg.obj
 0001:00004740       ?SetObjectType@CPatchMnu@@UAEXH@Z 10005740 f i Dlg_1Mrg.obj
 0001:00004770       ?GetElemType@CPatchMnu@@UAEHXZ 10005770 f i Dlg_1Mrg.obj
 0001:00004790       ?SetElemType@CPatchMnu@@UAEXH@Z 10005790 f i Dlg_1Mrg.obj
 0001:000047c0       ?GetObjectNo@CPatchMnu@@UAEJXZ 100057c0 f i Dlg_1Mrg.obj
 0001:000047e0       ?SetObjectNo@CPatchMnu@@UAEXJ@Z 100057e0 f i Dlg_1Mrg.obj
 0001:00004810       ?GetCurrentPatchMnu@CPatchMnu@@UAEIXZ 10005810 f i Dlg_1Mrg.obj
 0001:00004830       ?SetCurrentPatchMnu@CPatchMnu@@UAEXI@Z 10005830 f i Dlg_1Mrg.obj
 0001:00004860       ?GetCurrentPatchMnuOld@CPatchMnu@@UAEIXZ 10005860 f i Dlg_1Mrg.obj
 0001:00004880       ?SetCurrentPatchMnuOld@CPatchMnu@@UAEXI@Z 10005880 f i Dlg_1Mrg.obj
 0001:000048b0       ?GetCurrentPatchMnuDefault@CPatchMnu@@UAEIXZ 100058b0 f i Dlg_1Mrg.obj
 0001:000048d0       ?SetCurrentPatchMnuDefault@CPatchMnu@@UAEXI@Z 100058d0 f i Dlg_1Mrg.obj
 0001:00004900       ?GetPatchMnuID@CPatchMnu@@UAE?AVCString@@I@Z 10005900 f i Dlg_1Mrg.obj
 0001:00004940       ?SetPatchMnuID@CPatchMnu@@UAEXVCString@@I@Z 10005940 f i Dlg_1Mrg.obj
 0001:000049a0       ?GetCurrentID@CPatchMnu@@UAE?AVCString@@XZ 100059a0 f i Dlg_1Mrg.obj
 0001:000049e0       ?SetCurrentID@CPatchMnu@@UAEXVCString@@@Z 100059e0 f i Dlg_1Mrg.obj
 0001:00004a40       ??1CPatchMnu@@UAE@XZ       10005a40 f i Dlg_1Mrg.obj
 0001:00004ad0       ??_GCPatchMnu@@UAEPAXI@Z   10005ad0 f i Dlg_1Mrg.obj
 0001:00004b10       ??_ECPatchMnu@@UAEPAXI@Z   10005b10 f i Dlg_1Mrg.obj
 0001:00004b90       ?GetObjectType@CObj3DMnu@@UAEHXZ 10005b90 f i Dlg_1Mrg.obj
 0001:00004bb0       ?SetObjectType@CObj3DMnu@@UAEXH@Z 10005bb0 f i Dlg_1Mrg.obj
 0001:00004be0       ?GetElemType@CObj3DMnu@@UAEHXZ 10005be0 f i Dlg_1Mrg.obj
 0001:00004c00       ?SetElemType@CObj3DMnu@@UAEXH@Z 10005c00 f i Dlg_1Mrg.obj
 0001:00004c30       ?GetObjectNo@CObj3DMnu@@UAEJXZ 10005c30 f i Dlg_1Mrg.obj
 0001:00004c50       ?SetObjectNo@CObj3DMnu@@UAEXJ@Z 10005c50 f i Dlg_1Mrg.obj
 0001:00004c80       ?GetCurrentObj3DMnu@CObj3DMnu@@UAEIXZ 10005c80 f i Dlg_1Mrg.obj
 0001:00004ca0       ?SetCurrentObj3DMnu@CObj3DMnu@@UAEXI@Z 10005ca0 f i Dlg_1Mrg.obj
 0001:00004cd0       ?GetCurrentObj3DMnuOld@CObj3DMnu@@UAEIXZ 10005cd0 f i Dlg_1Mrg.obj
 0001:00004cf0       ?SetCurrentObj3DMnuOld@CObj3DMnu@@UAEXI@Z 10005cf0 f i Dlg_1Mrg.obj
 0001:00004d20       ?GetCurrentObj3DMnuDefault@CObj3DMnu@@UAEIXZ 10005d20 f i Dlg_1Mrg.obj
 0001:00004d40       ?SetCurrentObj3DMnuDefault@CObj3DMnu@@UAEXI@Z 10005d40 f i Dlg_1Mrg.obj
 0001:00004d70       ?GetObj3DMnuID@CObj3DMnu@@UAE?AVCString@@I@Z 10005d70 f i Dlg_1Mrg.obj
 0001:00004db0       ?SetObj3DMnuID@CObj3DMnu@@UAEXVCString@@I@Z 10005db0 f i Dlg_1Mrg.obj
 0001:00004e10       ?GetCurrentID@CObj3DMnu@@UAE?AVCString@@XZ 10005e10 f i Dlg_1Mrg.obj
 0001:00004e50       ?SetCurrentID@CObj3DMnu@@UAEXVCString@@@Z 10005e50 f i Dlg_1Mrg.obj
 0001:00004eb0       ??1CObj3DMnu@@UAE@XZ       10005eb0 f i Dlg_1Mrg.obj
 0001:00004f40       ??_GCObj3DMnu@@UAEPAXI@Z   10005f40 f i Dlg_1Mrg.obj
 0001:00004f80       ??_ECObj3DMnu@@UAEPAXI@Z   10005f80 f i Dlg_1Mrg.obj
 0001:00005000       ?GetObjectType@CMapFactor@@UAEHXZ 10006000 f i Dlg_1Mrg.obj
 0001:00005020       ?SetObjectType@CMapFactor@@UAEXH@Z 10006020 f i Dlg_1Mrg.obj
 0001:00005050       ?GetElemType@CMapFactor@@UAEHXZ 10006050 f i Dlg_1Mrg.obj
 0001:00005070       ?SetElemType@CMapFactor@@UAEXH@Z 10006070 f i Dlg_1Mrg.obj
 0001:000050a0       ?GetObjectNo@CMapFactor@@UAEJXZ 100060a0 f i Dlg_1Mrg.obj
 0001:000050c0       ?SetObjectNo@CMapFactor@@UAEXJ@Z 100060c0 f i Dlg_1Mrg.obj
 0001:000050f0       ?GetMapFactor@CMapFactor@@UAENXZ 100060f0 f i Dlg_1Mrg.obj
 0001:00005110       ?SetMapFactor@CMapFactor@@UAEXN@Z 10006110 f i Dlg_1Mrg.obj
 0001:00005140       ?GetMapModeIndex@CMapFactor@@UAEHXZ 10006140 f i Dlg_1Mrg.obj
 0001:00005160       ?SetMapModeIndex@CMapFactor@@UAEXH@Z 10006160 f i Dlg_1Mrg.obj
 0001:00005190       ??1CMapFactor@@UAE@XZ      10006190 f i Dlg_1Mrg.obj
 0001:000051c0       ??_GCMapFactor@@UAEPAXI@Z  100061c0 f i Dlg_1Mrg.obj
 0001:00005200       ??_ECMapFactor@@UAEPAXI@Z  10006200 f i Dlg_1Mrg.obj
 0001:00005280       ?GetObjectType@CPrecision@@UAEHXZ 10006280 f i Dlg_1Mrg.obj
 0001:000052a0       ?SetObjectType@CPrecision@@UAEXH@Z 100062a0 f i Dlg_1Mrg.obj
 0001:000052d0       ?GetElemType@CPrecision@@UAEHXZ 100062d0 f i Dlg_1Mrg.obj
 0001:000052f0       ?SetElemType@CPrecision@@UAEXH@Z 100062f0 f i Dlg_1Mrg.obj
 0001:00005320       ?GetObjectNo@CPrecision@@UAEJXZ 10006320 f i Dlg_1Mrg.obj
 0001:00005340       ?SetObjectNo@CPrecision@@UAEXJ@Z 10006340 f i Dlg_1Mrg.obj
 0001:00005370       ?GetPrecision@CPrecision@@UAEIXZ 10006370 f i Dlg_1Mrg.obj
 0001:00005390       ?SetPrecision@CPrecision@@UAEXI@Z 10006390 f i Dlg_1Mrg.obj
 0001:000053c0       ?GetPrecisionOld@CPrecision@@UAEIXZ 100063c0 f i Dlg_1Mrg.obj
 0001:000053e0       ?SetPrecisionOld@CPrecision@@UAEXI@Z 100063e0 f i Dlg_1Mrg.obj
 0001:00005410       ?GetPrecisionDefault@CPrecision@@UAEIXZ 10006410 f i Dlg_1Mrg.obj
 0001:00005430       ?SetPrecisionDefault@CPrecision@@UAEXI@Z 10006430 f i Dlg_1Mrg.obj
 0001:00005460       ?GetWorldBase@CPrecision@@UAEJXZ 10006460 f i Dlg_1Mrg.obj
 0001:00005480       ?SetWorldBase@CPrecision@@UAEXJ@Z 10006480 f i Dlg_1Mrg.obj
 0001:000054b0       ?GetWorldBaseOld@CPrecision@@UAEJXZ 100064b0 f i Dlg_1Mrg.obj
 0001:000054d0       ?SetWorldBaseOld@CPrecision@@UAEXJ@Z 100064d0 f i Dlg_1Mrg.obj
 0001:00005500       ?GetWorldBaseDefault@CPrecision@@UAEJXZ 10006500 f i Dlg_1Mrg.obj
 0001:00005520       ?SetWorldBaseDefault@CPrecision@@UAEXJ@Z 10006520 f i Dlg_1Mrg.obj
 0001:00005550       ??1CPrecision@@UAE@XZ      10006550 f i Dlg_1Mrg.obj
 0001:00005580       ??_GCPrecision@@UAEPAXI@Z  10006580 f i Dlg_1Mrg.obj
 0001:000055c0       ??_ECPrecision@@UAEPAXI@Z  100065c0 f i Dlg_1Mrg.obj
 0001:00005640       ?GetObjectType@CScaleFactor@@UAEHXZ 10006640 f i Dlg_1Mrg.obj
 0001:00005660       ?SetObjectType@CScaleFactor@@UAEXH@Z 10006660 f i Dlg_1Mrg.obj
 0001:00005690       ?GetElemType@CScaleFactor@@UAEHXZ 10006690 f i Dlg_1Mrg.obj
 0001:000056b0       ?SetElemType@CScaleFactor@@UAEXH@Z 100066b0 f i Dlg_1Mrg.obj
 0001:000056e0       ?GetObjectNo@CScaleFactor@@UAEJXZ 100066e0 f i Dlg_1Mrg.obj
 0001:00005700       ?SetObjectNo@CScaleFactor@@UAEXJ@Z 10006700 f i Dlg_1Mrg.obj
 0001:00005730       ?GetScaleFactor@CScaleFactor@@UAENXZ 10006730 f i Dlg_1Mrg.obj
 0001:00005750       ?SetScaleFactor@CScaleFactor@@UAEXN@Z 10006750 f i Dlg_1Mrg.obj
 0001:00005780       ?GetScaleFactorOld@CScaleFactor@@UAENXZ 10006780 f i Dlg_1Mrg.obj
 0001:000057a0       ?SetScaleFactorOld@CScaleFactor@@UAEXN@Z 100067a0 f i Dlg_1Mrg.obj
 0001:000057d0       ?GetScaleFactorDefault@CScaleFactor@@UAENXZ 100067d0 f i Dlg_1Mrg.obj
 0001:000057f0       ?SetScaleFactorDefault@CScaleFactor@@UAEXN@Z 100067f0 f i Dlg_1Mrg.obj
 0001:00005820       ??1CScaleFactor@@UAE@XZ    10006820 f i Dlg_1Mrg.obj
 0001:00005850       ??_GCScaleFactor@@UAEPAXI@Z 10006850 f i Dlg_1Mrg.obj
 0001:00005890       ??_ECScaleFactor@@UAEPAXI@Z 10006890 f i Dlg_1Mrg.obj
 0001:00005910       ?GetObjectType@CUnit@@UAEHXZ 10006910 f i Dlg_1Mrg.obj
 0001:00005930       ?SetObjectType@CUnit@@UAEXH@Z 10006930 f i Dlg_1Mrg.obj
 0001:00005960       ?GetElemType@CUnit@@UAEHXZ 10006960 f i Dlg_1Mrg.obj
 0001:00005980       ?SetElemType@CUnit@@UAEXH@Z 10006980 f i Dlg_1Mrg.obj
 0001:000059b0       ?GetObjectNo@CUnit@@UAEJXZ 100069b0 f i Dlg_1Mrg.obj
 0001:000059d0       ?SetObjectNo@CUnit@@UAEXJ@Z 100069d0 f i Dlg_1Mrg.obj
 0001:00005a00       ?GetUnitName@CUnit@@UAE?AVCString@@I@Z 10006a00 f i Dlg_1Mrg.obj
 0001:00005a40       ?GetUnitIndex@CUnit@@UAEIXZ 10006a40 f i Dlg_1Mrg.obj
 0001:00005a60       ?SetUnitIndex@CUnit@@UAEXI@Z 10006a60 f i Dlg_1Mrg.obj
 0001:00005a90       ?GetUnitIndexOld@CUnit@@UAEIXZ 10006a90 f i Dlg_1Mrg.obj
 0001:00005ab0       ?SetUnitIndexOld@CUnit@@UAEXI@Z 10006ab0 f i Dlg_1Mrg.obj
 0001:00005ae0       ?GetUnitIndexDefault@CUnit@@UAEIXZ 10006ae0 f i Dlg_1Mrg.obj
 0001:00005b00       ?SetUnitIndexDefault@CUnit@@UAEXI@Z 10006b00 f i Dlg_1Mrg.obj
 0001:00005b30       ?GetUnitNameCount@CUnit@@UAEIXZ 10006b30 f i Dlg_1Mrg.obj
 0001:00005b50       ?SetUnitNameCount@CUnit@@UAEXI@Z 10006b50 f i Dlg_1Mrg.obj
 0001:00005b80       ??1CUnit@@UAE@XZ           10006b80 f i Dlg_1Mrg.obj
 0001:00005bf0       ??_GCUnit@@UAEPAXI@Z       10006bf0 f i Dlg_1Mrg.obj
 0001:00005c30       ??_ECUnit@@UAEPAXI@Z       10006c30 f i Dlg_1Mrg.obj
 0001:00005cb0       ??1CDataRowHint@@UAE@XZ    10006cb0 f i Dlg_1Mrg.obj
 0001:00005cd0       ?GetMapFactor@CObjectMgr@@UAEPAVCMapFactor@@XZ 10006cd0 f i Dlg_1Mrg.obj
 0001:00005cf0       ?GetPrecision@CObjectMgr@@UAEPAVCPrecision@@XZ 10006cf0 f i Dlg_1Mrg.obj
 0001:00005d10       ?GetScaleFactor@CObjectMgr@@UAEPAVCScaleFactor@@XZ 10006d10 f i Dlg_1Mrg.obj
 0001:00005d30       ?GetUnit@CObjectMgr@@UAEPAVCUnit@@XZ 10006d30 f i Dlg_1Mrg.obj
 0001:00005d50       ?GetObjectListFromIndex@CObjectMgr@@UAEPAVCDListMgr@@H@Z 10006d50 f i Dlg_1Mrg.obj
 0001:00005d90       ?IsSceneChanged@CObjectMgr@@UAEHXZ 10006d90 f i Dlg_1Mrg.obj
 0001:00005db0       ?SetSceneChanged@CObjectMgr@@UAEXH@Z 10006db0 f i Dlg_1Mrg.obj
 0001:00005de0       ?IsViewChanged@CObjectMgr@@UAEHXZ 10006de0 f i Dlg_1Mrg.obj
 0001:00005e00       ?SetViewChanged@CObjectMgr@@UAEXH@Z 10006e00 f i Dlg_1Mrg.obj
 0001:00005e30       ?GetMasterLastObjectNo@CObjectMgr@@UAEIXZ 10006e30 f i Dlg_1Mrg.obj
 0001:00005e50       ?SetMasterLastObjectNo@CObjectMgr@@UAEXI@Z 10006e50 f i Dlg_1Mrg.obj
 0001:00005e80       ?GetActiveObjectNo@CObjectMgr@@UAEIXZ 10006e80 f i Dlg_1Mrg.obj
 0001:00005ea0       ?SetActiveObjectNo@CObjectMgr@@UAEXI@Z 10006ea0 f i Dlg_1Mrg.obj
 0001:00005ed0       ?GetActiveListIndex@CObjectMgr@@UAEHXZ 10006ed0 f i Dlg_1Mrg.obj
 0001:00005ef0       ?SetActiveListIndex@CObjectMgr@@UAEXH@Z 10006ef0 f i Dlg_1Mrg.obj
 0001:00005f20       ?GetActiveObjectIndex@CObjectMgr@@UAEHXZ 10006f20 f i Dlg_1Mrg.obj
 0001:00005f40       ?SetActiveObjectIndex@CObjectMgr@@UAEXH@Z 10006f40 f i Dlg_1Mrg.obj
 0001:00005f70       ?GetActiveObjectType@CObjectMgr@@UAEHXZ 10006f70 f i Dlg_1Mrg.obj
 0001:00005f90       ?SetActiveObjectType@CObjectMgr@@UAEXH@Z 10006f90 f i Dlg_1Mrg.obj
 0001:00005fc0       ?GetRowList@CObjectMgr@@QAEPAV?$CList@JJ@@XZ 10006fc0 f i Dlg_1Mrg.obj
 0001:00005fe0       ?GetRowCount@CObjectMgr@@QAEHXZ 10006fe0 f i Dlg_1Mrg.obj
 0001:00006010       ?GetActiveRowIndex@CObjectMgr@@QAEHXZ 10007010 f i Dlg_1Mrg.obj
 0001:00006030       ?SetActiveRowIndex@CObjectMgr@@QAEXH@Z 10007030 f i Dlg_1Mrg.obj
 0001:00006060       ?GetFormat@CObjectMgr@@UAE?AVCString@@XZ 10007060 f i Dlg_1Mrg.obj
 0001:000060a0       ?IsMeshGenOn@CObjectMgr@@UAEHXZ 100070a0 f i Dlg_1Mrg.obj
 0001:000060c0       ?SetMeshGenOn@CObjectMgr@@UAEXH@Z 100070c0 f i Dlg_1Mrg.obj
 0001:000060f0       ?GetMeshType@CObjectMgr@@UAEIXZ 100070f0 f i Dlg_1Mrg.obj
 0001:00006110       ?SetMeshType@CObjectMgr@@UAEXI@Z 10007110 f i Dlg_1Mrg.obj
 0001:00006140       ?GetCurrentTopLevel@CObjectMgr@@UAEHXZ 10007140 f i Dlg_1Mrg.obj
 0001:00006160       ?SetCurrentTopLevel@CObjectMgr@@UAEXH@Z 10007160 f i Dlg_1Mrg.obj
 0001:00006190       ?GetObjectType@CElemInfo@@UAEHXZ 10007190 f i Dlg_1Mrg.obj
 0001:000061b0       ?SetObjectType@CElemInfo@@UAEXH@Z 100071b0 f i Dlg_1Mrg.obj
 0001:000061e0       ?GetElemType@CElemInfo@@UAEHXZ 100071e0 f i Dlg_1Mrg.obj
 0001:00006200       ?SetElemType@CElemInfo@@UAEXH@Z 10007200 f i Dlg_1Mrg.obj
 0001:00006230       ?GetObjectNo@CElemInfo@@UAEJXZ 10007230 f i Dlg_1Mrg.obj
 0001:00006250       ?SetObjectNo@CElemInfo@@UAEXJ@Z 10007250 f i Dlg_1Mrg.obj
 0001:00006280       ?GetInfoList@CElemInfo@@UAEPAVCDListMgr@@H@Z 10007280 f i Dlg_1Mrg.obj
 0001:000062b0       ??1CElemInfo@@UAE@XZ       100072b0 f i Dlg_1Mrg.obj
 0001:00006320       ??_GCElemInfo@@UAEPAXI@Z   10007320 f i Dlg_1Mrg.obj
 0001:00006360       ??_ECElemInfo@@UAEPAXI@Z   10007360 f i Dlg_1Mrg.obj
 0001:000063e0       ??1CMeshRowHint@@UAE@XZ    100073e0 f i Dlg_1Mrg.obj
 0001:00006400       ?GetRowList@CMsObjMgr@@QAEPAV?$CList@JJ@@XZ 10007400 f i Dlg_1Mrg.obj
 0001:00006420       ?GetRowCount@CMsObjMgr@@QAEHXZ 10007420 f i Dlg_1Mrg.obj
 0001:00006450       ?GetActiveRowIndex@CMsObjMgr@@QAEHXZ 10007450 f i Dlg_1Mrg.obj
 0001:00006470       ?SetActiveRowIndex@CMsObjMgr@@QAEXH@Z 10007470 f i Dlg_1Mrg.obj
 0001:000064a0       ??1CBaseRowHint@@UAE@XZ    100074a0 f i Dlg_1Mrg.obj
 0001:000064c0       ?GetCurrentItem@CDbObjMgr@@QAEAAVCString@@XZ 100074c0 f i Dlg_1Mrg.obj
 0001:000064e0       ?SetCurrentItem@CDbObjMgr@@QAEXAAVCString@@@Z 100074e0 f i Dlg_1Mrg.obj
 0001:00006510       ?GetCurrentParent@CDbObjMgr@@QAEAAVCString@@XZ 10007510 f i Dlg_1Mrg.obj
 0001:00006530       ?SetCurrentParent@CDbObjMgr@@QAEXAAVCString@@@Z 10007530 f i Dlg_1Mrg.obj
 0001:00006560       ??1CAxDataRowHint@@UAE@XZ  10007560 f i Dlg_1Mrg.obj
 0001:00006580       ?GetMapFactor@CAxObjMgr@@UAEPAVCMapFactor@@XZ 10007580 f i Dlg_1Mrg.obj
 0001:000065a0       ?GetPrecision@CAxObjMgr@@UAEPAVCPrecision@@XZ 100075a0 f i Dlg_1Mrg.obj
 0001:000065c0       ?GetScaleFactor@CAxObjMgr@@UAEPAVCScaleFactor@@XZ 100075c0 f i Dlg_1Mrg.obj
 0001:000065e0       ?GetUnit@CAxObjMgr@@UAEPAVCUnit@@XZ 100075e0 f i Dlg_1Mrg.obj
 0001:00006600       ?GetObjectListFromIndex@CAxObjMgr@@UAEPAVCDListMgr@@H@Z 10007600 f i Dlg_1Mrg.obj
 0001:00006640       ?IsSceneChanged@CAxObjMgr@@UAEHXZ 10007640 f i Dlg_1Mrg.obj
 0001:00006660       ?SetSceneChanged@CAxObjMgr@@UAEXH@Z 10007660 f i Dlg_1Mrg.obj
 0001:00006690       ?IsViewChanged@CAxObjMgr@@UAEHXZ 10007690 f i Dlg_1Mrg.obj
 0001:000066b0       ?SetViewChanged@CAxObjMgr@@UAEXH@Z 100076b0 f i Dlg_1Mrg.obj
 0001:000066e0       ?GetMasterLastObjectNo@CAxObjMgr@@UAEIXZ 100076e0 f i Dlg_1Mrg.obj
 0001:00006700       ?SetMasterLastObjectNo@CAxObjMgr@@UAEXI@Z 10007700 f i Dlg_1Mrg.obj
 0001:00006730       ?GetActiveObjectNo@CAxObjMgr@@UAEIXZ 10007730 f i Dlg_1Mrg.obj
 0001:00006750       ?SetActiveObjectNo@CAxObjMgr@@UAEXI@Z 10007750 f i Dlg_1Mrg.obj
 0001:00006780       ?GetActiveListIndex@CAxObjMgr@@UAEHXZ 10007780 f i Dlg_1Mrg.obj
 0001:000067a0       ?SetActiveListIndex@CAxObjMgr@@UAEXH@Z 100077a0 f i Dlg_1Mrg.obj
 0001:000067d0       ?GetActiveObjectIndex@CAxObjMgr@@UAEHXZ 100077d0 f i Dlg_1Mrg.obj
 0001:000067f0       ?SetActiveObjectIndex@CAxObjMgr@@UAEXH@Z 100077f0 f i Dlg_1Mrg.obj
 0001:00006820       ?GetActiveObjectType@CAxObjMgr@@UAEHXZ 10007820 f i Dlg_1Mrg.obj
 0001:00006840       ?SetActiveObjectType@CAxObjMgr@@UAEXH@Z 10007840 f i Dlg_1Mrg.obj
 0001:00006870       ?GetRowList@CAxObjMgr@@QAEPAV?$CList@JJ@@XZ 10007870 f i Dlg_1Mrg.obj
 0001:00006890       ?GetRowCount@CAxObjMgr@@QAEHXZ 10007890 f i Dlg_1Mrg.obj
 0001:000068c0       ?GetActiveRowIndex@CAxObjMgr@@QAEHXZ 100078c0 f i Dlg_1Mrg.obj
 0001:000068e0       ?SetActiveRowIndex@CAxObjMgr@@QAEXH@Z 100078e0 f i Dlg_1Mrg.obj
 0001:00006910       ?GetFormat@CAxObjMgr@@UAE?AVCString@@XZ 10007910 f i Dlg_1Mrg.obj
 0001:00006950       ?IsMeshGenOn@CAxObjMgr@@UAEHXZ 10007950 f i Dlg_1Mrg.obj
 0001:00006970       ?SetMeshGenOn@CAxObjMgr@@UAEXH@Z 10007970 f i Dlg_1Mrg.obj
 0001:000069a0       ?GetMeshType@CAxObjMgr@@UAEIXZ 100079a0 f i Dlg_1Mrg.obj
 0001:000069c0       ?SetMeshType@CAxObjMgr@@UAEXI@Z 100079c0 f i Dlg_1Mrg.obj
 0001:000069f0       ?GetCurrentTopLevel@CAxObjMgr@@UAEHXZ 100079f0 f i Dlg_1Mrg.obj
 0001:00006a10       ?SetCurrentTopLevel@CAxObjMgr@@UAEXH@Z 10007a10 f i Dlg_1Mrg.obj
 0001:00006a40       ?Parse_drPipe@CDrNode@@UAEPAUnodecard@@PAVCString@@@Z 10007a40 f i Dlg_1Mrg.obj
 0001:00006a60       ?GetNodeCard@CDrNode@@UAEPAUnodecard@@XZ 10007a60 f i Dlg_1Mrg.obj
 0001:00006a80       ?GetCardNo@CDrNode@@UAEHXZ 10007a80 f i Dlg_1Mrg.obj
 0001:00006aa0       ?SetCardNo@CDrNode@@UAEXH@Z 10007aa0 f i Dlg_1Mrg.obj
 0001:00006ad0       ?DoFormattedCardView@CDrNode@@UAEXPAVCString@@AAV2@@Z 10007ad0 f i Dlg_1Mrg.obj
 0001:00006af0       ?DoUnFormattedCardView@CDrNode@@UAEXPAVCString@@@Z 10007af0 f i Dlg_1Mrg.obj
 0001:00006b10       ?GetMaxCorners@CDrNode@@UAEHXZ 10007b10 f i Dlg_1Mrg.obj
 0001:00006b30       ?GetCategory@CDrNode@@UAE?AW4CATEGORY@@XZ 10007b30 f i Dlg_1Mrg.obj
 0001:00006b50       ?SetCategory@CDrNode@@UAEXW4CATEGORY@@@Z 10007b50 f i Dlg_1Mrg.obj
 0001:00006b70       ?GetPrecision@CDrNode@@UAEHXZ 10007b70 f i Dlg_1Mrg.obj
 0001:00006b90       ?SetPrecision@CDrNode@@UAEXH@Z 10007b90 f i Dlg_1Mrg.obj
 0001:00006bc0       ?GetFormat@CDrNode@@QAE?AVCString@@XZ 10007bc0 f i Dlg_1Mrg.obj
 0001:00006c00       ?SetFormat@CDrNode@@QAEXVCString@@@Z 10007c00 f i Dlg_1Mrg.obj
 0001:00006c60       ?GetMapFactor@CDrNode@@QAENXZ 10007c60 f i Dlg_1Mrg.obj
 0001:00006c80       ?SetMapFactor@CDrNode@@QAEXN@Z 10007c80 f i Dlg_1Mrg.obj
 0001:00006cb0       ?GetScaleFactor@CDrNode@@QAENXZ 10007cb0 f i Dlg_1Mrg.obj
 0001:00006cd0       ?SetScaleFactor@CDrNode@@QAEXN@Z 10007cd0 f i Dlg_1Mrg.obj
 0001:00006d00       ?GetMasterMultFac@CDrNode@@QAEJXZ 10007d00 f i Dlg_1Mrg.obj
 0001:00006d20       ?SetMasterMultFac@CDrNode@@QAEXJ@Z 10007d20 f i Dlg_1Mrg.obj
 0001:00006d50       ?GetLocalPos@CDrNode@@UAEPAUWORLD@@XZ 10007d50 f i Dlg_1Mrg.obj
 0001:00006d70       ?SetLocalPos@CDrNode@@UAEXUWORLD@@@Z 10007d70 f i Dlg_1Mrg.obj
 0001:00006da0       ?GetWorldPos@CDrNode@@UAEPAUWORLD@@XZ 10007da0 f i Dlg_1Mrg.obj
 0001:00006dc0       ?SetWorldPos@CDrNode@@UAEXUWORLD@@@Z 10007dc0 f i Dlg_1Mrg.obj
 0001:00006df0       ?GetEyePos@CDrNode@@UAEPAUWORLD@@XZ 10007df0 f i Dlg_1Mrg.obj
 0001:00006e10       ?SetEyePos@CDrNode@@UAEXUWORLD@@@Z 10007e10 f i Dlg_1Mrg.obj
 0001:00006e40       ?GetScreenPos3D@CDrNode@@UAEPAUWORLD@@XZ 10007e40 f i Dlg_1Mrg.obj
 0001:00006e60       ?SetScreenPos3D@CDrNode@@UAEXUWORLD@@@Z 10007e60 f i Dlg_1Mrg.obj
 0001:00006e90       ?GetScreenPos2D@CDrNode@@UAEPAUtagPOINT@@XZ 10007e90 f i Dlg_1Mrg.obj
 0001:00006eb0       ?SetScreenPos2D@CDrNode@@UAEXUtagPOINT@@@Z 10007eb0 f i Dlg_1Mrg.obj
 0001:00006ee0       ?GetNormalWorld@CDrNode@@UAEPAUWORLD@@XZ 10007ee0 f i Dlg_1Mrg.obj
 0001:00006f00       ?SetNormalWorld@CDrNode@@UAEXUWORLD@@@Z 10007f00 f i Dlg_1Mrg.obj
 0001:00006f30       ?GetNormalEye@CDrNode@@UAEPAUWORLD@@XZ 10007f30 f i Dlg_1Mrg.obj
 0001:00006f50       ?SetNormalEye@CDrNode@@UAEXUWORLD@@@Z 10007f50 f i Dlg_1Mrg.obj
 0001:00006f80       ?GetNormalScreen3D@CDrNode@@UAEPAUWORLD@@XZ 10007f80 f i Dlg_1Mrg.obj
 0001:00006fa0       ?SetNormalScreen3D@CDrNode@@UAEXUWORLD@@@Z 10007fa0 f i Dlg_1Mrg.obj
 0001:00006fd0       ?GetNormalScreen2D@CDrNode@@UAEPAUtagPOINT@@XZ 10007fd0 f i Dlg_1Mrg.obj
 0001:00006ff0       ?SetNormalScreen2D@CDrNode@@UAEXUtagPOINT@@@Z 10007ff0 f i Dlg_1Mrg.obj
 0001:00007020       ?GetLabelNo@CDrNode@@QAEJXZ 10008020 f i Dlg_1Mrg.obj
 0001:00007040       ?SetLabelNo@CDrNode@@QAEXJ@Z 10008040 f i Dlg_1Mrg.obj
 0001:00007070       ?IsMeshNode@CDrNode@@QAEHXZ 10008070 f i Dlg_1Mrg.obj
 0001:00007090       ?SetMeshNode@CDrNode@@QAEXH@Z 10008090 f i Dlg_1Mrg.obj
 0001:000070c0       ?IsGenerated@CDrNode@@QAEHXZ 100080c0 f i Dlg_1Mrg.obj
 0001:000070e0       ?SetGenerated@CDrNode@@QAEXH@Z 100080e0 f i Dlg_1Mrg.obj
 0001:00007110       ?IsControlNode@CDrNode@@QAEHXZ 10008110 f i Dlg_1Mrg.obj
 0001:00007140       ?SetControlNode@CDrNode@@QAEXH@Z 10008140 f i Dlg_1Mrg.obj
 0001:00007170       ?GetInputMode@CDrNode@@QAEHXZ 10008170 f i Dlg_1Mrg.obj
 0001:00007190       ?SetInputMode@CDrNode@@QAEXH@Z 10008190 f i Dlg_1Mrg.obj
 0001:000071c0       ?GetLength@CDrNode@@QAENXZ 100081c0 f i Dlg_1Mrg.obj
 0001:000071e0       ?SetLength@CDrNode@@QAEXN@Z 100081e0 f i Dlg_1Mrg.obj
 0001:00007210       ?GetDelta@CDrNode@@QAEPAUWORLD@@XZ 10008210 f i Dlg_1Mrg.obj
 0001:00007230       ?SetDelta@CDrNode@@QAEXUWORLD@@@Z 10008230 f i Dlg_1Mrg.obj
 0001:00007260       ?GetFromID@CDrNode@@QAE?AVCString@@XZ 10008260 f i Dlg_1Mrg.obj
 0001:000072a0       ?SetFromID@CDrNode@@QAEXVCString@@@Z 100082a0 f i Dlg_1Mrg.obj
 0001:00007300       ?GetToID@CDrNode@@QAE?AVCString@@XZ 10008300 f i Dlg_1Mrg.obj
 0001:00007340       ?SetToID@CDrNode@@QAEXVCString@@@Z 10008340 f i Dlg_1Mrg.obj
 0001:000073a0       ?IsRefCN@CDrNode@@QAEHXZ   100083a0 f i Dlg_1Mrg.obj
 0001:000073c0       ?SetRefCN@CDrNode@@QAEXH@Z 100083c0 f i Dlg_1Mrg.obj
 0001:000073f0       ?IsFromCN@CDrNode@@QAEHXZ  100083f0 f i Dlg_1Mrg.obj
 0001:00007410       ?SetFromCN@CDrNode@@QAEXH@Z 10008410 f i Dlg_1Mrg.obj
 0001:00007440       ?IsToCN@CDrNode@@QAEHXZ    10008440 f i Dlg_1Mrg.obj
 0001:00007460       ?SetToCN@CDrNode@@QAEXH@Z  10008460 f i Dlg_1Mrg.obj
 0001:00007490       ?IsSkewed@CDrNode@@UAEHXZ  10008490 f i Dlg_1Mrg.obj
 0001:000074b0       ?SetSkewed@CDrNode@@UAEXH@Z 100084b0 f i Dlg_1Mrg.obj
 0001:000074e0       ?IsLinSpr@CDrNode@@UAEHXZ  100084e0 f i Dlg_1Mrg.obj
 0001:00007500       ?SetLinSpr@CDrNode@@UAEXH@Z 10008500 f i Dlg_1Mrg.obj
 0001:00007530       ?IsLinSnu@CDrNode@@UAEHXZ  10008530 f i Dlg_1Mrg.obj
 0001:00007550       ?SetLinSnu@CDrNode@@UAEXH@Z 10008550 f i Dlg_1Mrg.obj
 0001:00007580       ?GetSuppCardList@CDrNode@@QAEPAV?$CList@Usupportcard@@U1@@@XZ 10008580 f i Dlg_1Mrg.obj
 0001:000075a0       ?GetStaLCardList@CDrNode@@QAEPAV?$CList@UstaLcard@@U1@@@XZ 100085a0 f i Dlg_1Mrg.obj
 0001:000075c0       ?IsDirty@CDrCurve@@UAEHXZ  100085c0 f i Dlg_1Mrg.obj
 0001:000075e0       ?SetDirty@CDrCurve@@UAEXH@Z 100085e0 f i Dlg_1Mrg.obj
 0001:00007610       ?IsControlShapeNeeded@CDrCurve@@UAEHXZ 10008610 f i Dlg_1Mrg.obj
 0001:00007630       ?SetControlShapeNeed@CDrCurve@@UAEXH@Z 10008630 f i Dlg_1Mrg.obj
 0001:00007660       ?IsPosted@CDrCurve@@UAEHXZ 10008660 f i Dlg_1Mrg.obj
 0001:00007680       ?SetPosted@CDrCurve@@UAEXH@Z 10008680 f i Dlg_1Mrg.obj
 0001:000076b0       ?GetCN_BSList@CDrCurve@@QAEPAVCDListMgr@@XZ 100086b0 f i Dlg_1Mrg.obj
 0001:000076d0       ?GetVNodeList@CDrCurve@@QAEPAVCDListMgr@@XZ 100086d0 f i Dlg_1Mrg.obj
 0001:000076f0       ?GetMeshElemDim@CDrCurve@@QAEHXZ 100086f0 f i Dlg_1Mrg.obj
 0001:00007710       ?SetMeshElemDim@CDrCurve@@QAEXH@Z 10008710 f i Dlg_1Mrg.obj
 0001:00007740       ?IsIso@CDrCurve@@QAEHXZ    10008740 f i Dlg_1Mrg.obj
 0001:00007760       ?SetIso@CDrCurve@@QAEXH@Z  10008760 f i Dlg_1Mrg.obj
 0001:00007790       ?GetIsoToID@CDrCurve@@QAEAAVCString@@XZ 10008790 f i Dlg_1Mrg.obj
 0001:000077b0       ?SetIsoToID@CDrCurve@@QAEXAAVCString@@@Z 100087b0 f i Dlg_1Mrg.obj
 0001:000077e0       ?GetCompoType@CDrCurve@@QAEHXZ 100087e0 f i Dlg_1Mrg.obj
 0001:00007800       ?SetCompoType@CDrCurve@@QAEXH@Z 10008800 f i Dlg_1Mrg.obj
 0001:00007830       ?GetCompoID@CDrCurve@@QAEAAVCString@@XZ 10008830 f i Dlg_1Mrg.obj
 0001:00007850       ?SetCompoID@CDrCurve@@QAEXAAVCString@@@Z 10008850 f i Dlg_1Mrg.obj
 0001:00007880       ?GetClass_S@CDrCurve@@QAEHXZ 10008880 f i Dlg_1Mrg.obj
 0001:000078a0       ?SetClass_S@CDrCurve@@QAEXH@Z 100088a0 f i Dlg_1Mrg.obj
 0001:000078d0       ?GetOutSegUnif_S@CDrCurve@@QAEHXZ 100088d0 f i Dlg_1Mrg.obj
 0001:000078f0       ?SetOutSegUnif_S@CDrCurve@@QAEXH@Z 100088f0 f i Dlg_1Mrg.obj
 0001:00007920       ?IsClosed_S@CDrCurve@@QAEHXZ 10008920 f i Dlg_1Mrg.obj
 0001:00007940       ?SetClosed_S@CDrCurve@@QAEXH@Z 10008940 f i Dlg_1Mrg.obj
 0001:00007970       ?GetCurveObjectType@CDrCurve@@QAEHXZ 10008970 f i Dlg_1Mrg.obj
 0001:00007990       ?SetCurveObjectType@CDrCurve@@QAEXH@Z 10008990 f i Dlg_1Mrg.obj
 0001:000079c0       ?GetMaxINodes_S@CDrCurve@@QAEHXZ 100089c0 f i Dlg_1Mrg.obj
 0001:000079e0       ?SetMaxINodes_S@CDrCurve@@QAEXH@Z 100089e0 f i Dlg_1Mrg.obj
 0001:00007a10       ?GetMaxCNodes_S@CDrCurve@@QAEHXZ 10008a10 f i Dlg_1Mrg.obj
 0001:00007a30       ?SetMaxCNodes_S@CDrCurve@@QAEXH@Z 10008a30 f i Dlg_1Mrg.obj
 0001:00007a60       ?GetMaxBezSegments_S@CDrCurve@@QAEHXZ 10008a60 f i Dlg_1Mrg.obj
 0001:00007a80       ?SetMaxBezSegments_S@CDrCurve@@QAEXH@Z 10008a80 f i Dlg_1Mrg.obj
 0001:00007ab0       ?GetMaxOutPts_S@CDrCurve@@QAEHXZ 10008ab0 f i Dlg_1Mrg.obj
 0001:00007ad0       ?SetMaxOutPts_S@CDrCurve@@QAEXH@Z 10008ad0 f i Dlg_1Mrg.obj
 0001:00007b00       ?GetLongOutPts@CDrCurve@@QAEJXZ 10008b00 f i Dlg_1Mrg.obj
 0001:00007b20       ?SetLongOutPts@CDrCurve@@QAEXJ@Z 10008b20 f i Dlg_1Mrg.obj
 0001:00007b50       ?GetCurveType_S@CDrCurve@@QAE?AW4CURVEPROC@@XZ 10008b50 f i Dlg_1Mrg.obj
 0001:00007b70       ?SetCurveType_S@CDrCurve@@QAEXW4CURVEPROC@@@Z 10008b70 f i Dlg_1Mrg.obj
 0001:00007ba0       ?GetOutMethod@CDrCurve@@QAE?AW4CURVEOUTPUT@@XZ 10008ba0 f i Dlg_1Mrg.obj
 0001:00007bc0       ?GetAlfa@CDrCurve@@QAENXZ  10008bc0 f i Dlg_1Mrg.obj
 0001:00007be0       ?GetBias@CDrCurve@@QAENXZ  10008be0 f i Dlg_1Mrg.obj
 0001:00007c00       ?GetTension@CDrCurve@@QAENXZ 10008c00 f i Dlg_1Mrg.obj
 0001:00007c20       ?IsUniform_S@CDrCurve@@QAEHXZ 10008c20 f i Dlg_1Mrg.obj
 0001:00007c40       ?SetUniform_S@CDrCurve@@QAEXH@Z 10008c40 f i Dlg_1Mrg.obj
 0001:00007c70       ?SetOutMethod_S@CDrCurve@@QAEXW4CURVEOUTPUT@@@Z 10008c70 f i Dlg_1Mrg.obj
 0001:00007ca0       ?GetMaxOutSeg_S@CDrCurve@@QAEHXZ 10008ca0 f i Dlg_1Mrg.obj
 0001:00007cc0       ?SetMaxOutSeg_S@CDrCurve@@QAEXH@Z 10008cc0 f i Dlg_1Mrg.obj
 0001:00007cf0       ?GetDis_AngPointer_S@CDrCurve@@QAEPANXZ 10008cf0 f i Dlg_1Mrg.obj
 0001:00007d10       ?SetDis_AngPointer_S@CDrCurve@@QAEXPAN@Z 10008d10 f i Dlg_1Mrg.obj
 0001:00007d40       ?GetNum_tPointer_S@CDrCurve@@QAEPAHXZ 10008d40 f i Dlg_1Mrg.obj
 0001:00007d60       ?SetNum_tPointer_S@CDrCurve@@QAEXPAH@Z 10008d60 f i Dlg_1Mrg.obj
 0001:00007d90       ?GetDis_tPointer_S@CDrCurve@@QAEPANXZ 10008d90 f i Dlg_1Mrg.obj
 0001:00007db0       ?SetDis_tPointer_S@CDrCurve@@QAEXPAN@Z 10008db0 f i Dlg_1Mrg.obj
 0001:00007de0       ?GetNum_tPointer_Ex_S@CDrCurve@@QAEPAHXZ 10008de0 f i Dlg_1Mrg.obj
 0001:00007e00       ?SetNum_tPointer_Ex_S@CDrCurve@@QAEXPAH@Z 10008e00 f i Dlg_1Mrg.obj
 0001:00007e30       ?GetnBSeg_Ex_S@CDrCurve@@QAEHXZ 10008e30 f i Dlg_1Mrg.obj
 0001:00007e50       ?SetnBSeg_Ex_S@CDrCurve@@QAEXH@Z 10008e50 f i Dlg_1Mrg.obj
 0001:00007e80       ?GetBSegPointer_Ex_S@CDrCurve@@QAEPAHXZ 10008e80 f i Dlg_1Mrg.obj
 0001:00007ea0       ?SetBSegPointer_Ex_S@CDrCurve@@QAEXPAH@Z 10008ea0 f i Dlg_1Mrg.obj
 0001:00007ed0       ?SetAlfa@CDrCurve@@QAEXN@Z 10008ed0 f i Dlg_1Mrg.obj
 0001:00007f00       ?SetBias@CDrCurve@@QAEXN@Z 10008f00 f i Dlg_1Mrg.obj
 0001:00007f30       ?SetTension@CDrCurve@@QAEXN@Z 10008f30 f i Dlg_1Mrg.obj
 0001:00007f60       ?GetMemIn@CDrCurve@@QAEPAUWORLD@@XZ 10008f60 f i Dlg_1Mrg.obj
 0001:00007f80       ?GetMemInWts@CDrCurve@@QAEPANXZ 10008f80 f i Dlg_1Mrg.obj
 0001:00007fa0       ?GetMemInDP@CDrCurve@@QAEPAUtagPOINT@@XZ 10008fa0 f i Dlg_1Mrg.obj
 0001:00007fc0       ?GetMemOut@CDrCurve@@QAEPAUWORLD@@XZ 10008fc0 f i Dlg_1Mrg.obj
 0001:00007fe0       ?GetMemOutWts@CDrCurve@@QAEPANXZ 10008fe0 f i Dlg_1Mrg.obj
 0001:00008000       ?GetMemOutDP@CDrCurve@@QAEPAUtagPOINT@@XZ 10009000 f i Dlg_1Mrg.obj
 0001:00008020       ?SetMemIn@CDrCurve@@QAEXPAUWORLD@@@Z 10009020 f i Dlg_1Mrg.obj
 0001:00008050       ?SetMemInWts@CDrCurve@@QAEXPAN@Z 10009050 f i Dlg_1Mrg.obj
 0001:00008080       ?SetMemInDP@CDrCurve@@QAEXPAUtagPOINT@@@Z 10009080 f i Dlg_1Mrg.obj
 0001:000080b0       ?SetMemOut@CDrCurve@@QAEXPAUWORLD@@@Z 100090b0 f i Dlg_1Mrg.obj
 0001:000080e0       ?SetMemOutWts@CDrCurve@@QAEXPAN@Z 100090e0 f i Dlg_1Mrg.obj
 0001:00008110       ?SetMemOutDP@CDrCurve@@QAEXPAUtagPOINT@@@Z 10009110 f i Dlg_1Mrg.obj
 0001:00008140       ?FixMemD@CDrCurve@@QAEPANJ@Z 10009140 f i Dlg_1Mrg.obj
 0001:00008180       ?FreeMemD@CDrCurve@@QAEXPAN@Z 10009180 f i Dlg_1Mrg.obj
 0001:000081b0       ?FixMem@CDrCurve@@QAEPAUWORLD@@J@Z 100091b0 f i Dlg_1Mrg.obj
 0001:000081f0       ?FreeMem@CDrCurve@@QAEXPAUWORLD@@@Z 100091f0 f i Dlg_1Mrg.obj
 0001:00008220       ?FixMemDP@CDrCurve@@QAEPAUtagPOINT@@J@Z 10009220 f i Dlg_1Mrg.obj
 0001:00008260       ?FreeMemDP@CDrCurve@@QAEXPAUtagPOINT@@@Z 10009260 f i Dlg_1Mrg.obj
 0001:00008290       ?GetData_S@CDrCurve@@QAEHXZ 10009290 f i Dlg_1Mrg.obj
 0001:000082b0       ?SetData_S@CDrCurve@@QAEXH@Z 100092b0 f i Dlg_1Mrg.obj
 0001:000082e0       ?GetOrder_S@CDrCurve@@QAEHXZ 100092e0 f i Dlg_1Mrg.obj
 0001:00008300       ?SetOrder_S@CDrCurve@@QAEXH@Z 10009300 f i Dlg_1Mrg.obj
 0001:00008330       ?GetKnotType_S@CDrCurve@@QAE?AW4KNOT@@XZ 10009330 f i Dlg_1Mrg.obj
 0001:00008350       ?SetKnotType_S@CDrCurve@@QAEXW4KNOT@@@Z 10009350 f i Dlg_1Mrg.obj
 0001:00008380       ?GetWtType_S@CDrCurve@@QAE?AW4WEIGHT@@XZ 10009380 f i Dlg_1Mrg.obj
 0001:000083a0       ?SetWtType_S@CDrCurve@@QAEXW4WEIGHT@@@Z 100093a0 f i Dlg_1Mrg.obj
 0001:000083d0       ?GetBCL_S@CDrCurve@@QAE?AW4BOUNDARY@@XZ 100093d0 f i Dlg_1Mrg.obj
 0001:000083f0       ?SetBCL_S@CDrCurve@@QAEXW4BOUNDARY@@@Z 100093f0 f i Dlg_1Mrg.obj
 0001:00008420       ?GetBCR_S@CDrCurve@@QAE?AW4BOUNDARY@@XZ 10009420 f i Dlg_1Mrg.obj
 0001:00008440       ?SetBCR_S@CDrCurve@@QAEXW4BOUNDARY@@@Z 10009440 f i Dlg_1Mrg.obj
 0001:00008470       ?GetTanL_S@CDrCurve@@QAE?AUVECTOR@@XZ 10009470 f i Dlg_1Mrg.obj
 0001:000084a0       ?SetTanL_S@CDrCurve@@QAEXUVECTOR@@@Z 100094a0 f i Dlg_1Mrg.obj
 0001:000084d0       ?GetTanR_S@CDrCurve@@QAE?AUVECTOR@@XZ 100094d0 f i Dlg_1Mrg.obj
 0001:00008500       ?SetTanR_S@CDrCurve@@QAEXUVECTOR@@@Z 10009500 f i Dlg_1Mrg.obj
 0001:00008530       ?GetnCon_BS_S@CDrCurve@@QAEHXZ 10009530 f i Dlg_1Mrg.obj
 0001:00008550       ?SetnCon_BS_S@CDrCurve@@QAEXH@Z 10009550 f i Dlg_1Mrg.obj
 0001:00008580       ?GetnCon_BZ_S@CDrCurve@@QAEHXZ 10009580 f i Dlg_1Mrg.obj
 0001:000085a0       ?SetnCon_BZ_S@CDrCurve@@QAEXH@Z 100095a0 f i Dlg_1Mrg.obj
 0001:000085d0       ?GetnMKnots_S@CDrCurve@@QAEHXZ 100095d0 f i Dlg_1Mrg.obj
 0001:000085f0       ?SetnMKnots_S@CDrCurve@@QAEXH@Z 100095f0 f i Dlg_1Mrg.obj
 0001:00008620       ?GetnKnots_S@CDrCurve@@QAEHXZ 10009620 f i Dlg_1Mrg.obj
 0001:00008640       ?SetnKnots_S@CDrCurve@@QAEXH@Z 10009640 f i Dlg_1Mrg.obj
 0001:00008670       ?GetnDim_S@CDrCurve@@QAEHXZ 10009670 f i Dlg_1Mrg.obj
 0001:00008690       ?SetnDim_S@CDrCurve@@QAEXH@Z 10009690 f i Dlg_1Mrg.obj
 0001:000086c0       ?GetpMKnots_S@CDrCurve@@QAEPANXZ 100096c0 f i Dlg_1Mrg.obj
 0001:000086e0       ?SetpMKnots_S@CDrCurve@@QAEXPAN@Z 100096e0 f i Dlg_1Mrg.obj
 0001:00008710       ?GetpWts_BS_S@CDrCurve@@QAEPANXZ 10009710 f i Dlg_1Mrg.obj
 0001:00008730       ?SetpWts_BS_S@CDrCurve@@QAEXPAN@Z 10009730 f i Dlg_1Mrg.obj
 0001:00008760       ?GetpKnots_S@CDrCurve@@QAEPANXZ 10009760 f i Dlg_1Mrg.obj
 0001:00008780       ?SetpKnots_S@CDrCurve@@QAEXPAN@Z 10009780 f i Dlg_1Mrg.obj
 0001:000087b0       ?GetpWts_DT_S@CDrCurve@@QAEPANXZ 100097b0 f i Dlg_1Mrg.obj
 0001:000087d0       ?SetpWts_DT_S@CDrCurve@@QAEXPAN@Z 100097d0 f i Dlg_1Mrg.obj
 0001:00008800       ?GetpWts_BZ_S@CDrCurve@@QAEPANXZ 10009800 f i Dlg_1Mrg.obj
 0001:00008820       ?SetpWts_BZ_S@CDrCurve@@QAEXPAN@Z 10009820 f i Dlg_1Mrg.obj
 0001:00008850       ?GetFromIDNode_S@CDrCurve@@QAEPAVCDrNode@@XZ 10009850 f i Dlg_1Mrg.obj
 0001:00008870       ?SetFromIDNode_S@CDrCurve@@QAEXPAVCDrNode@@@Z 10009870 f i Dlg_1Mrg.obj
 0001:000088a0       ?GetToIDNode_S@CDrCurve@@QAEPAVCDrNode@@XZ 100098a0 f i Dlg_1Mrg.obj
 0001:000088c0       ?SetToIDNode_S@CDrCurve@@QAEXPAVCDrNode@@@Z 100098c0 f i Dlg_1Mrg.obj
 0001:000088f0       ?GetData_Ex_S@CDrCurve@@QAEHXZ 100098f0 f i Dlg_1Mrg.obj
 0001:00008910       ?SetData_Ex_S@CDrCurve@@QAEXH@Z 10009910 f i Dlg_1Mrg.obj
 0001:00008940       ?IsExpanded_S@CDrCurve@@QAEHXZ 10009940 f i Dlg_1Mrg.obj
 0001:00008960       ?SetExpanded_S@CDrCurve@@QAEXH@Z 10009960 f i Dlg_1Mrg.obj
 0001:00008990       ?GetMaxENodes_S@CDrCurve@@QAEHXZ 10009990 f i Dlg_1Mrg.obj
 0001:000089b0       ?SetMaxENodes_S@CDrCurve@@QAEXH@Z 100099b0 f i Dlg_1Mrg.obj
 0001:000089e0       ?GetRadius_S@CDrCurve@@QAENXZ 100099e0 f i Dlg_1Mrg.obj
 0001:00008a00       ?SetRadius_S@CDrCurve@@QAEXN@Z 10009a00 f i Dlg_1Mrg.obj
 0001:00008a30       ?GetTheta_S@CDrCurve@@QAENXZ 10009a30 f i Dlg_1Mrg.obj
 0001:00008a50       ?SetTheta_S@CDrCurve@@QAEXN@Z 10009a50 f i Dlg_1Mrg.obj
 0001:00008a80       ?GetCenter_S@CDrCurve@@QAE?AUWORLD@@XZ 10009a80 f i Dlg_1Mrg.obj
 0001:00008ab0       ?SetCenter_S@CDrCurve@@QAEXUWORLD@@@Z 10009ab0 f i Dlg_1Mrg.obj
 0001:00008b10       ?GetNormal_S@CDrCurve@@QAE?AUWORLD@@XZ 10009b10 f i Dlg_1Mrg.obj
 0001:00008b40       ?SetNormal_S@CDrCurve@@QAEXUWORLD@@@Z 10009b40 f i Dlg_1Mrg.obj
 0001:00008ba0       ?GetSegAngle_S@CDrCurve@@QAENXZ 10009ba0 f i Dlg_1Mrg.obj
 0001:00008bc0       ?SetSegAngle_S@CDrCurve@@QAEXN@Z 10009bc0 f i Dlg_1Mrg.obj
 0001:00008bf0       ?GetCNode_CC@CDrCurve@@QAEPAVCDrNode@@XZ 10009bf0 f i Dlg_1Mrg.obj
 0001:00008c10       ?SetCNode_CC@CDrCurve@@QAEXPAVCDrNode@@@Z 10009c10 f i Dlg_1Mrg.obj
 0001:00008c40       ?GetCNode_TI@CDrCurve@@QAEPAVCDrNode@@XZ 10009c40 f i Dlg_1Mrg.obj
 0001:00008c60       ?SetCNode_TI@CDrCurve@@QAEXPAVCDrNode@@@Z 10009c60 f i Dlg_1Mrg.obj
 0001:00008c90       ?GetCNode_CA@CDrCurve@@QAEPAVCDrNode@@XZ 10009c90 f i Dlg_1Mrg.obj
 0001:00008cb0       ?SetCNode_CA@CDrCurve@@QAEXPAVCDrNode@@@Z 10009cb0 f i Dlg_1Mrg.obj
 0001:00008ce0       ?GetCNode_CB@CDrCurve@@QAEPAVCDrNode@@XZ 10009ce0 f i Dlg_1Mrg.obj
 0001:00008d00       ?SetCNode_CB@CDrCurve@@QAEXPAVCDrNode@@@Z 10009d00 f i Dlg_1Mrg.obj
 0001:00008d30       ?IsHole_S@CDrCurve@@QAEHXZ 10009d30 f i Dlg_1Mrg.obj
 0001:00008d50       ?SetHole_S@CDrCurve@@QAEXH@Z 10009d50 f i Dlg_1Mrg.obj
 0001:00008d80       ?GetpTangents_S@CDrCurve@@QAEPAUWORLD@@XZ 10009d80 f i Dlg_1Mrg.obj
 0001:00008da0       ?SetpTangents_S@CDrCurve@@QAEXPAUWORLD@@@Z 10009da0 f i Dlg_1Mrg.obj
 0001:00008dd0       ?GetpCurvatures_S@CDrCurve@@QAEPANXZ 10009dd0 f i Dlg_1Mrg.obj
 0001:00008df0       ?SetpCurvatures_S@CDrCurve@@QAEXPAN@Z 10009df0 f i Dlg_1Mrg.obj
 0001:00008e20       ?GetRatio_S@CDrCurve@@QAENXZ 10009e20 f i Dlg_1Mrg.obj
 0001:00008e40       ?SetRatio_S@CDrCurve@@QAEXN@Z 10009e40 f i Dlg_1Mrg.obj
 0001:00008e70       ?IsAxisInput@CDrCurve@@QAEHXZ 10009e70 f i Dlg_1Mrg.obj
 0001:00008e90       ?SetAxisInput@CDrCurve@@QAEXH@Z 10009e90 f i Dlg_1Mrg.obj
 0001:00008ec0       ?GetAxis@CDrCurve@@QAEHXZ  10009ec0 f i Dlg_1Mrg.obj
 0001:00008ee0       ?SetAxis@CDrCurve@@QAEXH@Z 10009ee0 f i Dlg_1Mrg.obj
 0001:00008f10       ?IsNegative@CDrCurve@@QAEHXZ 10009f10 f i Dlg_1Mrg.obj
 0001:00008f30       ?SetNegative@CDrCurve@@QAEXH@Z 10009f30 f i Dlg_1Mrg.obj
 0001:00008f60       ?GetCircleType@CDrCurve@@QAE?AW4CIRCLETYPE@@XZ 10009f60 f i Dlg_1Mrg.obj
 0001:00008f80       ?SetCircleType@CDrCurve@@QAEXW4CIRCLETYPE@@@Z 10009f80 f i Dlg_1Mrg.obj
 0001:00008fb0       ?GetInputType@CDrCurve@@QAEHXZ 10009fb0 f i Dlg_1Mrg.obj
 0001:00008fd0       ?SetInputType@CDrCurve@@QAEXH@Z 10009fd0 f i Dlg_1Mrg.obj
 0001:00009000       ?IsArcType@CDrCurve@@QAEHXZ 1000a000 f i Dlg_1Mrg.obj
 0001:00009020       ?SetArcType@CDrCurve@@QAEXH@Z 1000a020 f i Dlg_1Mrg.obj
 0001:00009050       ?GetElperSegList_S@CDrCurve@@QAEPAV?$CList@HH@@XZ 1000a050 f i Dlg_1Mrg.obj
 0001:00009070       ?IsSkewed@CDrCurve@@UAEHXZ 1000a070 f i Dlg_1Mrg.obj
 0001:00009090       ?SetSkewed@CDrCurve@@UAEXH@Z 1000a090 f i Dlg_1Mrg.obj
 0001:000090c0       ?IsLinSpr@CDrCurve@@UAEHXZ 1000a0c0 f i Dlg_1Mrg.obj
 0001:000090e0       ?SetLinSpr@CDrCurve@@UAEXH@Z 1000a0e0 f i Dlg_1Mrg.obj
 0001:00009110       ?IsLinSnu@CDrCurve@@UAEHXZ 1000a110 f i Dlg_1Mrg.obj
 0001:00009130       ?SetLinSnu@CDrCurve@@UAEXH@Z 1000a130 f i Dlg_1Mrg.obj
 0001:00009160       ?CullWorld@CDrCurve@@UAEHUWORLD@@@Z 1000a160 f i Dlg_1Mrg.obj
 0001:00009180       ?CullScreen@CDrCurve@@UAEHPAUMATRIX@@@Z 1000a180 f i Dlg_1Mrg.obj
 0001:000091a0       ?Calc_CentroidWorld@CDrCurve@@UAEXXZ 1000a1a0 f i Dlg_1Mrg.obj
 0001:000091c0       ?Calc_CentroidEye@CDrCurve@@UAEXXZ 1000a1c0 f i Dlg_1Mrg.obj
 0001:000091e0       ?Calc_CentroidScreen3D@CDrCurve@@UAEXNN@Z 1000a1e0 f i Dlg_1Mrg.obj
 0001:00009200       ?Calc_NormalWorld@CDrCurve@@UAEXXZ 1000a200 f i Dlg_1Mrg.obj
 0001:00009220       ?TransformNormalToEye@CDrCurve@@UAEXPAUMATRIX@@@Z 1000a220 f i Dlg_1Mrg.obj
 0001:00009240       ?ProjectNormalToScreen3D@CDrCurve@@UAEXPAUMATRIX@@NN@Z 1000a240 f i Dlg_1Mrg.obj
 0001:00009260       ?GetNormalWorld@CDrCurve@@UAEPAUWORLD@@XZ 1000a260 f i Dlg_1Mrg.obj
 0001:00009280       ?SetNormalWorld@CDrCurve@@UAEXUWORLD@@@Z 1000a280 f i Dlg_1Mrg.obj
 0001:000092a0       ?GetNormalEye@CDrCurve@@UAEPAUWORLD@@XZ 1000a2a0 f i Dlg_1Mrg.obj
 0001:000092c0       ?SetNormalEye@CDrCurve@@UAEXUWORLD@@@Z 1000a2c0 f i Dlg_1Mrg.obj
 0001:000092e0       ?GetNormalScreen3D@CDrCurve@@UAEPAUWORLD@@XZ 1000a2e0 f i Dlg_1Mrg.obj
 0001:00009300       ?SetNormalScreen3D@CDrCurve@@UAEXUWORLD@@@Z 1000a300 f i Dlg_1Mrg.obj
 0001:00009320       ?GetNormalScreen2D@CDrCurve@@UAEPAUtagPOINT@@XZ 1000a320 f i Dlg_1Mrg.obj
 0001:00009340       ?SetNormalScreen2D@CDrCurve@@UAEXUtagPOINT@@@Z 1000a340 f i Dlg_1Mrg.obj
 0001:00009360       ?GetNodTopoList@CDrCurve@@QAEPAVCDListMgr@@XZ 1000a360 f i Dlg_1Mrg.obj
 0001:00009380       ?GetSuppCardList@CDrCurve@@QAEPAV?$CList@Usupportcard@@U1@@@XZ 1000a380 f i Dlg_1Mrg.obj
 0001:000093a0       ?GetStaLCardList@CDrCurve@@QAEPAV?$CList@UstaLcard@@U1@@@XZ 1000a3a0 f i Dlg_1Mrg.obj
 0001:000093c0       ?GetBndryPtList@CDrCurve@@QAEPAV?$CList@UWORLD@@U1@@@XZ 1000a3c0 f i Dlg_1Mrg.obj
 0001:000093e0       ?GetBezierType@CDrCurve@@QAE?AW4BEZIERTYPE@@XZ 1000a3e0 f i Dlg_1Mrg.obj
 0001:00009400       ?SetBezierType@CDrCurve@@QAEXW4BEZIERTYPE@@@Z 1000a400 f i Dlg_1Mrg.obj
 0001:00009430       ?GetGenObj@CDrMesh1D@@QAEPAVCDrCurve@@XZ 1000a430 f i Dlg_1Mrg.obj
 0001:00009450       ?SetGenObj@CDrMesh1D@@QAEXPAVCDrCurve@@@Z 1000a450 f i Dlg_1Mrg.obj
 0001:00009480       ?GetMesh1DList@CDrProf_1@@UAEPAVCDListMgr@@XZ 1000a480 f i Dlg_1Mrg.obj
 0001:000094a0       ?GetLMList@CDrProf_1@@UAEPAVCDListMgr@@XZ 1000a4a0 f i Dlg_1Mrg.obj
 0001:000094c0       ?GetMesh1D@CDrProf_1@@UAEPAVCDrMesh1D@@XZ 1000a4c0 f i Dlg_1Mrg.obj
 0001:000094e0       ?SetMesh1D@CDrProf_1@@UAEXPAVCDrMesh1D@@@Z 1000a4e0 f i Dlg_1Mrg.obj
 0001:00009510       ??0CDlg_1Mrg@@QAE@PAVCWnd@@@Z 1000a510 f   Dlg_1Mrg.obj
 0001:000095f0       ??_GCDlg_1Mrg@@UAEPAXI@Z   1000a5f0 f i Dlg_1Mrg.obj
 0001:000095f0       ??_ECDlg_1Mrg@@UAEPAXI@Z   1000a5f0 f i Dlg_1Mrg.obj
 0001:00009630       ??1CBitmapButton@@UAE@XZ   1000a630 f i Dlg_1Mrg.obj
 0001:000096b0       ??1CDlg_1Mrg@@UAE@XZ       1000a6b0 f i Dlg_1Mrg.obj
 0001:00009730       ?DoDataExchange@CDlg_1Mrg@@MAEXPAVCDataExchange@@@Z 1000a730 f   Dlg_1Mrg.obj
 0001:00009770       ?_GetBaseMessageMap@CDlg_1Mrg@@KGPBUAFX_MSGMAP@@XZ 1000a770 f   Dlg_1Mrg.obj
 0001:00009790       ?GetMessageMap@CDlg_1Mrg@@MBEPBUAFX_MSGMAP@@XZ 1000a790 f   Dlg_1Mrg.obj
 0001:000097b0       ?OnInitDialog@CDlg_1Mrg@@MAEHXZ 1000a7b0 f   Dlg_1Mrg.obj
 0001:000098a0       ?GetDocument@CDrGrafApp@@QAEPAVCDrGrafDoc@@XZ 1000a8a0 f i Dlg_1Mrg.obj
 0001:000098c0       ?GetObjectMgr@CDrGrafDoc@@QAEPAVCObjectMgr@@XZ 1000a8c0 f i Dlg_1Mrg.obj
 0001:000098e0       ?EmptyListAllString@CDlg_1Mrg@@IAEXI@Z 1000a8e0 f   Dlg_1Mrg.obj
 0001:00009940       ?OnSelchangePoollist@CDlg_1Mrg@@IAEXXZ 1000a940 f   Dlg_1Mrg.obj
 0001:00009a90       ?OnOK@CDlg_1Mrg@@MAEXXZ    1000aa90 f   Dlg_1Mrg.obj
 0001:00009b00       ?OnCancel@CDlg_1Mrg@@MAEXXZ 1000ab00 f   Dlg_1Mrg.obj
 0001:00009b20       ?FillListAllString_Pool@CDlg_1Mrg@@IAEXXZ 1000ab20 f   Dlg_1Mrg.obj
 0001:00009c40       ?FillListAllString_Profile@CDlg_1Mrg@@IAEXXZ 1000ac40 f   Dlg_1Mrg.obj
 0001:00009d70       ?GetCount@?$CList@JJ@@QBEHXZ 1000ad70 f i Dlg_1Mrg.obj
 0001:00009d90       ??_9@$BMM@AE               1000ad90 f i Dlg_1Mrg.obj
 0001:00009da0       ??_9@$BNA@AE               1000ada0 f i Dlg_1Mrg.obj
 0001:00009db0       ?SetParallel@CXForm@@UAEXH@Z 1000adb0 f i Mi_1Prof.obj
 0001:00009dd0       ?GetParallel@CXForm@@UAEHXZ 1000add0 f i Mi_1Prof.obj
 0001:00009df0       ??1CXForm@@UAE@XZ          1000adf0 f i Mi_1Prof.obj
 0001:00009e20       ??_GCXForm@@UAEPAXI@Z      1000ae20 f i Mi_1Prof.obj
 0001:00009e60       ??_ECXForm@@UAEPAXI@Z      1000ae60 f i Mi_1Prof.obj
 0001:00009ee0       ?GetElNumID@CDrFE0D@@QAEAAVCString@@XZ 1000aee0 f i Mi_1Prof.obj
 0001:00009f00       ?SetElNumID@CDrFE0D@@QAEXVCString@@@Z 1000af00 f i Mi_1Prof.obj
 0001:00009f60       ?GetElTypeID@CDrFE0D@@QAEAAVCString@@XZ 1000af60 f i Mi_1Prof.obj
 0001:00009f80       ?SetElTypeID@CDrFE0D@@QAEXVCString@@@Z 1000af80 f i Mi_1Prof.obj
 0001:00009fe0       ?Getrid@CDrFE0D@@QAEAAVCString@@XZ 1000afe0 f i Mi_1Prof.obj
 0001:0000a000       ?Setrid@CDrFE0D@@QAEXVCString@@@Z 1000b000 f i Mi_1Prof.obj
 0001:0000a060       ?Getpid@CDrFE0D@@QAEAAVCString@@XZ 1000b060 f i Mi_1Prof.obj
 0001:0000a080       ?Setpid@CDrFE0D@@QAEXVCString@@@Z 1000b080 f i Mi_1Prof.obj
 0001:0000a0e0       ?Getmid@CDrFE0D@@QAEAAVCString@@XZ 1000b0e0 f i Mi_1Prof.obj
 0001:0000a100       ?Setmid@CDrFE0D@@QAEXVCString@@@Z 1000b100 f i Mi_1Prof.obj
 0001:0000a160       ?GetElNum@CDrFE0D@@QAEIXZ  1000b160 f i Mi_1Prof.obj
 0001:0000a180       ?SetElNum@CDrFE0D@@QAEXI@Z 1000b180 f i Mi_1Prof.obj
 0001:0000a1b0       ?GetElTypeNum@CDrFE0D@@QAEIXZ 1000b1b0 f i Mi_1Prof.obj
 0001:0000a1d0       ?SetElTypeNum@CDrFE0D@@QAEXI@Z 1000b1d0 f i Mi_1Prof.obj
 0001:0000a200       ?Getrel@CDrFE0D@@QAEIXZ    1000b200 f i Mi_1Prof.obj
 0001:0000a220       ?Setrel@CDrFE0D@@QAEXI@Z   1000b220 f i Mi_1Prof.obj
 0001:0000a250       ?Getprop@CDrFE0D@@QAEIXZ   1000b250 f i Mi_1Prof.obj
 0001:0000a270       ?Setprop@CDrFE0D@@QAEXI@Z  1000b270 f i Mi_1Prof.obj
 0001:0000a2a0       ?Getmat@CDrFE0D@@QAEIXZ    1000b2a0 f i Mi_1Prof.obj
 0001:0000a2c0       ?Setmat@CDrFE0D@@QAEXI@Z   1000b2c0 f i Mi_1Prof.obj
 0001:0000a2f0       ?GetRefTemp@CDrFE0D@@QAENXZ 1000b2f0 f i Mi_1Prof.obj
 0001:0000a310       ?SetRefTemp@CDrFE0D@@QAEXN@Z 1000b310 f i Mi_1Prof.obj
 0001:0000a340       ?GetNormalWorld@CDrFE0D@@UAEPAUWORLD@@XZ 1000b340 f i Mi_1Prof.obj
 0001:0000a360       ?SetNormalWorld@CDrFE0D@@UAEXUWORLD@@@Z 1000b360 f i Mi_1Prof.obj
 0001:0000a390       ?GetNormalEye@CDrFE0D@@UAEPAUWORLD@@XZ 1000b390 f i Mi_1Prof.obj
 0001:0000a3b0       ?SetNormalEye@CDrFE0D@@UAEXUWORLD@@@Z 1000b3b0 f i Mi_1Prof.obj
 0001:0000a3e0       ?GetNormalScreen3D@CDrFE0D@@UAEPAUWORLD@@XZ 1000b3e0 f i Mi_1Prof.obj
 0001:0000a400       ?SetNormalScreen3D@CDrFE0D@@UAEXUWORLD@@@Z 1000b400 f i Mi_1Prof.obj
 0001:0000a430       ?GetNormalScreen2D@CDrFE0D@@UAEPAUtagPOINT@@XZ 1000b430 f i Mi_1Prof.obj
 0001:0000a450       ?SetNormalScreen2D@CDrFE0D@@UAEXUtagPOINT@@@Z 1000b450 f i Mi_1Prof.obj
 0001:0000a480       ?IsMeshNode@CDrFE0D@@UAEHXZ 1000b480 f i Mi_1Prof.obj
 0001:0000a4a0       ?SetMeshNode@CDrFE0D@@UAEXH@Z 1000b4a0 f i Mi_1Prof.obj
 0001:0000a4d0       ?GetHist_S@CDrFE0D@@QAEHXZ 1000b4d0 f i Mi_1Prof.obj
 0001:0000a4f0       ?SetHist_S@CDrFE0D@@QAEXH@Z 1000b4f0 f i Mi_1Prof.obj
 0001:0000a520       ?GetHist_T@CDrFE0D@@QAEHXZ 1000b520 f i Mi_1Prof.obj
 0001:0000a540       ?SetHist_T@CDrFE0D@@QAEXH@Z 1000b540 f i Mi_1Prof.obj
 0001:0000a570       ?GetHist_R@CDrFE0D@@QAEHXZ 1000b570 f i Mi_1Prof.obj
 0001:0000a590       ?SetHist_R@CDrFE0D@@QAEXH@Z 1000b590 f i Mi_1Prof.obj
 0001:0000a5c0       ?IsSubDivided@CTriangle@@UAEHXZ 1000b5c0 f i Mi_1Prof.obj
 0001:0000a5e0       ?SetSubDivided@CTriangle@@UAEXH@Z 1000b5e0 f i Mi_1Prof.obj
 0001:0000a600       ?GetSubTriangleIndex@CTriangle@@UAEHH@Z 1000b600 f i Mi_1Prof.obj
 0001:0000a620       ?SetSubTriangleIndex@CTriangle@@UAEXHH@Z 1000b620 f i Mi_1Prof.obj
 0001:0000a650       ?GetType@CTriangle@@UAEHXZ 1000b650 f i Mi_1Prof.obj
 0001:0000a670       ?SetType@CTriangle@@UAEXH@Z 1000b670 f i Mi_1Prof.obj
 0001:0000a690       ?GetCNIndexList@CTriangle@@UAEPAV?$CList@HH@@XZ 1000b690 f i Mi_1Prof.obj
 0001:0000a6b0       ?GetPatIndex@CTriangle@@UAEHXZ 1000b6b0 f i Mi_1Prof.obj
 0001:0000a6d0       ?SetPatIndex@CTriangle@@UAEXH@Z 1000b6d0 f i Mi_1Prof.obj
[...]
 0002:0000051c       __imp_?GetObjectInfo@CHitNet@@UAEXPAVCDrObject@@@Z 1001951c     Spec_d32:Spec_D32.dll
 0002:00000520       __imp_?SetObjectInfo@CHitNet@@UAEXPAVCDrObject@@@Z 10019520     Spec_d32:Spec_D32.dll
 0002:00000524       __imp_?GetRuntimeClass@CDrPen@@UBEPAUCRuntimeClass@@XZ 10019524     Spec_d32:Spec_D32.dll
 0002:00000528       __imp_?Serialize@CDrPen@@UAEXAAVCArchive@@@Z 10019528     Spec_d32:Spec_D32.dll
 0002:0000052c       __imp_?DoDataView@CDrPen@@UAEXPAVCDC@@H@Z 1001952c     Spec_d32:Spec_D32.dll
 0002:00000530       __imp_?Pack_drPipe@CDrPen@@UAEXPAVCString@@@Z 10019530     Spec_d32:Spec_D32.dll
 0002:00000534       __imp_?GetObjectInfo@CDrPen@@UAEXPAVCDrObject@@@Z 10019534     Spec_d32:Spec_D32.dll
 0002:00000538       __imp_?SetObjectInfo@CDrPen@@UAEXPAVCDrObject@@@Z 10019538     Spec_d32:Spec_D32.dll
 0002:0000053c       __imp_?ReplacePen@CDrPen@@UAEXXZ 1001953c     Spec_d32:Spec_D32.dll
 0002:00000540       __imp_?ReadDefaultDrPen@CDrPen@@UAEXXZ 10019540     Spec_d32:Spec_D32.dll
 0002:00000544       __imp_?InitDrPen@CDrPen@@UAEXXZ 10019544     Spec_d32:Spec_D32.dll
 0002:00000548       __imp_?GetRuntimeClass@CDrFont@@UBEPAUCRuntimeClass@@XZ 10019548     Spec_d32:Spec_D32.dll
 0002:0000054c       __imp_?Serialize@CDrFont@@UAEXAAVCArchive@@@Z 1001954c     Spec_d32:Spec_D32.dll
 0002:00000550       __imp_?DoDataView@CDrFont@@UAEXPAVCDC@@H@Z 10019550     Spec_d32:Spec_D32.dll
 0002:00000554       __imp_?Pack_drPipe@CDrFont@@UAEXPAVCString@@@Z 10019554     Spec_d32:Spec_D32.dll
 0002:00000558       __imp_?GetObjectInfo@CDrFont@@UAEXPAVCDrObject@@@Z 10019558     Spec_d32:Spec_D32.dll
 0002:0000055c       __imp_?SetObjectInfo@CDrFont@@UAEXPAVCDrObject@@@Z 1001955c     Spec_d32:Spec_D32.dll
 0002:00000560       __imp_?DoTextFont@CDrFont@@UAEXXZ 10019560     Spec_d32:Spec_D32.dll
 0002:00000564       __imp_?ReadDefaultDrFont@CDrFont@@UAEXXZ 10019564     Spec_d32:Spec_D32.dll
 0002:00000568       __imp_?InitDrFont@CDrFont@@UAEXXZ 10019568     Spec_d32:Spec_D32.dll
 0002:0000056c       __imp_?GetRuntimeClass@CDataWindow@@UBEPAUCRuntimeClass@@XZ 1001956c     Spec_d32:Spec_D32.dll
 0002:00000570       __imp_?Serialize@CDataWindow@@UAEXAAVCArchive@@@Z 10019570     Spec_d32:Spec_D32.dll
 0002:00000574       __imp_?DoDataView@CDataWindow@@UAEXPAVCDC@@H@Z 10019574     Spec_d32:Spec_D32.dll
 0002:00000578       __imp_?Pack_drPipe@CDataWindow@@UAEXPAVCString@@@Z 10019578     Spec_d32:Spec_D32.dll
 0002:0000057c       __imp_?GetObjectInfo@CDataWindow@@UAEXPAVCDrObject@@@Z 1001957c     Spec_d32:Spec_D32.dll
 0002:00000580       __imp_?SetObjectInfo@CDataWindow@@UAEXPAVCDrObject@@@Z 10019580     Spec_d32:Spec_D32.dll
 0002:00000584       __imp_?SetWinMinMaxWIC@CDataWindow@@UAEXULPOINT3@@@Z 10019584     Spec_d32:Spec_D32.dll
 0002:00000588       __imp_?SetWinExtWIC@CDataWindow@@UAEXXZ 10019588     Spec_d32:Spec_D32.dll
 0002:0000058c       __imp_?ReadDefaultDataWindow@CDataWindow@@UAEXXZ 1001958c     Spec_d32:Spec_D32.dll
 0002:00000590       __imp_?InitDataWindow@CDataWindow@@UAEXXZ 10019590     Spec_d32:Spec_D32.dll
 0002:00000594       __imp_??1CDrObject@@UAE@XZ 10019594     Spec_d32:Spec_D32.dll
 0002:00000598       __imp_?GetRuntimeClass@CBooleans@@UBEPAUCRuntimeClass@@XZ 10019598     Spec_d32:Spec_D32.dll
 0002:0000059c       __imp_?Serialize@CBooleans@@UAEXAAVCArchive@@@Z 1001959c     Spec_d32:Spec_D32.dll
 0002:000005a0       __imp_?DoDataView@CBooleans@@UAEXPAVCDC@@H@Z 100195a0     Spec_d32:Spec_D32.dll
 0002:000005a4       __imp_?GetLocalCorner@CDrObject@@UAEXPAUWORLD@@H@Z 100195a4     Spec_d32:Spec_D32.dll
 0002:000005a8       __imp_?SetLocalCorner@CDrObject@@UAEXPAUWORLD@@H@Z 100195a8     Spec_d32:Spec_D32.dll
 0002:000005ac       __imp_?GetWorldCorner@CDrObject@@UAEXPAUWORLD@@H@Z 100195ac     Spec_d32:Spec_D32.dll
 0002:000005b0       __imp_?SetWorldCorner@CDrObject@@UAEXPAUWORLD@@H@Z 100195b0     Spec_d32:Spec_D32.dll
 0002:000005b4       __imp_?GetEyeCorner@CDrObject@@UAEXPAUWORLD@@H@Z 100195b4     Spec_d32:Spec_D32.dll
 0002:000005b8       __imp_?SetEyeCorner@CDrObject@@UAEXPAUWORLD@@H@Z 100195b8     Spec_d32:Spec_D32.dll
 0002:000005bc       __imp_?GetScreen3DCorner@CDrObject@@UAEXPAUWORLD@@H@Z 100195bc     Spec_d32:Spec_D32.dll
 0002:000005c0       __imp_?SetScreen3DCorner@CDrObject@@UAEXPAUWORLD@@H@Z 100195c0     Spec_d32:Spec_D32.dll
 0002:000005c4       __imp_?Pack_drPipe@CBooleans@@UAEXPAVCString@@@Z 100195c4     Spec_d32:Spec_D32.dll
 0002:000005c8       __imp_?GetObjectInfo@CBooleans@@UAEXPAVCDrObject@@@Z 100195c8     Spec_d32:Spec_D32.dll
 0002:000005cc       __imp_?SetObjectInfo@CBooleans@@UAEXPAVCDrObject@@@Z 100195cc     Spec_d32:Spec_D32.dll
 0002:000005d0       __imp_?IsZoomEnabled@CBooleans@@UAEHH@Z 100195d0     Spec_d32:Spec_D32.dll
 0002:000005d4       __imp_?SetZoomEnabled@CBooleans@@UAEXHH@Z 100195d4     Spec_d32:Spec_D32.dll
 0002:000005d8       __imp_?IsZoomOn@CBooleans@@UAEHHH@Z 100195d8     Spec_d32:Spec_D32.dll
 0002:000005dc       __imp_?ToggleZoom@CBooleans@@UAEHHH@Z 100195dc     Spec_d32:Spec_D32.dll
 0002:000005e0       __imp_?ReadDefaultBooleans@CBooleans@@UAEXXZ 100195e0     Spec_d32:Spec_D32.dll
 0002:000005e4       __imp_?InitBooleans@CBooleans@@UAEXXZ 100195e4     Spec_d32:Spec_D32.dll
 0002:000005e8       __imp_?GetRuntimeClass@CMatObj@@UBEPAUCRuntimeClass@@XZ 100195e8     Spec_d32:Spec_D32.dll
 0002:000005ec       __imp_?GetObjectIndex@CDListMgr@@QAEHPAVCObject@@@Z 100195ec     Spec_d32:Spec_D32.dll
 0002:000005f0       __imp_?SetPatchMnuOldArray@CPatchMnu@@UAEXQAY01I@Z 100195f0     Spec_d32:Spec_D32.dll
 0002:000005f4       \177Spec_D32_NULL_THUNK_DATA 100195f4     Spec_d32:Spec_D32.dll
 0002:00000620       ?messageMap@CDlg_1Mrg@@1UAFX_MSGMAP@@B 10019620     Dlg_1Mrg.obj
 0002:00000628       ?_messageEntries@CDlg_1Mrg@@0QBUAFX_MSGMAP_ENTRY@@B 10019628     Dlg_1Mrg.obj
 0002:00000688       ??_7C3DMath@@6B@           10019688     Dlg_1Mrg.obj
 0002:0000069c       ??_7CMatObj@@6B@           1001969c     Dlg_1Mrg.obj
 0002:00000778       ??_7CBooleans@@6B@         10019778     Dlg_1Mrg.obj
 0002:000009b8       ??_7CDataWindow@@6B@       100199b8     Dlg_1Mrg.obj
 0002:00000b28       ??_7CDrFont@@6B@           10019b28     Dlg_1Mrg.obj
 0002:00000c98       ??_7CDrPen@@6B@            10019c98     Dlg_1Mrg.obj
 0002:00000e68       ??_7CHitNet@@6B@           10019e68     Dlg_1Mrg.obj
 0002:00000fb8       ??_7CLayer@@6B@            10019fb8     Dlg_1Mrg.obj
 0002:00001148       ??_7CPatchMnu@@6B@         1001a148     Dlg_1Mrg.obj
 0002:000012f0       ??_7CObj3DMnu@@6B@         1001a2f0     Dlg_1Mrg.obj
 0002:00001498       ??_7CMapFactor@@6B@        1001a498     Dlg_1Mrg.obj
 0002:00001600       ??_7CPrecision@@6B@        1001a600     Dlg_1Mrg.obj
 0002:00001788       ??_7CScaleFactor@@6B@      1001a788     Dlg_1Mrg.obj
 0002:000018f8       ??_7CUnit@@6B@             1001a8f8     Dlg_1Mrg.obj
 0002:00001a74       ??_7CElemInfo@@6B@         1001aa74     Dlg_1Mrg.obj
 0002:00001bd0       ??_C@_00A@?$AA@            1001abd0     Dlg_1Mrg.obj
 0002:00001bd4       ??_C@_08OKPH@Image2Up?$AA@ 1001abd4     Dlg_1Mrg.obj
 0002:00001be0       ??_C@_0L@KCBH@Image2Down?$AA@ 1001abe0     Dlg_1Mrg.obj
 0002:00001bec       ??_C@_0M@DMDD@Image2Focus?$AA@ 1001abec     Dlg_1Mrg.obj
 0002:00001bf8       ??_C@_08BMMM@Image1Up?$AA@ 1001abf8     Dlg_1Mrg.obj
 0002:00001c04       ??_C@_0L@ECHI@Image1Down?$AA@ 1001ac04     Dlg_1Mrg.obj
 0002:00001c10       ??_C@_0M@ICND@Image1Focus?$AA@ 1001ac10     Dlg_1Mrg.obj
 0002:00001c1c       ??_7CDlg_1Mrg@@6B@         1001ac1c     Dlg_1Mrg.obj
 0002:00001cf4       ??_C@_0DA@EHOJ@Internal?5Problem?3CDlg_1Mrg?3?3OnSe@ 1001acf4     Dlg_1Mrg.obj
 0002:00001d24       ??_C@_0BL@JODO@Please?5Select?5a?5Profile?5ID?$AA@ 1001ad24     Dlg_1Mrg.obj
 0002:00001d40       ?classCMI_1Prof@CMI_1Prof@@2UCRuntimeClass@@B 1001ad40     Mi_1Prof.obj
 0002:00001d58       ??_C@_09DIEO@CMI_1Prof?$AA@ 1001ad58     Mi_1Prof.obj
 0002:00001d64       ??_7CXForm@@6B@            1001ad64     Mi_1Prof.obj
 0002:00001df4       ??_7CTriangle@@6B@         1001adf4     Mi_1Prof.obj
 0002:00001e70       ??_7CDrLabel@@6B@          1001ae70     Mi_1Prof.obj
 0002:00002008       ??_7CMI_1Prof@@6B@         1001b008     Mi_1Prof.obj
 0002:00002138       ??_C@_0DL@ECNF@Internal?5ERROR?3?6CMI_1Prof?3?3RBUp_@ 1001b138     Mi_1Prof.obj
 0002:00002174       ??_C@_0EH@DPGP@Internal?5ERROR?3?6CMI_1Prof?3?3Inser@ 1001b174     Mi_1Prof.obj
 0002:000021bc       ??_C@_0ED@FDKG@Internal?5ERROR?3?6CMI_1Prof?3?3Gener@ 1001b1bc     Mi_1Prof.obj
 0002:00002200       ??_C@_0EB@INAE@Internal?5ERROR?3?6CMI_1Prof?3?3Merge@ 1001b200     Mi_1Prof.obj
 0002:00002244       ??_C@_0DL@NHOP@Internal?5Problem?3?6CMI_1Prof?3?3Mer@ 1001b244     Mi_1Prof.obj
 0002:00002280       ??_C@_0DL@PJM@Internal?5Problem?3?6CMI_1Prof?3?3Mer@ 1001b280     Mi_1Prof.obj
 0002:000022bc       ??_C@_0DK@MCCM@Internal?5Problem?3?6CMI_1Prof?3?3Mer@ 1001b2bc     Mi_1Prof.obj
 0002:000022f8       ??_C@_0EG@JDDN@Internal?5ERROR?3?6CMI_1Prof?3?3Copy_@ 1001b2f8     Mi_1Prof.obj
 0002:00002340       ??_C@_0EL@CADO@Internal?5ERROR?3?6CMI_1Prof?3?3Compa@ 1001b340     Mi_1Prof.obj
 0002:0000238c       ??_C@_0EG@GHPO@Internal?5Problem?3?6CMI_1Prof?3?3Com@ 1001b38c     Mi_1Prof.obj
 0002:000023d4       ??_7?$CList@HH@@6B@        1001b3d4     Mi_1Prof.obj
 0002:000023e8       ??_C@_01BJG@?6?$AA@        1001b3e8     Mi_1Prof.obj
 0002:000023ec       ??_C@_05KIFI@with?5?$AA@   1001b3ec     Mi_1Prof.obj
 0002:000023f4       ??_C@_09LOPF@?5elements?$AA@ 1001b3f4     Mi_1Prof.obj
 0002:00002400       ??_C@_09DIIP@CMI_Gang1?$AA@ 1001b400     Mi_Gang1.obj
 0002:0000240c       ??_7CMI_Gang1@@6B@         1001b40c     Mi_Gang1.obj
 0002:00002420       ??_C@_0CD@NDGH@?6CANCEL?3?7?7Cancel?5Selection?5Proce@ 1001b420     Mi_Gang1.obj
 0002:00002444       ??_C@_0CO@IKCN@?6NO?3?7?7Find?5Next?5Curve?5with?5Inter@ 1001b444     Mi_Gang1.obj
 0002:00002474       ??_C@_0BH@LPHP@?6YES?3?7?7Post?5This?5Curve?$AA@ 1001b474     Mi_Gang1.obj
 0002:0000248c       ??_C@_01FAJB@?$DL?$AA@     1001b48c     Mi_Gang1.obj
 0002:00002490       ??_C@_04GCDK@?$CFs?0?5?$AA@ 1001b490     Mi_Gang1.obj
 0002:00002498       ??_C@_07FKCA@Nodes?3?6?$AA@ 1001b498     Mi_Gang1.obj
 0002:000024a0       ??_C@_0DB@EPIA@Curve?5?$CFs?5contains?3?6?7?$CFd?5Input?5Nod@ 1001b4a0     Mi_Gang1.obj
 0002:000024d4       ??_C@_0BB@FKHB@?7?$CFs?5is?5CNode_CB?6?$AA@ 1001b4d4     Mi_Gang1.obj
 0002:000024e8       ??_C@_0BB@GBIO@?7?$CFs?5is?5CNode_CA?6?$AA@ 1001b4e8     Mi_Gang1.obj
 0002:000024fc       ??_C@_0DE@HPFA@2?5Control?5Nodes?5on?5Tangents?5?$CG?6Ta@ 1001b4fc     Mi_Gang1.obj
 0002:00002530       ??_C@_0DP@OLB@Circle?5?$CFs?5contains?3?6?7?$CFd?5InPut?5No@ 1001b530     Mi_Gang1.obj
 0002:00002570       ??_C@_0BE@HBGA@?7?$CFs?5is?5Center?5Node?6?$AA@ 1001b570     Mi_Gang1.obj
 0002:00002584       ??_C@_0BG@EGFA@2?5End?5Nodes?5?$CG?5Center?6?$AA@ 1001b584     Mi_Gang1.obj
 0002:0000259c       ??_C@_0CC@HMDN@?7?$CFs?5is?5Tangent?5Intersection?5Node@ 1001b59c     Mi_Gang1.obj
 0002:000025c0       ??_C@_0CE@CCOB@2?5End?5Nodes?5?$CG?5Tangent?5Intersecti@ 1001b5c0     Mi_Gang1.obj
 0002:000025e4       ??_C@_0BE@BEPD@?7Arc?5upto?53rd?5Node?6?$AA@ 1001b5e4     Mi_Gang1.obj
 0002:000025f8       ??_C@_0DC@KEJB@Circle?5?$CFs?5contains?3?6?7?$CFd?5Input?5No@ 1001b5f8     Mi_Gang1.obj
 0002:0000262c       ??_C@_0BK@DFNO@?7?$CFf?5is?5Angle?5of?5Rotation?6?$AA@ 1001b62c     Mi_Gang1.obj
 0002:00002648       ??_C@_0BA@PJPF@?7Closed?5Circle?6?$AA@ 1001b648     Mi_Gang1.obj
 0002:00002658       ??_C@_0BL@JCCE@?7?$CFs?5and?5?$CFs?5are?5Axis?5Nodes?6?$AA@ 1001b658     Mi_Gang1.obj
 0002:00002674       ??_C@_0DK@NDNM@Circle?5?$CFs?5contains?3?6?7?$CFd?5InputNod@ 1001b674     Mi_Gang1.obj
 0002:000026b0       ??_C@_0CA@EIGG@?$CK?$CK?$CK?$CK?$CK?5A?5Curve_To_Post?5Hit?5?$CK?$CK?$CK?$CK?6?$AA@ 1001b6b0     Mi_Gang1.obj
 0002:000026d0       ??_C@_02MECO@?$CFd?$AA@    1001b6d0     Mi_Gang1.obj
 0002:000026d4       ??_C@_03BGHC@CN_?$AA@      1001b6d4     Mi_Gang1.obj
 0002:000026d8       ??_C@_0DK@EBOK@Internal?5ERROR?3?6CMI_Gang1?3?3Post_@ 1001b6d8     Mi_Gang1.obj
 0002:00002714       ??_C@_0DJ@GII@Internal?5ERROR?3?6CMI_Gang1?3?3Post_@ 1001b714     Mi_Gang1.obj
 0002:00002750       ??_C@_0DJ@OJFJ@Internal?5ERROR?3?6CMI_Gang1?3?3Post_@ 1001b750     Mi_Gang1.obj
 0002:0000278c       ??_C@_0DK@PDMH@Internal?5ERROR?3?6CMI_Gang1?3?3Post_@ 1001b78c     Mi_Gang1.obj
 0002:000027c8       ??_C@_0DJ@NHNI@Internal?5Error?3?6CMI_Gang1?3?3Regen@ 1001b7c8     Mi_Gang1.obj
 0002:00002804       ??_7CPo_FE1D@@6B@          1001b804     Mi_Gang1.obj
 0002:00002820       ??_7CPo_FE0D@@6B@          1001b820     Mi_Gang1.obj
 0002:00002834       ??_C@_0DI@OLCA@Internal?5ERROR?3?6CMI_Gang1?3?3Post_@ 1001b834     Mi_Gang1.obj
 0002:0000286c       ??_7CPo_Truss@@6B@         1001b86c     Mi_Gang1.obj
 0002:00002888       ??_C@_0DH@HEPL@Internal?5ERROR?3?6CMI_Gang1?3?3Post_@ 1001b888     Mi_Gang1.obj
 0002:000028c0       ??_7CPo_Beam@@6B@          1001b8c0     Mi_Gang1.obj
 0002:000028dc       ??_C@_0DH@CHHP@Internal?5ERROR?3?6CMI_Gang1?3?3Post_@ 1001b8dc     Mi_Gang1.obj
 0002:00002914       ??_7CPo_Pipe@@6B@          1001b914     Mi_Gang1.obj
 0002:00002930       ??_C@_0DI@FCPF@Internal?5ERROR?3?6CMI_Gang1?3?3Post_@ 1001b930     Mi_Gang1.obj
 0002:00002968       ??_7CPo_Elbow@@6B@         1001b968     Mi_Gang1.obj
 0002:00002988       __real@8@3fff8000000000000000 1001b988     Mi_Gang1.obj
 0002:00002990       ??_C@_0BI@LAGF@?5CMI_Gang1?3?5?5?5?5Loading?6?$AA@ 1001b990     Mi_Gang1.obj
 0002:000029a8       ??_C@_0BI@HHDD@?5CMI_Gang1?3?5?5?5?5Storing?6?$AA@ 1001b9a8     Mi_Gang1.obj
 0002:000029c0       ??_C@_0BH@OJAP@MMs1?4DLL?5Terminating?$CB?6?$AA@ 1001b9c0     MMs1dll.obj
 0002:000029d8       ??_C@_02DILL@?$CFs?$AA@    1001b9d8     MMs1dll.obj
 0002:000029dc       ??_C@_0BI@EHC@MMs1?4DLL?5Initializing?$CB?6?$AA@ 1001b9dc     MMs1dll.obj
 0002:000029f4       ??_C@_08LPIC@CMMs1Mgr?$AA@ 1001b9f4     MMs1Mgr.obj
 0002:00002a00       ??_7CMMs1Mgr@@6B@          1001ba00     MMs1Mgr.obj
 0002:00002a14       ??_C@_0BG@LFDF@resource?5string?5?$DN?5?$CFs?6?$AA@ 1001ba14     MMs1Mgr.obj
 0002:00002a2c       ??_C@_0BD@GDMF@?5MMs1Mgr?7?3Loading?6?$AA@ 1001ba2c     MMs1Mgr.obj
 0002:00002a40       ??_C@_0BD@KEJD@?5MMs1Mgr?7?3Storing?6?$AA@ 1001ba40     MMs1Mgr.obj
 0002:00002a58       ?classCPo_Beam@CPo_Beam@@2UCRuntimeClass@@B 1001ba58     Po_Beam.obj
 0002:00002a70       ??_C@_08GFEF@CPo_Beam?$AA@ 1001ba70     Po_Beam.obj
 0002:00002a7c       ??_C@_04MMHL@BEAM?$AA@     1001ba7c     Po_Beam.obj
 0002:00002a84       ??_C@_0DD@OGGH@Internal?5ERROR?3?6CPo_Beam?3?3Post_F@ 1001ba84     Po_Beam.obj
 0002:00002ab8       ?classCPo_Elbow@CPo_Elbow@@2UCRuntimeClass@@B 1001bab8     Po_Elbow.obj
 0002:00002ad0       ??_C@_09ELIG@CPo_Elbow?$AA@ 1001bad0     Po_Elbow.obj
 0002:00002adc       ??_C@_05MEMP@ELBOW?$AA@    1001badc     Po_Elbow.obj
 0002:00002ae4       ??_C@_0DE@EKFA@Internal?5ERROR?3?6CPo_Elbow?3?3Post_@ 1001bae4     Po_Elbow.obj
 0002:00002b18       ?classCPo_FE1D@CPo_FE1D@@2UCRuntimeClass@@B 1001bb18     Po_FE1D.obj
 0002:00002b30       ??_C@_08NOBL@CPo_FE1D?$AA@ 1001bb30     Po_FE1D.obj
 0002:00002b40       ?classCPo_Pipe@CPo_Pipe@@2UCRuntimeClass@@B 1001bb40     Po_Pipe.obj
 0002:00002b58       ??_C@_08IKJE@CPo_Pipe?$AA@ 1001bb58     Po_Pipe.obj
 0002:00002b64       ??_C@_04CDKK@PIPE?$AA@     1001bb64     Po_Pipe.obj
 0002:00002b6c       ??_C@_0DD@HNEE@Internal?5ERROR?3?6CPo_Pipe?3?3Post_F@ 1001bb6c     Po_Pipe.obj
 0002:00002ba0       ?classCPo_Truss@CPo_Truss@@2UCRuntimeClass@@B 1001bba0     Po_Truss.obj
 0002:00002bb8       ??_C@_09PJKL@CPo_Truss?$AA@ 1001bbb8     Po_Truss.obj
 0002:00002bc4       ??_C@_05HGOC@TRUSS?$AA@    1001bbc4     Po_Truss.obj
 0002:00002bcc       ??_C@_0DH@HOGO@Internal?5ERROR?3?6CPo_Truss?3?3Post_@ 1001bbcc     Po_Truss.obj
 0002:00002c08       _IID_IDocHostUIHandlerDispatch 1001bc08     mfcs42d:stdafx.obj
 0002:00002c18       _IID_IInternalConnection   1001bc18     mfcs42d:stdafx.obj
 0002:00002c28       _IID_IAxWinAmbientDispatch 1001bc28     mfcs42d:stdafx.obj
 0002:00002c38       _IID_IAxWinHostWindow      1001bc38     mfcs42d:stdafx.obj
 0002:00002c48       _IID_IRegistrar            1001bc48     mfcs42d:stdafx.obj
 0002:00002c58       _CLSID_Registrar           1001bc58     mfcs42d:stdafx.obj
 0002:00002c68       _LIBID_ATLLib              1001bc68     mfcs42d:stdafx.obj
 0002:00002ca4       ??_C@_08JKC@crtdll?4c?$AA@ 1001bca4     msvcrtd:crtdll.obj
 0002:00003e50       __IMPORT_DESCRIPTOR_OMgr_D32 1001ce50     OMgr_D32:OMgr_D32.dll
 0002:00003e64       __IMPORT_DESCRIPTOR_Spec_D32 1001ce64     Spec_d32:Spec_D32.dll
 0002:00003e78       __IMPORT_DESCRIPTOR_Draw_D32 1001ce78     Draw_D32:Draw_D32.dll
 0002:00003e8c       __IMPORT_DESCRIPTOR_Elem_D32 1001ce8c     Elem_D32:Elem_D32.dll
 0002:00003ea0       __IMPORT_DESCRIPTOR_OGEN_D32 1001cea0     OGen_D32:OGEN_D32.dll
 0002:00003eb4       __IMPORT_DESCRIPTOR_Dr3D_D32 1001ceb4     Dr3D_D32:Dr3D_D32.dll
 0002:00003ec8       __IMPORT_DESCRIPTOR_Mesh_D32 1001cec8     Mesh_D32:Mesh_D32.dll
 0002:00003edc       __IMPORT_DESCRIPTOR_MMs0_D32 1001cedc     MMs0_D32:MMs0_D32.dll
 0002:00003ef0       __IMPORT_DESCRIPTOR_MNod_D32 1001cef0     MNod_D32:MNod_D32.dll
 0002:00003f04       __IMPORT_DESCRIPTOR_MCur_D32 1001cf04     MCur_D32:MCur_D32.dll
 0002:00003f18       __IMPORT_DESCRIPTOR_MFC42D 1001cf18     mfc42d:MFC42D.DLL
 0002:00003f2c       __IMPORT_DESCRIPTOR_MSVCRTD 1001cf2c     msvcrtd:MSVCRTD.dll
 0002:00003f40       __NULL_IMPORT_DESCRIPTOR   1001cf40     OMgr_D32:OMgr_D32.dll
 0003:00000000       ___xc_a                    10032000     msvcrtd:cinitexe.obj
 0003:0000000c       ___xc_z                    1003200c     msvcrtd:cinitexe.obj
 0003:00000010       ___xi_a                    10032010     msvcrtd:cinitexe.obj
 0003:00000014       ___xi_z                    10032014     msvcrtd:cinitexe.obj
 0003:00000080       ?__LINE__Var@?1??MergeMesh1Ds@CMI_1Prof@@IAEHXZ@4FA 10032080     Mi_1Prof.obj
 0003:000000b8       ?classCMI_Gang1@CMI_Gang1@@2UCRuntimeClass@@A 100320b8     Mi_Gang1.obj
 0003:000000d0       ?__LINE__Var@?1??ShowCurveInfo@CMI_Gang1@@QAEHPAVCDrCurve@@@Z@4FA 100320d0     Mi_Gang1.obj
 0003:000000d4       ?__LINE__Var@?1??Regen_MESH1D_Elements@CMI_Gang1@@QAEHPAVCDrObject@@0@Z@4FA 100320d4     Mi_Gang1.obj
 0003:000000fc       __pRawDllMain              100320fc     MMs1dll.obj
 0003:00000130       ?classCMMs1Mgr@CMMs1Mgr@@2UCRuntimeClass@@A 10032130     MMs1Mgr.obj
 0003:00000238       ?GUID_ATLVer30@ATL@@3U_GUID@@A 10032238     mfcs42d:stdafx.obj
 0003:00000250       ?_init_CMI_Gang1@@3UAFX_CLASSINIT@@A 10032250     Mi_Gang1.obj
 0003:00000258       __afxForceEXTDLL           10032258     MMs1dll.obj
 0003:00000260       ?extensionMMs1_DLL@@3UAFX_EXTENSION_MODULE@@A 10032260     MMs1dll.obj
 0003:00000274       ?_init_CMMs1Mgr@@3UAFX_CLASSINIT@@A 10032274     MMs1Mgr.obj
 0003:00000278       __afxForceEXCLUDE          10032278     mfcs42d:nolib.obj
 0003:0000027c       ?ATL_CREATE_OBJECT@CComApartment@ATL@@2IA 1003227c     mfcs42d:stdafx.obj
 0003:00000280       ?m_libid@CComModule@ATL@@2U_GUID@@A 10032280     mfcs42d:stdafx.obj
 0003:00000290       ?_pModule@ATL@@3PAVCComModule@1@A 10032290     mfcs42d:stdafx.obj
 0003:00000294       __afxForceSTDAFX           10032294     mfcs42d:stdafx.obj
 0003:0000029c       __adjust_fdiv              1003229c     <common>
 0003:000002a0       ___onexitend               100322a0     <common>
 0003:000002a4       ___onexitbegin             100322a4     <common>

 entry point at        0001:00016770

 Static symbols

 0001:00014610       _$E295                     10015610 f   MMs1Mgr.obj
 0001:00014630       _$E294                     10015630 f   MMs1Mgr.obj
 0001:000117e0       _$E305                     100127e0 f   Mi_Gang1.obj
 0001:00011800       _$E304                     10012800 f   Mi_Gang1.obj
 0001:00016570       ?ArrayUnwindFilter@@YAHPAU_EXCEPTION_POINTERS@@@Z 10017570 f   msvcrtd:ehvecdtr.obj
