 View_d32

 Timestamp is 444d8062 (Mon Apr 24 18:50:26 2006)

 Preferred load address is 10000000

 Start         Length     Name                   Class
 0001:00000000 0001fcf2H .text                   CODE
 0001:0001fd00 00000019H .text$AFX_COL1          CODE
 0001:0001fd20 000009c3H .text$x                 CODE
 0002:00000000 0000065cH .idata$5                DATA
 0002:00000660 0000231dH .rdata                  DATA
 0002:00002980 00000ab4H .rdata$r                DATA
 0002:00003438 00000bd0H .xdata$x                DATA
 0002:00004008 000000c8H .idata$2                DATA
 0002:000040d0 00000014H .idata$3                DATA
 0002:000040e4 0000065cH .idata$4                DATA
 0002:00004740 000028dcH .idata$6                DATA
 0002:00007020 00012fc9H .edata                  DATA
 0003:00000000 00000004H .CRT$XCA                DATA
 0003:00000004 0000000cH .CRT$XCU                DATA
 0003:00000010 00000004H .CRT$XCZ                DATA
 0003:00000014 00000004H .CRT$XIA                DATA
 0003:00000018 00000004H .CRT$XIZ                DATA
 0003:00000020 000005b0H .data                   DATA
 0003:000005d0 00000070H .bss                    DATA
 0004:00000000 00000324H .rsrc$01                DATA
 0004:00000330 000033d0H .rsrc$02                DATA

  Address         Publics by Value              Rva+Base     Lib:Object

 0001:00000000       ?Set3DPts@C3DMath@@QAEXPAULPOINT3@@JJJ@Z 10001000 f i Ax_wire0.obj
 0001:00000030       ?Set3DPts@C3DMath@@QAEXPAUWORLD@@NNN@Z 10001030 f i Ax_wire0.obj
 0001:00000080       ?Len3DPts@C3DMath@@QAENPAUWORLD@@@Z 10001080 f i Ax_wire0.obj
 0001:000000d0       ??1C3DMath@@UAE@XZ         100010d0 f i Ax_wire0.obj
 0001:00000100       ??_GC3DMath@@UAEPAXI@Z     10001100 f i Ax_wire0.obj
 0001:00000140       ??_EC3DMath@@UAEPAXI@Z     10001140 f i Ax_wire0.obj
 0001:000001c0       ?GetMatrix@CMatObj@@UAEPAUMATRIX@@XZ 100011c0 f i Ax_wire0.obj
 0001:000001e0       ?SetMatrix@CMatObj@@UAEXPAUMATRIX@@@Z 100011e0 f i Ax_wire0.obj
 0001:00000250       ?GetCurveLatch@CMatObj@@UAE?AW4CURVELATCH@@XZ 10001250 f i Ax_wire0.obj
 0001:00000270       ?SetCurveLatch@CMatObj@@UAEXW4CURVELATCH@@@Z 10001270 f i Ax_wire0.obj
 0001:00000290       ?IsInstanced_Prof@CMatObj@@UAEHXZ 10001290 f i Ax_wire0.obj
 0001:000002b0       ?SetInstanced_Prof@CMatObj@@UAEXH@Z 100012b0 f i Ax_wire0.obj
 0001:000002d0       ?GetFromID@CMatObj@@UAE?AVCString@@XZ 100012d0 f i Ax_wire0.obj
 0001:00000310       ?SetFromID@CMatObj@@UAEXVCString@@@Z 10001310 f i Ax_wire0.obj
 0001:00000370       ?GetFromPt@CMatObj@@UAE?AUWORLD@@XZ 10001370 f i Ax_wire0.obj
 0001:000003a0       ?SetFromPt@CMatObj@@UAEXUWORLD@@@Z 100013a0 f i Ax_wire0.obj
 0001:000003d0       ?GetToID@CMatObj@@UAE?AVCString@@XZ 100013d0 f i Ax_wire0.obj
 0001:00000410       ?SetToID@CMatObj@@UAEXVCString@@@Z 10001410 f i Ax_wire0.obj
 0001:00000470       ?GetToPt@CMatObj@@UAE?AUWORLD@@XZ 10001470 f i Ax_wire0.obj
 0001:000004a0       ?SetToPt@CMatObj@@UAEXUWORLD@@@Z 100014a0 f i Ax_wire0.obj
 0001:000004d0       ?GetRotPtID@CMatObj@@UAE?AVCString@@XZ 100014d0 f i Ax_wire0.obj
 0001:00000510       ?SetRotPtID@CMatObj@@UAEXVCString@@@Z 10001510 f i Ax_wire0.obj
 0001:00000570       ?GetRotPt@CMatObj@@UAE?AUWORLD@@XZ 10001570 f i Ax_wire0.obj
 0001:000005a0       ?SetRotPt@CMatObj@@UAEXUWORLD@@@Z 100015a0 f i Ax_wire0.obj
 0001:000005d0       ?IsCoordIn@CMatObj@@UAEHXZ 100015d0 f i Ax_wire0.obj
 0001:000005f0       ?SetCoordIn@CMatObj@@UAEXH@Z 100015f0 f i Ax_wire0.obj
 0001:00000620       ?GetTranPtID@CMatObj@@UAE?AVCString@@XZ 10001620 f i Ax_wire0.obj
 0001:00000660       ?SetTranPtID@CMatObj@@UAEXVCString@@@Z 10001660 f i Ax_wire0.obj
 0001:000006c0       ?GetTranslation@CMatObj@@UAE?AUWORLD@@XZ 100016c0 f i Ax_wire0.obj
 0001:000006f0       ?SetTranslation@CMatObj@@UAEXUWORLD@@@Z 100016f0 f i Ax_wire0.obj
 0001:00000720       ?IsAngleIn@CMatObj@@UAEHXZ 10001720 f i Ax_wire0.obj
 0001:00000740       ?SetAngleIn@CMatObj@@UAEXH@Z 10001740 f i Ax_wire0.obj
 0001:00000770       ?IsDirCos@CMatObj@@UAEHXZ  10001770 f i Ax_wire0.obj
 0001:00000790       ?SetDirCos@CMatObj@@UAEXH@Z 10001790 f i Ax_wire0.obj
 0001:000007c0       ?GetDirCosDirect@CMatObj@@UAE?AUWORLD@@XZ 100017c0 f i Ax_wire0.obj
 0001:000007f0       ?SetDirCosDirect@CMatObj@@UAEXUWORLD@@@Z 100017f0 f i Ax_wire0.obj
 0001:00000820       ?GetRotation@CMatObj@@UAE?AUWORLD@@XZ 10001820 f i Ax_wire0.obj
 0001:00000850       ?SetRotation@CMatObj@@UAEXUWORLD@@@Z 10001850 f i Ax_wire0.obj
 0001:00000880       ?GetScale@CMatObj@@UAE?AUWORLD@@XZ 10001880 f i Ax_wire0.obj
 0001:000008b0       ?SetScale@CMatObj@@UAEXUWORLD@@@Z 100018b0 f i Ax_wire0.obj
 0001:000008e0       ?GetShear@CMatObj@@UAE?AUWORLD@@XZ 100018e0 f i Ax_wire0.obj
 0001:00000910       ?SetShear@CMatObj@@UAEXUWORLD@@@Z 10001910 f i Ax_wire0.obj
 0001:00000940       ?IsNoRot@CMatObj@@UAEHXZ   10001940 f i Ax_wire0.obj
 0001:00000960       ?SetNoRot@CMatObj@@UAEXH@Z 10001960 f i Ax_wire0.obj
 0001:00000990       ?IsNoTran@CMatObj@@UAEHXZ  10001990 f i Ax_wire0.obj
 0001:000009b0       ?SetNoTran@CMatObj@@UAEXH@Z 100019b0 f i Ax_wire0.obj
 0001:000009e0       ?IsNoScale@CMatObj@@UAEHXZ 100019e0 f i Ax_wire0.obj
 0001:00000a00       ?SetNoScale@CMatObj@@UAEXH@Z 10001a00 f i Ax_wire0.obj
 0001:00000a30       ?IsNoShear@CMatObj@@UAEHXZ 10001a30 f i Ax_wire0.obj
 0001:00000a50       ?SetNoShear@CMatObj@@UAEXH@Z 10001a50 f i Ax_wire0.obj
 0001:00000a80       ?GetXformType@CMatObj@@UAE?AW4XFORMTYPE@@XZ 10001a80 f i Ax_wire0.obj
 0001:00000aa0       ?SetXformType@CMatObj@@UAEXW4XFORMTYPE@@@Z 10001aa0 f i Ax_wire0.obj
 0001:00000ad0       ?GetSpawnType@CMatObj@@UAE?AW4SPAWNTYPE@@XZ 10001ad0 f i Ax_wire0.obj
 0001:00000af0       ?SetSpawnType@CMatObj@@UAEXW4SPAWNTYPE@@@Z 10001af0 f i Ax_wire0.obj
 0001:00000b20       ?GetCreOp@CMatObj@@UAEIXZ  10001b20 f i Ax_wire0.obj
 0001:00000b40       ?SetCreOp@CMatObj@@UAEXI@Z 10001b40 f i Ax_wire0.obj
 0001:00000b70       ??1CMatObj@@UAE@XZ         10001b70 f i Ax_wire0.obj
 0001:00000c10       ??_GCMatObj@@UAEPAXI@Z     10001c10 f i Ax_wire0.obj
 0001:00000c50       ??_ECMatObj@@UAEPAXI@Z     10001c50 f i Ax_wire0.obj
 0001:00000cd0       ?ReadyToDelete@CDrObject@@UAEXXZ 10001cd0 f i Ax_wire0.obj
 0001:00000cf0       ?DoFormattedCardView@CDrObject@@UAEXPAVCString@@AAV2@@Z 10001cf0 f i Ax_wire0.obj
 0001:00000d10       ?DoUnFormattedCardView@CDrObject@@UAEXPAVCString@@@Z 10001d10 f i Ax_wire0.obj
 0001:00000d30       ?DoDataView@CDrObject@@UAEXPAVCDC@@H@Z 10001d30 f i Ax_wire0.obj
 0001:00000d50       ?InitDraw@CDrObject@@UAEXPAVCDC@@HHPAUMATRIX@@1NNN@Z 10001d50 f i Ax_wire0.obj
 0001:00000d70       ?InitDraw@CDrObject@@UAEXPAVCDC@@HHPAUMATRIX@@1NNNN@Z 10001d70 f i Ax_wire0.obj
 0001:00000d90       ?Corner_3Dto2D@CDrObject@@UAEXXZ 10001d90 f i Ax_wire0.obj
 0001:00000db0       ?DoDrawView@CDrObject@@UAEXPAVCDC@@@Z 10001db0 f i Ax_wire0.obj
 0001:00000dd0       ?DoDrawView@CDrObject@@UAEXPAVCDC@@H@Z 10001dd0 f i Ax_wire0.obj
 0001:00000df0       ?DoDrawView@CDrObject@@UAEXPAVCDC@@HH@Z 10001df0 f i Ax_wire0.obj
 0001:00000e10       ?DealObjectDialog@CDrObject@@UAEHXZ 10001e10 f i Ax_wire0.obj
 0001:00000e30       ?TransformObjectToWorld@CDrObject@@UAEXPAUMATRIX@@H@Z 10001e30 f i Ax_wire0.obj
 0001:00000e50       ?TransformObjectToView@CDrObject@@UAEXPAUMATRIX@@@Z 10001e50 f i Ax_wire0.obj
 0001:00000e70       ?TransformObjectToViewDirect@CDrObject@@UAEXPAUMATRIX@@00H@Z 10001e70 f i Ax_wire0.obj
 0001:00000e90       ?RemoveHiddenObject@CDrObject@@UAEHPAUMATRIX@@UWORLD@@H@Z 10001e90 f i Ax_wire0.obj
 0001:00000eb0       ?ProjectObject@CDrObject@@UAEXPAUMATRIX@@NN@Z 10001eb0 f i Ax_wire0.obj
 0001:00000ed0       ?Calc_2DBoundsScreen@CDrObject@@UAEHXZ 10001ed0 f i Ax_wire0.obj
 0001:00000ef0       ?Calc_3DBoundsLocal@CDrObject@@UAEHXZ 10001ef0 f i Ax_wire0.obj
 0001:00000f10       ?FinishObject@CDrObject@@UAEXPAVCClientDC@@H@Z 10001f10 f i Ax_wire0.obj
 0001:00000f30       ?FinishObject@CDrObject@@UAEXH@Z 10001f30 f i Ax_wire0.obj
 0001:00000f50       ?FinishObject@CDrObject@@UAEXXZ 10001f50 f i Ax_wire0.obj
 0001:00000f70       ?GetMaxCorners@CDrObject@@UAEHXZ 10001f70 f i Ax_wire0.obj
 0001:00000f90       ?GetRawCoords@CDrObject@@UAEXPAJPAHH@Z 10001f90 f i Ax_wire0.obj
 0001:00000fb0       ?SetProjectedCoords@CDrObject@@UAEXUtagPOINT@@H@Z 10001fb0 f i Ax_wire0.obj
 0001:00000fd0       ?RearrangeProjectedCoords@CDrObject@@UAEXXZ 10001fd0 f i Ax_wire0.obj
 0001:00000ff0       ?IsObjectHit@CDrObject@@UAEHNUWORLD@@@Z 10001ff0 f i Ax_wire0.obj
 0001:00001010       ?IsObjectHit@CDrObject@@UAEHHUtagPOINT@@H@Z 10002010 f i Ax_wire0.obj
 0001:00001030       ?IsObjectHit@CDrObject@@UAEHHUtagPOINT@@@Z 10002030 f i Ax_wire0.obj
 0001:00001050       ?IsObjectHit@CDrObject@@UAEHPAVCClientDC@@HUtagPOINT@@PAVCRect@@H@Z 10002050 f i Ax_wire0.obj
 0001:00001070       ?IsKeyMatch@CDrObject@@UAEHPAV1@VCString@@I@Z 10002070 f i Ax_wire0.obj
 0001:000010a0       ?IsKeyMatch@CDrObject@@UAEHVCString@@I@Z 100020a0 f i Ax_wire0.obj
 0001:000010d0       ?IsControlShapeNeeded@CDrObject@@UAEHXZ 100020d0 f i Ax_wire0.obj
 0001:000010f0       ?SetControlShapeNeed@CDrObject@@UAEXH@Z 100020f0 f i Ax_wire0.obj
 0001:00001110       ?IsNormalNeeded@CDrObject@@UAEHXZ 10002110 f i Ax_wire0.obj
 0001:00001130       ?SetNormalNeed@CDrObject@@UAEXH@Z 10002130 f i Ax_wire0.obj
 0001:00001150       ?IsCulled@CDrObject@@UAEHXZ 10002150 f i Ax_wire0.obj
 0001:00001170       ?SetCulled@CDrObject@@UAEXH@Z 10002170 f i Ax_wire0.obj
 0001:00001190       ?IsSkewed@CDrObject@@UAEHXZ 10002190 f i Ax_wire0.obj
 0001:000011b0       ?SetSkewed@CDrObject@@UAEXH@Z 100021b0 f i Ax_wire0.obj
 0001:000011d0       ?IsLinSpr@CDrObject@@UAEHXZ 100021d0 f i Ax_wire0.obj
 0001:000011f0       ?SetLinSpr@CDrObject@@UAEXH@Z 100021f0 f i Ax_wire0.obj
 0001:00001210       ?IsLinSnu@CDrObject@@UAEHXZ 10002210 f i Ax_wire0.obj
 0001:00001230       ?SetLinSnu@CDrObject@@UAEXH@Z 10002230 f i Ax_wire0.obj
 0001:00001250       ?CullWorld@CDrObject@@UAEHUWORLD@@@Z 10002250 f i Ax_wire0.obj
 0001:00001270       ?CullScreen@CDrObject@@UAEHPAUMATRIX@@@Z 10002270 f i Ax_wire0.obj
 0001:00001290       ?Calc_CentroidWorld@CDrObject@@UAEXXZ 10002290 f i Ax_wire0.obj
 0001:000012b0       ?Calc_CentroidEye@CDrObject@@UAEXXZ 100022b0 f i Ax_wire0.obj
 0001:000012d0       ?Calc_CentroidScreen3D@CDrObject@@UAEXNN@Z 100022d0 f i Ax_wire0.obj
 0001:000012f0       ?Calc_NormalWorld@CDrObject@@UAEXXZ 100022f0 f i Ax_wire0.obj
 0001:00001310       ?TransformNormalToEye@CDrObject@@UAEXPAUMATRIX@@@Z 10002310 f i Ax_wire0.obj
 0001:00001330       ?ProjectNormalToScreen3D@CDrObject@@UAEXPAUMATRIX@@NN@Z 10002330 f i Ax_wire0.obj
 0001:00001350       ?GetNormalWorld@CDrObject@@UAEPAUWORLD@@XZ 10002350 f i Ax_wire0.obj
 0001:00001370       ?SetNormalWorld@CDrObject@@UAEXUWORLD@@@Z 10002370 f i Ax_wire0.obj
 0001:00001390       ?GetNormalEye@CDrObject@@UAEPAUWORLD@@XZ 10002390 f i Ax_wire0.obj
 0001:000013b0       ?SetNormalEye@CDrObject@@UAEXUWORLD@@@Z 100023b0 f i Ax_wire0.obj
 0001:000013d0       ?GetNormalScreen3D@CDrObject@@UAEPAUWORLD@@XZ 100023d0 f i Ax_wire0.obj
 0001:000013f0       ?SetNormalScreen3D@CDrObject@@UAEXUWORLD@@@Z 100023f0 f i Ax_wire0.obj
 0001:00001410       ?GetNormalScreen2D@CDrObject@@UAEPAUtagPOINT@@XZ 10002410 f i Ax_wire0.obj
 0001:00001430       ?SetNormalScreen2D@CDrObject@@UAEXUtagPOINT@@@Z 10002430 f i Ax_wire0.obj
 0001:00001450       ?GetObjectList@CDrObject@@UAEPAVCDListMgr@@XZ 10002450 f i Ax_wire0.obj
 0001:00001470       ?GetBoundingRect@CDrObject@@QAE?AVCRect@@XZ 10002470 f i Ax_wire0.obj
 0001:000014b0       ?GetRInfo@CDrObject@@QAEPAURENDINFO@@XZ 100024b0 f i Ax_wire0.obj
 0001:000014d0       ?IsParallel@CDrObject@@QAEHXZ 100024d0 f i Ax_wire0.obj
 0001:000014f0       ?GetnView@CDrObject@@QAEHXZ 100024f0 f i Ax_wire0.obj
 0001:00001510       ?GetdzMin@CDrObject@@QAENXZ 10002510 f i Ax_wire0.obj
 0001:00001530       ?GetdScale_U@CDrObject@@QAENXZ 10002530 f i Ax_wire0.obj
 0001:00001550       ?GetdScale_V@CDrObject@@QAENXZ 10002550 f i Ax_wire0.obj
 0001:00001570       ?GetpViewM@CDrObject@@QAEPAUMATRIX@@XZ 10002570 f i Ax_wire0.obj
 0001:00001590       ?Getpvv3DM@CDrObject@@QAEPAUMATRIX@@XZ 10002590 f i Ax_wire0.obj
 0001:000015b0       ?GetpComposedM@CDrObject@@QAEPAUMATRIX@@XZ 100025b0 f i Ax_wire0.obj
 0001:000015d0       ?SetParallel@CDrObject@@QAEXH@Z 100025d0 f i Ax_wire0.obj
 0001:00001600       ?SetnView@CDrObject@@QAEXH@Z 10002600 f i Ax_wire0.obj
 0001:00001630       ?SetdzMin@CDrObject@@QAEXN@Z 10002630 f i Ax_wire0.obj
 0001:00001660       ?SetdScale_U@CDrObject@@QAEXN@Z 10002660 f i Ax_wire0.obj
 0001:00001690       ?SetdScale_V@CDrObject@@QAEXN@Z 10002690 f i Ax_wire0.obj
 0001:000016c0       ?SetpViewM@CDrObject@@QAEXPAUMATRIX@@@Z 100026c0 f i Ax_wire0.obj
 0001:000016f0       ?Setpvv3DM@CDrObject@@QAEXPAUMATRIX@@@Z 100026f0 f i Ax_wire0.obj
 0001:00001720       ?SetpComposedM@CDrObject@@QAEXPAUMATRIX@@@Z 10002720 f i Ax_wire0.obj
 0001:00001750       ?GetLevelType@CDrObject@@QAEHXZ 10002750 f i Ax_wire0.obj
 0001:00001770       ?SetLevelType@CDrObject@@QAEXH@Z 10002770 f i Ax_wire0.obj
 0001:000017a0       ?GetObjectID@CDrObject@@QAE?AVCString@@XZ 100027a0 f i Ax_wire0.obj
 0001:000017e0       ?SetObjectID@CDrObject@@QAEXVCString@@@Z 100027e0 f i Ax_wire0.obj
 0001:00001840       ?GetObjectNo@CDrObject@@QAEJXZ 10002840 f i Ax_wire0.obj
 0001:00001860       ?SetObjectNo@CDrObject@@QAEXJ@Z 10002860 f i Ax_wire0.obj
 0001:00001890       ?GetObjectType@CDrObject@@QAEHXZ 10002890 f i Ax_wire0.obj
 0001:000018b0       ?SetObjectType@CDrObject@@QAEXH@Z 100028b0 f i Ax_wire0.obj
 0001:000018e0       ?GetElemType@CDrObject@@QAEHXZ 100028e0 f i Ax_wire0.obj
 0001:00001900       ?SetElemType@CDrObject@@QAEXH@Z 10002900 f i Ax_wire0.obj
 0001:00001930       ?GetPenInfo@CDrObject@@QAEXAAIAAK0@Z 10002930 f i Ax_wire0.obj
 0001:00001970       ?SetPenInfo@CDrObject@@QAEXIKI@Z 10002970 f i Ax_wire0.obj
 0001:000019b0       ?GetPenInfoHi@CDrObject@@QAEXAAIAAK0@Z 100029b0 f i Ax_wire0.obj
 0001:000019f0       ?SetPenInfoHi@CDrObject@@QAEXIKI@Z 100029f0 f i Ax_wire0.obj
 0001:00001a30       ?GetLayer@CDrObject@@QAEIXZ 10002a30 f i Ax_wire0.obj
 0001:00001a50       ?SetLayer@CDrObject@@QAEXI@Z 10002a50 f i Ax_wire0.obj
 0001:00001a80       ?IsClipped@CDrObject@@QAEHXZ 10002a80 f i Ax_wire0.obj
 0001:00001aa0       ?SetClipped@CDrObject@@QAEXH@Z 10002aa0 f i Ax_wire0.obj
 0001:00001ad0       ?IsVirtual@CDrObject@@QAEHXZ 10002ad0 f i Ax_wire0.obj
 0001:00001af0       ?SetVirtual@CDrObject@@QAEXH@Z 10002af0 f i Ax_wire0.obj
 0001:00001b10       ?IsShow@CDrObject@@QAEHXZ  10002b10 f i Ax_wire0.obj
 0001:00001b30       ?SetShow@CDrObject@@QAEXH@Z 10002b30 f i Ax_wire0.obj
 0001:00001b60       ?GetParentID@CDrObject@@QAEAAVCString@@XZ 10002b60 f i Ax_wire0.obj
 0001:00001b80       ?SetParentID@CDrObject@@QAEXAAVCString@@@Z 10002b80 f i Ax_wire0.obj
 0001:00001bb0       ?GetParentType@CDrObject@@QAEIXZ 10002bb0 f i Ax_wire0.obj
 0001:00001bd0       ?SetParentType@CDrObject@@QAEXI@Z 10002bd0 f i Ax_wire0.obj
 0001:00001bf0       ?IsInstanced@CDrObject@@QAEHXZ 10002bf0 f i Ax_wire0.obj
 0001:00001c10       ?SetInstanced@CDrObject@@QAEXH@Z 10002c10 f i Ax_wire0.obj
 0001:00001c30       ?GetMatObj@CDrObject@@QAEPAVCMatObj@@XZ 10002c30 f i Ax_wire0.obj
 0001:00001c50       ?SetMatObj@CDrObject@@QAEXPAVCMatObj@@@Z 10002c50 f i Ax_wire0.obj
 0001:00001c70       ?GetSpeLList@CDrObject@@QAEPAVCDListMgr@@XZ 10002c70 f i Ax_wire0.obj
 0001:00001c90       ?GetDynLList@CDrObject@@QAEPAVCDListMgr@@XZ 10002c90 f i Ax_wire0.obj
 0001:00001cb0       ?GetStaLList@CDrObject@@QAEPAVCDListMgr@@XZ 10002cb0 f i Ax_wire0.obj
 0001:00001cd0       ?GetSuppList@CDrObject@@QAEPAVCDListMgr@@XZ 10002cd0 f i Ax_wire0.obj
 0001:00001cf0       ?GetElemList@CDrObject@@QAEPAVCDListMgr@@XZ 10002cf0 f i Ax_wire0.obj
 0001:00001d10       ?GetCurveList@CDrObject@@QAEPAVCDListMgr@@XZ 10002d10 f i Ax_wire0.obj
 0001:00001d30       ?GetCProfList@CDrObject@@QAEPAVCDListMgr@@XZ 10002d30 f i Ax_wire0.obj
 0001:00001d50       ?GetPatchList@CDrObject@@QAEPAVCDListMgr@@XZ 10002d50 f i Ax_wire0.obj
 0001:00001d70       ?GetSolidList@CDrObject@@QAEPAVCDListMgr@@XZ 10002d70 f i Ax_wire0.obj
 0001:00001d90       ?GetObj3DList@CDrObject@@QAEPAVCDListMgr@@XZ 10002d90 f i Ax_wire0.obj
 0001:00001db0       ?GetCNodeList@CDrObject@@QAEPAVCDListMgr@@XZ 10002db0 f i Ax_wire0.obj
 0001:00001dd0       ?GetINodeList@CDrObject@@QAEPAVCDListMgr@@XZ 10002dd0 f i Ax_wire0.obj
 0001:00001df0       ?GetNodeList@CDrObject@@QAEPAVCDListMgr@@XZ 10002df0 f i Ax_wire0.obj
 0001:00001e10       ?GetLabelList@CDrObject@@QAEPAVCDListMgr@@XZ 10002e10 f i Ax_wire0.obj
 0001:00001e30       ?GetFE0DList@CDrObject@@QAEPAVCDListMgr@@XZ 10002e30 f i Ax_wire0.obj
 0001:00001e50       ?GetFE1DList@CDrObject@@QAEPAVCDListMgr@@XZ 10002e50 f i Ax_wire0.obj
 0001:00001e70       ?GetFE2DList@CDrObject@@QAEPAVCDListMgr@@XZ 10002e70 f i Ax_wire0.obj
 0001:00001e90       ?GetFE3DList@CDrObject@@QAEPAVCDListMgr@@XZ 10002e90 f i Ax_wire0.obj
 0001:00001eb0       ?GetMs0List@CDrObject@@QAEPAVCDListMgr@@XZ 10002eb0 f i Ax_wire0.obj
 0001:00001ed0       ?GetMs1List@CDrObject@@QAEPAVCDListMgr@@XZ 10002ed0 f i Ax_wire0.obj
 0001:00001ef0       ?GetMs2List@CDrObject@@QAEPAVCDListMgr@@XZ 10002ef0 f i Ax_wire0.obj
 0001:00001f10       ?GetMs3List@CDrObject@@QAEPAVCDListMgr@@XZ 10002f10 f i Ax_wire0.obj
 0001:00001f30       ?GetMbj3DList@CDrObject@@QAEPAVCDListMgr@@XZ 10002f30 f i Ax_wire0.obj
 0001:00001f50       ?GetM2DProfList@CDrObject@@QAEPAVCDListMgr@@XZ 10002f50 f i Ax_wire0.obj
 0001:00001f70       ?GetM3DProfList@CDrObject@@QAEPAVCDListMgr@@XZ 10002f70 f i Ax_wire0.obj
 0001:00001f90       ?GetMbjProfList@CDrObject@@QAEPAVCDListMgr@@XZ 10002f90 f i Ax_wire0.obj
 0001:00001fb0       ?GetScreen2DCorner@CDrObject@@UAE?AUtagPOINT@@H@Z 10002fb0 f i Ax_wire0.obj
 0001:00001ff0       ?SetScreen2DCorner@CDrObject@@UAEXUtagPOINT@@H@Z 10002ff0 f i Ax_wire0.obj
 0001:00002020       ?GetSpawnType@CDrObject@@QAE?AW4SPAWNTYPE@@XZ 10003020 f i Ax_wire0.obj
 0001:00002040       ?SetSpawnType@CDrObject@@QAEXW4SPAWNTYPE@@@Z 10003040 f i Ax_wire0.obj
 0001:00002060       ?GetCategory@CDrObject@@QAE?AW4CATEGORY@@XZ 10003060 f i Ax_wire0.obj
 0001:00002080       ?SetCategory@CDrObject@@QAEXW4CATEGORY@@@Z 10003080 f i Ax_wire0.obj
 0001:000020a0       ?GetSubCat@CDrObject@@QAE?AW4SUBCAT@@XZ 100030a0 f i Ax_wire0.obj
 0001:000020c0       ?SetSubCat@CDrObject@@QAEXW4SUBCAT@@@Z 100030c0 f i Ax_wire0.obj
 0001:000020e0       ?GetElemDimLim@CDrObject@@QAE?AW4ELEMDIMLIM@@XZ 100030e0 f i Ax_wire0.obj
 0001:00002100       ?SetElemDimLim@CDrObject@@QAEXW4ELEMDIMLIM@@@Z 10003100 f i Ax_wire0.obj
 0001:00002120       ?IsDirty@CDrObject@@QAEHXZ 10003120 f i Ax_wire0.obj
 0001:00002150       ?SetDirty@CDrObject@@QAEXH@Z 10003150 f i Ax_wire0.obj
 0001:00002180       ?IsMoved@CDrObject@@QAEHXZ 10003180 f i Ax_wire0.obj
 0001:000021a0       ?SetMoved@CDrObject@@QAEXH@Z 100031a0 f i Ax_wire0.obj
 0001:000021d0       ?IsEdited@CDrObject@@QAEHXZ 100031d0 f i Ax_wire0.obj
 0001:000021f0       ?SetEdited@CDrObject@@QAEXH@Z 100031f0 f i Ax_wire0.obj
 0001:00002220       ?IsPosted@CDrObject@@QAEHXZ 10003220 f i Ax_wire0.obj
 0001:00002240       ?SetPosted@CDrObject@@QAEXH@Z 10003240 f i Ax_wire0.obj
 0001:00002270       ?IsDeleted@CDrObject@@QAEHXZ 10003270 f i Ax_wire0.obj
 0001:00002290       ?SetDeleted@CDrObject@@QAEXH@Z 10003290 f i Ax_wire0.obj
 0001:000022c0       ?IsToBeMoved@CDrObject@@QAEHXZ 100032c0 f i Ax_wire0.obj
 0001:000022e0       ?SetToBeMoved@CDrObject@@QAEXH@Z 100032e0 f i Ax_wire0.obj
 0001:00002300       ?IsToBeEdited@CDrObject@@QAEHXZ 10003300 f i Ax_wire0.obj
 0001:00002320       ?SetToBeEdited@CDrObject@@QAEXH@Z 10003320 f i Ax_wire0.obj
 0001:00002340       ?IsToBePosted@CDrObject@@QAEHXZ 10003340 f i Ax_wire0.obj
 0001:00002360       ?SetToBePosted@CDrObject@@QAEXH@Z 10003360 f i Ax_wire0.obj
 0001:00002380       ?IsToBeUnPosted@CDrObject@@QAEHXZ 10003380 f i Ax_wire0.obj
 0001:000023a0       ?SetToBeUnPosted@CDrObject@@QAEXH@Z 100033a0 f i Ax_wire0.obj
 0001:000023c0       ?IsToBeDeleted@CDrObject@@QAEHXZ 100033c0 f i Ax_wire0.obj
 0001:000023e0       ?SetToBeDeleted@CDrObject@@QAEXH@Z 100033e0 f i Ax_wire0.obj
 0001:00002400       ?IsFormatted@CDrObject@@QAEHXZ 10003400 f i Ax_wire0.obj
 0001:00002420       ?SetFormatted@CDrObject@@QAEXH@Z 10003420 f i Ax_wire0.obj
 0001:00002440       ?GetObjectType@CBooleans@@UAEHXZ 10003440 f i Ax_wire0.obj
 0001:00002460       ?SetObjectType@CBooleans@@UAEXH@Z 10003460 f i Ax_wire0.obj
 0001:00002490       ?GetElemType@CBooleans@@UAEHXZ 10003490 f i Ax_wire0.obj
 0001:000024b0       ?SetElemType@CBooleans@@UAEXH@Z 100034b0 f i Ax_wire0.obj
 0001:000024e0       ?GetObjectNo@CBooleans@@UAEJXZ 100034e0 f i Ax_wire0.obj
 0001:00002500       ?SetObjectNo@CBooleans@@UAEXJ@Z 10003500 f i Ax_wire0.obj
 0001:00002530       ?IsSoundOn@CBooleans@@UAEHXZ 10003530 f i Ax_wire0.obj
 0001:00002550       ?ToggleSoundOn@CBooleans@@UAEXXZ 10003550 f i Ax_wire0.obj
 0001:00002580       ?IsCoonSocksOff@CBooleans@@UAEHXZ 10003580 f i Ax_wire0.obj
 0001:000025a0       ?ToggleCoonSocksOff@CBooleans@@UAEXXZ 100035a0 f i Ax_wire0.obj
 0001:000025d0       ?IsSnapOn@CBooleans@@UAEHXZ 100035d0 f i Ax_wire0.obj
 0001:000025f0       ?ToggleSnapOn@CBooleans@@UAEXXZ 100035f0 f i Ax_wire0.obj
 0001:00002620       ?IsHorSnapOn@CBooleans@@UAEHXZ 10003620 f i Ax_wire0.obj
 0001:00002640       ?ToggleHorSnapOn@CBooleans@@UAEXXZ 10003640 f i Ax_wire0.obj
 0001:00002670       ?IsVerSnapOn@CBooleans@@UAEHXZ 10003670 f i Ax_wire0.obj
 0001:00002690       ?ToggleVerSnapOn@CBooleans@@UAEXXZ 10003690 f i Ax_wire0.obj
 0001:000026c0       ?IsSpawnOn@CBooleans@@UAEHXZ 100036c0 f i Ax_wire0.obj
 0001:000026e0       ?ToggleSpawnOn@CBooleans@@UAEXXZ 100036e0 f i Ax_wire0.obj
 0001:00002710       ?IsBLineOn@CBooleans@@UAEHXZ 10003710 f i Ax_wire0.obj
 0001:00002730       ?ToggleBLineOn@CBooleans@@UAEXXZ 10003730 f i Ax_wire0.obj
 0001:00002760       ?IsSingleSegOn@CBooleans@@UAEHXZ 10003760 f i Ax_wire0.obj
 0001:00002780       ?ToggleSingleSegOn@CBooleans@@UAEXXZ 10003780 f i Ax_wire0.obj
 0001:000027b0       ?IsAutoAcceptOn@CBooleans@@UAEHXZ 100037b0 f i Ax_wire0.obj
 0001:000027d0       ?ToggleAutoAcceptOn@CBooleans@@UAEXXZ 100037d0 f i Ax_wire0.obj
 0001:00002800       ?IsDialogOn@CBooleans@@UAEHXZ 10003800 f i Ax_wire0.obj
 0001:00002820       ?ToggleDialogOn@CBooleans@@UAEXXZ 10003820 f i Ax_wire0.obj
 0001:00002850       ?IsElementOn@CBooleans@@UAEHXZ 10003850 f i Ax_wire0.obj
 0001:00002870       ?ToggleElementOn@CBooleans@@UAEXXZ 10003870 f i Ax_wire0.obj
 0001:000028a0       ?IsDragOn@CBooleans@@UAEHXZ 100038a0 f i Ax_wire0.obj
 0001:000028c0       ?ToggleDragOn@CBooleans@@UAEXXZ 100038c0 f i Ax_wire0.obj
 0001:000028f0       ?IsRefreshOn@CBooleans@@UAEHXZ 100038f0 f i Ax_wire0.obj
 0001:00002910       ?ToggleRefreshOn@CBooleans@@UAEXXZ 10003910 f i Ax_wire0.obj
 0001:00002940       ?IsRubberBandOn@CBooleans@@UAEHXZ 10003940 f i Ax_wire0.obj
 0001:00002960       ?ToggleRubberBandOn@CBooleans@@UAEXXZ 10003960 f i Ax_wire0.obj
 0001:00002990       ?IsStViewActive@CBooleans@@UAEHXZ 10003990 f i Ax_wire0.obj
 0001:000029b0       ?ToggleStViewActive@CBooleans@@UAEXXZ 100039b0 f i Ax_wire0.obj
 0001:000029e0       ?IsSpViewActive@CBooleans@@UAEHXZ 100039e0 f i Ax_wire0.obj
 0001:00002a00       ?ToggleSpViewActive@CBooleans@@UAEXXZ 10003a00 f i Ax_wire0.obj
 0001:00002a30       ?IsHsViewActive@CBooleans@@UAEHXZ 10003a30 f i Ax_wire0.obj
 0001:00002a50       ?ToggleHsViewActive@CBooleans@@UAEXXZ 10003a50 f i Ax_wire0.obj
 0001:00002a80       ?Is12ViewActive@CBooleans@@UAEHXZ 10003a80 f i Ax_wire0.obj
 0001:00002aa0       ?Toggle12ViewActive@CBooleans@@UAEXXZ 10003aa0 f i Ax_wire0.obj
 0001:00002ad0       ?Is23ViewActive@CBooleans@@UAEHXZ 10003ad0 f i Ax_wire0.obj
 0001:00002af0       ?Toggle23ViewActive@CBooleans@@UAEXXZ 10003af0 f i Ax_wire0.obj
 0001:00002b20       ?Is31ViewActive@CBooleans@@UAEHXZ 10003b20 f i Ax_wire0.obj
 0001:00002b40       ?Toggle31ViewActive@CBooleans@@UAEXXZ 10003b40 f i Ax_wire0.obj
 0001:00002b70       ?IsIsoViewActive@CBooleans@@UAEHXZ 10003b70 f i Ax_wire0.obj
 0001:00002b90       ?ToggleIsoViewActive@CBooleans@@UAEXXZ 10003b90 f i Ax_wire0.obj
 0001:00002bc0       ?IsDataViewActive@CBooleans@@UAEHXZ 10003bc0 f i Ax_wire0.obj
 0001:00002be0       ?ToggleDataViewActive@CBooleans@@UAEXXZ 10003be0 f i Ax_wire0.obj
 0001:00002c10       ?IsMeshDataViewActive@CBooleans@@UAEHXZ 10003c10 f i Ax_wire0.obj
 0001:00002c30       ?ToggleMeshDataViewActive@CBooleans@@UAEXXZ 10003c30 f i Ax_wire0.obj
 0001:00002c60       ?IsDeckViewActive@CBooleans@@UAEHXZ 10003c60 f i Ax_wire0.obj
 0001:00002c80       ?ToggleDeckViewActive@CBooleans@@UAEXXZ 10003c80 f i Ax_wire0.obj
 0001:00002cb0       ?IsFormDataViewActive@CBooleans@@UAEHXZ 10003cb0 f i Ax_wire0.obj
 0001:00002cd0       ?ToggleFormDataViewActive@CBooleans@@UAEXXZ 10003cd0 f i Ax_wire0.obj
 0001:00002d00       ?IsInputMode@CBooleans@@UAEHXZ 10003d00 f i Ax_wire0.obj
 0001:00002d20       ?SetInputMode@CBooleans@@UAEXH@Z 10003d20 f i Ax_wire0.obj
 0001:00002d50       ?IsOutputMode@CBooleans@@UAEHXZ 10003d50 f i Ax_wire0.obj
 0001:00002d70       ?SetOutputMode@CBooleans@@UAEXH@Z 10003d70 f i Ax_wire0.obj
 0001:00002da0       ??1CBooleans@@UAE@XZ       10003da0 f i Ax_wire0.obj
 0001:00002dd0       ??_GCBooleans@@UAEPAXI@Z   10003dd0 f i Ax_wire0.obj
 0001:00002e10       ??_ECBooleans@@UAEPAXI@Z   10003e10 f i Ax_wire0.obj
 0001:00002e90       ?GetObjectType@CDataWindow@@UAEHXZ 10003e90 f i Ax_wire0.obj
 0001:00002eb0       ?SetObjectType@CDataWindow@@UAEXH@Z 10003eb0 f i Ax_wire0.obj
 0001:00002ee0       ?GetElemType@CDataWindow@@UAEHXZ 10003ee0 f i Ax_wire0.obj
 0001:00002f00       ?SetElemType@CDataWindow@@UAEXH@Z 10003f00 f i Ax_wire0.obj
 0001:00002f30       ?GetObjectNo@CDataWindow@@UAEJXZ 10003f30 f i Ax_wire0.obj
 0001:00002f50       ?SetObjectNo@CDataWindow@@UAEXJ@Z 10003f50 f i Ax_wire0.obj
 0001:00002f80       ?GetWinOrgWIC@CDataWindow@@UAE?AULPOINT3@@XZ 10003f80 f i Ax_wire0.obj
 0001:00002fc0       ?GetWinMinWIC@CDataWindow@@UAE?AULPOINT3@@XZ 10003fc0 f i Ax_wire0.obj
 0001:00003000       ?GetWinMaxWIC@CDataWindow@@UAE?AULPOINT3@@XZ 10004000 f i Ax_wire0.obj
 0001:00003040       ?GetWinExtWIC@CDataWindow@@UAE?AULPOINT3@@XZ 10004040 f i Ax_wire0.obj
 0001:00003080       ??1CDataWindow@@UAE@XZ     10004080 f i Ax_wire0.obj
 0001:000030b0       ??_GCDataWindow@@UAEPAXI@Z 100040b0 f i Ax_wire0.obj
 0001:000030f0       ??_ECDataWindow@@UAEPAXI@Z 100040f0 f i Ax_wire0.obj
 0001:00003170       ?GetObjectType@CDrFont@@UAEHXZ 10004170 f i Ax_wire0.obj
 0001:00003190       ?SetObjectType@CDrFont@@UAEXH@Z 10004190 f i Ax_wire0.obj
 0001:000031c0       ?GetElemType@CDrFont@@UAEHXZ 100041c0 f i Ax_wire0.obj
 0001:000031e0       ?SetElemType@CDrFont@@UAEXH@Z 100041e0 f i Ax_wire0.obj
 0001:00003210       ?GetObjectNo@CDrFont@@UAEJXZ 10004210 f i Ax_wire0.obj
 0001:00003230       ?SetObjectNo@CDrFont@@UAEXJ@Z 10004230 f i Ax_wire0.obj
 0001:00003260       ?IsFontSelected@CDrFont@@UAEHXZ 10004260 f i Ax_wire0.obj
 0001:00003280       ?GetTextColor@CDrFont@@UAEKXZ 10004280 f i Ax_wire0.obj
 0001:000032a0       ?SetTextColor@CDrFont@@UAEXK@Z 100042a0 f i Ax_wire0.obj
 0001:000032d0       ?GetCurrentLogFont@CDrFont@@UAE?AUtagLOGFONTA@@XZ 100042d0 f i Ax_wire0.obj
 0001:00003300       ?SetCurrentLogFont@CDrFont@@UAEXUtagLOGFONTA@@@Z 10004300 f i Ax_wire0.obj
 0001:00003330       ??1CDrFont@@UAE@XZ         10004330 f i Ax_wire0.obj
 0001:00003360       ??_GCDrFont@@UAEPAXI@Z     10004360 f i Ax_wire0.obj
 0001:000033a0       ??_ECDrFont@@UAEPAXI@Z     100043a0 f i Ax_wire0.obj
 0001:00003420       ?GetObjectType@CDrPen@@UAEHXZ 10004420 f i Ax_wire0.obj
 0001:00003440       ?SetObjectType@CDrPen@@UAEXH@Z 10004440 f i Ax_wire0.obj
 0001:00003470       ?GetElemType@CDrPen@@UAEHXZ 10004470 f i Ax_wire0.obj
 0001:00003490       ?SetElemType@CDrPen@@UAEXH@Z 10004490 f i Ax_wire0.obj
 0001:000034c0       ?GetObjectNo@CDrPen@@UAEJXZ 100044c0 f i Ax_wire0.obj
 0001:000034e0       ?SetObjectNo@CDrPen@@UAEXJ@Z 100044e0 f i Ax_wire0.obj
 0001:00003510       ?GetCurrentPen@CDrPen@@UAEPAVCPen@@XZ 10004510 f i Ax_wire0.obj
 0001:00003530       ?GetStyle@CDrPen@@UAEHXZ   10004530 f i Ax_wire0.obj
 0001:00003550       ?SetStyle@CDrPen@@UAEXH@Z  10004550 f i Ax_wire0.obj
 0001:00003580       ?GetStyleOld@CDrPen@@UAEHXZ 10004580 f i Ax_wire0.obj
 0001:000035a0       ?SetStyleOld@CDrPen@@UAEXH@Z 100045a0 f i Ax_wire0.obj
 0001:000035d0       ?GetStyleDefault@CDrPen@@UAEHXZ 100045d0 f i Ax_wire0.obj
 0001:000035f0       ?SetStyleDefault@CDrPen@@UAEXH@Z 100045f0 f i Ax_wire0.obj
 0001:00003620       ?GetWidth@CDrPen@@UAEHXZ   10004620 f i Ax_wire0.obj
 0001:00003640       ?SetWidth@CDrPen@@UAEXH@Z  10004640 f i Ax_wire0.obj
 0001:00003670       ?GetWidthOld@CDrPen@@UAEHXZ 10004670 f i Ax_wire0.obj
 0001:00003690       ?SetWidthOld@CDrPen@@UAEXH@Z 10004690 f i Ax_wire0.obj
 0001:000036c0       ?GetWidthDefault@CDrPen@@UAEHXZ 100046c0 f i Ax_wire0.obj
 0001:000036e0       ?SetWidthDefault@CDrPen@@UAEXH@Z 100046e0 f i Ax_wire0.obj
 0001:00003710       ?GetColor@CDrPen@@UAEKXZ   10004710 f i Ax_wire0.obj
 0001:00003730       ?SetColor@CDrPen@@UAEXK@Z  10004730 f i Ax_wire0.obj
 0001:00003760       ?GetColorOld@CDrPen@@UAEKXZ 10004760 f i Ax_wire0.obj
 0001:00003780       ?SetColorOld@CDrPen@@UAEXK@Z 10004780 f i Ax_wire0.obj
 0001:000037b0       ?GetColorDefault@CDrPen@@UAEKXZ 100047b0 f i Ax_wire0.obj
 0001:000037d0       ?SetColorDefault@CDrPen@@UAEXK@Z 100047d0 f i Ax_wire0.obj
 0001:00003800       ?GetIndex@CDrPen@@UAEIXZ   10004800 f i Ax_wire0.obj
 0001:00003820       ?SetIndex@CDrPen@@UAEXI@Z  10004820 f i Ax_wire0.obj
 0001:00003850       ?GetIndexOld@CDrPen@@UAEIXZ 10004850 f i Ax_wire0.obj
 0001:00003870       ?SetIndexOld@CDrPen@@UAEXI@Z 10004870 f i Ax_wire0.obj
 0001:000038a0       ?GetIndexDefault@CDrPen@@UAEIXZ 100048a0 f i Ax_wire0.obj
 0001:000038c0       ?SetIndexDefault@CDrPen@@UAEXI@Z 100048c0 f i Ax_wire0.obj
 0001:000038f0       ?GetStyleNameCount@CDrPen@@UAEIXZ 100048f0 f i Ax_wire0.obj
 0001:00003910       ?SetStyleNameCount@CDrPen@@UAEXI@Z 10004910 f i Ax_wire0.obj
 0001:00003940       ?GetStyleName@CDrPen@@UAE?AVCString@@I@Z 10004940 f i Ax_wire0.obj
 0001:00003980       ?GetStyleConstant@CDrPen@@UAEII@Z 10004980 f i Ax_wire0.obj
 0001:000039b0       ??1CDrPen@@UAE@XZ          100049b0 f i Ax_wire0.obj
 0001:00003a30       ??_GCDrPen@@UAEPAXI@Z      10004a30 f i Ax_wire0.obj
 0001:00003a70       ??_ECDrPen@@UAEPAXI@Z      10004a70 f i Ax_wire0.obj
 0001:00003af0       ?GetObjectType@CHitNet@@UAEHXZ 10004af0 f i Ax_wire0.obj
 0001:00003b10       ?SetObjectType@CHitNet@@UAEXH@Z 10004b10 f i Ax_wire0.obj
 0001:00003b40       ?GetElemType@CHitNet@@UAEHXZ 10004b40 f i Ax_wire0.obj
 0001:00003b60       ?SetElemType@CHitNet@@UAEXH@Z 10004b60 f i Ax_wire0.obj
 0001:00003b90       ?GetObjectNo@CHitNet@@UAEJXZ 10004b90 f i Ax_wire0.obj
 0001:00003bb0       ?SetObjectNo@CHitNet@@UAEXJ@Z 10004bb0 f i Ax_wire0.obj
 0001:00003be0       ?GetSearchNet@CHitNet@@QAEHXZ 10004be0 f i Ax_wire0.obj
 0001:00003c00       ?SetSearchNet@CHitNet@@QAEXH@Z 10004c00 f i Ax_wire0.obj
 0001:00003c30       ?GetSearchNetOld@CHitNet@@QAEHXZ 10004c30 f i Ax_wire0.obj
 0001:00003c50       ?SetSearchNetOld@CHitNet@@QAEXH@Z 10004c50 f i Ax_wire0.obj
 0001:00003c80       ?GetSearchNetDefault@CHitNet@@QAEHXZ 10004c80 f i Ax_wire0.obj
 0001:00003ca0       ?SetSearchNetDefault@CHitNet@@QAEXH@Z 10004ca0 f i Ax_wire0.obj
 0001:00003cd0       ?GetSearchDet@CHitNet@@QAENXZ 10004cd0 f i Ax_wire0.obj
 0001:00003cf0       ?SetSearchDet@CHitNet@@QAEXN@Z 10004cf0 f i Ax_wire0.obj
 0001:00003d20       ?GetSearchDetOld@CHitNet@@QAENXZ 10004d20 f i Ax_wire0.obj
 0001:00003d40       ?SetSearchDetOld@CHitNet@@QAEXN@Z 10004d40 f i Ax_wire0.obj
 0001:00003d70       ?GetSearchDetDefault@CHitNet@@QAENXZ 10004d70 f i Ax_wire0.obj
 0001:00003d90       ?SetSearchDetDefault@CHitNet@@QAEXN@Z 10004d90 f i Ax_wire0.obj
 0001:00003dc0       ?GetDblRatio@CHitNet@@QAENXZ 10004dc0 f i Ax_wire0.obj
 0001:00003de0       ?SetDblRatio@CHitNet@@QAEXN@Z 10004de0 f i Ax_wire0.obj
 0001:00003e10       ?GetDblRatioOld@CHitNet@@QAENXZ 10004e10 f i Ax_wire0.obj
 0001:00003e30       ?SetDblRatioOld@CHitNet@@QAEXN@Z 10004e30 f i Ax_wire0.obj
 0001:00003e60       ?GetDblRatioDefault@CHitNet@@QAENXZ 10004e60 f i Ax_wire0.obj
 0001:00003e80       ?SetDblRatioDefault@CHitNet@@QAEXN@Z 10004e80 f i Ax_wire0.obj
 0001:00003eb0       ?GetCoLinear@CHitNet@@QAENXZ 10004eb0 f i Ax_wire0.obj
 0001:00003ed0       ?SetCoLinear@CHitNet@@QAEXN@Z 10004ed0 f i Ax_wire0.obj
 0001:00003f00       ?GetCoLinearOld@CHitNet@@QAENXZ 10004f00 f i Ax_wire0.obj
 0001:00003f20       ?SetCoLinearOld@CHitNet@@QAEXN@Z 10004f20 f i Ax_wire0.obj
 0001:00003f50       ?GetCoLinearDefault@CHitNet@@QAENXZ 10004f50 f i Ax_wire0.obj
 0001:00003f70       ?SetCoLinearDefault@CHitNet@@QAEXN@Z 10004f70 f i Ax_wire0.obj
 0001:00003fa0       ?GetCoPlanar@CHitNet@@QAENXZ 10004fa0 f i Ax_wire0.obj
 0001:00003fc0       ?SetCoPlanar@CHitNet@@QAEXN@Z 10004fc0 f i Ax_wire0.obj
 0001:00003ff0       ?GetCoPlanarOld@CHitNet@@QAENXZ 10004ff0 f i Ax_wire0.obj
 0001:00004010       ?SetCoPlanarOld@CHitNet@@QAEXN@Z 10005010 f i Ax_wire0.obj
 0001:00004040       ?GetCoPlanarDefault@CHitNet@@QAENXZ 10005040 f i Ax_wire0.obj
 0001:00004060       ?SetCoPlanarDefault@CHitNet@@QAEXN@Z 10005060 f i Ax_wire0.obj
 0001:00004090       ?GetMergeNode_X@CHitNet@@QAENXZ 10005090 f i Ax_wire0.obj
 0001:000040b0       ?SetMergeNode_X@CHitNet@@QAEXN@Z 100050b0 f i Ax_wire0.obj
 0001:000040e0       ?GetMergeNode_XOld@CHitNet@@QAENXZ 100050e0 f i Ax_wire0.obj
 0001:00004100       ?SetMergeNode_XOld@CHitNet@@QAEXN@Z 10005100 f i Ax_wire0.obj
 0001:00004130       ?GetMergeNode_XDefault@CHitNet@@QAENXZ 10005130 f i Ax_wire0.obj
 0001:00004150       ?SetMergeNode_XDefault@CHitNet@@QAEXN@Z 10005150 f i Ax_wire0.obj
 0001:00004180       ?GetMergeNode_Y@CHitNet@@QAENXZ 10005180 f i Ax_wire0.obj
 0001:000041a0       ?SetMergeNode_Y@CHitNet@@QAEXN@Z 100051a0 f i Ax_wire0.obj
 0001:000041d0       ?GetMergeNode_YOld@CHitNet@@QAENXZ 100051d0 f i Ax_wire0.obj
 0001:000041f0       ?SetMergeNode_YOld@CHitNet@@QAEXN@Z 100051f0 f i Ax_wire0.obj
 0001:00004220       ?GetMergeNode_YDefault@CHitNet@@QAENXZ 10005220 f i Ax_wire0.obj
 0001:00004240       ?SetMergeNode_YDefault@CHitNet@@QAEXN@Z 10005240 f i Ax_wire0.obj
 0001:00004270       ?GetMergeNode_Z@CHitNet@@QAENXZ 10005270 f i Ax_wire0.obj
 0001:00004290       ?SetMergeNode_Z@CHitNet@@QAEXN@Z 10005290 f i Ax_wire0.obj
 0001:000042c0       ?GetMergeNode_ZOld@CHitNet@@QAENXZ 100052c0 f i Ax_wire0.obj
 0001:000042e0       ?SetMergeNode_ZOld@CHitNet@@QAEXN@Z 100052e0 f i Ax_wire0.obj
 0001:00004310       ?GetMergeNode_ZDefault@CHitNet@@QAENXZ 10005310 f i Ax_wire0.obj
 0001:00004330       ?SetMergeNode_ZDefault@CHitNet@@QAEXN@Z 10005330 f i Ax_wire0.obj
 0001:00004360       ??1CHitNet@@UAE@XZ         10005360 f i Ax_wire0.obj
 0001:00004390       ??_GCHitNet@@UAEPAXI@Z     10005390 f i Ax_wire0.obj
 0001:000043d0       ??_ECHitNet@@UAEPAXI@Z     100053d0 f i Ax_wire0.obj
 0001:00004450       ?GetObjectType@CLayer@@UAEHXZ 10005450 f i Ax_wire0.obj
 0001:00004470       ?SetObjectType@CLayer@@UAEXH@Z 10005470 f i Ax_wire0.obj
 0001:000044a0       ?GetElemType@CLayer@@UAEHXZ 100054a0 f i Ax_wire0.obj
 0001:000044c0       ?SetElemType@CLayer@@UAEXH@Z 100054c0 f i Ax_wire0.obj
 0001:000044f0       ?GetObjectNo@CLayer@@UAEJXZ 100054f0 f i Ax_wire0.obj
 0001:00004510       ?SetObjectNo@CLayer@@UAEXJ@Z 10005510 f i Ax_wire0.obj
 0001:00004540       ?GetCurrentLayer@CLayer@@UAEIXZ 10005540 f i Ax_wire0.obj
 0001:00004560       ?SetCurrentLayer@CLayer@@UAEXI@Z 10005560 f i Ax_wire0.obj
 0001:00004590       ?GetCurrentLayerOld@CLayer@@UAEIXZ 10005590 f i Ax_wire0.obj
 0001:000045b0       ?SetCurrentLayerOld@CLayer@@UAEXI@Z 100055b0 f i Ax_wire0.obj
 0001:000045e0       ?GetCurrentLayerDefault@CLayer@@UAEIXZ 100055e0 f i Ax_wire0.obj
 0001:00004600       ?SetCurrentLayerDefault@CLayer@@UAEXI@Z 10005600 f i Ax_wire0.obj
 0001:00004630       ??1CLayer@@UAE@XZ          10005630 f i Ax_wire0.obj
 0001:00004660       ??_GCLayer@@UAEPAXI@Z      10005660 f i Ax_wire0.obj
 0001:000046a0       ??_ECLayer@@UAEPAXI@Z      100056a0 f i Ax_wire0.obj
 0001:00004720       ?GetObjectType@CPatchMnu@@UAEHXZ 10005720 f i Ax_wire0.obj
 0001:00004740       ?SetObjectType@CPatchMnu@@UAEXH@Z 10005740 f i Ax_wire0.obj
 0001:00004770       ?GetElemType@CPatchMnu@@UAEHXZ 10005770 f i Ax_wire0.obj
 0001:00004790       ?SetElemType@CPatchMnu@@UAEXH@Z 10005790 f i Ax_wire0.obj
 0001:000047c0       ?GetObjectNo@CPatchMnu@@UAEJXZ 100057c0 f i Ax_wire0.obj
 0001:000047e0       ?SetObjectNo@CPatchMnu@@UAEXJ@Z 100057e0 f i Ax_wire0.obj
 0001:00004810       ?GetCurrentPatchMnu@CPatchMnu@@UAEIXZ 10005810 f i Ax_wire0.obj
 0001:00004830       ?SetCurrentPatchMnu@CPatchMnu@@UAEXI@Z 10005830 f i Ax_wire0.obj
 0001:00004860       ?GetCurrentPatchMnuOld@CPatchMnu@@UAEIXZ 10005860 f i Ax_wire0.obj
 0001:00004880       ?SetCurrentPatchMnuOld@CPatchMnu@@UAEXI@Z 10005880 f i Ax_wire0.obj
 0001:000048b0       ?GetCurrentPatchMnuDefault@CPatchMnu@@UAEIXZ 100058b0 f i Ax_wire0.obj
 0001:000048d0       ?SetCurrentPatchMnuDefault@CPatchMnu@@UAEXI@Z 100058d0 f i Ax_wire0.obj
 0001:00004900       ?GetPatchMnuID@CPatchMnu@@UAE?AVCString@@I@Z 10005900 f i Ax_wire0.obj
 0001:00004940       ?SetPatchMnuID@CPatchMnu@@UAEXVCString@@I@Z 10005940 f i Ax_wire0.obj
 0001:000049a0       ?GetCurrentID@CPatchMnu@@UAE?AVCString@@XZ 100059a0 f i Ax_wire0.obj
 0001:000049e0       ?SetCurrentID@CPatchMnu@@UAEXVCString@@@Z 100059e0 f i Ax_wire0.obj
 0001:00004a40       ??1CPatchMnu@@UAE@XZ       10005a40 f i Ax_wire0.obj
 0001:00004ad0       ??_GCPatchMnu@@UAEPAXI@Z   10005ad0 f i Ax_wire0.obj
 0001:00004b10       ??_ECPatchMnu@@UAEPAXI@Z   10005b10 f i Ax_wire0.obj
 0001:00004b90       ?GetObjectType@CObj3DMnu@@UAEHXZ 10005b90 f i Ax_wire0.obj
 0001:00004bb0       ?SetObjectType@CObj3DMnu@@UAEXH@Z 10005bb0 f i Ax_wire0.obj
 0001:00004be0       ?GetElemType@CObj3DMnu@@UAEHXZ 10005be0 f i Ax_wire0.obj
 0001:00004c00       ?SetElemType@CObj3DMnu@@UAEXH@Z 10005c00 f i Ax_wire0.obj
 0001:00004c30       ?GetObjectNo@CObj3DMnu@@UAEJXZ 10005c30 f i Ax_wire0.obj
 0001:00004c50       ?SetObjectNo@CObj3DMnu@@UAEXJ@Z 10005c50 f i Ax_wire0.obj
 0001:00004c80       ?GetCurrentObj3DMnu@CObj3DMnu@@UAEIXZ 10005c80 f i Ax_wire0.obj
 0001:00004ca0       ?SetCurrentObj3DMnu@CObj3DMnu@@UAEXI@Z 10005ca0 f i Ax_wire0.obj
 0001:00004cd0       ?GetCurrentObj3DMnuOld@CObj3DMnu@@UAEIXZ 10005cd0 f i Ax_wire0.obj
 0001:00004cf0       ?SetCurrentObj3DMnuOld@CObj3DMnu@@UAEXI@Z 10005cf0 f i Ax_wire0.obj
 0001:00004d20       ?GetCurrentObj3DMnuDefault@CObj3DMnu@@UAEIXZ 10005d20 f i Ax_wire0.obj
 0001:00004d40       ?SetCurrentObj3DMnuDefault@CObj3DMnu@@UAEXI@Z 10005d40 f i Ax_wire0.obj
 0001:00004d70       ?GetObj3DMnuID@CObj3DMnu@@UAE?AVCString@@I@Z 10005d70 f i Ax_wire0.obj
 0001:00004db0       ?SetObj3DMnuID@CObj3DMnu@@UAEXVCString@@I@Z 10005db0 f i Ax_wire0.obj
 0001:00004e10       ?GetCurrentID@CObj3DMnu@@UAE?AVCString@@XZ 10005e10 f i Ax_wire0.obj
 0001:00004e50       ?SetCurrentID@CObj3DMnu@@UAEXVCString@@@Z 10005e50 f i Ax_wire0.obj
 0001:00004eb0       ??1CObj3DMnu@@UAE@XZ       10005eb0 f i Ax_wire0.obj
 0001:00004f40       ??_GCObj3DMnu@@UAEPAXI@Z   10005f40 f i Ax_wire0.obj
 0001:00004f80       ??_ECObj3DMnu@@UAEPAXI@Z   10005f80 f i Ax_wire0.obj
 0001:00005000       ?GetObjectType@CMapFactor@@UAEHXZ 10006000 f i Ax_wire0.obj
 0001:00005020       ?SetObjectType@CMapFactor@@UAEXH@Z 10006020 f i Ax_wire0.obj
 0001:00005050       ?GetElemType@CMapFactor@@UAEHXZ 10006050 f i Ax_wire0.obj
 0001:00005070       ?SetElemType@CMapFactor@@UAEXH@Z 10006070 f i Ax_wire0.obj
 0001:000050a0       ?GetObjectNo@CMapFactor@@UAEJXZ 100060a0 f i Ax_wire0.obj
 0001:000050c0       ?SetObjectNo@CMapFactor@@UAEXJ@Z 100060c0 f i Ax_wire0.obj
 0001:000050f0       ?GetMapFactor@CMapFactor@@UAENXZ 100060f0 f i Ax_wire0.obj
 0001:00005110       ?SetMapFactor@CMapFactor@@UAEXN@Z 10006110 f i Ax_wire0.obj
 0001:00005140       ?GetMapModeIndex@CMapFactor@@UAEHXZ 10006140 f i Ax_wire0.obj
 0001:00005160       ?SetMapModeIndex@CMapFactor@@UAEXH@Z 10006160 f i Ax_wire0.obj
 0001:00005190       ??1CMapFactor@@UAE@XZ      10006190 f i Ax_wire0.obj
 0001:000051c0       ??_GCMapFactor@@UAEPAXI@Z  100061c0 f i Ax_wire0.obj
 0001:00005200       ??_ECMapFactor@@UAEPAXI@Z  10006200 f i Ax_wire0.obj
 0001:00005280       ?GetObjectType@CPrecision@@UAEHXZ 10006280 f i Ax_wire0.obj
 0001:000052a0       ?SetObjectType@CPrecision@@UAEXH@Z 100062a0 f i Ax_wire0.obj
 0001:000052d0       ?GetElemType@CPrecision@@UAEHXZ 100062d0 f i Ax_wire0.obj
 0001:000052f0       ?SetElemType@CPrecision@@UAEXH@Z 100062f0 f i Ax_wire0.obj
 0001:00005320       ?GetObjectNo@CPrecision@@UAEJXZ 10006320 f i Ax_wire0.obj
 0001:00005340       ?SetObjectNo@CPrecision@@UAEXJ@Z 10006340 f i Ax_wire0.obj
 0001:00005370       ?GetPrecision@CPrecision@@UAEIXZ 10006370 f i Ax_wire0.obj
 0001:00005390       ?SetPrecision@CPrecision@@UAEXI@Z 10006390 f i Ax_wire0.obj
 0001:000053c0       ?GetPrecisionOld@CPrecision@@UAEIXZ 100063c0 f i Ax_wire0.obj
 0001:000053e0       ?SetPrecisionOld@CPrecision@@UAEXI@Z 100063e0 f i Ax_wire0.obj
 0001:00005410       ?GetPrecisionDefault@CPrecision@@UAEIXZ 10006410 f i Ax_wire0.obj
 0001:00005430       ?SetPrecisionDefault@CPrecision@@UAEXI@Z 10006430 f i Ax_wire0.obj
 0001:00005460       ?GetWorldBase@CPrecision@@UAEJXZ 10006460 f i Ax_wire0.obj
 0001:00005480       ?SetWorldBase@CPrecision@@UAEXJ@Z 10006480 f i Ax_wire0.obj
 0001:000054b0       ?GetWorldBaseOld@CPrecision@@UAEJXZ 100064b0 f i Ax_wire0.obj
 0001:000054d0       ?SetWorldBaseOld@CPrecision@@UAEXJ@Z 100064d0 f i Ax_wire0.obj
 0001:00005500       ?GetWorldBaseDefault@CPrecision@@UAEJXZ 10006500 f i Ax_wire0.obj
 0001:00005520       ?SetWorldBaseDefault@CPrecision@@UAEXJ@Z 10006520 f i Ax_wire0.obj
 0001:00005550       ??1CPrecision@@UAE@XZ      10006550 f i Ax_wire0.obj
 0001:00005580       ??_GCPrecision@@UAEPAXI@Z  10006580 f i Ax_wire0.obj
 0001:000055c0       ??_ECPrecision@@UAEPAXI@Z  100065c0 f i Ax_wire0.obj
 0001:00005640       ?GetObjectType@CScaleFactor@@UAEHXZ 10006640 f i Ax_wire0.obj
 0001:00005660       ?SetObjectType@CScaleFactor@@UAEXH@Z 10006660 f i Ax_wire0.obj
 0001:00005690       ?GetElemType@CScaleFactor@@UAEHXZ 10006690 f i Ax_wire0.obj
 0001:000056b0       ?SetElemType@CScaleFactor@@UAEXH@Z 100066b0 f i Ax_wire0.obj
 0001:000056e0       ?GetObjectNo@CScaleFactor@@UAEJXZ 100066e0 f i Ax_wire0.obj
 0001:00005700       ?SetObjectNo@CScaleFactor@@UAEXJ@Z 10006700 f i Ax_wire0.obj
 0001:00005730       ?GetScaleFactor@CScaleFactor@@UAENXZ 10006730 f i Ax_wire0.obj
 0001:00005750       ?SetScaleFactor@CScaleFactor@@UAEXN@Z 10006750 f i Ax_wire0.obj
 0001:00005780       ?GetScaleFactorOld@CScaleFactor@@UAENXZ 10006780 f i Ax_wire0.obj
 0001:000057a0       ?SetScaleFactorOld@CScaleFactor@@UAEXN@Z 100067a0 f i Ax_wire0.obj
 0001:000057d0       ?GetScaleFactorDefault@CScaleFactor@@UAENXZ 100067d0 f i Ax_wire0.obj
 0001:000057f0       ?SetScaleFactorDefault@CScaleFactor@@UAEXN@Z 100067f0 f i Ax_wire0.obj
 0001:00005820       ??1CScaleFactor@@UAE@XZ    10006820 f i Ax_wire0.obj
 0001:00005850       ??_GCScaleFactor@@UAEPAXI@Z 10006850 f i Ax_wire0.obj
 0001:00005890       ??_ECScaleFactor@@UAEPAXI@Z 10006890 f i Ax_wire0.obj
 0001:00005910       ?GetObjectType@CUnit@@UAEHXZ 10006910 f i Ax_wire0.obj
 0001:00005930       ?SetObjectType@CUnit@@UAEXH@Z 10006930 f i Ax_wire0.obj
 0001:00005960       ?GetElemType@CUnit@@UAEHXZ 10006960 f i Ax_wire0.obj
 0001:00005980       ?SetElemType@CUnit@@UAEXH@Z 10006980 f i Ax_wire0.obj
 0001:000059b0       ?GetObjectNo@CUnit@@UAEJXZ 100069b0 f i Ax_wire0.obj
 0001:000059d0       ?SetObjectNo@CUnit@@UAEXJ@Z 100069d0 f i Ax_wire0.obj
 0001:00005a00       ?GetUnitName@CUnit@@UAE?AVCString@@I@Z 10006a00 f i Ax_wire0.obj
 0001:00005a40       ?GetUnitIndex@CUnit@@UAEIXZ 10006a40 f i Ax_wire0.obj
 0001:00005a60       ?SetUnitIndex@CUnit@@UAEXI@Z 10006a60 f i Ax_wire0.obj
 0001:00005a90       ?GetUnitIndexOld@CUnit@@UAEIXZ 10006a90 f i Ax_wire0.obj
 0001:00005ab0       ?SetUnitIndexOld@CUnit@@UAEXI@Z 10006ab0 f i Ax_wire0.obj
 0001:00005ae0       ?GetUnitIndexDefault@CUnit@@UAEIXZ 10006ae0 f i Ax_wire0.obj
 0001:00005b00       ?SetUnitIndexDefault@CUnit@@UAEXI@Z 10006b00 f i Ax_wire0.obj
 0001:00005b30       ?GetUnitNameCount@CUnit@@UAEIXZ 10006b30 f i Ax_wire0.obj
 0001:00005b50       ?SetUnitNameCount@CUnit@@UAEXI@Z 10006b50 f i Ax_wire0.obj
 0001:00005b80       ??1CUnit@@UAE@XZ           10006b80 f i Ax_wire0.obj
 0001:00005bf0       ??_GCUnit@@UAEPAXI@Z       10006bf0 f i Ax_wire0.obj
 0001:00005c30       ??_ECUnit@@UAEPAXI@Z       10006c30 f i Ax_wire0.obj
 0001:00005cb0       ??1CDataRowHint@@UAE@XZ    10006cb0 f i Ax_wire0.obj
 0001:00005cd0       ?GetMapFactor@CObjectMgr@@UAEPAVCMapFactor@@XZ 10006cd0 f i Ax_wire0.obj
 0001:00005cf0       ?GetPrecision@CObjectMgr@@UAEPAVCPrecision@@XZ 10006cf0 f i Ax_wire0.obj
 0001:00005d10       ?GetScaleFactor@CObjectMgr@@UAEPAVCScaleFactor@@XZ 10006d10 f i Ax_wire0.obj
 0001:00005d30       ?GetUnit@CObjectMgr@@UAEPAVCUnit@@XZ 10006d30 f i Ax_wire0.obj
 0001:00005d50       ?GetObjectListFromIndex@CObjectMgr@@UAEPAVCDListMgr@@H@Z 10006d50 f i Ax_wire0.obj
 0001:00005d90       ?IsSceneChanged@CObjectMgr@@UAEHXZ 10006d90 f i Ax_wire0.obj
 0001:00005db0       ?SetSceneChanged@CObjectMgr@@UAEXH@Z 10006db0 f i Ax_wire0.obj
 0001:00005de0       ?IsViewChanged@CObjectMgr@@UAEHXZ 10006de0 f i Ax_wire0.obj
 0001:00005e00       ?SetViewChanged@CObjectMgr@@UAEXH@Z 10006e00 f i Ax_wire0.obj
 0001:00005e30       ?GetMasterLastObjectNo@CObjectMgr@@UAEIXZ 10006e30 f i Ax_wire0.obj
 0001:00005e50       ?SetMasterLastObjectNo@CObjectMgr@@UAEXI@Z 10006e50 f i Ax_wire0.obj
 0001:00005e80       ?GetActiveObjectNo@CObjectMgr@@UAEIXZ 10006e80 f i Ax_wire0.obj
 0001:00005ea0       ?SetActiveObjectNo@CObjectMgr@@UAEXI@Z 10006ea0 f i Ax_wire0.obj
 0001:00005ed0       ?GetActiveListIndex@CObjectMgr@@UAEHXZ 10006ed0 f i Ax_wire0.obj
 0001:00005ef0       ?SetActiveListIndex@CObjectMgr@@UAEXH@Z 10006ef0 f i Ax_wire0.obj
 0001:00005f20       ?GetActiveObjectIndex@CObjectMgr@@UAEHXZ 10006f20 f i Ax_wire0.obj
 0001:00005f40       ?SetActiveObjectIndex@CObjectMgr@@UAEXH@Z 10006f40 f i Ax_wire0.obj
 0001:00005f70       ?GetActiveObjectType@CObjectMgr@@UAEHXZ 10006f70 f i Ax_wire0.obj
 0001:00005f90       ?SetActiveObjectType@CObjectMgr@@UAEXH@Z 10006f90 f i Ax_wire0.obj
 0001:00005fc0       ?GetRowList@CObjectMgr@@QAEPAV?$CList@JJ@@XZ 10006fc0 f i Ax_wire0.obj
 0001:00005fe0       ?GetRowCount@CObjectMgr@@QAEHXZ 10006fe0 f i Ax_wire0.obj
 0001:00006010       ?GetActiveRowIndex@CObjectMgr@@QAEHXZ 10007010 f i Ax_wire0.obj
 0001:00006030       ?SetActiveRowIndex@CObjectMgr@@QAEXH@Z 10007030 f i Ax_wire0.obj
 0001:00006060       ?GetFormat@CObjectMgr@@UAE?AVCString@@XZ 10007060 f i Ax_wire0.obj
 0001:000060a0       ?IsMeshGenOn@CObjectMgr@@UAEHXZ 100070a0 f i Ax_wire0.obj
 0001:000060c0       ?SetMeshGenOn@CObjectMgr@@UAEXH@Z 100070c0 f i Ax_wire0.obj
 0001:000060f0       ?GetMeshType@CObjectMgr@@UAEIXZ 100070f0 f i Ax_wire0.obj
 0001:00006110       ?SetMeshType@CObjectMgr@@UAEXI@Z 10007110 f i Ax_wire0.obj
 0001:00006140       ?GetCurrentTopLevel@CObjectMgr@@UAEHXZ 10007140 f i Ax_wire0.obj
 0001:00006160       ?SetCurrentTopLevel@CObjectMgr@@UAEXH@Z 10007160 f i Ax_wire0.obj
 0001:00006190       ?GetObjectType@CElemInfo@@UAEHXZ 10007190 f i Ax_wire0.obj
 0001:000061b0       ?SetObjectType@CElemInfo@@UAEXH@Z 100071b0 f i Ax_wire0.obj
 0001:000061e0       ?GetElemType@CElemInfo@@UAEHXZ 100071e0 f i Ax_wire0.obj
 0001:00006200       ?SetElemType@CElemInfo@@UAEXH@Z 10007200 f i Ax_wire0.obj
 0001:00006230       ?GetObjectNo@CElemInfo@@UAEJXZ 10007230 f i Ax_wire0.obj
 0001:00006250       ?SetObjectNo@CElemInfo@@UAEXJ@Z 10007250 f i Ax_wire0.obj
 0001:00006280       ?GetInfoList@CElemInfo@@UAEPAVCDListMgr@@H@Z 10007280 f i Ax_wire0.obj
 0001:000062b0       ??1CElemInfo@@UAE@XZ       100072b0 f i Ax_wire0.obj
 0001:00006320       ??_GCElemInfo@@UAEPAXI@Z   10007320 f i Ax_wire0.obj
 0001:00006360       ??_ECElemInfo@@UAEPAXI@Z   10007360 f i Ax_wire0.obj
 0001:000063e0       ??1CMeshRowHint@@UAE@XZ    100073e0 f i Ax_wire0.obj
 0001:00006400       ?GetRowList@CMsObjMgr@@QAEPAV?$CList@JJ@@XZ 10007400 f i Ax_wire0.obj
 0001:00006420       ?GetRowCount@CMsObjMgr@@QAEHXZ 10007420 f i Ax_wire0.obj
 0001:00006450       ?GetActiveRowIndex@CMsObjMgr@@QAEHXZ 10007450 f i Ax_wire0.obj
 0001:00006470       ?SetActiveRowIndex@CMsObjMgr@@QAEXH@Z 10007470 f i Ax_wire0.obj
 0001:000064a0       ??1CBaseRowHint@@UAE@XZ    100074a0 f i Ax_wire0.obj
 0001:000064c0       ?GetCurrentItem@CDbObjMgr@@QAEAAVCString@@XZ 100074c0 f i Ax_wire0.obj
 0001:000064e0       ?SetCurrentItem@CDbObjMgr@@QAEXAAVCString@@@Z 100074e0 f i Ax_wire0.obj
 0001:00006510       ?GetCurrentParent@CDbObjMgr@@QAEAAVCString@@XZ 10007510 f i Ax_wire0.obj
 0001:00006530       ?SetCurrentParent@CDbObjMgr@@QAEXAAVCString@@@Z 10007530 f i Ax_wire0.obj
 0001:00006560       ??1CAxDataRowHint@@UAE@XZ  10007560 f i Ax_wire0.obj
 0001:00006580       ?GetMapFactor@CAxObjMgr@@UAEPAVCMapFactor@@XZ 10007580 f i Ax_wire0.obj
 0001:000065a0       ?GetPrecision@CAxObjMgr@@UAEPAVCPrecision@@XZ 100075a0 f i Ax_wire0.obj
 0001:000065c0       ?GetScaleFactor@CAxObjMgr@@UAEPAVCScaleFactor@@XZ 100075c0 f i Ax_wire0.obj
 0001:000065e0       ?GetUnit@CAxObjMgr@@UAEPAVCUnit@@XZ 100075e0 f i Ax_wire0.obj
 0001:00006600       ?GetObjectListFromIndex@CAxObjMgr@@UAEPAVCDListMgr@@H@Z 10007600 f i Ax_wire0.obj
 0001:00006640       ?IsSceneChanged@CAxObjMgr@@UAEHXZ 10007640 f i Ax_wire0.obj
 0001:00006660       ?SetSceneChanged@CAxObjMgr@@UAEXH@Z 10007660 f i Ax_wire0.obj
 0001:00006690       ?IsViewChanged@CAxObjMgr@@UAEHXZ 10007690 f i Ax_wire0.obj
 0001:000066b0       ?SetViewChanged@CAxObjMgr@@UAEXH@Z 100076b0 f i Ax_wire0.obj
 0001:000066e0       ?GetMasterLastObjectNo@CAxObjMgr@@UAEIXZ 100076e0 f i Ax_wire0.obj
 0001:00006700       ?SetMasterLastObjectNo@CAxObjMgr@@UAEXI@Z 10007700 f i Ax_wire0.obj
 0001:00006730       ?GetActiveObjectNo@CAxObjMgr@@UAEIXZ 10007730 f i Ax_wire0.obj
 0001:00006750       ?SetActiveObjectNo@CAxObjMgr@@UAEXI@Z 10007750 f i Ax_wire0.obj
 0001:00006780       ?GetActiveListIndex@CAxObjMgr@@UAEHXZ 10007780 f i Ax_wire0.obj
 0001:000067a0       ?SetActiveListIndex@CAxObjMgr@@UAEXH@Z 100077a0 f i Ax_wire0.obj
 0001:000067d0       ?GetActiveObjectIndex@CAxObjMgr@@UAEHXZ 100077d0 f i Ax_wire0.obj
 0001:000067f0       ?SetActiveObjectIndex@CAxObjMgr@@UAEXH@Z 100077f0 f i Ax_wire0.obj
 0001:00006820       ?GetActiveObjectType@CAxObjMgr@@UAEHXZ 10007820 f i Ax_wire0.obj
 0001:00006840       ?SetActiveObjectType@CAxObjMgr@@UAEXH@Z 10007840 f i Ax_wire0.obj
 0001:00006870       ?GetRowList@CAxObjMgr@@QAEPAV?$CList@JJ@@XZ 10007870 f i Ax_wire0.obj
 0001:00006890       ?GetRowCount@CAxObjMgr@@QAEHXZ 10007890 f i Ax_wire0.obj
 0001:000068c0       ?GetActiveRowIndex@CAxObjMgr@@QAEHXZ 100078c0 f i Ax_wire0.obj
 0001:000068e0       ?SetActiveRowIndex@CAxObjMgr@@QAEXH@Z 100078e0 f i Ax_wire0.obj
 0001:00006910       ?GetFormat@CAxObjMgr@@UAE?AVCString@@XZ 10007910 f i Ax_wire0.obj
 0001:00006950       ?IsMeshGenOn@CAxObjMgr@@UAEHXZ 10007950 f i Ax_wire0.obj
 0001:00006970       ?SetMeshGenOn@CAxObjMgr@@UAEXH@Z 10007970 f i Ax_wire0.obj
 0001:000069a0       ?GetMeshType@CAxObjMgr@@UAEIXZ 100079a0 f i Ax_wire0.obj
 0001:000069c0       ?SetMeshType@CAxObjMgr@@UAEXI@Z 100079c0 f i Ax_wire0.obj
 0001:000069f0       ?GetCurrentTopLevel@CAxObjMgr@@UAEHXZ 100079f0 f i Ax_wire0.obj
 0001:00006a10       ?SetCurrentTopLevel@CAxObjMgr@@UAEXH@Z 10007a10 f i Ax_wire0.obj
 0001:00006a40       ?Parse_drPipe@CDrNode@@UAEPAUnodecard@@PAVCString@@@Z 10007a40 f i Ax_wire0.obj
 0001:00006a60       ?GetNodeCard@CDrNode@@UAEPAUnodecard@@XZ 10007a60 f i Ax_wire0.obj
 0001:00006a80       ?GetCardNo@CDrNode@@UAEHXZ 10007a80 f i Ax_wire0.obj
 0001:00006aa0       ?SetCardNo@CDrNode@@UAEXH@Z 10007aa0 f i Ax_wire0.obj
 0001:00006ad0       ?DoFormattedCardView@CDrNode@@UAEXPAVCString@@AAV2@@Z 10007ad0 f i Ax_wire0.obj
 0001:00006af0       ?DoUnFormattedCardView@CDrNode@@UAEXPAVCString@@@Z 10007af0 f i Ax_wire0.obj
 0001:00006b10       ?GetMaxCorners@CDrNode@@UAEHXZ 10007b10 f i Ax_wire0.obj
 0001:00006b30       ?GetCategory@CDrNode@@UAE?AW4CATEGORY@@XZ 10007b30 f i Ax_wire0.obj
 0001:00006b50       ?SetCategory@CDrNode@@UAEXW4CATEGORY@@@Z 10007b50 f i Ax_wire0.obj
 0001:00006b70       ?GetPrecision@CDrNode@@UAEHXZ 10007b70 f i Ax_wire0.obj
 0001:00006b90       ?SetPrecision@CDrNode@@UAEXH@Z 10007b90 f i Ax_wire0.obj
 0001:00006bc0       ?GetFormat@CDrNode@@QAE?AVCString@@XZ 10007bc0 f i Ax_wire0.obj
 0001:00006c00       ?SetFormat@CDrNode@@QAEXVCString@@@Z 10007c00 f i Ax_wire0.obj
 0001:00006c60       ?GetMapFactor@CDrNode@@QAENXZ 10007c60 f i Ax_wire0.obj
 0001:00006c80       ?SetMapFactor@CDrNode@@QAEXN@Z 10007c80 f i Ax_wire0.obj
 0001:00006cb0       ?GetScaleFactor@CDrNode@@QAENXZ 10007cb0 f i Ax_wire0.obj
 0001:00006cd0       ?SetScaleFactor@CDrNode@@QAEXN@Z 10007cd0 f i Ax_wire0.obj
 0001:00006d00       ?GetMasterMultFac@CDrNode@@QAEJXZ 10007d00 f i Ax_wire0.obj
 0001:00006d20       ?SetMasterMultFac@CDrNode@@QAEXJ@Z 10007d20 f i Ax_wire0.obj
 0001:00006d50       ?GetLocalPos@CDrNode@@UAEPAUWORLD@@XZ 10007d50 f i Ax_wire0.obj
 0001:00006d70       ?SetLocalPos@CDrNode@@UAEXUWORLD@@@Z 10007d70 f i Ax_wire0.obj
 0001:00006da0       ?GetWorldPos@CDrNode@@UAEPAUWORLD@@XZ 10007da0 f i Ax_wire0.obj
 0001:00006dc0       ?SetWorldPos@CDrNode@@UAEXUWORLD@@@Z 10007dc0 f i Ax_wire0.obj
 0001:00006df0       ?GetEyePos@CDrNode@@UAEPAUWORLD@@XZ 10007df0 f i Ax_wire0.obj
 0001:00006e10       ?SetEyePos@CDrNode@@UAEXUWORLD@@@Z 10007e10 f i Ax_wire0.obj
 0001:00006e40       ?GetScreenPos3D@CDrNode@@UAEPAUWORLD@@XZ 10007e40 f i Ax_wire0.obj
 0001:00006e60       ?SetScreenPos3D@CDrNode@@UAEXUWORLD@@@Z 10007e60 f i Ax_wire0.obj
 0001:00006e90       ?GetScreenPos2D@CDrNode@@UAEPAUtagPOINT@@XZ 10007e90 f i Ax_wire0.obj
 0001:00006eb0       ?SetScreenPos2D@CDrNode@@UAEXUtagPOINT@@@Z 10007eb0 f i Ax_wire0.obj
 0001:00006ee0       ?GetNormalWorld@CDrNode@@UAEPAUWORLD@@XZ 10007ee0 f i Ax_wire0.obj
 0001:00006f00       ?SetNormalWorld@CDrNode@@UAEXUWORLD@@@Z 10007f00 f i Ax_wire0.obj
 0001:00006f30       ?GetNormalEye@CDrNode@@UAEPAUWORLD@@XZ 10007f30 f i Ax_wire0.obj
 0001:00006f50       ?SetNormalEye@CDrNode@@UAEXUWORLD@@@Z 10007f50 f i Ax_wire0.obj
 0001:00006f80       ?GetNormalScreen3D@CDrNode@@UAEPAUWORLD@@XZ 10007f80 f i Ax_wire0.obj
 0001:00006fa0       ?SetNormalScreen3D@CDrNode@@UAEXUWORLD@@@Z 10007fa0 f i Ax_wire0.obj
 0001:00006fd0       ?GetNormalScreen2D@CDrNode@@UAEPAUtagPOINT@@XZ 10007fd0 f i Ax_wire0.obj
 0001:00006ff0       ?SetNormalScreen2D@CDrNode@@UAEXUtagPOINT@@@Z 10007ff0 f i Ax_wire0.obj
 0001:00007020       ?GetLabelNo@CDrNode@@QAEJXZ 10008020 f i Ax_wire0.obj
 0001:00007040       ?SetLabelNo@CDrNode@@QAEXJ@Z 10008040 f i Ax_wire0.obj
 0001:00007070       ?IsMeshNode@CDrNode@@QAEHXZ 10008070 f i Ax_wire0.obj
 0001:00007090       ?SetMeshNode@CDrNode@@QAEXH@Z 10008090 f i Ax_wire0.obj
 0001:000070c0       ?IsGenerated@CDrNode@@QAEHXZ 100080c0 f i Ax_wire0.obj
 0001:000070e0       ?SetGenerated@CDrNode@@QAEXH@Z 100080e0 f i Ax_wire0.obj
 0001:00007110       ?IsControlNode@CDrNode@@QAEHXZ 10008110 f i Ax_wire0.obj
 0001:00007140       ?SetControlNode@CDrNode@@QAEXH@Z 10008140 f i Ax_wire0.obj
 0001:00007170       ?GetInputMode@CDrNode@@QAEHXZ 10008170 f i Ax_wire0.obj
 0001:00007190       ?SetInputMode@CDrNode@@QAEXH@Z 10008190 f i Ax_wire0.obj
 0001:000071c0       ?GetLength@CDrNode@@QAENXZ 100081c0 f i Ax_wire0.obj
 0001:000071e0       ?SetLength@CDrNode@@QAEXN@Z 100081e0 f i Ax_wire0.obj
 0001:00007210       ?GetDelta@CDrNode@@QAEPAUWORLD@@XZ 10008210 f i Ax_wire0.obj
 0001:00007230       ?SetDelta@CDrNode@@QAEXUWORLD@@@Z 10008230 f i Ax_wire0.obj
 0001:00007260       ?GetFromID@CDrNode@@QAE?AVCString@@XZ 10008260 f i Ax_wire0.obj
 0001:000072a0       ?SetFromID@CDrNode@@QAEXVCString@@@Z 100082a0 f i Ax_wire0.obj
 0001:00007300       ?GetToID@CDrNode@@QAE?AVCString@@XZ 10008300 f i Ax_wire0.obj
 0001:00007340       ?SetToID@CDrNode@@QAEXVCString@@@Z 10008340 f i Ax_wire0.obj
 0001:000073a0       ?IsRefCN@CDrNode@@QAEHXZ   100083a0 f i Ax_wire0.obj
 0001:000073c0       ?SetRefCN@CDrNode@@QAEXH@Z 100083c0 f i Ax_wire0.obj
 0001:000073f0       ?IsFromCN@CDrNode@@QAEHXZ  100083f0 f i Ax_wire0.obj
 0001:00007410       ?SetFromCN@CDrNode@@QAEXH@Z 10008410 f i Ax_wire0.obj
 0001:00007440       ?IsToCN@CDrNode@@QAEHXZ    10008440 f i Ax_wire0.obj
 0001:00007460       ?SetToCN@CDrNode@@QAEXH@Z  10008460 f i Ax_wire0.obj
 0001:00007490       ?IsSkewed@CDrNode@@UAEHXZ  10008490 f i Ax_wire0.obj
 0001:000074b0       ?SetSkewed@CDrNode@@UAEXH@Z 100084b0 f i Ax_wire0.obj
 0001:000074e0       ?IsLinSpr@CDrNode@@UAEHXZ  100084e0 f i Ax_wire0.obj
 0001:00007500       ?SetLinSpr@CDrNode@@UAEXH@Z 10008500 f i Ax_wire0.obj
 0001:00007530       ?IsLinSnu@CDrNode@@UAEHXZ  10008530 f i Ax_wire0.obj
 0001:00007550       ?SetLinSnu@CDrNode@@UAEXH@Z 10008550 f i Ax_wire0.obj
 0001:00007580       ?GetSuppCardList@CDrNode@@QAEPAV?$CList@Usupportcard@@U1@@@XZ 10008580 f i Ax_wire0.obj
 0001:000075a0       ?GetStaLCardList@CDrNode@@QAEPAV?$CList@UstaLcard@@U1@@@XZ 100085a0 f i Ax_wire0.obj
 0001:000075c0       ?GetMaxCorners@CDrLabel@@UAEHXZ 100085c0 f i Ax_wire0.obj
 0001:000075e0       ?SetProjectedCoords@CDrLabel@@UAEXUtagPOINT@@H@Z 100085e0 f i Ax_wire0.obj
 0001:00007610       ?IsMoved@CDrLabel@@UAEHXZ  10008610 f i Ax_wire0.obj
 0001:00007630       ?SetMoved@CDrLabel@@UAEXH@Z 10008630 f i Ax_wire0.obj
 0001:00007660       ?GetNodePtr@CDrLabel@@UAEPAVCDrNode@@XZ 10008660 f i Ax_wire0.obj
 0001:00007680       ?SetNodePtr@CDrLabel@@UAEXPAVCDrNode@@@Z 10008680 f i Ax_wire0.obj
 0001:000076b0       ?GetContextObj@CDrLabel@@UAE?AW4CONTEXTOBJ@@XZ 100086b0 f i Ax_wire0.obj
 0001:000076d0       ?SetContextObj@CDrLabel@@UAEXW4CONTEXTOBJ@@@Z 100086d0 f i Ax_wire0.obj
 0001:00007700       ?GetMeshElemType@CDrLabel@@UAEIXZ 10008700 f i Ax_wire0.obj
 0001:00007720       ?SetMeshElemType@CDrLabel@@UAEXI@Z 10008720 f i Ax_wire0.obj
 0001:00007750       ?GetColor@CDrLabel@@UAEKXZ 10008750 f i Ax_wire0.obj
 0001:00007770       ?SetColor@CDrLabel@@UAEXK@Z 10008770 f i Ax_wire0.obj
 0001:000077a0       ?GetViewNum@CDrLabel@@UAEHXZ 100087a0 f i Ax_wire0.obj
 0001:000077c0       ?SetViewNum@CDrLabel@@UAEXH@Z 100087c0 f i Ax_wire0.obj
 0001:000077f0       ?GetType@CDrLabel@@UAEHXZ  100087f0 f i Ax_wire0.obj
 0001:00007810       ?SetType@CDrLabel@@UAEXH@Z 10008810 f i Ax_wire0.obj
 0001:00007840       ?GetText@CDrLabel@@UAE?AVCString@@XZ 10008840 f i Ax_wire0.obj
 0001:00007880       ?SetText@CDrLabel@@UAEXVCString@@@Z 10008880 f i Ax_wire0.obj
 0001:000078e0       ?SetLogFont@CDrLabel@@UAEXUtagLOGFONTA@@@Z 100088e0 f i Ax_wire0.obj
 0001:00007910       ?GetLogFont@CDrLabel@@UAE?AUtagLOGFONTA@@XZ 10008910 f i Ax_wire0.obj
 0001:00007940       ?GetOtherCorner@CDrLabel@@UAE?AUtagPOINT@@XZ 10008940 f i Ax_wire0.obj
 0001:00007970       ?SetOtherCorner@CDrLabel@@UAEXUtagPOINT@@@Z 10008970 f i Ax_wire0.obj
 0001:000079a0       ?GetAngle@CDrLabel@@UAEHXZ 100089a0 f i Ax_wire0.obj
 0001:000079c0       ?SetAngle@CDrLabel@@UAEXH@Z 100089c0 f i Ax_wire0.obj
 0001:000079f0       ??1CDrLabel@@UAE@XZ        100089f0 f i Ax_wire0.obj
 0001:00007a50       ??_GCDrLabel@@UAEPAXI@Z    10008a50 f i Ax_wire0.obj
 0001:00007a90       ??_ECDrLabel@@UAEPAXI@Z    10008a90 f i Ax_wire0.obj
 0001:00007b10       ??1CViewInfo@@UAE@XZ       10008b10 f i Ax_wire0.obj
 0001:00007b80       ??1CBitmapButton@@UAE@XZ   10008b80 f i Ax_wire0.obj
 0001:00007c00       ??1CAxWire_0@@UAE@XZ       10008c00 f i Ax_wire0.obj
 0001:00007c30       ??_GCAxWire_0@@UAEPAXI@Z   10008c30 f i Ax_wire0.obj
 0001:00007c70       ??_ECAxWire_0@@UAEPAXI@Z   10008c70 f i Ax_wire0.obj
 0001:00007cf0       ?_GetBaseClass@CAxWire_0@@KGPAUCRuntimeClass@@XZ 10008cf0 f   Ax_wire0.obj
 0001:00007d10       ?GetRuntimeClass@CAxWire_0@@UBEPAUCRuntimeClass@@XZ 10008d10 f   Ax_wire0.obj
 0001:00007d30       ??0CAxWire_0@@QAE@XZ       10008d30 f   Ax_wire0.obj
 0001:00007d60       ??0CAxWire_0@@QAE@PAVCView@@HQAH@Z 10008d60 f   Ax_wire0.obj
 0001:00007e60       ?Init@CAxWire_0@@UAEHHHUWORLD@@PAUMATRIX@@11NNNN@Z 10008e60 f   Ax_wire0.obj
 0001:00007f10       ?RenderScene_AUXILLIARY@CAxWire_0@@UAEHPAVCClientDC@@AAVCRect@@HHH@Z 10008f10 f   Ax_wire0.obj
 0001:000081f0       ?GetDocument@CDrGrafApp@@QAEPAVCDrGrafDoc@@XZ 100091f0 f i Ax_wire0.obj
 0001:00008210       ?GetAxObjMgr@CDrGrafDoc@@QAEPAVCAxObjMgr@@XZ 10009210 f i Ax_wire0.obj
 0001:00008230       ?RenderOBJECT@CAxWire_0@@MAEHPAVCClientDC@@AAVCRect@@PAVCDrObject@@H@Z 10009230 f   Ax_wire0.obj
 0001:000084c0       ?RenderSTRAY@CAxWire_0@@MAEHPAVCClientDC@@PAVCDrObject@@HH@Z 100094c0 f   Ax_wire0.obj
 0001:00008610       ?RenderLabels@CAxWire_0@@MAEHPAVCDC@@PAVCDrObject@@HH@Z 10009610 f   Ax_wire0.obj
 0001:000086e0       ?RenderReadyOBJECT@CAxWire_0@@UAEXPAVCDC@@PAVCDrObject@@H@Z 100096e0 f   Ax_wire0.obj
 0001:00008770       ?GetCount@?$CList@JJ@@QBEHXZ 10009770 f i Ax_wire0.obj
 0001:00008790       ??1CAxis@@UAE@XZ           10009790 f i Axisdraw.obj
 0001:000087c0       ??_GCAxis@@UAEPAXI@Z       100097c0 f i Axisdraw.obj
 0001:00008800       ??_ECAxis@@UAEPAXI@Z       10009800 f i Axisdraw.obj
 0001:00008880       ??0CAxisDraw@@QAE@XZ       10009880 f   Axisdraw.obj
 0001:000088b0       ??_GCAxisDraw@@UAEPAXI@Z   100098b0 f i Axisdraw.obj
 0001:000088b0       ??_ECAxisDraw@@UAEPAXI@Z   100098b0 f i Axisdraw.obj
 0001:000088f0       ??1CAxisDraw@@UAE@XZ       100098f0 f i Axisdraw.obj
 0001:00008910       ?_GetBaseMessageMap@CAxisDraw@@KGPBUAFX_MSGMAP@@XZ 10009910 f   Axisdraw.obj
 0001:00008930       ?GetMessageMap@CAxisDraw@@MBEPBUAFX_MSGMAP@@XZ 10009930 f   Axisdraw.obj
 0001:00008950       ?OnPaint@CAxisDraw@@IAEXXZ 10009950 f   Axisdraw.obj
 0001:000089d0       ?DrawSampleAxes@CAxisDraw@@IAEXPAVCDC@@@Z 100099d0 f   Axisdraw.obj
 0001:00008b70       ?GetCenter@CAxisDraw@@IAE?AUtagPOINT@@PAVCRect@@@Z 10009b70 f   Axisdraw.obj
 0001:00008bd0       ?_GetBaseClass@CColorPal@@KGPAUCRuntimeClass@@XZ 10009bd0 f   Colorpal.obj
 0001:00008bf0       ?GetRuntimeClass@CColorPal@@UBEPAUCRuntimeClass@@XZ 10009bf0 f   Colorpal.obj
 0001:00008c10       ??0CColorPal@@QAE@XZ       10009c10 f   Colorpal.obj
 0001:00008c40       ??_ECColorPal@@UAEPAXI@Z   10009c40 f i Colorpal.obj
 0001:00008c40       ??_GCColorPal@@UAEPAXI@Z   10009c40 f i Colorpal.obj
 0001:00008c80       ??1CColorPal@@UAE@XZ       10009c80 f i Colorpal.obj
 0001:00008cb0       ?RGB2HSV@CColorPal@@UAEXPAURGBCOLOR@@PAUHSVCOLOR@@@Z 10009cb0 f   Colorpal.obj
 0001:00009040       ?HSV2RGB@CColorPal@@UAEXPAUHSVCOLOR@@PAURGBCOLOR@@@Z 1000a040 f   Colorpal.obj
 0001:00009290       ?Make256ColorPal@CColorPal@@UAEHPAV1@@Z 1000a290 f   Colorpal.obj
 0001:00009a60       ?MakeNewPal@CColorPal@@UAEHPAV1@NHHH@Z 1000aa60 f   Colorpal.obj
 0001:00009fa0       ?LoadStockPal@CColorPal@@UAEHPAV1@PAD@Z 1000afa0 f   Colorpal.obj
 0001:0000a1e0       ?UnlockResource@@YGHPAX@Z  1000b1e0 f i Colorpal.obj
 0001:0000a200       ?SelectPal@CColorPal@@UAEPAV1@PAVCClientDC@@PAV1@@Z 1000b200 f   Colorpal.obj
 0001:0000a250       ?DisposePal@CColorPal@@UAEXPAV1@@Z 1000b250 f   Colorpal.obj
 0001:0000a280       ?_GetBaseClass@CAxis@@KGPAUCRuntimeClass@@XZ 1000b280 f   Draxis.obj
 0001:0000a2a0       ?GetRuntimeClass@CAxis@@UBEPAUCRuntimeClass@@XZ 1000b2a0 f   Draxis.obj
 0001:0000a2c0       ??0CAxis@@QAE@XZ           1000b2c0 f   Draxis.obj
 0001:0000a2f0       ??0CAxis@@QAE@I@Z          1000b2f0 f   Draxis.obj
 0001:0000a590       ?DrawAxes@CAxis@@UAEXPAVCDC@@UtagPOINT@@PAVCView@@@Z 1000b590 f   Draxis.obj
 0001:0000a6d0       ?GoDoIt@CAxis@@MAEXPAVCDC@@PAUtagPOINT@@@Z 1000b6d0 f   Draxis.obj
 0001:0000a960       ?SetParallel@CXForm@@UAEXH@Z 1000b960 f i Light.obj
 0001:0000a980       ?GetParallel@CXForm@@UAEHXZ 1000b980 f i Light.obj
 0001:0000a9a0       ??1CXForm@@UAE@XZ          1000b9a0 f i Light.obj
 0001:0000a9d0       ??_GCXForm@@UAEPAXI@Z      1000b9d0 f i Light.obj
 0001:0000aa10       ??_ECXForm@@UAEPAXI@Z      1000ba10 f i Light.obj
 0001:0000aa90       ?_GetBaseClass@CLight@@KGPAUCRuntimeClass@@XZ 1000ba90 f   Light.obj
 0001:0000aab0       ?GetRuntimeClass@CLight@@UBEPAUCRuntimeClass@@XZ 1000bab0 f   Light.obj
 0001:0000aad0       ??0CLight@@QAE@XZ          1000bad0 f   Light.obj
 0001:0000ab00       ??_GCLight@@UAEPAXI@Z      1000bb00 f i Light.obj
 0001:0000ab00       ??_ECLight@@UAEPAXI@Z      1000bb00 f i Light.obj
 0001:0000ab40       ??1CLight@@UAE@XZ          1000bb40 f i Light.obj
 0001:0000ab70       ?LightIntensity@CLight@@UAENNNNPAUWORLD@@0PAULTSOURCE@@PAN@Z 1000bb70 f   Light.obj
 0001:0000ad80       ?LightEffect@CLight@@UAE?AURGBCOLOR@@PAULTENVIRON@@PAURENDINFO@@PAUWORLD@@2H@Z 1000bd80 f   Light.obj
 0001:0000af40       ?NewLightEnvironMent@CLight@@UAEHPAULTENVIRON@@NNNNHPAULTSOURCE@@@Z 1000bf40 f   Light.obj
 0001:0000aff0       ?FocusLightSource@CLight@@UAEXPAULTSOURCE@@NNN@Z 1000bff0 f   Light.obj
 0001:0000b0e0       ?SetLightSource@CLight@@UAEXPAULTSOURCE@@NNNNNNN@Z 1000c0e0 f   Light.obj
 0001:0000b250       ?TransformLightEnviron@CLight@@UAEXPAULTENVIRON@@PAUMATRIX@@@Z 1000c250 f   Light.obj
 0001:0000b3d0       ?Parse_drPipe@CDrFE1D@@UAEXPAVCString@@@Z 1000c3d0 f i Render.obj
 0001:0000b3f0       ?DoFormattedCardView@CDrFE1D@@UAEXPAVCString@@AAV2@@Z 1000c3f0 f i Render.obj
 0001:0000b410       ?DoUnFormattedCardView@CDrFE1D@@UAEXPAVCString@@@Z 1000c410 f i Render.obj
 0001:0000b430       ?GetMaxCorners@CDrFE1D@@UAEHXZ 1000c430 f i Render.obj
 0001:0000b450       ?GetMemIn@CDrFE1D@@UAEPAUWORLD@@XZ 1000c450 f i Render.obj
 0001:0000b470       ?GetMemInWts@CDrFE1D@@UAEPANXZ 1000c470 f i Render.obj
 0001:0000b490       ?GetMemInDP@CDrFE1D@@UAEPAUtagPOINT@@XZ 1000c490 f i Render.obj
 0001:0000b4b0       ?GetMemOut@CDrFE1D@@UAEPAUWORLD@@XZ 1000c4b0 f i Render.obj
 0001:0000b4d0       ?GetMemOutWts@CDrFE1D@@UAEPANXZ 1000c4d0 f i Render.obj
 0001:0000b4f0       ?GetMemOutDP@CDrFE1D@@UAEPAUtagPOINT@@XZ 1000c4f0 f i Render.obj
 0001:0000b510       ?SetMemIn@CDrFE1D@@UAEXPAUWORLD@@@Z 1000c510 f i Render.obj
 0001:0000b540       ?SetMemInWts@CDrFE1D@@UAEXPAN@Z 1000c540 f i Render.obj
 0001:0000b570       ?SetMemInDP@CDrFE1D@@UAEXPAUtagPOINT@@@Z 1000c570 f i Render.obj
 0001:0000b5a0       ?SetMemOut@CDrFE1D@@UAEXPAUWORLD@@@Z 1000c5a0 f i Render.obj
 0001:0000b5d0       ?SetMemOutWts@CDrFE1D@@UAEXPAN@Z 1000c5d0 f i Render.obj
 0001:0000b600       ?SetMemOutDP@CDrFE1D@@UAEXPAUtagPOINT@@@Z 1000c600 f i Render.obj
 0001:0000b630       ?FixMemD@CDrFE1D@@UAEPANJ@Z 1000c630 f i Render.obj
 0001:0000b670       ?FreeMemD@CDrFE1D@@UAEXPAN@Z 1000c670 f i Render.obj
 0001:0000b6a0       ?FixMem@CDrFE1D@@UAEPAUWORLD@@J@Z 1000c6a0 f i Render.obj
 0001:0000b6e0       ?FreeMem@CDrFE1D@@UAEXPAUWORLD@@@Z 1000c6e0 f i Render.obj
 0001:0000b710       ?FixMemDP@CDrFE1D@@UAEPAUtagPOINT@@J@Z 1000c710 f i Render.obj
 0001:0000b750       ?FreeMemDP@CDrFE1D@@UAEXPAUtagPOINT@@@Z 1000c750 f i Render.obj
 0001:0000b780       ?GetnNodes@CDrFE1D@@QAEFXZ 1000c780 f i Render.obj
 0001:0000b7a0       ?SetnNodes@CDrFE1D@@QAEXF@Z 1000c7a0 f i Render.obj
 0001:0000b7d0       ?GetEdgeDegree@CDrFE1D@@QAEFXZ 1000c7d0 f i Render.obj
 0001:0000b7f0       ?SetEdgeDegree@CDrFE1D@@QAEXF@Z 1000c7f0 f i Render.obj
 0001:0000b820       ?GetElNumID@CDrFE1D@@QAEAAVCString@@XZ 1000c820 f i Render.obj
 0001:0000b840       ?SetElNumID@CDrFE1D@@QAEXVCString@@@Z 1000c840 f i Render.obj
 0001:0000b8a0       ?GetElTypeID@CDrFE1D@@QAEAAVCString@@XZ 1000c8a0 f i Render.obj
 0001:0000b8c0       ?SetElTypeID@CDrFE1D@@QAEXVCString@@@Z 1000c8c0 f i Render.obj
 0001:0000b920       ?Getline_id@CDrFE1D@@QAEAAVCString@@XZ 1000c920 f i Render.obj
 0001:0000b940       ?Setline_id@CDrFE1D@@QAEXVCString@@@Z 1000c940 f i Render.obj
 0001:0000b9a0       ?Getrid@CDrFE1D@@UAEAAVCString@@H@Z 1000c9a0 f i Render.obj
 0001:0000b9d0       ?Setrid@CDrFE1D@@UAEXVCString@@H@Z 1000c9d0 f i Render.obj
 0001:0000ba30       ?Getpid@CDrFE1D@@QAEAAVCString@@XZ 1000ca30 f i Render.obj
 0001:0000ba50       ?Setpid@CDrFE1D@@QAEXVCString@@@Z 1000ca50 f i Render.obj
 0001:0000bab0       ?Getmid@CDrFE1D@@QAEAAVCString@@XZ 1000cab0 f i Render.obj
 0001:0000bad0       ?Setmid@CDrFE1D@@QAEXVCString@@@Z 1000cad0 f i Render.obj
 0001:0000bb30       ?GetElNum@CDrFE1D@@QAEIXZ  1000cb30 f i Render.obj
 0001:0000bb50       ?SetElNum@CDrFE1D@@QAEXI@Z 1000cb50 f i Render.obj
 0001:0000bb80       ?GetElTypeNum@CDrFE1D@@QAEIXZ 1000cb80 f i Render.obj
 0001:0000bba0       ?SetElTypeNum@CDrFE1D@@QAEXI@Z 1000cba0 f i Render.obj
 0001:0000bbd0       ?Getline_no@CDrFE1D@@QAEIXZ 1000cbd0 f i Render.obj
 0001:0000bbf0       ?Setline_no@CDrFE1D@@QAEXI@Z 1000cbf0 f i Render.obj
 0001:0000bc20       ?Getrel@CDrFE1D@@UAEIH@Z   1000cc20 f i Render.obj
 0001:0000bc50       ?Setrel@CDrFE1D@@UAEXIH@Z  1000cc50 f i Render.obj
 0001:0000bc80       ?Getprop@CDrFE1D@@QAEIXZ   1000cc80 f i Render.obj
 0001:0000bca0       ?Setprop@CDrFE1D@@QAEXI@Z  1000cca0 f i Render.obj
 0001:0000bcd0       ?Getmat@CDrFE1D@@QAEIXZ    1000ccd0 f i Render.obj
 0001:0000bcf0       ?Setmat@CDrFE1D@@QAEXI@Z   1000ccf0 f i Render.obj
 0001:0000bd20       ?Getnumseg@CDrFE1D@@QAEIXZ 1000cd20 f i Render.obj
 0001:0000bd40       ?Setnumseg@CDrFE1D@@QAEXI@Z 1000cd40 f i Render.obj
 0001:0000bd70       ?GetRefTemp@CDrFE1D@@QAENXZ 1000cd70 f i Render.obj
 0001:0000bd90       ?SetRefTemp@CDrFE1D@@QAEXN@Z 1000cd90 f i Render.obj
 0001:0000bdc0       ?GetCardNo@CDrFE1D@@QAEIXZ 1000cdc0 f i Render.obj
 0001:0000bde0       ?SetCardNo@CDrFE1D@@QAEXI@Z 1000cde0 f i Render.obj
 0001:0000be10       ?GetCenter@CDrFE1D@@UAE?AUtagPOINT@@XZ 1000ce10 f i Render.obj
 0001:0000be40       ?SetCenter@CDrFE1D@@UAEXUtagPOINT@@@Z 1000ce40 f i Render.obj
 0001:0000be70       ?Parse_drPipe@CDrFE2D@@UAEXPAVCString@@@Z 1000ce70 f i Render.obj
 0001:0000be90       ?DoFormattedCardView@CDrFE2D@@UAEXPAVCString@@AAV2@@Z 1000ce90 f i Render.obj
 0001:0000beb0       ?DoUnFormattedCardView@CDrFE2D@@UAEXPAVCString@@@Z 1000ceb0 f i Render.obj
 0001:0000bed0       ?GetMaxCorners@CDrFE2D@@UAEHXZ 1000ced0 f i Render.obj
 0001:0000bef0       ?GetCentroidScreen2D@CDrFE2D@@UAEPAUtagPOINT@@XZ 1000cef0 f i Render.obj
 0001:0000bf10       ?SetCentroidScreen2D@CDrFE2D@@UAEXUtagPOINT@@@Z 1000cf10 f i Render.obj
 0001:0000bf40       ?GetCentroidScreen3D@CDrFE2D@@UAEPAUWORLD@@XZ 1000cf40 f i Render.obj
 0001:0000bf60       ?SetCentroidScreen3D@CDrFE2D@@UAEXUWORLD@@@Z 1000cf60 f i Render.obj
 0001:0000bf90       ?GetCentroidEye@CDrFE2D@@UAEPAUWORLD@@XZ 1000cf90 f i Render.obj
 0001:0000bfb0       ?SetCentroidEye@CDrFE2D@@UAEXUWORLD@@@Z 1000cfb0 f i Render.obj
 0001:0000bfe0       ?GetCentroidWorld@CDrFE2D@@UAEPAUWORLD@@XZ 1000cfe0 f i Render.obj
 0001:0000c000       ?SetCentroidWorld@CDrFE2D@@UAEXUWORLD@@@Z 1000d000 f i Render.obj
 0001:0000c030       ?GetCentroidZdepth@CDrFE2D@@UAENXZ 1000d030 f i Render.obj
 0001:0000c050       ?SetCentroidZdepth@CDrFE2D@@UAEXN@Z 1000d050 f i Render.obj
 0001:0000c080       ?GetNormalWorld@CDrFE2D@@UAEPAUWORLD@@XZ 1000d080 f i Render.obj
 0001:0000c0a0       ?SetNormalWorld@CDrFE2D@@UAEXUWORLD@@@Z 1000d0a0 f i Render.obj
 0001:0000c0d0       ?GetNormalEye@CDrFE2D@@UAEPAUWORLD@@XZ 1000d0d0 f i Render.obj
 0001:0000c0f0       ?SetNormalEye@CDrFE2D@@UAEXUWORLD@@@Z 1000d0f0 f i Render.obj
 0001:0000c120       ?GetNormalScreen3D@CDrFE2D@@UAEPAUWORLD@@XZ 1000d120 f i Render.obj
 0001:0000c140       ?SetNormalScreen3D@CDrFE2D@@UAEXUWORLD@@@Z 1000d140 f i Render.obj
 0001:0000c170       ?GetNormalScreen2D@CDrFE2D@@UAEPAUtagPOINT@@XZ 1000d170 f i Render.obj
 0001:0000c190       ?SetNormalScreen2D@CDrFE2D@@UAEXUtagPOINT@@@Z 1000d190 f i Render.obj
 0001:0000c1c0       ?IsCulled@CDrFE2D@@UAEHXZ  1000d1c0 f i Render.obj
 0001:0000c1e0       ?SetCulled@CDrFE2D@@UAEXH@Z 1000d1e0 f i Render.obj
 0001:0000c210       ?GetnNodes@CDrFE2D@@QAEFXZ 1000d210 f i Render.obj
 0001:0000c230       ?SetnNodes@CDrFE2D@@QAEXF@Z 1000d230 f i Render.obj
 0001:0000c260       ?GetnEdgeNodes@CDrFE2D@@QAEFXZ 1000d260 f i Render.obj
 0001:0000c280       ?SetnEdgeNodes@CDrFE2D@@QAEXF@Z 1000d280 f i Render.obj
 0001:0000c2b0       ?GetElNumID@CDrFE2D@@QAEAAVCString@@XZ 1000d2b0 f i Render.obj
 0001:0000c2d0       ?SetElNumID@CDrFE2D@@QAEXVCString@@@Z 1000d2d0 f i Render.obj
 0001:0000c330       ?GetElTypeID@CDrFE2D@@QAEAAVCString@@XZ 1000d330 f i Render.obj
 0001:0000c350       ?SetElTypeID@CDrFE2D@@QAEXVCString@@@Z 1000d350 f i Render.obj
 0001:0000c3b0       ?Getline_id@CDrFE2D@@QAEAAVCString@@XZ 1000d3b0 f i Render.obj
 0001:0000c3d0       ?Setline_id@CDrFE2D@@QAEXVCString@@@Z 1000d3d0 f i Render.obj
 0001:0000c430       ?Getpid@CDrFE2D@@QAEAAVCString@@XZ 1000d430 f i Render.obj
 0001:0000c450       ?Setpid@CDrFE2D@@QAEXVCString@@@Z 1000d450 f i Render.obj
 0001:0000c4b0       ?Getmid@CDrFE2D@@QAEAAVCString@@XZ 1000d4b0 f i Render.obj
 0001:0000c4d0       ?Setmid@CDrFE2D@@QAEXVCString@@@Z 1000d4d0 f i Render.obj
 0001:0000c530       ?GetElNum@CDrFE2D@@QAEIXZ  1000d530 f i Render.obj
 0001:0000c550       ?SetElNum@CDrFE2D@@QAEXI@Z 1000d550 f i Render.obj
 0001:0000c580       ?GetElTypeNum@CDrFE2D@@QAEIXZ 1000d580 f i Render.obj
 0001:0000c5a0       ?SetElTypeNum@CDrFE2D@@QAEXI@Z 1000d5a0 f i Render.obj
 0001:0000c5d0       ?Getline_no@CDrFE2D@@QAEIXZ 1000d5d0 f i Render.obj
 0001:0000c5f0       ?Setline_no@CDrFE2D@@QAEXI@Z 1000d5f0 f i Render.obj
 0001:0000c620       ?Getprop@CDrFE2D@@QAEIXZ   1000d620 f i Render.obj
 0001:0000c640       ?Setprop@CDrFE2D@@QAEXI@Z  1000d640 f i Render.obj
 0001:0000c670       ?Getmat@CDrFE2D@@QAEIXZ    1000d670 f i Render.obj
 0001:0000c690       ?Setmat@CDrFE2D@@QAEXI@Z   1000d690 f i Render.obj
 0001:0000c6c0       ?Getnumseg@CDrFE2D@@QAEIXZ 1000d6c0 f i Render.obj
 0001:0000c6e0       ?Setnumseg@CDrFE2D@@QAEXI@Z 1000d6e0 f i Render.obj
 0001:0000c710       ?GetRefTemp@CDrFE2D@@QAENXZ 1000d710 f i Render.obj
 0001:0000c730       ?SetRefTemp@CDrFE2D@@QAEXN@Z 1000d730 f i Render.obj
 0001:0000c760       ?GetCardNo@CDrFE2D@@QAEIXZ 1000d760 f i Render.obj
 0001:0000c780       ?SetCardNo@CDrFE2D@@QAEXI@Z 1000d780 f i Render.obj
 0001:0000c7b0       ?GetCenter@CDrFE2D@@UAE?AUtagPOINT@@XZ 1000d7b0 f i Render.obj
 0001:0000c7e0       ?SetCenter@CDrFE2D@@UAEXUtagPOINT@@@Z 1000d7e0 f i Render.obj
 0001:0000c810       ?IsPosiEdge@CDrFE2D@@QAEHH@Z 1000d810 f i Render.obj
 0001:0000c840       ?SetPosiEdge@CDrFE2D@@QAEXHH@Z 1000d840 f i Render.obj
 0001:0000c870       ?Getrid@CDrFE2D@@UAEAAVCString@@H@Z 1000d870 f i Render.obj
 0001:0000c8a0       ?Setrid@CDrFE2D@@UAEXVCString@@H@Z 1000d8a0 f i Render.obj
 0001:0000c900       ?Getrel@CDrFE2D@@UAEIH@Z   1000d900 f i Render.obj
 0001:0000c930       ?Setrel@CDrFE2D@@UAEXIH@Z  1000d930 f i Render.obj
 0001:0000c960       ?GetnCorners@CDrFE2D@@UAEFXZ 1000d960 f i Render.obj
 0001:0000c980       ?SetnCorners@CDrFE2D@@UAEXF@Z 1000d980 f i Render.obj
 0001:0000c9b0       ?GetnEdges@CDrFE2D@@UAEFXZ 1000d9b0 f i Render.obj
 0001:0000c9d0       ?SetnEdges@CDrFE2D@@UAEXF@Z 1000d9d0 f i Render.obj
 0001:0000ca00       ?GetElDegree@CDrFE2D@@UAE?AW4ELEM_DEGREE@@XZ 1000da00 f i Render.obj
 0001:0000ca20       ?SetElDegree@CDrFE2D@@UAEXW4ELEM_DEGREE@@@Z 1000da20 f i Render.obj
 0001:0000ca50       ?GetEdgeDegrees@CDrFE2D@@UAEFH@Z 1000da50 f i Render.obj
 0001:0000ca80       ?SetEdgeDegrees@CDrFE2D@@UAEXFH@Z 1000da80 f i Render.obj
 0001:0000cab0       ?GetThkness@CDrFE2D@@UAENXZ 1000dab0 f i Render.obj
 0001:0000cad0       ?SetThkness@CDrFE2D@@UAEXN@Z 1000dad0 f i Render.obj
 0001:0000cb00       ?CreateObject@CRender@@SGPAVCObject@@XZ 1000db00 f   Render.obj
 0001:0000cb70       ?_GetBaseClass@CRender@@KGPAUCRuntimeClass@@XZ 1000db70 f   Render.obj
 0001:0000cb90       ?GetRuntimeClass@CRender@@UBEPAUCRuntimeClass@@XZ 1000db90 f   Render.obj
 0001:0000cbf0       ??0AFX_CLASSINIT@@QAE@PAUCRuntimeClass@@@Z 1000dbf0 f i Render.obj
 0001:0000cc20       ??5@YGAAVCArchive@@AAV0@AAPAVCRender@@@Z 1000dc20 f   Render.obj
 0001:0000cc50       ??0CRender@@QAE@XZ         1000dc50 f   Render.obj
 0001:0000ccb0       ?GetPolyList@CRender@@UAEPAVCDListMgr@@XZ 1000dcb0 f i Render.obj
 0001:0000ccd0       ??_ECRender@@UAEPAXI@Z     1000dcd0 f i Render.obj
 0001:0000ccd0       ??_GCRender@@UAEPAXI@Z     1000dcd0 f i Render.obj
 0001:0000cd10       ??1CRender@@UAE@XZ         1000dd10 f i Render.obj
 0001:0000cd70       ??1CTextures@@UAE@XZ       1000dd70 f i Render.obj
 0001:0000cda0       ??_GCTextures@@UAEPAXI@Z   1000dda0 f i Render.obj
 0001:0000cda0       ??_ECTextures@@UAEPAXI@Z   1000dda0 f i Render.obj
 0001:0000cde0       ?Init@CRender@@UAEHPAVCRect@@PAULTENVIRON@@@Z 1000dde0 f   Render.obj
 0001:0000cea0       ?InitScan@CRender@@UAEHH@Z 1000dea0 f   Render.obj
 0001:0000cf30       ?TermRender@CRender@@UAEXXZ 1000df30 f   Render.obj
 0001:0000cf70       ?SetShadow@CRender@@UAEXH@Z 1000df70 f   Render.obj
 0001:0000cfa0       ?IsShadowOn@CRender@@UAEHXZ 1000dfa0 f   Render.obj
 0001:0000cfc0       ?SetAntiAlias@CRender@@UAEXH@Z 1000dfc0 f   Render.obj
 0001:0000cff0       ?IsAntiAliasingOn@CRender@@UAEHXZ 1000dff0 f   Render.obj
 0001:0000d010       ?AddToPolyList@CRender@@UAEXPAVCDrObject@@@Z 1000e010 f   Render.obj
 0001:0000d040       ?DisposePolyList@CRender@@UAEXXZ 1000e040 f   Render.obj
 0001:0000d060       ?RenderPolyList@CRender@@UAEXH@Z 1000e060 f   Render.obj
 0001:0000d080       ?RenderPolygon_FULL@CRender@@UAEHPAVCClientDC@@PAVCDrObject@@H@Z 1000e080 f   Render.obj
 0001:0000d160       ?RenderScanLines@CRender@@UAEHPAVCClientDC@@@Z 1000e160 f   Render.obj
 0001:0000d1f0       ?RenderSpan_FULL@CRender@@UAEXPAVCClientDC@@HPAUscanspan@@@Z 1000e1f0 f   Render.obj
 0001:0000d7a0       ?RenderPixel_FULL@CRender@@UAEXPAVCClientDC@@HHUWORLD@@11H@Z 1000e7a0 f   Render.obj
 0001:0000d960       ?DoAntiAliasing@CRender@@UAEHXZ 1000e960 f   Render.obj
 0001:0000d980       ?EvaluateColor_FULL@CRender@@UAE?AURGBCOLOR@@HHUWORLD@@00H@Z 1000e980 f   Render.obj
 0001:0000ddd0       ?EvaluateColor_LF@CRender@@UAE?AURGBCOLOR@@UWORLD@@0N@Z 1000edd0 f   Render.obj
 0001:0000e020       ?Opaqueness@CRender@@UAE?AURGBCOLOR@@PAU2@0N@Z 1000f020 f   Render.obj
 0001:0000e0a0       ?Transparency@CRender@@UAE?AURGBCOLOR@@PAU2@0N@Z 1000f0a0 f   Render.obj
 0001:0000e120       ?BuildEdgeList@CRender@@UAEXPAVCDrObject@@H@Z 1000f120 f   Render.obj
 0001:0000e250       ?AddToEdgeList@CRender@@UAEXPAVCDrObject@@00H@Z 1000f250 f   Render.obj
 0001:0000e850       ?AdjacentPoly@CRender@@UAEHPAVCDrObject@@0@Z 1000f850 f   Render.obj
 0001:0000e870       ?AddToEdgeList_LF@CRender@@UAEXPAVCDrObject@@00H@Z 1000f870 f   Render.obj
 0001:0000eb20       ?InShadow@CRender@@UAEHPAUWORLD@@NPAULTSOURCE@@PAN@Z 1000fb20 f   Render.obj
 0001:0000eb40       ?DepthSort@CRender@@UAEXPAVCDListMgr@@H@Z 1000fb40 f   Render.obj
 0001:0000ed10       ?RenderPolyline_Z@CRender@@UAEXPAVCClientDC@@FPAUtagPOINT@@PAUWORLD@@K@Z 1000fd10 f   Render.obj
 0001:0000eda0       ?RenderLine_Z@CRender@@UAEXPAVCClientDC@@UtagPOINT@@1PAUWORLD@@2K@Z 1000fda0 f   Render.obj
 0001:0000f080       ?RenderPixel_Z@CRender@@UAEXPAVCClientDC@@HHNK@Z 10010080 f   Render.obj
 0001:0000f110       ?LightUpScanSpan@CRender@@UAEXPAVCClientDC@@HHH@Z 10010110 f   Render.obj
 0001:0000f150       ?LightUpPixel@CRender@@UAEKPAVCClientDC@@HHK@Z 10010150 f   Render.obj
 0001:0000f180       ?GetCPixel@CRender@@UAEXPAVCClientDC@@HHPAURGBCOLOR@@@Z 10010180 f   Render.obj
 0001:0000f210       ?SetCPixel@CRender@@UAEXPAVCClientDC@@HHPAURGBCOLOR@@@Z 10010210 f   Render.obj
 0001:0000f290       ?ClippedByZBuffer@CRender@@UAEHPAVCDrObject@@@Z 10010290 f   Render.obj
[...]
 0002:000025f8       __real@8@3ffd99999a0000000000 100245f8     Textures.obj
 0002:00002600       __real@8@3ffc9d89dbb6749bb000 10024600     Textures.obj
 0002:00002608       __real@4@4002a800000000000000 10024608     Textures.obj
 0002:00002610       __real@8@3ffaf0f0f10000000000 10024610     Textures.obj
 0002:00002618       __real@8@3ffcccccccccccccd000 10024618     Textures.obj
 0002:00002620       __real@8@4001e000000000000000 10024620     Textures.obj
 0002:00002628       __real@8@3ff9a3d70a3d70a3d800 10024628     Textures.obj
 0002:00002630       __real@8@3ff583126e978d4fe000 10024630     Textures.obj
 0002:00002638       __real@8@3fe189705f4136b4a800 10024638     Textures.obj
 0002:00002640       ??_C@_0BH@BKCM@?5Textures?3?5?5?5?5Loading?6?$AA@ 10024640     Textures.obj
 0002:00002658       ??_C@_0BH@NNHK@?5Textures?3?5?5?5?5Storing?6?$AA@ 10024658     Textures.obj
 0002:00002670       ??_C@_0BH@IEKN@View?4DLL?5Terminating?$CB?6?$AA@ 10024670     Viewdll.obj
 0002:00002688       ??_C@_02DILL@?$CFs?$AA@    10024688     Viewdll.obj
 0002:0000268c       ??_C@_0BI@CJBP@View?4DLL?5Initializing?$CB?6?$AA@ 1002468c     Viewdll.obj
 0002:000026a8       ?messageMap@CViewInfo@@1UAFX_MSGMAP@@B 100246a8     Viewinfo.obj
 0002:000026b0       ?_messageEntries@CViewInfo@@0QBUAFX_MSGMAP_ENTRY@@B 100246b0     Viewinfo.obj
 0002:00002728       ??_C@_08OKPH@Image2Up?$AA@ 10024728     Viewinfo.obj
 0002:00002734       ??_C@_0L@KCBH@Image2Down?$AA@ 10024734     Viewinfo.obj
 0002:00002740       ??_C@_0M@DMDD@Image2Focus?$AA@ 10024740     Viewinfo.obj
 0002:0000274c       ??_C@_08BMMM@Image1Up?$AA@ 1002474c     Viewinfo.obj
 0002:00002758       ??_C@_0L@ECHI@Image1Down?$AA@ 10024758     Viewinfo.obj
 0002:00002764       ??_C@_0M@ICND@Image1Focus?$AA@ 10024764     Viewinfo.obj
 0002:00002774       ??_7CViewInfo@@6B@         10024774     Viewinfo.obj
 0002:0000284c       ??_C@_08OIJK@CZBuffer?$AA@ 1002484c     Zbuffer.obj
 0002:0000285c       ??_7CZBuffer@@6B@          1002485c     Zbuffer.obj
 0002:000028a8       __real@8@c0008000000000000000 100248a8     Zbuffer.obj
 0002:000028b0       ??_C@_0BG@NOCD@?5ZBuffer?3?5?5?5?5Loading?6?$AA@ 100248b0     Zbuffer.obj
 0002:000028c8       ??_C@_0BG@BJHF@?5ZBuffer?3?5?5?5?5Storing?6?$AA@ 100248c8     Zbuffer.obj
 0002:000028e0       _IID_IDocHostUIHandlerDispatch 100248e0     mfcs42d:stdafx.obj
 0002:000028f0       _IID_IInternalConnection   100248f0     mfcs42d:stdafx.obj
 0002:00002900       _IID_IAxWinAmbientDispatch 10024900     mfcs42d:stdafx.obj
 0002:00002910       _IID_IAxWinHostWindow      10024910     mfcs42d:stdafx.obj
 0002:00002920       _IID_IRegistrar            10024920     mfcs42d:stdafx.obj
 0002:00002930       _CLSID_Registrar           10024930     mfcs42d:stdafx.obj
 0002:00002940       _LIBID_ATLLib              10024940     mfcs42d:stdafx.obj
 0002:00002954       ??_7type_info@@6B@         10024954     msvcrtd:ti_inst.obj
 0002:00002974       ??_C@_08JKC@crtdll?4c?$AA@ 10024974     msvcrtd:crtdll.obj
 0002:00002980       ??_R1A@?0A@A@CObject@@8    10024980     Ax_wire0.obj
 0002:00002998       ??_R1A@?0A@A@C3DMath@@8    10024998     Ax_wire0.obj
 0002:000029b0       ??_R2C3DMath@@8            100249b0     Ax_wire0.obj
 0002:000029c0       ??_R3C3DMath@@8            100249c0     Ax_wire0.obj
 0002:000029d0       ??_R4C3DMath@@6B@          100249d0     Ax_wire0.obj
 0002:000029e8       ??_R1A@?0A@A@CMatObj@@8    100249e8     Ax_wire0.obj
 0002:00002a00       ??_R2CMatObj@@8            10024a00     Ax_wire0.obj
 0002:00002a10       ??_R3CMatObj@@8            10024a10     Ax_wire0.obj
 0002:00002a20       ??_R4CMatObj@@6B@          10024a20     Ax_wire0.obj
 0002:00002a38       ??_R1A@?0A@A@CDrObject@@8  10024a38     Ax_wire0.obj
 0002:00002a50       ??_R1A@?0A@A@CBooleans@@8  10024a50     Ax_wire0.obj
 0002:00002a68       ??_R2CBooleans@@8          10024a68     Ax_wire0.obj
 0002:00002a78       ??_R3CBooleans@@8          10024a78     Ax_wire0.obj
 0002:00002a88       ??_R4CBooleans@@6B@        10024a88     Ax_wire0.obj
 0002:00002aa0       ??_R1A@?0A@A@CDataWindow@@8 10024aa0     Ax_wire0.obj
 0002:00002ab8       ??_R2CDataWindow@@8        10024ab8     Ax_wire0.obj
 0002:00002ac8       ??_R3CDataWindow@@8        10024ac8     Ax_wire0.obj
 0002:00002ad8       ??_R4CDataWindow@@6B@      10024ad8     Ax_wire0.obj
 0002:00002af0       ??_R1A@?0A@A@CDrFont@@8    10024af0     Ax_wire0.obj
 0002:00002b08       ??_R2CDrFont@@8            10024b08     Ax_wire0.obj
 0002:00002b18       ??_R3CDrFont@@8            10024b18     Ax_wire0.obj
 0002:00002b28       ??_R4CDrFont@@6B@          10024b28     Ax_wire0.obj
 0002:00002b40       ??_R1A@?0A@A@CDrPen@@8     10024b40     Ax_wire0.obj
 0002:00002b58       ??_R2CDrPen@@8             10024b58     Ax_wire0.obj
 0002:00002b68       ??_R3CDrPen@@8             10024b68     Ax_wire0.obj
 0002:00002b78       ??_R4CDrPen@@6B@           10024b78     Ax_wire0.obj
 0002:00002b90       ??_R1A@?0A@A@CHitNet@@8    10024b90     Ax_wire0.obj
 0002:00002ba8       ??_R2CHitNet@@8            10024ba8     Ax_wire0.obj
 0002:00002bb8       ??_R3CHitNet@@8            10024bb8     Ax_wire0.obj
 0002:00002bc8       ??_R4CHitNet@@6B@          10024bc8     Ax_wire0.obj
 0002:00002be0       ??_R1A@?0A@A@CLayer@@8     10024be0     Ax_wire0.obj
 0002:00002bf8       ??_R2CLayer@@8             10024bf8     Ax_wire0.obj
 0002:00002c08       ??_R3CLayer@@8             10024c08     Ax_wire0.obj
 0002:00002c18       ??_R4CLayer@@6B@           10024c18     Ax_wire0.obj
 0002:00002c30       ??_R1A@?0A@A@CPatchMnu@@8  10024c30     Ax_wire0.obj
 0002:00002c48       ??_R2CPatchMnu@@8          10024c48     Ax_wire0.obj
 0002:00002c58       ??_R3CPatchMnu@@8          10024c58     Ax_wire0.obj
 0002:00002c68       ??_R4CPatchMnu@@6B@        10024c68     Ax_wire0.obj
 0002:00002c80       ??_R1A@?0A@A@CObj3DMnu@@8  10024c80     Ax_wire0.obj
 0002:00002c98       ??_R2CObj3DMnu@@8          10024c98     Ax_wire0.obj
 0002:00002ca8       ??_R3CObj3DMnu@@8          10024ca8     Ax_wire0.obj
 0002:00002cb8       ??_R4CObj3DMnu@@6B@        10024cb8     Ax_wire0.obj
 0002:00002cd0       ??_R1A@?0A@A@CMapFactor@@8 10024cd0     Ax_wire0.obj
 0002:00002ce8       ??_R2CMapFactor@@8         10024ce8     Ax_wire0.obj
 0002:00002cf8       ??_R3CMapFactor@@8         10024cf8     Ax_wire0.obj
 0002:00002d08       ??_R4CMapFactor@@6B@       10024d08     Ax_wire0.obj
 0002:00002d20       ??_R1A@?0A@A@CPrecision@@8 10024d20     Ax_wire0.obj
 0002:00002d38       ??_R2CPrecision@@8         10024d38     Ax_wire0.obj
 0002:00002d48       ??_R3CPrecision@@8         10024d48     Ax_wire0.obj
 0002:00002d58       ??_R4CPrecision@@6B@       10024d58     Ax_wire0.obj
 0002:00002d70       ??_R1A@?0A@A@CScaleFactor@@8 10024d70     Ax_wire0.obj
 0002:00002d88       ??_R2CScaleFactor@@8       10024d88     Ax_wire0.obj
 0002:00002d98       ??_R3CScaleFactor@@8       10024d98     Ax_wire0.obj
 0002:00002da8       ??_R4CScaleFactor@@6B@     10024da8     Ax_wire0.obj
 0002:00002dc0       ??_R1A@?0A@A@CUnit@@8      10024dc0     Ax_wire0.obj
 0002:00002dd8       ??_R2CUnit@@8              10024dd8     Ax_wire0.obj
 0002:00002de8       ??_R3CUnit@@8              10024de8     Ax_wire0.obj
 0002:00002df8       ??_R4CUnit@@6B@            10024df8     Ax_wire0.obj
 0002:00002e10       ??_R1A@?0A@A@CElemInfo@@8  10024e10     Ax_wire0.obj
 0002:00002e28       ??_R2CElemInfo@@8          10024e28     Ax_wire0.obj
 0002:00002e38       ??_R3CElemInfo@@8          10024e38     Ax_wire0.obj
 0002:00002e48       ??_R4CElemInfo@@6B@        10024e48     Ax_wire0.obj
 0002:00002e60       ??_R1A@?0A@A@CDrLabel@@8   10024e60     Ax_wire0.obj
 0002:00002e78       ??_R2CDrLabel@@8           10024e78     Ax_wire0.obj
 0002:00002e88       ??_R3CDrLabel@@8           10024e88     Ax_wire0.obj
 0002:00002e98       ??_R4CDrLabel@@6B@         10024e98     Ax_wire0.obj
 0002:00002eb0       ??_R1A@?0A@A@CAxWire_0@@8  10024eb0     Ax_wire0.obj
 0002:00002ec8       ??_R2CAxWire_0@@8          10024ec8     Ax_wire0.obj
 0002:00002ed8       ??_R3CAxWire_0@@8          10024ed8     Ax_wire0.obj
 0002:00002ee8       ??_R4CAxWire_0@@6B@        10024ee8     Ax_wire0.obj
 0002:00002f00       ??_R1A@?0A@A@CAxis@@8      10024f00     Axisdraw.obj
 0002:00002f18       ??_R2CAxis@@8              10024f18     Axisdraw.obj
 0002:00002f28       ??_R3CAxis@@8              10024f28     Axisdraw.obj
 0002:00002f38       ??_R4CAxis@@6B@            10024f38     Axisdraw.obj
 0002:00002f50       ??_R1A@?0A@A@CCmdTarget@@8 10024f50     Axisdraw.obj
 0002:00002f68       ??_R1A@?0A@A@CWnd@@8       10024f68     Axisdraw.obj
 0002:00002f80       ??_R1A@?0A@A@CAxisDraw@@8  10024f80     Axisdraw.obj
 0002:00002f98       ??_R2CAxisDraw@@8          10024f98     Axisdraw.obj
 0002:00002fb0       ??_R3CAxisDraw@@8          10024fb0     Axisdraw.obj
 0002:00002fc0       ??_R4CAxisDraw@@6B@        10024fc0     Axisdraw.obj
 0002:00002fd8       ??_R1A@?0A@A@CGdiObject@@8 10024fd8     Colorpal.obj
 0002:00002ff0       ??_R1A@?0A@A@CPalette@@8   10024ff0     Colorpal.obj
 0002:00003008       ??_R1A@?0A@A@CColorPal@@8  10025008     Colorpal.obj
 0002:00003020       ??_R2CColorPal@@8          10025020     Colorpal.obj
 0002:00003038       ??_R3CColorPal@@8          10025038     Colorpal.obj
 0002:00003048       ??_R4CColorPal@@6B@        10025048     Colorpal.obj
 0002:00003060       ??_R1A@?0A@A@CXForm@@8     10025060     Light.obj
 0002:00003078       ??_R2CXForm@@8             10025078     Light.obj
 0002:00003088       ??_R3CXForm@@8             10025088     Light.obj
 0002:00003098       ??_R4CXForm@@6B@           10025098     Light.obj
 0002:000030b0       ??_R1A@?0A@A@CLight@@8     100250b0     Light.obj
 0002:000030c8       ??_R2CLight@@8             100250c8     Light.obj
 0002:000030d8       ??_R3CLight@@8             100250d8     Light.obj
 0002:000030e8       ??_R4CLight@@6B@           100250e8     Light.obj
 0002:00003100       ??_R1A@?0A@A@CRender@@8    10025100     Render.obj
 0002:00003118       ??_R2CRender@@8            10025118     Render.obj
 0002:00003128       ??_R3CRender@@8            10025128     Render.obj
 0002:00003138       ??_R4CRender@@6B@          10025138     Render.obj
 0002:00003150       ??_R1A@?0A@A@CTextures@@8  10025150     Render.obj
 0002:00003168       ??_R2CTextures@@8          10025168     Render.obj
 0002:00003178       ??_R3CTextures@@8          10025178     Render.obj
 0002:00003188       ??_R4CTextures@@6B@        10025188     Render.obj
 0002:000031a0       ??_R1A@?0A@A@CWire_0@@8    100251a0     Rn_wire0.obj
 0002:000031b8       ??_R2CWire_0@@8            100251b8     Rn_wire0.obj
 0002:000031c8       ??_R3CWire_0@@8            100251c8     Rn_wire0.obj
 0002:000031d8       ??_R4CWire_0@@6B@          100251d8     Rn_wire0.obj
 0002:000031f0       ??_R1A@?0A@A@CTriangle@@8  100251f0     Rn_wire1.obj
 0002:00003208       ??_R2CTriangle@@8          10025208     Rn_wire1.obj
 0002:00003218       ??_R3CTriangle@@8          10025218     Rn_wire1.obj
 0002:00003228       ??_R4CTriangle@@6B@        10025228     Rn_wire1.obj
 0002:00003240       ??_R1A@?0A@A@CWire_1@@8    10025240     Rn_wire1.obj
 0002:00003258       ??_R2CWire_1@@8            10025258     Rn_wire1.obj
 0002:00003268       ??_R3CWire_1@@8            10025268     Rn_wire1.obj
 0002:00003278       ??_R4CWire_1@@6B@          10025278     Rn_wire1.obj
 0002:00003290       ??_R1A@?0A@A@?$CList@HH@@8 10025290     Rn_wire1.obj
 0002:000032a8       ??_R2?$CList@HH@@8         100252a8     Rn_wire1.obj
 0002:000032b8       ??_R3?$CList@HH@@8         100252b8     Rn_wire1.obj
 0002:000032c8       ??_R4?$CList@HH@@6B@       100252c8     Rn_wire1.obj
 0002:000032e0       ??_R1A@?0A@A@CWire_2@@8    100252e0     Rn_wire2.obj
 0002:000032f8       ??_R2CWire_2@@8            100252f8     Rn_wire2.obj
 0002:00003308       ??_R3CWire_2@@8            10025308     Rn_wire2.obj
 0002:00003318       ??_R4CWire_2@@6B@          10025318     Rn_wire2.obj
 0002:00003330       ??_R1A@?0A@A@CDialog@@8    10025330     Viewinfo.obj
 0002:00003348       ??_R1A@?0A@A@CViewInfo@@8  10025348     Viewinfo.obj
 0002:00003360       ??_R2CViewInfo@@8          10025360     Viewinfo.obj
 0002:00003378       ??_R3CViewInfo@@8          10025378     Viewinfo.obj
 0002:00003388       ??_R4CViewInfo@@6B@        10025388     Viewinfo.obj
 0002:000033a0       ??_R1A@?0A@A@CZBuffer@@8   100253a0     Zbuffer.obj
 0002:000033b8       ??_R2CZBuffer@@8           100253b8     Zbuffer.obj
 0002:000033c8       ??_R3CZBuffer@@8           100253c8     Zbuffer.obj
 0002:000033d8       ??_R4CZBuffer@@6B@         100253d8     Zbuffer.obj
 0002:000033f0       ??_R1A@?0A@A@type_info@@8  100253f0     msvcrtd:ti_inst.obj
 0002:00003408       ??_R2type_info@@8          10025408     msvcrtd:ti_inst.obj
 0002:00003410       ??_R3type_info@@8          10025410     msvcrtd:ti_inst.obj
 0002:00003420       ??_R4type_info@@6B@        10025420     msvcrtd:ti_inst.obj
 0002:00004008       __IMPORT_DESCRIPTOR_Dr3D_D32 10026008     Dr3D_D32:Dr3D_D32.dll
 0002:0000401c       __IMPORT_DESCRIPTOR_Spec_D32 1002601c     Spec_D32:Spec_D32.dll
 0002:00004030       __IMPORT_DESCRIPTOR_Elem_D32 10026030     Elem_D32:Elem_D32.dll
 0002:00004044       __IMPORT_DESCRIPTOR_Draw_D32 10026044     Draw_D32:Draw_D32.dll
 0002:00004058       __IMPORT_DESCRIPTOR_OGEN_D32 10026058     OGen_D32:OGEN_D32.dll
 0002:0000406c       __IMPORT_DESCRIPTOR_OMgr_D32 1002606c     OMgr_d32:OMgr_D32.dll
 0002:00004080       __IMPORT_DESCRIPTOR_MFC42D 10026080     mfc42d:MFC42D.DLL
 0002:00004094       __IMPORT_DESCRIPTOR_MSVCRTD 10026094     msvcrtd:MSVCRTD.dll
 0002:000040a8       __IMPORT_DESCRIPTOR_KERNEL32 100260a8     kernel32:KERNEL32.dll
 0002:000040bc       __IMPORT_DESCRIPTOR_USER32 100260bc     user32:USER32.dll
 0002:000040d0       __NULL_IMPORT_DESCRIPTOR   100260d0     Dr3D_D32:Dr3D_D32.dll
 0003:00000000       ___xc_a                    1003c000     msvcrtd:cinitexe.obj
 0003:00000010       ___xc_z                    1003c010     msvcrtd:cinitexe.obj
 0003:00000014       ___xi_a                    1003c014     msvcrtd:cinitexe.obj
 0003:00000018       ___xi_z                    1003c018     msvcrtd:cinitexe.obj
 0003:00000050       ??_R0?AVCObject@@@8        1003c050     Ax_wire0.obj
 0003:00000068       ??_R0?AVC3DMath@@@8        1003c068     Ax_wire0.obj
 0003:00000080       ??_R0?AVCMatObj@@@8        1003c080     Ax_wire0.obj
 0003:00000098       ??_R0?AVCDrObject@@@8      1003c098     Ax_wire0.obj
 0003:000000b0       ??_R0?AVCBooleans@@@8      1003c0b0     Ax_wire0.obj
 0003:000000c8       ??_R0?AVCDataWindow@@@8    1003c0c8     Ax_wire0.obj
 0003:000000e8       ??_R0?AVCDrFont@@@8        1003c0e8     Ax_wire0.obj
 0003:00000100       ??_R0?AVCDrPen@@@8         1003c100     Ax_wire0.obj
 0003:00000118       ??_R0?AVCHitNet@@@8        1003c118     Ax_wire0.obj
 0003:00000130       ??_R0?AVCLayer@@@8         1003c130     Ax_wire0.obj
 0003:00000148       ??_R0?AVCPatchMnu@@@8      1003c148     Ax_wire0.obj
 0003:00000160       ??_R0?AVCObj3DMnu@@@8      1003c160     Ax_wire0.obj
 0003:00000178       ??_R0?AVCMapFactor@@@8     1003c178     Ax_wire0.obj
 0003:00000198       ??_R0?AVCPrecision@@@8     1003c198     Ax_wire0.obj
 0003:000001b8       ??_R0?AVCScaleFactor@@@8   1003c1b8     Ax_wire0.obj
 0003:000001d8       ??_R0?AVCUnit@@@8          1003c1d8     Ax_wire0.obj
 0003:000001f0       ??_R0?AVCElemInfo@@@8      1003c1f0     Ax_wire0.obj
 0003:00000208       ??_R0?AVCDrLabel@@@8       1003c208     Ax_wire0.obj
 0003:00000220       ??_R0?AVCAxWire_0@@@8      1003c220     Ax_wire0.obj
 0003:00000258       ??_R0?AVCAxis@@@8          1003c258     Axisdraw.obj
 0003:00000270       ??_R0?AVCCmdTarget@@@8     1003c270     Axisdraw.obj
 0003:00000290       ??_R0?AVCWnd@@@8           1003c290     Axisdraw.obj
 0003:000002a8       ??_R0?AVCAxisDraw@@@8      1003c2a8     Axisdraw.obj
 0003:000002c0       ??_R0?AVCGdiObject@@@8     1003c2c0     Colorpal.obj
 0003:000002e0       ??_R0?AVCPalette@@@8       1003c2e0     Colorpal.obj
 0003:000002f8       ??_R0?AVCColorPal@@@8      1003c2f8     Colorpal.obj
 0003:00000330       ??_R0?AVCXForm@@@8         1003c330     Light.obj
 0003:00000348       ??_R0?AVCLight@@@8         1003c348     Light.obj
 0003:00000390       ?classCRender@CRender@@2UCRuntimeClass@@A 1003c390     Render.obj
 0003:000003a8       ??_R0?AVCRender@@@8        1003c3a8     Render.obj
 0003:000003c0       ??_R0?AVCTextures@@@8      1003c3c0     Render.obj
 0003:00000408       ??_R0?AVCWire_0@@@8        1003c408     Rn_wire0.obj
 0003:00000450       ??_R0?AVCTriangle@@@8      1003c450     Rn_wire1.obj
 0003:00000468       ??_R0?AVCWire_1@@@8        1003c468     Rn_wire1.obj
 0003:00000480       ??_R0?AV?$CList@HH@@@8     1003c480     Rn_wire1.obj
 0003:000004c8       ??_R0?AVCWire_2@@@8        1003c4c8     Rn_wire2.obj
 0003:000004e0       ?classCTextures@CTextures@@2UCRuntimeClass@@A 1003c4e0     Textures.obj
 0003:00000518       __pRawDllMain              1003c518     Viewdll.obj
 0003:00000540       ??_R0?AVCDialog@@@8        1003c540     Viewinfo.obj
 0003:00000558       ??_R0?AVCViewInfo@@@8      1003c558     Viewinfo.obj
 0003:00000570       ?classCZBuffer@CZBuffer@@2UCRuntimeClass@@A 1003c570     Zbuffer.obj
 0003:00000588       ??_R0?AVCZBuffer@@@8       1003c588     Zbuffer.obj
 0003:000005a0       ?GUID_ATLVer30@ATL@@3U_GUID@@A 1003c5a0     mfcs42d:stdafx.obj
 0003:000005b0       ??_R0?AVtype_info@@@8      1003c5b0     msvcrtd:ti_inst.obj
 0003:000005d0       ?accretingPalettes@@3HA    1003c5d0     Colorpal.obj
 0003:000005d4       ?nAPE@@3JA                 1003c5d4     Colorpal.obj
 0003:000005d8       ?pAPE@@3PAUtACRPALENTRY@@A 1003c5d8     Colorpal.obj
 0003:000005dc       ?MAXH@@3FA                 1003c5dc     Render.obj
 0003:000005de       ?MAXV@@3FA                 1003c5de     Render.obj
 0003:000005e0       ?MINH@@3FA                 1003c5e0     Render.obj
 0003:000005e2       ?MINV@@3FA                 1003c5e2     Render.obj
 0003:000005e4       ?_init_CRender@@3UAFX_CLASSINIT@@A 1003c5e4     Render.obj
 0003:000005e8       ?_init_CTextures@@3UAFX_CLASSINIT@@A 1003c5e8     Textures.obj
 0003:000005f0       __afxForceEXTDLL           1003c5f0     Viewdll.obj
 0003:000005f8       ?extensionView_DLL@@3UAFX_EXTENSION_MODULE@@A 1003c5f8     Viewdll.obj
 0003:0000060c       ?_init_CZBuffer@@3UAFX_CLASSINIT@@A 1003c60c     Zbuffer.obj
 0003:00000610       __afxForceEXCLUDE          1003c610     mfcs42d:nolib.obj
 0003:00000614       ?ATL_CREATE_OBJECT@CComApartment@ATL@@2IA 1003c614     mfcs42d:stdafx.obj
 0003:00000618       ?m_libid@CComModule@ATL@@2U_GUID@@A 1003c618     mfcs42d:stdafx.obj
 0003:00000628       ?_pModule@ATL@@3PAVCComModule@1@A 1003c628     mfcs42d:stdafx.obj
 0003:0000062c       __afxForceSTDAFX           1003c62c     mfcs42d:stdafx.obj
 0003:00000634       __adjust_fdiv              1003c634     <common>
 0003:00000638       ___onexitend               1003c638     <common>
 0003:0000063c       ___onexitbegin             1003c63c     <common>

 entry point at        0001:0001fb50

 Static symbols

 0001:0001e8b0       _$E195                     1001f8b0 f   Zbuffer.obj
 0001:0001e8d0       _$E194                     1001f8d0 f   Zbuffer.obj
 0001:0001c040       _$E197                     1001d040 f   Textures.obj
 0001:0001c060       _$E196                     1001d060 f   Textures.obj
 0001:0000cbb0       _$E306                     1000dbb0 f   Render.obj
 0001:0000cbd0       _$E305                     1000dbd0 f   Render.obj
 0001:0001f9e0       _$$$00001                  100209e0 f   msvcrtd:chkstk.obj
 0001:0001f9ec       probepages                 100209ec f   msvcrtd:chkstk.obj
 0001:0001fa00       lastpage                   10020a00 f   msvcrtd:chkstk.obj
 0001:0001f990       ?ArrayUnwindFilter@@YAHPAU_EXCEPTION_POINTERS@@@Z 10020990 f   msvcrtd:ehvecdtr.obj
