 Dbox_d32

 Timestamp is 444d7e73 (Mon Apr 24 18:42:11 2006)

 Preferred load address is 10000000

 Start         Length     Name                   Class
 0001:00000000 00017800H .text                   CODE
 0001:00017800 00000019H .text$AFX_COL1          CODE
 0001:00017820 000023b3H .text$AFX_CORE3         CODE
 0001:00019be0 000008f8H .text$AFX_INIT          CODE
 0001:0001a4e0 00000df5H .text$x                 CODE
 0002:00000000 00000690H .idata$5                DATA
 0002:00000690 00002fedH .rdata                  DATA
 0002:00003680 000010c8H .xdata$x                DATA
 0002:00004748 000000dcH .idata$2                DATA
 0002:00004824 00000014H .idata$3                DATA
 0002:00004838 00000690H .idata$4                DATA
 0002:00004ec8 000020bcH .idata$6                DATA
 0002:00006f90 00011dc7H .edata                  DATA
 0003:00000000 00000004H .CRT$XCA                DATA
 0003:00000004 00000008H .CRT$XCU                DATA
 0003:0000000c 00000004H .CRT$XCZ                DATA
 0003:00000010 00000004H .CRT$XIA                DATA
 0003:00000014 00000004H .CRT$XIZ                DATA
 0003:00000020 00000860H .data                   DATA
 0003:00000880 000000d0H .bss                    DATA
 0004:00000000 00000160H .rsrc$01                DATA
 0004:00000160 00006870H .rsrc$02                DATA

  Address         Publics by Value              Rva+Base     Lib:Object

 0001:00000000       ?GetProbLim@CMouse@@QAE?AW4PROBDIMLIM@@XZ 10001000 f i BoxWnd.obj
 0001:00000020       ?SetProbLim@CMouse@@QAEXW4PROBDIMLIM@@@Z 10001020 f i BoxWnd.obj
 0001:00000040       ?GetElemLim@CMouse@@QAE?AW4ELEMDIMLIM@@XZ 10001040 f i BoxWnd.obj
 0001:00000060       ?SetElemLim@CMouse@@QAEXW4ELEMDIMLIM@@@Z 10001060 f i BoxWnd.obj
 0001:00000080       ?GetCurrentThirdCoord@CMouse@@QAENXZ 10001080 f i BoxWnd.obj
 0001:000000a0       ?SetCurrentThirdCoord@CMouse@@QAEXN@Z 100010a0 f i BoxWnd.obj
 0001:000000d0       ?GetMouseWIC@CMouse@@QAE?AULPOINT3@@XZ 100010d0 f i BoxWnd.obj
 0001:00000110       ?GetMouseOldWIC@CMouse@@QAE?AULPOINT3@@XZ 10001110 f i BoxWnd.obj
 0001:00000150       ?GetScrolledMouseWIC2D@CMouse@@IAE?AULPOINT@@XZ 10001150 f i BoxWnd.obj
 0001:00000180       ?SetScrolledMouseWIC2D@CMouse@@IAEXULPOINT@@@Z 10001180 f i BoxWnd.obj
 0001:000001b0       ??1CDlg_NodI@@UAE@XZ       100011b0 f i BoxWnd.obj
 0001:00000220       ?Set3DPts@C3DMath@@QAEXPAULPOINT3@@JJJ@Z 10001220 f i BoxWnd.obj
 0001:00000250       ?Set3DPts@C3DMath@@QAEXPAUWORLD@@NNN@Z 10001250 f i BoxWnd.obj
 0001:000002a0       ?Len3DPts@C3DMath@@QAENPAUWORLD@@@Z 100012a0 f i BoxWnd.obj
 0001:000002f0       ??1C3DMath@@UAE@XZ         100012f0 f i BoxWnd.obj
 0001:00000320       ??_GC3DMath@@UAEPAXI@Z     10001320 f i BoxWnd.obj
 0001:00000360       ??_EC3DMath@@UAEPAXI@Z     10001360 f i BoxWnd.obj
 0001:000003e0       ?GetMatrix@CMatObj@@UAEPAUMATRIX@@XZ 100013e0 f i BoxWnd.obj
 0001:00000400       ?SetMatrix@CMatObj@@UAEXPAUMATRIX@@@Z 10001400 f i BoxWnd.obj
 0001:00000470       ?GetCurveLatch@CMatObj@@UAE?AW4CURVELATCH@@XZ 10001470 f i BoxWnd.obj
 0001:00000490       ?SetCurveLatch@CMatObj@@UAEXW4CURVELATCH@@@Z 10001490 f i BoxWnd.obj
 0001:000004b0       ?IsInstanced_Prof@CMatObj@@UAEHXZ 100014b0 f i BoxWnd.obj
 0001:000004d0       ?SetInstanced_Prof@CMatObj@@UAEXH@Z 100014d0 f i BoxWnd.obj
 0001:000004f0       ?GetFromID@CMatObj@@UAE?AVCString@@XZ 100014f0 f i BoxWnd.obj
 0001:00000530       ?SetFromID@CMatObj@@UAEXVCString@@@Z 10001530 f i BoxWnd.obj
 0001:00000590       ?GetFromPt@CMatObj@@UAE?AUWORLD@@XZ 10001590 f i BoxWnd.obj
 0001:000005c0       ?SetFromPt@CMatObj@@UAEXUWORLD@@@Z 100015c0 f i BoxWnd.obj
 0001:000005f0       ?GetToID@CMatObj@@UAE?AVCString@@XZ 100015f0 f i BoxWnd.obj
 0001:00000630       ?SetToID@CMatObj@@UAEXVCString@@@Z 10001630 f i BoxWnd.obj
 0001:00000690       ?GetToPt@CMatObj@@UAE?AUWORLD@@XZ 10001690 f i BoxWnd.obj
 0001:000006c0       ?SetToPt@CMatObj@@UAEXUWORLD@@@Z 100016c0 f i BoxWnd.obj
 0001:000006f0       ?GetRotPtID@CMatObj@@UAE?AVCString@@XZ 100016f0 f i BoxWnd.obj
 0001:00000730       ?SetRotPtID@CMatObj@@UAEXVCString@@@Z 10001730 f i BoxWnd.obj
 0001:00000790       ?GetRotPt@CMatObj@@UAE?AUWORLD@@XZ 10001790 f i BoxWnd.obj
 0001:000007c0       ?SetRotPt@CMatObj@@UAEXUWORLD@@@Z 100017c0 f i BoxWnd.obj
 0001:000007f0       ?IsCoordIn@CMatObj@@UAEHXZ 100017f0 f i BoxWnd.obj
 0001:00000810       ?SetCoordIn@CMatObj@@UAEXH@Z 10001810 f i BoxWnd.obj
 0001:00000840       ?GetTranPtID@CMatObj@@UAE?AVCString@@XZ 10001840 f i BoxWnd.obj
 0001:00000880       ?SetTranPtID@CMatObj@@UAEXVCString@@@Z 10001880 f i BoxWnd.obj
 0001:000008e0       ?GetTranslation@CMatObj@@UAE?AUWORLD@@XZ 100018e0 f i BoxWnd.obj
 0001:00000910       ?SetTranslation@CMatObj@@UAEXUWORLD@@@Z 10001910 f i BoxWnd.obj
 0001:00000940       ?IsAngleIn@CMatObj@@UAEHXZ 10001940 f i BoxWnd.obj
 0001:00000960       ?SetAngleIn@CMatObj@@UAEXH@Z 10001960 f i BoxWnd.obj
 0001:00000990       ?IsDirCos@CMatObj@@UAEHXZ  10001990 f i BoxWnd.obj
 0001:000009b0       ?SetDirCos@CMatObj@@UAEXH@Z 100019b0 f i BoxWnd.obj
 0001:000009e0       ?GetDirCosDirect@CMatObj@@UAE?AUWORLD@@XZ 100019e0 f i BoxWnd.obj
 0001:00000a10       ?SetDirCosDirect@CMatObj@@UAEXUWORLD@@@Z 10001a10 f i BoxWnd.obj
 0001:00000a40       ?GetRotation@CMatObj@@UAE?AUWORLD@@XZ 10001a40 f i BoxWnd.obj
 0001:00000a70       ?SetRotation@CMatObj@@UAEXUWORLD@@@Z 10001a70 f i BoxWnd.obj
 0001:00000aa0       ?GetScale@CMatObj@@UAE?AUWORLD@@XZ 10001aa0 f i BoxWnd.obj
 0001:00000ad0       ?SetScale@CMatObj@@UAEXUWORLD@@@Z 10001ad0 f i BoxWnd.obj
 0001:00000b00       ?GetShear@CMatObj@@UAE?AUWORLD@@XZ 10001b00 f i BoxWnd.obj
 0001:00000b30       ?SetShear@CMatObj@@UAEXUWORLD@@@Z 10001b30 f i BoxWnd.obj
 0001:00000b60       ?IsNoRot@CMatObj@@UAEHXZ   10001b60 f i BoxWnd.obj
 0001:00000b80       ?SetNoRot@CMatObj@@UAEXH@Z 10001b80 f i BoxWnd.obj
 0001:00000bb0       ?IsNoTran@CMatObj@@UAEHXZ  10001bb0 f i BoxWnd.obj
 0001:00000bd0       ?SetNoTran@CMatObj@@UAEXH@Z 10001bd0 f i BoxWnd.obj
 0001:00000c00       ?IsNoScale@CMatObj@@UAEHXZ 10001c00 f i BoxWnd.obj
 0001:00000c20       ?SetNoScale@CMatObj@@UAEXH@Z 10001c20 f i BoxWnd.obj
 0001:00000c50       ?IsNoShear@CMatObj@@UAEHXZ 10001c50 f i BoxWnd.obj
 0001:00000c70       ?SetNoShear@CMatObj@@UAEXH@Z 10001c70 f i BoxWnd.obj
 0001:00000ca0       ?GetXformType@CMatObj@@UAE?AW4XFORMTYPE@@XZ 10001ca0 f i BoxWnd.obj
 0001:00000cc0       ?SetXformType@CMatObj@@UAEXW4XFORMTYPE@@@Z 10001cc0 f i BoxWnd.obj
 0001:00000cf0       ?GetSpawnType@CMatObj@@UAE?AW4SPAWNTYPE@@XZ 10001cf0 f i BoxWnd.obj
 0001:00000d10       ?SetSpawnType@CMatObj@@UAEXW4SPAWNTYPE@@@Z 10001d10 f i BoxWnd.obj
 0001:00000d40       ?GetCreOp@CMatObj@@UAEIXZ  10001d40 f i BoxWnd.obj
 0001:00000d60       ?SetCreOp@CMatObj@@UAEXI@Z 10001d60 f i BoxWnd.obj
 0001:00000d90       ??1CMatObj@@UAE@XZ         10001d90 f i BoxWnd.obj
 0001:00000e30       ??_GCMatObj@@UAEPAXI@Z     10001e30 f i BoxWnd.obj
 0001:00000e70       ??_ECMatObj@@UAEPAXI@Z     10001e70 f i BoxWnd.obj
 0001:00000ef0       ?ReadyToDelete@CDrObject@@UAEXXZ 10001ef0 f i BoxWnd.obj
 0001:00000f10       ?DoFormattedCardView@CDrObject@@UAEXPAVCString@@AAV2@@Z 10001f10 f i BoxWnd.obj
 0001:00000f30       ?DoUnFormattedCardView@CDrObject@@UAEXPAVCString@@@Z 10001f30 f i BoxWnd.obj
 0001:00000f50       ?DoDataView@CDrObject@@UAEXPAVCDC@@H@Z 10001f50 f i BoxWnd.obj
 0001:00000f70       ?InitDraw@CDrObject@@UAEXPAVCDC@@HHPAUMATRIX@@1NNN@Z 10001f70 f i BoxWnd.obj
 0001:00000f90       ?InitDraw@CDrObject@@UAEXPAVCDC@@HHPAUMATRIX@@1NNNN@Z 10001f90 f i BoxWnd.obj
 0001:00000fb0       ?Corner_3Dto2D@CDrObject@@UAEXXZ 10001fb0 f i BoxWnd.obj
 0001:00000fd0       ?DoDrawView@CDrObject@@UAEXPAVCDC@@@Z 10001fd0 f i BoxWnd.obj
 0001:00000ff0       ?DoDrawView@CDrObject@@UAEXPAVCDC@@H@Z 10001ff0 f i BoxWnd.obj
 0001:00001010       ?DoDrawView@CDrObject@@UAEXPAVCDC@@HH@Z 10002010 f i BoxWnd.obj
 0001:00001030       ?DealObjectDialog@CDrObject@@UAEHXZ 10002030 f i BoxWnd.obj
 0001:00001050       ?TransformObjectToWorld@CDrObject@@UAEXPAUMATRIX@@H@Z 10002050 f i BoxWnd.obj
 0001:00001070       ?TransformObjectToView@CDrObject@@UAEXPAUMATRIX@@@Z 10002070 f i BoxWnd.obj
 0001:00001090       ?TransformObjectToViewDirect@CDrObject@@UAEXPAUMATRIX@@00H@Z 10002090 f i BoxWnd.obj
 0001:000010b0       ?RemoveHiddenObject@CDrObject@@UAEHPAUMATRIX@@UWORLD@@H@Z 100020b0 f i BoxWnd.obj
 0001:000010d0       ?ProjectObject@CDrObject@@UAEXPAUMATRIX@@NN@Z 100020d0 f i BoxWnd.obj
 0001:000010f0       ?Calc_2DBoundsScreen@CDrObject@@UAEHXZ 100020f0 f i BoxWnd.obj
 0001:00001110       ?Calc_3DBoundsLocal@CDrObject@@UAEHXZ 10002110 f i BoxWnd.obj
 0001:00001130       ?FinishObject@CDrObject@@UAEXPAVCClientDC@@H@Z 10002130 f i BoxWnd.obj
 0001:00001150       ?FinishObject@CDrObject@@UAEXH@Z 10002150 f i BoxWnd.obj
 0001:00001170       ?FinishObject@CDrObject@@UAEXXZ 10002170 f i BoxWnd.obj
 0001:00001190       ?GetMaxCorners@CDrObject@@UAEHXZ 10002190 f i BoxWnd.obj
 0001:000011b0       ?GetRawCoords@CDrObject@@UAEXPAJPAHH@Z 100021b0 f i BoxWnd.obj
 0001:000011d0       ?SetProjectedCoords@CDrObject@@UAEXUtagPOINT@@H@Z 100021d0 f i BoxWnd.obj
 0001:000011f0       ?RearrangeProjectedCoords@CDrObject@@UAEXXZ 100021f0 f i BoxWnd.obj
 0001:00001210       ?IsObjectHit@CDrObject@@UAEHNUWORLD@@@Z 10002210 f i BoxWnd.obj
 0001:00001230       ?IsObjectHit@CDrObject@@UAEHHUtagPOINT@@H@Z 10002230 f i BoxWnd.obj
 0001:00001250       ?IsObjectHit@CDrObject@@UAEHHUtagPOINT@@@Z 10002250 f i BoxWnd.obj
 0001:00001270       ?IsObjectHit@CDrObject@@UAEHPAVCClientDC@@HUtagPOINT@@PAVCRect@@H@Z 10002270 f i BoxWnd.obj
 0001:00001290       ?IsKeyMatch@CDrObject@@UAEHPAV1@VCString@@I@Z 10002290 f i BoxWnd.obj
 0001:000012c0       ?IsKeyMatch@CDrObject@@UAEHVCString@@I@Z 100022c0 f i BoxWnd.obj
 0001:000012f0       ?IsControlShapeNeeded@CDrObject@@UAEHXZ 100022f0 f i BoxWnd.obj
 0001:00001310       ?SetControlShapeNeed@CDrObject@@UAEXH@Z 10002310 f i BoxWnd.obj
 0001:00001330       ?IsNormalNeeded@CDrObject@@UAEHXZ 10002330 f i BoxWnd.obj
 0001:00001350       ?SetNormalNeed@CDrObject@@UAEXH@Z 10002350 f i BoxWnd.obj
 0001:00001370       ?IsCulled@CDrObject@@UAEHXZ 10002370 f i BoxWnd.obj
 0001:00001390       ?SetCulled@CDrObject@@UAEXH@Z 10002390 f i BoxWnd.obj
 0001:000013b0       ?IsSkewed@CDrObject@@UAEHXZ 100023b0 f i BoxWnd.obj
 0001:000013d0       ?SetSkewed@CDrObject@@UAEXH@Z 100023d0 f i BoxWnd.obj
 0001:000013f0       ?IsLinSpr@CDrObject@@UAEHXZ 100023f0 f i BoxWnd.obj
 0001:00001410       ?SetLinSpr@CDrObject@@UAEXH@Z 10002410 f i BoxWnd.obj
 0001:00001430       ?IsLinSnu@CDrObject@@UAEHXZ 10002430 f i BoxWnd.obj
 0001:00001450       ?SetLinSnu@CDrObject@@UAEXH@Z 10002450 f i BoxWnd.obj
 0001:00001470       ?CullWorld@CDrObject@@UAEHUWORLD@@@Z 10002470 f i BoxWnd.obj
 0001:00001490       ?CullScreen@CDrObject@@UAEHPAUMATRIX@@@Z 10002490 f i BoxWnd.obj
 0001:000014b0       ?Calc_CentroidWorld@CDrObject@@UAEXXZ 100024b0 f i BoxWnd.obj
 0001:000014d0       ?Calc_CentroidEye@CDrObject@@UAEXXZ 100024d0 f i BoxWnd.obj
 0001:000014f0       ?Calc_CentroidScreen3D@CDrObject@@UAEXNN@Z 100024f0 f i BoxWnd.obj
 0001:00001510       ?Calc_NormalWorld@CDrObject@@UAEXXZ 10002510 f i BoxWnd.obj
 0001:00001530       ?TransformNormalToEye@CDrObject@@UAEXPAUMATRIX@@@Z 10002530 f i BoxWnd.obj
 0001:00001550       ?ProjectNormalToScreen3D@CDrObject@@UAEXPAUMATRIX@@NN@Z 10002550 f i BoxWnd.obj
 0001:00001570       ?GetNormalWorld@CDrObject@@UAEPAUWORLD@@XZ 10002570 f i BoxWnd.obj
 0001:00001590       ?SetNormalWorld@CDrObject@@UAEXUWORLD@@@Z 10002590 f i BoxWnd.obj
 0001:000015b0       ?GetNormalEye@CDrObject@@UAEPAUWORLD@@XZ 100025b0 f i BoxWnd.obj
 0001:000015d0       ?SetNormalEye@CDrObject@@UAEXUWORLD@@@Z 100025d0 f i BoxWnd.obj
 0001:000015f0       ?GetNormalScreen3D@CDrObject@@UAEPAUWORLD@@XZ 100025f0 f i BoxWnd.obj
 0001:00001610       ?SetNormalScreen3D@CDrObject@@UAEXUWORLD@@@Z 10002610 f i BoxWnd.obj
 0001:00001630       ?GetNormalScreen2D@CDrObject@@UAEPAUtagPOINT@@XZ 10002630 f i BoxWnd.obj
 0001:00001650       ?SetNormalScreen2D@CDrObject@@UAEXUtagPOINT@@@Z 10002650 f i BoxWnd.obj
 0001:00001670       ?GetObjectList@CDrObject@@UAEPAVCDListMgr@@XZ 10002670 f i BoxWnd.obj
 0001:00001690       ?GetBoundingRect@CDrObject@@QAE?AVCRect@@XZ 10002690 f i BoxWnd.obj
 0001:000016d0       ?GetRInfo@CDrObject@@QAEPAURENDINFO@@XZ 100026d0 f i BoxWnd.obj
 0001:000016f0       ?IsParallel@CDrObject@@QAEHXZ 100026f0 f i BoxWnd.obj
 0001:00001710       ?GetnView@CDrObject@@QAEHXZ 10002710 f i BoxWnd.obj
 0001:00001730       ?GetdzMin@CDrObject@@QAENXZ 10002730 f i BoxWnd.obj
 0001:00001750       ?GetdScale_U@CDrObject@@QAENXZ 10002750 f i BoxWnd.obj
 0001:00001770       ?GetdScale_V@CDrObject@@QAENXZ 10002770 f i BoxWnd.obj
 0001:00001790       ?GetpViewM@CDrObject@@QAEPAUMATRIX@@XZ 10002790 f i BoxWnd.obj
 0001:000017b0       ?Getpvv3DM@CDrObject@@QAEPAUMATRIX@@XZ 100027b0 f i BoxWnd.obj
 0001:000017d0       ?GetpComposedM@CDrObject@@QAEPAUMATRIX@@XZ 100027d0 f i BoxWnd.obj
 0001:000017f0       ?SetParallel@CDrObject@@QAEXH@Z 100027f0 f i BoxWnd.obj
 0001:00001820       ?SetnView@CDrObject@@QAEXH@Z 10002820 f i BoxWnd.obj
 0001:00001850       ?SetdzMin@CDrObject@@QAEXN@Z 10002850 f i BoxWnd.obj
 0001:00001880       ?SetdScale_U@CDrObject@@QAEXN@Z 10002880 f i BoxWnd.obj
 0001:000018b0       ?SetdScale_V@CDrObject@@QAEXN@Z 100028b0 f i BoxWnd.obj
 0001:000018e0       ?SetpViewM@CDrObject@@QAEXPAUMATRIX@@@Z 100028e0 f i BoxWnd.obj
 0001:00001910       ?Setpvv3DM@CDrObject@@QAEXPAUMATRIX@@@Z 10002910 f i BoxWnd.obj
 0001:00001940       ?SetpComposedM@CDrObject@@QAEXPAUMATRIX@@@Z 10002940 f i BoxWnd.obj
 0001:00001970       ?GetLevelType@CDrObject@@QAEHXZ 10002970 f i BoxWnd.obj
 0001:00001990       ?SetLevelType@CDrObject@@QAEXH@Z 10002990 f i BoxWnd.obj
 0001:000019c0       ?GetObjectID@CDrObject@@QAE?AVCString@@XZ 100029c0 f i BoxWnd.obj
 0001:00001a00       ?SetObjectID@CDrObject@@QAEXVCString@@@Z 10002a00 f i BoxWnd.obj
 0001:00001a60       ?GetObjectNo@CDrObject@@QAEJXZ 10002a60 f i BoxWnd.obj
 0001:00001a80       ?SetObjectNo@CDrObject@@QAEXJ@Z 10002a80 f i BoxWnd.obj
 0001:00001ab0       ?GetObjectType@CDrObject@@QAEHXZ 10002ab0 f i BoxWnd.obj
 0001:00001ad0       ?SetObjectType@CDrObject@@QAEXH@Z 10002ad0 f i BoxWnd.obj
 0001:00001b00       ?GetElemType@CDrObject@@QAEHXZ 10002b00 f i BoxWnd.obj
 0001:00001b20       ?SetElemType@CDrObject@@QAEXH@Z 10002b20 f i BoxWnd.obj
 0001:00001b50       ?GetPenInfo@CDrObject@@QAEXAAIAAK0@Z 10002b50 f i BoxWnd.obj
 0001:00001b90       ?SetPenInfo@CDrObject@@QAEXIKI@Z 10002b90 f i BoxWnd.obj
 0001:00001bd0       ?GetPenInfoHi@CDrObject@@QAEXAAIAAK0@Z 10002bd0 f i BoxWnd.obj
 0001:00001c10       ?SetPenInfoHi@CDrObject@@QAEXIKI@Z 10002c10 f i BoxWnd.obj
 0001:00001c50       ?GetLayer@CDrObject@@QAEIXZ 10002c50 f i BoxWnd.obj
 0001:00001c70       ?SetLayer@CDrObject@@QAEXI@Z 10002c70 f i BoxWnd.obj
 0001:00001ca0       ?IsClipped@CDrObject@@QAEHXZ 10002ca0 f i BoxWnd.obj
 0001:00001cc0       ?SetClipped@CDrObject@@QAEXH@Z 10002cc0 f i BoxWnd.obj
 0001:00001cf0       ?IsVirtual@CDrObject@@QAEHXZ 10002cf0 f i BoxWnd.obj
 0001:00001d10       ?SetVirtual@CDrObject@@QAEXH@Z 10002d10 f i BoxWnd.obj
 0001:00001d30       ?IsShow@CDrObject@@QAEHXZ  10002d30 f i BoxWnd.obj
 0001:00001d50       ?SetShow@CDrObject@@QAEXH@Z 10002d50 f i BoxWnd.obj
 0001:00001d80       ?GetParentID@CDrObject@@QAEAAVCString@@XZ 10002d80 f i BoxWnd.obj
 0001:00001da0       ?SetParentID@CDrObject@@QAEXAAVCString@@@Z 10002da0 f i BoxWnd.obj
 0001:00001dd0       ?GetParentType@CDrObject@@QAEIXZ 10002dd0 f i BoxWnd.obj
 0001:00001df0       ?SetParentType@CDrObject@@QAEXI@Z 10002df0 f i BoxWnd.obj
 0001:00001e10       ?IsInstanced@CDrObject@@QAEHXZ 10002e10 f i BoxWnd.obj
 0001:00001e30       ?SetInstanced@CDrObject@@QAEXH@Z 10002e30 f i BoxWnd.obj
 0001:00001e50       ?GetMatObj@CDrObject@@QAEPAVCMatObj@@XZ 10002e50 f i BoxWnd.obj
 0001:00001e70       ?SetMatObj@CDrObject@@QAEXPAVCMatObj@@@Z 10002e70 f i BoxWnd.obj
 0001:00001e90       ?GetSpeLList@CDrObject@@QAEPAVCDListMgr@@XZ 10002e90 f i BoxWnd.obj
 0001:00001eb0       ?GetDynLList@CDrObject@@QAEPAVCDListMgr@@XZ 10002eb0 f i BoxWnd.obj
 0001:00001ed0       ?GetStaLList@CDrObject@@QAEPAVCDListMgr@@XZ 10002ed0 f i BoxWnd.obj
 0001:00001ef0       ?GetSuppList@CDrObject@@QAEPAVCDListMgr@@XZ 10002ef0 f i BoxWnd.obj
 0001:00001f10       ?GetElemList@CDrObject@@QAEPAVCDListMgr@@XZ 10002f10 f i BoxWnd.obj
 0001:00001f30       ?GetCurveList@CDrObject@@QAEPAVCDListMgr@@XZ 10002f30 f i BoxWnd.obj
 0001:00001f50       ?GetCProfList@CDrObject@@QAEPAVCDListMgr@@XZ 10002f50 f i BoxWnd.obj
 0001:00001f70       ?GetPatchList@CDrObject@@QAEPAVCDListMgr@@XZ 10002f70 f i BoxWnd.obj
 0001:00001f90       ?GetSolidList@CDrObject@@QAEPAVCDListMgr@@XZ 10002f90 f i BoxWnd.obj
 0001:00001fb0       ?GetObj3DList@CDrObject@@QAEPAVCDListMgr@@XZ 10002fb0 f i BoxWnd.obj
 0001:00001fd0       ?GetCNodeList@CDrObject@@QAEPAVCDListMgr@@XZ 10002fd0 f i BoxWnd.obj
 0001:00001ff0       ?GetINodeList@CDrObject@@QAEPAVCDListMgr@@XZ 10002ff0 f i BoxWnd.obj
 0001:00002010       ?GetNodeList@CDrObject@@QAEPAVCDListMgr@@XZ 10003010 f i BoxWnd.obj
 0001:00002030       ?GetLabelList@CDrObject@@QAEPAVCDListMgr@@XZ 10003030 f i BoxWnd.obj
 0001:00002050       ?GetFE0DList@CDrObject@@QAEPAVCDListMgr@@XZ 10003050 f i BoxWnd.obj
 0001:00002070       ?GetFE1DList@CDrObject@@QAEPAVCDListMgr@@XZ 10003070 f i BoxWnd.obj
 0001:00002090       ?GetFE2DList@CDrObject@@QAEPAVCDListMgr@@XZ 10003090 f i BoxWnd.obj
 0001:000020b0       ?GetFE3DList@CDrObject@@QAEPAVCDListMgr@@XZ 100030b0 f i BoxWnd.obj
 0001:000020d0       ?GetMs0List@CDrObject@@QAEPAVCDListMgr@@XZ 100030d0 f i BoxWnd.obj
 0001:000020f0       ?GetMs1List@CDrObject@@QAEPAVCDListMgr@@XZ 100030f0 f i BoxWnd.obj
 0001:00002110       ?GetMs2List@CDrObject@@QAEPAVCDListMgr@@XZ 10003110 f i BoxWnd.obj
 0001:00002130       ?GetMs3List@CDrObject@@QAEPAVCDListMgr@@XZ 10003130 f i BoxWnd.obj
 0001:00002150       ?GetMbj3DList@CDrObject@@QAEPAVCDListMgr@@XZ 10003150 f i BoxWnd.obj
 0001:00002170       ?GetM2DProfList@CDrObject@@QAEPAVCDListMgr@@XZ 10003170 f i BoxWnd.obj
 0001:00002190       ?GetM3DProfList@CDrObject@@QAEPAVCDListMgr@@XZ 10003190 f i BoxWnd.obj
 0001:000021b0       ?GetMbjProfList@CDrObject@@QAEPAVCDListMgr@@XZ 100031b0 f i BoxWnd.obj
 0001:000021d0       ?GetScreen2DCorner@CDrObject@@UAE?AUtagPOINT@@H@Z 100031d0 f i BoxWnd.obj
 0001:00002210       ?SetScreen2DCorner@CDrObject@@UAEXUtagPOINT@@H@Z 10003210 f i BoxWnd.obj
 0001:00002240       ?GetSpawnType@CDrObject@@QAE?AW4SPAWNTYPE@@XZ 10003240 f i BoxWnd.obj
 0001:00002260       ?SetSpawnType@CDrObject@@QAEXW4SPAWNTYPE@@@Z 10003260 f i BoxWnd.obj
 0001:00002280       ?GetCategory@CDrObject@@QAE?AW4CATEGORY@@XZ 10003280 f i BoxWnd.obj
 0001:000022a0       ?SetCategory@CDrObject@@QAEXW4CATEGORY@@@Z 100032a0 f i BoxWnd.obj
 0001:000022c0       ?GetSubCat@CDrObject@@QAE?AW4SUBCAT@@XZ 100032c0 f i BoxWnd.obj
 0001:000022e0       ?SetSubCat@CDrObject@@QAEXW4SUBCAT@@@Z 100032e0 f i BoxWnd.obj
 0001:00002300       ?GetElemDimLim@CDrObject@@QAE?AW4ELEMDIMLIM@@XZ 10003300 f i BoxWnd.obj
 0001:00002320       ?SetElemDimLim@CDrObject@@QAEXW4ELEMDIMLIM@@@Z 10003320 f i BoxWnd.obj
 0001:00002340       ?IsDirty@CDrObject@@QAEHXZ 10003340 f i BoxWnd.obj
 0001:00002370       ?SetDirty@CDrObject@@QAEXH@Z 10003370 f i BoxWnd.obj
 0001:000023a0       ?IsMoved@CDrObject@@QAEHXZ 100033a0 f i BoxWnd.obj
 0001:000023c0       ?SetMoved@CDrObject@@QAEXH@Z 100033c0 f i BoxWnd.obj
 0001:000023f0       ?IsEdited@CDrObject@@QAEHXZ 100033f0 f i BoxWnd.obj
 0001:00002410       ?SetEdited@CDrObject@@QAEXH@Z 10003410 f i BoxWnd.obj
 0001:00002440       ?IsPosted@CDrObject@@QAEHXZ 10003440 f i BoxWnd.obj
 0001:00002460       ?SetPosted@CDrObject@@QAEXH@Z 10003460 f i BoxWnd.obj
 0001:00002490       ?IsDeleted@CDrObject@@QAEHXZ 10003490 f i BoxWnd.obj
 0001:000024b0       ?SetDeleted@CDrObject@@QAEXH@Z 100034b0 f i BoxWnd.obj
 0001:000024e0       ?IsToBeMoved@CDrObject@@QAEHXZ 100034e0 f i BoxWnd.obj
 0001:00002500       ?SetToBeMoved@CDrObject@@QAEXH@Z 10003500 f i BoxWnd.obj
 0001:00002520       ?IsToBeEdited@CDrObject@@QAEHXZ 10003520 f i BoxWnd.obj
 0001:00002540       ?SetToBeEdited@CDrObject@@QAEXH@Z 10003540 f i BoxWnd.obj
 0001:00002560       ?IsToBePosted@CDrObject@@QAEHXZ 10003560 f i BoxWnd.obj
 0001:00002580       ?SetToBePosted@CDrObject@@QAEXH@Z 10003580 f i BoxWnd.obj
 0001:000025a0       ?IsToBeUnPosted@CDrObject@@QAEHXZ 100035a0 f i BoxWnd.obj
 0001:000025c0       ?SetToBeUnPosted@CDrObject@@QAEXH@Z 100035c0 f i BoxWnd.obj
 0001:000025e0       ?IsToBeDeleted@CDrObject@@QAEHXZ 100035e0 f i BoxWnd.obj
 0001:00002600       ?SetToBeDeleted@CDrObject@@QAEXH@Z 10003600 f i BoxWnd.obj
 0001:00002620       ?IsFormatted@CDrObject@@QAEHXZ 10003620 f i BoxWnd.obj
 0001:00002640       ?SetFormatted@CDrObject@@QAEXH@Z 10003640 f i BoxWnd.obj
 0001:00002660       ?Parse_drPipe@CDrNode@@UAEPAUnodecard@@PAVCString@@@Z 10003660 f i BoxWnd.obj
 0001:00002680       ?GetNodeCard@CDrNode@@UAEPAUnodecard@@XZ 10003680 f i BoxWnd.obj
 0001:000026a0       ?GetCardNo@CDrNode@@UAEHXZ 100036a0 f i BoxWnd.obj
 0001:000026c0       ?SetCardNo@CDrNode@@UAEXH@Z 100036c0 f i BoxWnd.obj
 0001:000026f0       ?DoFormattedCardView@CDrNode@@UAEXPAVCString@@AAV2@@Z 100036f0 f i BoxWnd.obj
 0001:00002710       ?DoUnFormattedCardView@CDrNode@@UAEXPAVCString@@@Z 10003710 f i BoxWnd.obj
 0001:00002730       ?GetMaxCorners@CDrNode@@UAEHXZ 10003730 f i BoxWnd.obj
 0001:00002750       ?GetCategory@CDrNode@@UAE?AW4CATEGORY@@XZ 10003750 f i BoxWnd.obj
 0001:00002770       ?SetCategory@CDrNode@@UAEXW4CATEGORY@@@Z 10003770 f i BoxWnd.obj
 0001:00002790       ?GetPrecision@CDrNode@@UAEHXZ 10003790 f i BoxWnd.obj
 0001:000027b0       ?SetPrecision@CDrNode@@UAEXH@Z 100037b0 f i BoxWnd.obj
 0001:000027e0       ?GetFormat@CDrNode@@QAE?AVCString@@XZ 100037e0 f i BoxWnd.obj
 0001:00002820       ?SetFormat@CDrNode@@QAEXVCString@@@Z 10003820 f i BoxWnd.obj
 0001:00002880       ?GetMapFactor@CDrNode@@QAENXZ 10003880 f i BoxWnd.obj
 0001:000028a0       ?SetMapFactor@CDrNode@@QAEXN@Z 100038a0 f i BoxWnd.obj
 0001:000028d0       ?GetScaleFactor@CDrNode@@QAENXZ 100038d0 f i BoxWnd.obj
 0001:000028f0       ?SetScaleFactor@CDrNode@@QAEXN@Z 100038f0 f i BoxWnd.obj
 0001:00002920       ?GetMasterMultFac@CDrNode@@QAEJXZ 10003920 f i BoxWnd.obj
 0001:00002940       ?SetMasterMultFac@CDrNode@@QAEXJ@Z 10003940 f i BoxWnd.obj
 0001:00002970       ?GetLocalPos@CDrNode@@UAEPAUWORLD@@XZ 10003970 f i BoxWnd.obj
 0001:00002990       ?SetLocalPos@CDrNode@@UAEXUWORLD@@@Z 10003990 f i BoxWnd.obj
 0001:000029c0       ?GetWorldPos@CDrNode@@UAEPAUWORLD@@XZ 100039c0 f i BoxWnd.obj
 0001:000029e0       ?SetWorldPos@CDrNode@@UAEXUWORLD@@@Z 100039e0 f i BoxWnd.obj
 0001:00002a10       ?GetEyePos@CDrNode@@UAEPAUWORLD@@XZ 10003a10 f i BoxWnd.obj
 0001:00002a30       ?SetEyePos@CDrNode@@UAEXUWORLD@@@Z 10003a30 f i BoxWnd.obj
 0001:00002a60       ?GetScreenPos3D@CDrNode@@UAEPAUWORLD@@XZ 10003a60 f i BoxWnd.obj
 0001:00002a80       ?SetScreenPos3D@CDrNode@@UAEXUWORLD@@@Z 10003a80 f i BoxWnd.obj
 0001:00002ab0       ?GetScreenPos2D@CDrNode@@UAEPAUtagPOINT@@XZ 10003ab0 f i BoxWnd.obj
 0001:00002ad0       ?SetScreenPos2D@CDrNode@@UAEXUtagPOINT@@@Z 10003ad0 f i BoxWnd.obj
 0001:00002b00       ?GetNormalWorld@CDrNode@@UAEPAUWORLD@@XZ 10003b00 f i BoxWnd.obj
 0001:00002b20       ?SetNormalWorld@CDrNode@@UAEXUWORLD@@@Z 10003b20 f i BoxWnd.obj
 0001:00002b50       ?GetNormalEye@CDrNode@@UAEPAUWORLD@@XZ 10003b50 f i BoxWnd.obj
 0001:00002b70       ?SetNormalEye@CDrNode@@UAEXUWORLD@@@Z 10003b70 f i BoxWnd.obj
 0001:00002ba0       ?GetNormalScreen3D@CDrNode@@UAEPAUWORLD@@XZ 10003ba0 f i BoxWnd.obj
 0001:00002bc0       ?SetNormalScreen3D@CDrNode@@UAEXUWORLD@@@Z 10003bc0 f i BoxWnd.obj
 0001:00002bf0       ?GetNormalScreen2D@CDrNode@@UAEPAUtagPOINT@@XZ 10003bf0 f i BoxWnd.obj
 0001:00002c10       ?SetNormalScreen2D@CDrNode@@UAEXUtagPOINT@@@Z 10003c10 f i BoxWnd.obj
 0001:00002c40       ?GetLabelNo@CDrNode@@QAEJXZ 10003c40 f i BoxWnd.obj
 0001:00002c60       ?SetLabelNo@CDrNode@@QAEXJ@Z 10003c60 f i BoxWnd.obj
 0001:00002c90       ?IsMeshNode@CDrNode@@QAEHXZ 10003c90 f i BoxWnd.obj
 0001:00002cb0       ?SetMeshNode@CDrNode@@QAEXH@Z 10003cb0 f i BoxWnd.obj
 0001:00002ce0       ?IsGenerated@CDrNode@@QAEHXZ 10003ce0 f i BoxWnd.obj
 0001:00002d00       ?SetGenerated@CDrNode@@QAEXH@Z 10003d00 f i BoxWnd.obj
 0001:00002d30       ?IsControlNode@CDrNode@@QAEHXZ 10003d30 f i BoxWnd.obj
 0001:00002d60       ?SetControlNode@CDrNode@@QAEXH@Z 10003d60 f i BoxWnd.obj
 0001:00002d90       ?GetInputMode@CDrNode@@QAEHXZ 10003d90 f i BoxWnd.obj
 0001:00002db0       ?SetInputMode@CDrNode@@QAEXH@Z 10003db0 f i BoxWnd.obj
 0001:00002de0       ?GetLength@CDrNode@@QAENXZ 10003de0 f i BoxWnd.obj
 0001:00002e00       ?SetLength@CDrNode@@QAEXN@Z 10003e00 f i BoxWnd.obj
 0001:00002e30       ?GetDelta@CDrNode@@QAEPAUWORLD@@XZ 10003e30 f i BoxWnd.obj
 0001:00002e50       ?SetDelta@CDrNode@@QAEXUWORLD@@@Z 10003e50 f i BoxWnd.obj
 0001:00002e80       ?GetFromID@CDrNode@@QAE?AVCString@@XZ 10003e80 f i BoxWnd.obj
 0001:00002ec0       ?SetFromID@CDrNode@@QAEXVCString@@@Z 10003ec0 f i BoxWnd.obj
 0001:00002f20       ?GetToID@CDrNode@@QAE?AVCString@@XZ 10003f20 f i BoxWnd.obj
 0001:00002f60       ?SetToID@CDrNode@@QAEXVCString@@@Z 10003f60 f i BoxWnd.obj
 0001:00002fc0       ?IsRefCN@CDrNode@@QAEHXZ   10003fc0 f i BoxWnd.obj
 0001:00002fe0       ?SetRefCN@CDrNode@@QAEXH@Z 10003fe0 f i BoxWnd.obj
 0001:00003010       ?IsFromCN@CDrNode@@QAEHXZ  10004010 f i BoxWnd.obj
 0001:00003030       ?SetFromCN@CDrNode@@QAEXH@Z 10004030 f i BoxWnd.obj
 0001:00003060       ?IsToCN@CDrNode@@QAEHXZ    10004060 f i BoxWnd.obj
 0001:00003080       ?SetToCN@CDrNode@@QAEXH@Z  10004080 f i BoxWnd.obj
 0001:000030b0       ?IsSkewed@CDrNode@@UAEHXZ  100040b0 f i BoxWnd.obj
 0001:000030d0       ?SetSkewed@CDrNode@@UAEXH@Z 100040d0 f i BoxWnd.obj
 0001:00003100       ?IsLinSpr@CDrNode@@UAEHXZ  10004100 f i BoxWnd.obj
 0001:00003120       ?SetLinSpr@CDrNode@@UAEXH@Z 10004120 f i BoxWnd.obj
 0001:00003150       ?IsLinSnu@CDrNode@@UAEHXZ  10004150 f i BoxWnd.obj
 0001:00003170       ?SetLinSnu@CDrNode@@UAEXH@Z 10004170 f i BoxWnd.obj
 0001:000031a0       ?GetSuppCardList@CDrNode@@QAEPAV?$CList@Usupportcard@@U1@@@XZ 100041a0 f i BoxWnd.obj
 0001:000031c0       ?GetStaLCardList@CDrNode@@QAEPAV?$CList@UstaLcard@@U1@@@XZ 100041c0 f i BoxWnd.obj
 0001:000031e0       ?GetMaxCorners@CDrLabel@@UAEHXZ 100041e0 f i BoxWnd.obj
 0001:00003200       ?SetProjectedCoords@CDrLabel@@UAEXUtagPOINT@@H@Z 10004200 f i BoxWnd.obj
 0001:00003230       ?IsMoved@CDrLabel@@UAEHXZ  10004230 f i BoxWnd.obj
 0001:00003250       ?SetMoved@CDrLabel@@UAEXH@Z 10004250 f i BoxWnd.obj
 0001:00003280       ?GetNodePtr@CDrLabel@@UAEPAVCDrNode@@XZ 10004280 f i BoxWnd.obj
 0001:000032a0       ?SetNodePtr@CDrLabel@@UAEXPAVCDrNode@@@Z 100042a0 f i BoxWnd.obj
 0001:000032d0       ?GetContextObj@CDrLabel@@UAE?AW4CONTEXTOBJ@@XZ 100042d0 f i BoxWnd.obj
 0001:000032f0       ?SetContextObj@CDrLabel@@UAEXW4CONTEXTOBJ@@@Z 100042f0 f i BoxWnd.obj
 0001:00003320       ?GetMeshElemType@CDrLabel@@UAEIXZ 10004320 f i BoxWnd.obj
 0001:00003340       ?SetMeshElemType@CDrLabel@@UAEXI@Z 10004340 f i BoxWnd.obj
 0001:00003370       ?GetColor@CDrLabel@@UAEKXZ 10004370 f i BoxWnd.obj
 0001:00003390       ?SetColor@CDrLabel@@UAEXK@Z 10004390 f i BoxWnd.obj
 0001:000033c0       ?GetViewNum@CDrLabel@@UAEHXZ 100043c0 f i BoxWnd.obj
 0001:000033e0       ?SetViewNum@CDrLabel@@UAEXH@Z 100043e0 f i BoxWnd.obj
 0001:00003410       ?GetType@CDrLabel@@UAEHXZ  10004410 f i BoxWnd.obj
 0001:00003430       ?SetType@CDrLabel@@UAEXH@Z 10004430 f i BoxWnd.obj
 0001:00003460       ?GetText@CDrLabel@@UAE?AVCString@@XZ 10004460 f i BoxWnd.obj
 0001:000034a0       ?SetText@CDrLabel@@UAEXVCString@@@Z 100044a0 f i BoxWnd.obj
 0001:00003500       ?SetLogFont@CDrLabel@@UAEXUtagLOGFONTA@@@Z 10004500 f i BoxWnd.obj
 0001:00003530       ?GetLogFont@CDrLabel@@UAE?AUtagLOGFONTA@@XZ 10004530 f i BoxWnd.obj
 0001:00003560       ?GetOtherCorner@CDrLabel@@UAE?AUtagPOINT@@XZ 10004560 f i BoxWnd.obj
 0001:00003590       ?SetOtherCorner@CDrLabel@@UAEXUtagPOINT@@@Z 10004590 f i BoxWnd.obj
 0001:000035c0       ?GetAngle@CDrLabel@@UAEHXZ 100045c0 f i BoxWnd.obj
 0001:000035e0       ?SetAngle@CDrLabel@@UAEXH@Z 100045e0 f i BoxWnd.obj
 0001:00003610       ??1CDrLabel@@UAE@XZ        10004610 f i BoxWnd.obj
 0001:00003670       ??_GCDrLabel@@UAEPAXI@Z    10004670 f i BoxWnd.obj
 0001:000036b0       ??_ECDrLabel@@UAEPAXI@Z    100046b0 f i BoxWnd.obj
 0001:00003730       ??1CDlg_LQCI@@UAE@XZ       10004730 f i BoxWnd.obj
 0001:000037a0       ??1CDlg_CrcI@@UAE@XZ       100047a0 f i BoxWnd.obj
 0001:00003810       ?IsDirty@CDrCurve@@UAEHXZ  10004810 f i BoxWnd.obj
 0001:00003830       ?SetDirty@CDrCurve@@UAEXH@Z 10004830 f i BoxWnd.obj
 0001:00003860       ?IsControlShapeNeeded@CDrCurve@@UAEHXZ 10004860 f i BoxWnd.obj
 0001:00003880       ?SetControlShapeNeed@CDrCurve@@UAEXH@Z 10004880 f i BoxWnd.obj
 0001:000038b0       ?IsPosted@CDrCurve@@UAEHXZ 100048b0 f i BoxWnd.obj
 0001:000038d0       ?SetPosted@CDrCurve@@UAEXH@Z 100048d0 f i BoxWnd.obj
 0001:00003900       ?GetCN_BSList@CDrCurve@@QAEPAVCDListMgr@@XZ 10004900 f i BoxWnd.obj
 0001:00003920       ?GetVNodeList@CDrCurve@@QAEPAVCDListMgr@@XZ 10004920 f i BoxWnd.obj
 0001:00003940       ?GetMeshElemDim@CDrCurve@@QAEHXZ 10004940 f i BoxWnd.obj
 0001:00003960       ?SetMeshElemDim@CDrCurve@@QAEXH@Z 10004960 f i BoxWnd.obj
 0001:00003990       ?IsIso@CDrCurve@@QAEHXZ    10004990 f i BoxWnd.obj
 0001:000039b0       ?SetIso@CDrCurve@@QAEXH@Z  100049b0 f i BoxWnd.obj
 0001:000039e0       ?GetIsoToID@CDrCurve@@QAEAAVCString@@XZ 100049e0 f i BoxWnd.obj
 0001:00003a00       ?SetIsoToID@CDrCurve@@QAEXAAVCString@@@Z 10004a00 f i BoxWnd.obj
 0001:00003a30       ?GetCompoType@CDrCurve@@QAEHXZ 10004a30 f i BoxWnd.obj
 0001:00003a50       ?SetCompoType@CDrCurve@@QAEXH@Z 10004a50 f i BoxWnd.obj
 0001:00003a80       ?GetCompoID@CDrCurve@@QAEAAVCString@@XZ 10004a80 f i BoxWnd.obj
 0001:00003aa0       ?SetCompoID@CDrCurve@@QAEXAAVCString@@@Z 10004aa0 f i BoxWnd.obj
 0001:00003ad0       ?GetClass_S@CDrCurve@@QAEHXZ 10004ad0 f i BoxWnd.obj
 0001:00003af0       ?SetClass_S@CDrCurve@@QAEXH@Z 10004af0 f i BoxWnd.obj
 0001:00003b20       ?GetOutSegUnif_S@CDrCurve@@QAEHXZ 10004b20 f i BoxWnd.obj
 0001:00003b40       ?SetOutSegUnif_S@CDrCurve@@QAEXH@Z 10004b40 f i BoxWnd.obj
 0001:00003b70       ?IsClosed_S@CDrCurve@@QAEHXZ 10004b70 f i BoxWnd.obj
 0001:00003b90       ?SetClosed_S@CDrCurve@@QAEXH@Z 10004b90 f i BoxWnd.obj
 0001:00003bc0       ?GetCurveObjectType@CDrCurve@@QAEHXZ 10004bc0 f i BoxWnd.obj
 0001:00003be0       ?SetCurveObjectType@CDrCurve@@QAEXH@Z 10004be0 f i BoxWnd.obj
 0001:00003c10       ?GetMaxINodes_S@CDrCurve@@QAEHXZ 10004c10 f i BoxWnd.obj
 0001:00003c30       ?SetMaxINodes_S@CDrCurve@@QAEXH@Z 10004c30 f i BoxWnd.obj
 0001:00003c60       ?GetMaxCNodes_S@CDrCurve@@QAEHXZ 10004c60 f i BoxWnd.obj
 0001:00003c80       ?SetMaxCNodes_S@CDrCurve@@QAEXH@Z 10004c80 f i BoxWnd.obj
 0001:00003cb0       ?GetMaxBezSegments_S@CDrCurve@@QAEHXZ 10004cb0 f i BoxWnd.obj
 0001:00003cd0       ?SetMaxBezSegments_S@CDrCurve@@QAEXH@Z 10004cd0 f i BoxWnd.obj
 0001:00003d00       ?GetMaxOutPts_S@CDrCurve@@QAEHXZ 10004d00 f i BoxWnd.obj
 0001:00003d20       ?SetMaxOutPts_S@CDrCurve@@QAEXH@Z 10004d20 f i BoxWnd.obj
 0001:00003d50       ?GetLongOutPts@CDrCurve@@QAEJXZ 10004d50 f i BoxWnd.obj
 0001:00003d70       ?SetLongOutPts@CDrCurve@@QAEXJ@Z 10004d70 f i BoxWnd.obj
 0001:00003da0       ?GetCurveType_S@CDrCurve@@QAE?AW4CURVEPROC@@XZ 10004da0 f i BoxWnd.obj
 0001:00003dc0       ?SetCurveType_S@CDrCurve@@QAEXW4CURVEPROC@@@Z 10004dc0 f i BoxWnd.obj
 0001:00003df0       ?GetOutMethod@CDrCurve@@QAE?AW4CURVEOUTPUT@@XZ 10004df0 f i BoxWnd.obj
 0001:00003e10       ?GetAlfa@CDrCurve@@QAENXZ  10004e10 f i BoxWnd.obj
 0001:00003e30       ?GetBias@CDrCurve@@QAENXZ  10004e30 f i BoxWnd.obj
 0001:00003e50       ?GetTension@CDrCurve@@QAENXZ 10004e50 f i BoxWnd.obj
 0001:00003e70       ?IsUniform_S@CDrCurve@@QAEHXZ 10004e70 f i BoxWnd.obj
 0001:00003e90       ?SetUniform_S@CDrCurve@@QAEXH@Z 10004e90 f i BoxWnd.obj
 0001:00003ec0       ?SetOutMethod_S@CDrCurve@@QAEXW4CURVEOUTPUT@@@Z 10004ec0 f i BoxWnd.obj
 0001:00003ef0       ?GetMaxOutSeg_S@CDrCurve@@QAEHXZ 10004ef0 f i BoxWnd.obj
 0001:00003f10       ?SetMaxOutSeg_S@CDrCurve@@QAEXH@Z 10004f10 f i BoxWnd.obj
 0001:00003f40       ?GetDis_AngPointer_S@CDrCurve@@QAEPANXZ 10004f40 f i BoxWnd.obj
 0001:00003f60       ?SetDis_AngPointer_S@CDrCurve@@QAEXPAN@Z 10004f60 f i BoxWnd.obj
 0001:00003f90       ?GetNum_tPointer_S@CDrCurve@@QAEPAHXZ 10004f90 f i BoxWnd.obj
 0001:00003fb0       ?SetNum_tPointer_S@CDrCurve@@QAEXPAH@Z 10004fb0 f i BoxWnd.obj
 0001:00003fe0       ?GetDis_tPointer_S@CDrCurve@@QAEPANXZ 10004fe0 f i BoxWnd.obj
 0001:00004000       ?SetDis_tPointer_S@CDrCurve@@QAEXPAN@Z 10005000 f i BoxWnd.obj
 0001:00004030       ?GetNum_tPointer_Ex_S@CDrCurve@@QAEPAHXZ 10005030 f i BoxWnd.obj
 0001:00004050       ?SetNum_tPointer_Ex_S@CDrCurve@@QAEXPAH@Z 10005050 f i BoxWnd.obj
 0001:00004080       ?GetnBSeg_Ex_S@CDrCurve@@QAEHXZ 10005080 f i BoxWnd.obj
 0001:000040a0       ?SetnBSeg_Ex_S@CDrCurve@@QAEXH@Z 100050a0 f i BoxWnd.obj
 0001:000040d0       ?GetBSegPointer_Ex_S@CDrCurve@@QAEPAHXZ 100050d0 f i BoxWnd.obj
 0001:000040f0       ?SetBSegPointer_Ex_S@CDrCurve@@QAEXPAH@Z 100050f0 f i BoxWnd.obj
 0001:00004120       ?SetAlfa@CDrCurve@@QAEXN@Z 10005120 f i BoxWnd.obj
 0001:00004150       ?SetBias@CDrCurve@@QAEXN@Z 10005150 f i BoxWnd.obj
 0001:00004180       ?SetTension@CDrCurve@@QAEXN@Z 10005180 f i BoxWnd.obj
 0001:000041b0       ?GetMemIn@CDrCurve@@QAEPAUWORLD@@XZ 100051b0 f i BoxWnd.obj
 0001:000041d0       ?GetMemInWts@CDrCurve@@QAEPANXZ 100051d0 f i BoxWnd.obj
 0001:000041f0       ?GetMemInDP@CDrCurve@@QAEPAUtagPOINT@@XZ 100051f0 f i BoxWnd.obj
 0001:00004210       ?GetMemOut@CDrCurve@@QAEPAUWORLD@@XZ 10005210 f i BoxWnd.obj
 0001:00004230       ?GetMemOutWts@CDrCurve@@QAEPANXZ 10005230 f i BoxWnd.obj
 0001:00004250       ?GetMemOutDP@CDrCurve@@QAEPAUtagPOINT@@XZ 10005250 f i BoxWnd.obj
 0001:00004270       ?SetMemIn@CDrCurve@@QAEXPAUWORLD@@@Z 10005270 f i BoxWnd.obj
 0001:000042a0       ?SetMemInWts@CDrCurve@@QAEXPAN@Z 100052a0 f i BoxWnd.obj
 0001:000042d0       ?SetMemInDP@CDrCurve@@QAEXPAUtagPOINT@@@Z 100052d0 f i BoxWnd.obj
 0001:00004300       ?SetMemOut@CDrCurve@@QAEXPAUWORLD@@@Z 10005300 f i BoxWnd.obj
 0001:00004330       ?SetMemOutWts@CDrCurve@@QAEXPAN@Z 10005330 f i BoxWnd.obj
 0001:00004360       ?SetMemOutDP@CDrCurve@@QAEXPAUtagPOINT@@@Z 10005360 f i BoxWnd.obj
 0001:00004390       ?FixMemD@CDrCurve@@QAEPANJ@Z 10005390 f i BoxWnd.obj
 0001:000043d0       ?FreeMemD@CDrCurve@@QAEXPAN@Z 100053d0 f i BoxWnd.obj
 0001:00004400       ?FixMem@CDrCurve@@QAEPAUWORLD@@J@Z 10005400 f i BoxWnd.obj
 0001:00004440       ?FreeMem@CDrCurve@@QAEXPAUWORLD@@@Z 10005440 f i BoxWnd.obj
 0001:00004470       ?FixMemDP@CDrCurve@@QAEPAUtagPOINT@@J@Z 10005470 f i BoxWnd.obj
 0001:000044b0       ?FreeMemDP@CDrCurve@@QAEXPAUtagPOINT@@@Z 100054b0 f i BoxWnd.obj
 0001:000044e0       ?GetData_S@CDrCurve@@QAEHXZ 100054e0 f i BoxWnd.obj
 0001:00004500       ?SetData_S@CDrCurve@@QAEXH@Z 10005500 f i BoxWnd.obj
 0001:00004530       ?GetOrder_S@CDrCurve@@QAEHXZ 10005530 f i BoxWnd.obj
 0001:00004550       ?SetOrder_S@CDrCurve@@QAEXH@Z 10005550 f i BoxWnd.obj
 0001:00004580       ?GetKnotType_S@CDrCurve@@QAE?AW4KNOT@@XZ 10005580 f i BoxWnd.obj
 0001:000045a0       ?SetKnotType_S@CDrCurve@@QAEXW4KNOT@@@Z 100055a0 f i BoxWnd.obj
 0001:000045d0       ?GetWtType_S@CDrCurve@@QAE?AW4WEIGHT@@XZ 100055d0 f i BoxWnd.obj
 0001:000045f0       ?SetWtType_S@CDrCurve@@QAEXW4WEIGHT@@@Z 100055f0 f i BoxWnd.obj
 0001:00004620       ?GetBCL_S@CDrCurve@@QAE?AW4BOUNDARY@@XZ 10005620 f i BoxWnd.obj
 0001:00004640       ?SetBCL_S@CDrCurve@@QAEXW4BOUNDARY@@@Z 10005640 f i BoxWnd.obj
 0001:00004670       ?GetBCR_S@CDrCurve@@QAE?AW4BOUNDARY@@XZ 10005670 f i BoxWnd.obj
 0001:00004690       ?SetBCR_S@CDrCurve@@QAEXW4BOUNDARY@@@Z 10005690 f i BoxWnd.obj
 0001:000046c0       ?GetTanL_S@CDrCurve@@QAE?AUVECTOR@@XZ 100056c0 f i BoxWnd.obj
 0001:000046f0       ?SetTanL_S@CDrCurve@@QAEXUVECTOR@@@Z 100056f0 f i BoxWnd.obj
 0001:00004720       ?GetTanR_S@CDrCurve@@QAE?AUVECTOR@@XZ 10005720 f i BoxWnd.obj
 0001:00004750       ?SetTanR_S@CDrCurve@@QAEXUVECTOR@@@Z 10005750 f i BoxWnd.obj
 0001:00004780       ?GetnCon_BS_S@CDrCurve@@QAEHXZ 10005780 f i BoxWnd.obj
 0001:000047a0       ?SetnCon_BS_S@CDrCurve@@QAEXH@Z 100057a0 f i BoxWnd.obj
 0001:000047d0       ?GetnCon_BZ_S@CDrCurve@@QAEHXZ 100057d0 f i BoxWnd.obj
 0001:000047f0       ?SetnCon_BZ_S@CDrCurve@@QAEXH@Z 100057f0 f i BoxWnd.obj
 0001:00004820       ?GetnMKnots_S@CDrCurve@@QAEHXZ 10005820 f i BoxWnd.obj
 0001:00004840       ?SetnMKnots_S@CDrCurve@@QAEXH@Z 10005840 f i BoxWnd.obj
 0001:00004870       ?GetnKnots_S@CDrCurve@@QAEHXZ 10005870 f i BoxWnd.obj
 0001:00004890       ?SetnKnots_S@CDrCurve@@QAEXH@Z 10005890 f i BoxWnd.obj
 0001:000048c0       ?GetnDim_S@CDrCurve@@QAEHXZ 100058c0 f i BoxWnd.obj
 0001:000048e0       ?SetnDim_S@CDrCurve@@QAEXH@Z 100058e0 f i BoxWnd.obj
 0001:00004910       ?GetpMKnots_S@CDrCurve@@QAEPANXZ 10005910 f i BoxWnd.obj
 0001:00004930       ?SetpMKnots_S@CDrCurve@@QAEXPAN@Z 10005930 f i BoxWnd.obj
 0001:00004960       ?GetpWts_BS_S@CDrCurve@@QAEPANXZ 10005960 f i BoxWnd.obj
 0001:00004980       ?SetpWts_BS_S@CDrCurve@@QAEXPAN@Z 10005980 f i BoxWnd.obj
 0001:000049b0       ?GetpKnots_S@CDrCurve@@QAEPANXZ 100059b0 f i BoxWnd.obj
 0001:000049d0       ?SetpKnots_S@CDrCurve@@QAEXPAN@Z 100059d0 f i BoxWnd.obj
 0001:00004a00       ?GetpWts_DT_S@CDrCurve@@QAEPANXZ 10005a00 f i BoxWnd.obj
 0001:00004a20       ?SetpWts_DT_S@CDrCurve@@QAEXPAN@Z 10005a20 f i BoxWnd.obj
 0001:00004a50       ?GetpWts_BZ_S@CDrCurve@@QAEPANXZ 10005a50 f i BoxWnd.obj
 0001:00004a70       ?SetpWts_BZ_S@CDrCurve@@QAEXPAN@Z 10005a70 f i BoxWnd.obj
 0001:00004aa0       ?GetFromIDNode_S@CDrCurve@@QAEPAVCDrNode@@XZ 10005aa0 f i BoxWnd.obj
 0001:00004ac0       ?SetFromIDNode_S@CDrCurve@@QAEXPAVCDrNode@@@Z 10005ac0 f i BoxWnd.obj
 0001:00004af0       ?GetToIDNode_S@CDrCurve@@QAEPAVCDrNode@@XZ 10005af0 f i BoxWnd.obj
 0001:00004b10       ?SetToIDNode_S@CDrCurve@@QAEXPAVCDrNode@@@Z 10005b10 f i BoxWnd.obj
 0001:00004b40       ?GetData_Ex_S@CDrCurve@@QAEHXZ 10005b40 f i BoxWnd.obj
 0001:00004b60       ?SetData_Ex_S@CDrCurve@@QAEXH@Z 10005b60 f i BoxWnd.obj
 0001:00004b90       ?IsExpanded_S@CDrCurve@@QAEHXZ 10005b90 f i BoxWnd.obj
 0001:00004bb0       ?SetExpanded_S@CDrCurve@@QAEXH@Z 10005bb0 f i BoxWnd.obj
 0001:00004be0       ?GetMaxENodes_S@CDrCurve@@QAEHXZ 10005be0 f i BoxWnd.obj
 0001:00004c00       ?SetMaxENodes_S@CDrCurve@@QAEXH@Z 10005c00 f i BoxWnd.obj
 0001:00004c30       ?GetRadius_S@CDrCurve@@QAENXZ 10005c30 f i BoxWnd.obj
 0001:00004c50       ?SetRadius_S@CDrCurve@@QAEXN@Z 10005c50 f i BoxWnd.obj
 0001:00004c80       ?GetTheta_S@CDrCurve@@QAENXZ 10005c80 f i BoxWnd.obj
 0001:00004ca0       ?SetTheta_S@CDrCurve@@QAEXN@Z 10005ca0 f i BoxWnd.obj
 0001:00004cd0       ?GetCenter_S@CDrCurve@@QAE?AUWORLD@@XZ 10005cd0 f i BoxWnd.obj
 0001:00004d00       ?SetCenter_S@CDrCurve@@QAEXUWORLD@@@Z 10005d00 f i BoxWnd.obj
 0001:00004d60       ?GetNormal_S@CDrCurve@@QAE?AUWORLD@@XZ 10005d60 f i BoxWnd.obj
 0001:00004d90       ?SetNormal_S@CDrCurve@@QAEXUWORLD@@@Z 10005d90 f i BoxWnd.obj
 0001:00004df0       ?GetSegAngle_S@CDrCurve@@QAENXZ 10005df0 f i BoxWnd.obj
 0001:00004e10       ?SetSegAngle_S@CDrCurve@@QAEXN@Z 10005e10 f i BoxWnd.obj
 0001:00004e40       ?GetCNode_CC@CDrCurve@@QAEPAVCDrNode@@XZ 10005e40 f i BoxWnd.obj
 0001:00004e60       ?SetCNode_CC@CDrCurve@@QAEXPAVCDrNode@@@Z 10005e60 f i BoxWnd.obj
 0001:00004e90       ?GetCNode_TI@CDrCurve@@QAEPAVCDrNode@@XZ 10005e90 f i BoxWnd.obj
 0001:00004eb0       ?SetCNode_TI@CDrCurve@@QAEXPAVCDrNode@@@Z 10005eb0 f i BoxWnd.obj
 0001:00004ee0       ?GetCNode_CA@CDrCurve@@QAEPAVCDrNode@@XZ 10005ee0 f i BoxWnd.obj
 0001:00004f00       ?SetCNode_CA@CDrCurve@@QAEXPAVCDrNode@@@Z 10005f00 f i BoxWnd.obj
 0001:00004f30       ?GetCNode_CB@CDrCurve@@QAEPAVCDrNode@@XZ 10005f30 f i BoxWnd.obj
 0001:00004f50       ?SetCNode_CB@CDrCurve@@QAEXPAVCDrNode@@@Z 10005f50 f i BoxWnd.obj
 0001:00004f80       ?IsHole_S@CDrCurve@@QAEHXZ 10005f80 f i BoxWnd.obj
 0001:00004fa0       ?SetHole_S@CDrCurve@@QAEXH@Z 10005fa0 f i BoxWnd.obj
 0001:00004fd0       ?GetpTangents_S@CDrCurve@@QAEPAUWORLD@@XZ 10005fd0 f i BoxWnd.obj
 0001:00004ff0       ?SetpTangents_S@CDrCurve@@QAEXPAUWORLD@@@Z 10005ff0 f i BoxWnd.obj
 0001:00005020       ?GetpCurvatures_S@CDrCurve@@QAEPANXZ 10006020 f i BoxWnd.obj
 0001:00005040       ?SetpCurvatures_S@CDrCurve@@QAEXPAN@Z 10006040 f i BoxWnd.obj
 0001:00005070       ?GetRatio_S@CDrCurve@@QAENXZ 10006070 f i BoxWnd.obj
 0001:00005090       ?SetRatio_S@CDrCurve@@QAEXN@Z 10006090 f i BoxWnd.obj
 0001:000050c0       ?IsAxisInput@CDrCurve@@QAEHXZ 100060c0 f i BoxWnd.obj
 0001:000050e0       ?SetAxisInput@CDrCurve@@QAEXH@Z 100060e0 f i BoxWnd.obj
 0001:00005110       ?GetAxis@CDrCurve@@QAEHXZ  10006110 f i BoxWnd.obj
 0001:00005130       ?SetAxis@CDrCurve@@QAEXH@Z 10006130 f i BoxWnd.obj
 0001:00005160       ?IsNegative@CDrCurve@@QAEHXZ 10006160 f i BoxWnd.obj
 0001:00005180       ?SetNegative@CDrCurve@@QAEXH@Z 10006180 f i BoxWnd.obj
 0001:000051b0       ?GetCircleType@CDrCurve@@QAE?AW4CIRCLETYPE@@XZ 100061b0 f i BoxWnd.obj
 0001:000051d0       ?SetCircleType@CDrCurve@@QAEXW4CIRCLETYPE@@@Z 100061d0 f i BoxWnd.obj
 0001:00005200       ?GetInputType@CDrCurve@@QAEHXZ 10006200 f i BoxWnd.obj
 0001:00005220       ?SetInputType@CDrCurve@@QAEXH@Z 10006220 f i BoxWnd.obj
 0001:00005250       ?IsArcType@CDrCurve@@QAEHXZ 10006250 f i BoxWnd.obj
 0001:00005270       ?SetArcType@CDrCurve@@QAEXH@Z 10006270 f i BoxWnd.obj
 0001:000052a0       ?GetElperSegList_S@CDrCurve@@QAEPAV?$CList@HH@@XZ 100062a0 f i BoxWnd.obj
 0001:000052c0       ?IsSkewed@CDrCurve@@UAEHXZ 100062c0 f i BoxWnd.obj
 0001:000052e0       ?SetSkewed@CDrCurve@@UAEXH@Z 100062e0 f i BoxWnd.obj
 0001:00005310       ?IsLinSpr@CDrCurve@@UAEHXZ 10006310 f i BoxWnd.obj
 0001:00005330       ?SetLinSpr@CDrCurve@@UAEXH@Z 10006330 f i BoxWnd.obj
 0001:00005360       ?IsLinSnu@CDrCurve@@UAEHXZ 10006360 f i BoxWnd.obj
 0001:00005380       ?SetLinSnu@CDrCurve@@UAEXH@Z 10006380 f i BoxWnd.obj
 0001:000053b0       ?CullWorld@CDrCurve@@UAEHUWORLD@@@Z 100063b0 f i BoxWnd.obj
 0001:000053d0       ?CullScreen@CDrCurve@@UAEHPAUMATRIX@@@Z 100063d0 f i BoxWnd.obj
 0001:000053f0       ?Calc_CentroidWorld@CDrCurve@@UAEXXZ 100063f0 f i BoxWnd.obj
 0001:00005410       ?Calc_CentroidEye@CDrCurve@@UAEXXZ 10006410 f i BoxWnd.obj
 0001:00005430       ?Calc_CentroidScreen3D@CDrCurve@@UAEXNN@Z 10006430 f i BoxWnd.obj
 0001:00005450       ?Calc_NormalWorld@CDrCurve@@UAEXXZ 10006450 f i BoxWnd.obj
 0001:00005470       ?TransformNormalToEye@CDrCurve@@UAEXPAUMATRIX@@@Z 10006470 f i BoxWnd.obj
 0001:00005490       ?ProjectNormalToScreen3D@CDrCurve@@UAEXPAUMATRIX@@NN@Z 10006490 f i BoxWnd.obj
 0001:000054b0       ?GetNormalWorld@CDrCurve@@UAEPAUWORLD@@XZ 100064b0 f i BoxWnd.obj
 0001:000054d0       ?SetNormalWorld@CDrCurve@@UAEXUWORLD@@@Z 100064d0 f i BoxWnd.obj
 0001:000054f0       ?GetNormalEye@CDrCurve@@UAEPAUWORLD@@XZ 100064f0 f i BoxWnd.obj
 0001:00005510       ?SetNormalEye@CDrCurve@@UAEXUWORLD@@@Z 10006510 f i BoxWnd.obj
 0001:00005530       ?GetNormalScreen3D@CDrCurve@@UAEPAUWORLD@@XZ 10006530 f i BoxWnd.obj
 0001:00005550       ?SetNormalScreen3D@CDrCurve@@UAEXUWORLD@@@Z 10006550 f i BoxWnd.obj
 0001:00005570       ?GetNormalScreen2D@CDrCurve@@UAEPAUtagPOINT@@XZ 10006570 f i BoxWnd.obj
 0001:00005590       ?SetNormalScreen2D@CDrCurve@@UAEXUtagPOINT@@@Z 10006590 f i BoxWnd.obj
 0001:000055b0       ?GetNodTopoList@CDrCurve@@QAEPAVCDListMgr@@XZ 100065b0 f i BoxWnd.obj
 0001:000055d0       ?GetSuppCardList@CDrCurve@@QAEPAV?$CList@Usupportcard@@U1@@@XZ 100065d0 f i BoxWnd.obj
 0001:000055f0       ?GetStaLCardList@CDrCurve@@QAEPAV?$CList@UstaLcard@@U1@@@XZ 100065f0 f i BoxWnd.obj
 0001:00005610       ?GetBndryPtList@CDrCurve@@QAEPAV?$CList@UWORLD@@U1@@@XZ 10006610 f i BoxWnd.obj
 0001:00005630       ?GetBezierType@CDrCurve@@QAE?AW4BEZIERTYPE@@XZ 10006630 f i BoxWnd.obj
 0001:00005650       ?SetBezierType@CDrCurve@@QAEXW4BEZIERTYPE@@@Z 10006650 f i BoxWnd.obj
 0001:00005680       ?IsSubDivided@CTriangle@@UAEHXZ 10006680 f i BoxWnd.obj
 0001:000056a0       ?SetSubDivided@CTriangle@@UAEXH@Z 100066a0 f i BoxWnd.obj
 0001:000056c0       ?GetSubTriangleIndex@CTriangle@@UAEHH@Z 100066c0 f i BoxWnd.obj
 0001:000056e0       ?SetSubTriangleIndex@CTriangle@@UAEXHH@Z 100066e0 f i BoxWnd.obj
 0001:00005710       ?GetType@CTriangle@@UAEHXZ 10006710 f i BoxWnd.obj
 0001:00005730       ?SetType@CTriangle@@UAEXH@Z 10006730 f i BoxWnd.obj
 0001:00005750       ?GetCNIndexList@CTriangle@@UAEPAV?$CList@HH@@XZ 10006750 f i BoxWnd.obj
 0001:00005770       ?GetPatIndex@CTriangle@@UAEHXZ 10006770 f i BoxWnd.obj
 0001:00005790       ?SetPatIndex@CTriangle@@UAEXH@Z 10006790 f i BoxWnd.obj
 0001:000057b0       ?GetDegree@CTriangle@@UAEHXZ 100067b0 f i BoxWnd.obj
 0001:000057d0       ?SetDegree@CTriangle@@UAEXH@Z 100067d0 f i BoxWnd.obj
 0001:000057f0       ?GetVertexIndex@CTriangle@@UAEHH@Z 100067f0 f i BoxWnd.obj
 0001:00005810       ?SetVertexIndex@CTriangle@@UAEXHH@Z 10006810 f i BoxWnd.obj
 0001:00005840       ?GetVertexIndex@CTriangle@@UAEPAHXZ 10006840 f i BoxWnd.obj
 0001:00005860       ?GetNebrVertexIndex@CTriangle@@UAEHH@Z 10006860 f i BoxWnd.obj
 0001:00005880       ?SetNebrVertexIndex@CTriangle@@UAEXHH@Z 10006880 f i BoxWnd.obj
 0001:000058b0       ?GetNebrVertexIndex@CTriangle@@UAEPAHXZ 100068b0 f i BoxWnd.obj
 0001:000058d0       ?GetNebrTriangleIndex@CTriangle@@UAEHH@Z 100068d0 f i BoxWnd.obj
 0001:000058f0       ?SetNebrTriangleIndex@CTriangle@@UAEXHH@Z 100068f0 f i BoxWnd.obj
 0001:00005920       ?GetNebrTriangleIndex@CTriangle@@UAEPAHXZ 10006920 f i BoxWnd.obj
 0001:00005940       ?GetOutSeg@CTriangle@@UAEHXZ 10006940 f i BoxWnd.obj
 0001:00005960       ?SetOutSeg@CTriangle@@UAEXH@Z 10006960 f i BoxWnd.obj
 0001:00005980       ?GetiOutGlo@CTriangle@@UAEHXZ 10006980 f i BoxWnd.obj
 0001:000059a0       ?SetiOutGlo@CTriangle@@UAEXH@Z 100069a0 f i BoxWnd.obj
 0001:000059d0       ?GetjOutGlo@CTriangle@@UAEHXZ 100069d0 f i BoxWnd.obj
 0001:000059f0       ?SetjOutGlo@CTriangle@@UAEXH@Z 100069f0 f i BoxWnd.obj
 0001:00005a20       ??1CTriangle@@UAE@XZ       10006a20 f i BoxWnd.obj
 0001:00005a80       ??_GCTriangle@@UAEPAXI@Z   10006a80 f i BoxWnd.obj
 0001:00005ac0       ??_ECTriangle@@UAEPAXI@Z   10006ac0 f i BoxWnd.obj
 0001:00005b40       ?GetCategory@CDrPatch@@UAE?AW4CATEGORY@@XZ 10006b40 f i BoxWnd.obj
 0001:00005b60       ?SetCategory@CDrPatch@@UAEXW4CATEGORY@@@Z 10006b60 f i BoxWnd.obj
 0001:00005b80       ?IsNormalNeeded@CDrPatch@@UAEHXZ 10006b80 f i BoxWnd.obj
 0001:00005ba0       ?SetNormalNeed@CDrPatch@@UAEXH@Z 10006ba0 f i BoxWnd.obj
 0001:00005bd0       ?GetCurveType_T@CDrPatch@@QAE?AW4CURVEPROC@@XZ 10006bd0 f i BoxWnd.obj
 0001:00005bf0       ?SetCurveType_T@CDrPatch@@QAEXW4CURVEPROC@@@Z 10006bf0 f i BoxWnd.obj
 0001:00005c20       ?GetOutSegUnif_T@CDrPatch@@QAEHXZ 10006c20 f i BoxWnd.obj
 0001:00005c40       ?SetOutSegUnif_T@CDrPatch@@QAEXH@Z 10006c40 f i BoxWnd.obj
 0001:00005c70       ?IsClosed_T@CDrPatch@@QAEHXZ 10006c70 f i BoxWnd.obj
 0001:00005c90       ?SetClosed_T@CDrPatch@@QAEXH@Z 10006c90 f i BoxWnd.obj
 0001:00005cc0       ?GetMaxBezSegments_T@CDrPatch@@QAEHXZ 10006cc0 f i BoxWnd.obj
 0001:00005ce0       ?SetMaxBezSegments_T@CDrPatch@@QAEXH@Z 10006ce0 f i BoxWnd.obj
 0001:00005d10       ?GetMaxCNodes_T@CDrPatch@@QAEHXZ 10006d10 f i BoxWnd.obj
 0001:00005d30       ?SetMaxCNodes_T@CDrPatch@@QAEXH@Z 10006d30 f i BoxWnd.obj
 0001:00005d60       ?GetMaxOutPts_T@CDrPatch@@QAEHXZ 10006d60 f i BoxWnd.obj
 0001:00005d80       ?SetMaxOutPts_T@CDrPatch@@QAEXH@Z 10006d80 f i BoxWnd.obj
 0001:00005db0       ?GetNodes_S@CDrPatch@@QAEHXZ 10006db0 f i BoxWnd.obj
 0001:00005dd0       ?SetNodes_S@CDrPatch@@QAEXH@Z 10006dd0 f i BoxWnd.obj
 0001:00005e00       ?GetNodes_T@CDrPatch@@QAEHXZ 10006e00 f i BoxWnd.obj
 0001:00005e20       ?SetNodes_T@CDrPatch@@QAEXH@Z 10006e20 f i BoxWnd.obj
 0001:00005e50       ?GetPrimaryDir@CDrPatch@@QAEHXZ 10006e50 f i BoxWnd.obj
 0001:00005e70       ?SetPrimaryDir@CDrPatch@@QAEXH@Z 10006e70 f i BoxWnd.obj
 0001:00005ea0       ?GetBlendCurve@CDrPatch@@QAEPAVCDrCurve@@XZ 10006ea0 f i BoxWnd.obj
 0001:00005ec0       ?SetBlendCurve@CDrPatch@@QAEXPAVCDrCurve@@@Z 10006ec0 f i BoxWnd.obj
 0001:00005ef0       ?GetBlendCurve_U@CDrPatch@@QAEPAVCDrCurve@@XZ 10006ef0 f i BoxWnd.obj
 0001:00005f10       ?SetBlendCurve_U@CDrPatch@@QAEXPAVCDrCurve@@@Z 10006f10 f i BoxWnd.obj
 0001:00005f40       ?GetBlendCurve_V@CDrPatch@@QAEPAVCDrCurve@@XZ 10006f40 f i BoxWnd.obj
 0001:00005f60       ?SetBlendCurve_V@CDrPatch@@QAEXPAVCDrCurve@@@Z 10006f60 f i BoxWnd.obj
 0001:00005f90       ?GetBlendCurve_W@CDrPatch@@QAEPAVCDrCurve@@XZ 10006f90 f i BoxWnd.obj
 0001:00005fb0       ?SetBlendCurve_W@CDrPatch@@QAEXPAVCDrCurve@@@Z 10006fb0 f i BoxWnd.obj
 0001:00005fe0       ?GetVCurveList@CDrPatch@@QAEPAVCDListMgr@@XZ 10006fe0 f i BoxWnd.obj
 0001:00006000       ?GetCurveList_U@CDrPatch@@QAEPAVCDListMgr@@XZ 10007000 f i BoxWnd.obj
 0001:00006020       ?GetCurveList_V@CDrPatch@@QAEPAVCDListMgr@@XZ 10007020 f i BoxWnd.obj
 0001:00006040       ?GetCurveList_W@CDrPatch@@QAEPAVCDListMgr@@XZ 10007040 f i BoxWnd.obj
 0001:00006060       ?GetCurveLatchList_U@CDrPatch@@QAEPAV?$CList@W4CURVELATCH@@W41@@@XZ 10007060 f i BoxWnd.obj
 0001:00006080       ?GetCurveLatchList_V@CDrPatch@@QAEPAV?$CList@W4CURVELATCH@@W41@@@XZ 10007080 f i BoxWnd.obj
 0001:000060a0       ?GetCurveLatchList_W@CDrPatch@@QAEPAV?$CList@W4CURVELATCH@@W41@@@XZ 100070a0 f i BoxWnd.obj
 0001:000060c0       ?IsAdvancedEnd_U@CDrPatch@@QAEHXZ 100070c0 f i BoxWnd.obj
 0001:000060e0       ?SetAdvancedEnd_U@CDrPatch@@QAEXH@Z 100070e0 f i BoxWnd.obj
 0001:00006110       ?GetCornerTwist_U@CDrPatch@@QAEPAY01UWORLD@@XZ 10007110 f i BoxWnd.obj
 0001:00006130       ?SetCornerTwist_U@CDrPatch@@QAEXPAY01UWORLD@@@Z 10007130 f i BoxWnd.obj
 0001:00006160       ?GetTwistMethod_U@CDrPatch@@QAE?AW4TWIST@@XZ 10007160 f i BoxWnd.obj
 0001:00006180       ?SetTwistMethod_U@CDrPatch@@QAEXW4TWIST@@@Z 10007180 f i BoxWnd.obj
 0001:000061b0       ?IsAdvancedEnd_V@CDrPatch@@QAEHXZ 100071b0 f i BoxWnd.obj
 0001:000061d0       ?SetAdvancedEnd_V@CDrPatch@@QAEXH@Z 100071d0 f i BoxWnd.obj
 0001:00006200       ?GetCornerTwist_V@CDrPatch@@QAEPAY01UWORLD@@XZ 10007200 f i BoxWnd.obj
 0001:00006220       ?SetCornerTwist_V@CDrPatch@@QAEXPAY01UWORLD@@@Z 10007220 f i BoxWnd.obj
 0001:00006250       ?GetTwistMethod_V@CDrPatch@@QAE?AW4TWIST@@XZ 10007250 f i BoxWnd.obj
 0001:00006270       ?SetTwistMethod_V@CDrPatch@@QAEXW4TWIST@@@Z 10007270 f i BoxWnd.obj
 0001:000062a0       ?GetEndList_U@CDrPatch@@QAEPAV?$CList@Ublendend@@U1@@@XZ 100072a0 f i BoxWnd.obj
 0001:000062c0       ?GetEndList_V@CDrPatch@@QAEPAV?$CList@Ublendend@@U1@@@XZ 100072c0 f i BoxWnd.obj
 0001:000062e0       ?GetElperSegList_T@CDrPatch@@QAEPAV?$CList@HH@@XZ 100072e0 f i BoxWnd.obj
 0001:00006300       ?GetCurveID@CDrPatch@@QAE?AVCString@@H@Z 10007300 f i BoxWnd.obj
 0001:00006340       ?SetCurveID@CDrPatch@@QAEXVCString@@H@Z 10007340 f i BoxWnd.obj
 0001:000063a0       ?GetBndryCurve@CDrPatch@@QAEPAVCDrCurve@@H@Z 100073a0 f i BoxWnd.obj
 0001:000063d0       ?SetCurve@CDrPatch@@QAEXPAVCDrCurve@@H@Z 100073d0 f i BoxWnd.obj
 0001:00006400       ?GetCurveLatch@CDrPatch@@QAE?AW4CURVELATCH@@H@Z 10007400 f i BoxWnd.obj
 0001:00006430       ?SetCurveLatch@CDrPatch@@QAEXW4CURVELATCH@@H@Z 10007430 f i BoxWnd.obj
 0001:00006460       ?GetFromIDNode_T@CDrPatch@@QAEPAVCDrNode@@XZ 10007460 f i BoxWnd.obj
 0001:00006480       ?SetFromIDNode_T@CDrPatch@@QAEXPAVCDrNode@@@Z 10007480 f i BoxWnd.obj
 0001:000064b0       ?GetToIDNode_T@CDrPatch@@QAEPAVCDrNode@@XZ 100074b0 f i BoxWnd.obj
 0001:000064d0       ?SetToIDNode_T@CDrPatch@@QAEXPAVCDrNode@@@Z 100074d0 f i BoxWnd.obj
 0001:00006500       ?GetFromPtLocal_T@CDrPatch@@QAEPAUWORLD@@XZ 10007500 f i BoxWnd.obj
 0001:00006520       ?SetFromPtLocal_T@CDrPatch@@QAEXUWORLD@@@Z 10007520 f i BoxWnd.obj
 0001:00006550       ?GetToPtLocal_T@CDrPatch@@QAEPAUWORLD@@XZ 10007550 f i BoxWnd.obj
 0001:00006570       ?SetToPtLocal_T@CDrPatch@@QAEXUWORLD@@@Z 10007570 f i BoxWnd.obj
 0001:000065a0       ?GetFromPtWorld_T@CDrPatch@@QAEPAUWORLD@@XZ 100075a0 f i BoxWnd.obj
 0001:000065c0       ?SetFromPtWorld_T@CDrPatch@@QAEXUWORLD@@@Z 100075c0 f i BoxWnd.obj
 0001:000065f0       ?GetToPtWorld_T@CDrPatch@@QAEPAUWORLD@@XZ 100075f0 f i BoxWnd.obj
 0001:00006610       ?SetToPtWorld_T@CDrPatch@@QAEXUWORLD@@@Z 10007610 f i BoxWnd.obj
 0001:00006640       ?GetFromPtEye_T@CDrPatch@@QAEPAUWORLD@@XZ 10007640 f i BoxWnd.obj
 0001:00006660       ?SetFromPtEye_T@CDrPatch@@QAEXUWORLD@@@Z 10007660 f i BoxWnd.obj
 0001:00006690       ?GetToPtEye_T@CDrPatch@@QAEPAUWORLD@@XZ 10007690 f i BoxWnd.obj
 0001:000066b0       ?SetToPtEye_T@CDrPatch@@QAEXUWORLD@@@Z 100076b0 f i BoxWnd.obj
 0001:000066e0       ?GetAxis_T@CDrPatch@@QAEPAUWORLD@@XZ 100076e0 f i BoxWnd.obj
 0001:00006700       ?SetAxis_T@CDrPatch@@QAEXUWORLD@@@Z 10007700 f i BoxWnd.obj
 0001:00006730       ?GetExtruType_T@CDrPatch@@QAEHXZ 10007730 f i BoxWnd.obj
 0001:00006750       ?SetExtruType_T@CDrPatch@@QAEXH@Z 10007750 f i BoxWnd.obj
 0001:00006780       ?GetLength_T@CDrPatch@@QAENXZ 10007780 f i BoxWnd.obj
 0001:000067a0       ?SetLength_T@CDrPatch@@QAEXN@Z 100077a0 f i BoxWnd.obj
 0001:000067d0       ?GetWorldLength_T@CDrPatch@@QAE?AUWORLD@@XZ 100077d0 f i BoxWnd.obj
 0001:00006800       ?SetWorldLength_T@CDrPatch@@QAEXUWORLD@@@Z 10007800 f i BoxWnd.obj
 0001:00006830       ?GetSegs_T@CDrPatch@@QAEHXZ 10007830 f i BoxWnd.obj
 0001:00006850       ?SetSegs_T@CDrPatch@@QAEXH@Z 10007850 f i BoxWnd.obj
 0001:00006880       ?IsAxisInput_T@CDrPatch@@QAEHXZ 10007880 f i BoxWnd.obj
 0001:000068a0       ?SetAxisInput_T@CDrPatch@@QAEXH@Z 100078a0 f i BoxWnd.obj
 0001:000068d0       ?GetAxisType_T@CDrPatch@@QAEHXZ 100078d0 f i BoxWnd.obj
 0001:000068f0       ?SetAxisType_T@CDrPatch@@QAEXH@Z 100078f0 f i BoxWnd.obj
 0001:00006920       ?IsNegative_T@CDrPatch@@QAEHXZ 10007920 f i BoxWnd.obj
 0001:00006940       ?SetNegative_T@CDrPatch@@QAEXH@Z 10007940 f i BoxWnd.obj
 0001:00006970       ?GetCircleType_T@CDrPatch@@QAE?AW4CIRCLETYPE@@XZ 10007970 f i BoxWnd.obj
 0001:00006990       ?SetCircleType_T@CDrPatch@@QAEXW4CIRCLETYPE@@@Z 10007990 f i BoxWnd.obj
 0001:000069c0       ?GetAng_1_T@CDrPatch@@QAENXZ 100079c0 f i BoxWnd.obj
 0001:000069e0       ?SetAng_1_T@CDrPatch@@QAEXN@Z 100079e0 f i BoxWnd.obj
 0001:00006a10       ?GetAng_2_T@CDrPatch@@QAENXZ 10007a10 f i BoxWnd.obj
 0001:00006a30       ?SetAng_2_T@CDrPatch@@QAEXN@Z 10007a30 f i BoxWnd.obj
 0001:00006a60       ?GetPatchProc@CDrPatch@@QAE?AW4PATCHPROC@@XZ 10007a60 f i BoxWnd.obj
 0001:00006a80       ?SetPatchProc@CDrPatch@@QAEXW4PATCHPROC@@@Z 10007a80 f i BoxWnd.obj
 0001:00006ab0       ?GetPatchType@CDrPatch@@QAE?AW4PATCHTYPE@@XZ 10007ab0 f i BoxWnd.obj
 0001:00006ad0       ?SetPatchType@CDrPatch@@QAEXW4PATCHTYPE@@@Z 10007ad0 f i BoxWnd.obj
 0001:00006b00       ?GetPatSubType@CDrPatch@@QAE?AW4PATSUBTYPE@@XZ 10007b00 f i BoxWnd.obj
 0001:00006b20       ?SetPatSubType@CDrPatch@@QAEXW4PATSUBTYPE@@@Z 10007b20 f i BoxWnd.obj
 0001:00006b50       ?GetOut_S@CDrPatch@@QAEHXZ 10007b50 f i BoxWnd.obj
 0001:00006b70       ?SetOut_S@CDrPatch@@QAEXH@Z 10007b70 f i BoxWnd.obj
 0001:00006ba0       ?GetOut_T@CDrPatch@@QAEHXZ 10007ba0 f i BoxWnd.obj
 0001:00006bc0       ?SetOut_T@CDrPatch@@QAEXH@Z 10007bc0 f i BoxWnd.obj
 0001:00006bf0       ?GetTotalElems@CDrPatch@@QAEJXZ 10007bf0 f i BoxWnd.obj
 0001:00006c10       ?SetTotalElems@CDrPatch@@QAEXJ@Z 10007c10 f i BoxWnd.obj
 0001:00006c40       ?GetPtrTangents_S@CDrPatch@@QAEPAUWORLD@@XZ 10007c40 f i BoxWnd.obj
 0001:00006c60       ?GetPtrTangents_T@CDrPatch@@QAEPAUWORLD@@XZ 10007c60 f i BoxWnd.obj
 0001:00006c80       ?GetPtrNormals@CDrPatch@@QAEPAUWORLD@@XZ 10007c80 f i BoxWnd.obj
 0001:00006ca0       ?GetPtrTwists@CDrPatch@@QAEPAUWORLD@@XZ 10007ca0 f i BoxWnd.obj
 0001:00006cc0       ?GetMemIn@CDrPatch@@UAEPAUWORLD@@H@Z 10007cc0 f i BoxWnd.obj
 0001:00006cf0       ?SetMemIn@CDrPatch@@UAEXPAUWORLD@@H@Z 10007cf0 f i BoxWnd.obj
 0001:00006d20       ?SetMemIn@CDrPatch@@UAEXPAUWORLD@@@Z 10007d20 f i BoxWnd.obj
 0001:00006d50       ?SetMemInDP@CDrPatch@@UAEXPAUtagPOINT@@@Z 10007d50 f i BoxWnd.obj
 0001:00006d80       ?SetMemOut@CDrPatch@@UAEXPAUWORLD@@@Z 10007d80 f i BoxWnd.obj
 0001:00006db0       ?SetMemOutDP@CDrPatch@@UAEXPAUtagPOINT@@@Z 10007db0 f i BoxWnd.obj
 0001:00006de0       ?IsUniform_T@CDrPatch@@QAEHXZ 10007de0 f i BoxWnd.obj
 0001:00006e00       ?SetUniform_T@CDrPatch@@QAEXH@Z 10007e00 f i BoxWnd.obj
 0001:00006e30       ?GetClass_T@CDrPatch@@QAEHXZ 10007e30 f i BoxWnd.obj
 0001:00006e50       ?SetClass_T@CDrPatch@@QAEXH@Z 10007e50 f i BoxWnd.obj
 0001:00006e80       ?GetOrder_T@CDrPatch@@QAEHXZ 10007e80 f i BoxWnd.obj
 0001:00006ea0       ?SetOrder_T@CDrPatch@@QAEXH@Z 10007ea0 f i BoxWnd.obj
 0001:00006ed0       ?GetnDim_T@CDrPatch@@QAEHXZ 10007ed0 f i BoxWnd.obj
 0001:00006ef0       ?SetnDim_T@CDrPatch@@QAEXH@Z 10007ef0 f i BoxWnd.obj
 0001:00006f20       ?GetOutMethod_T@CDrPatch@@QAE?AW4PATCHOUTPUT@@XZ 10007f20 f i BoxWnd.obj
 0001:00006f40       ?SetOutMethod_T@CDrPatch@@QAEXW4PATCHOUTPUT@@@Z 10007f40 f i BoxWnd.obj
 0001:00006f70       ?GetMaxOutSeg_T@CDrPatch@@QAEHXZ 10007f70 f i BoxWnd.obj
 0001:00006f90       ?SetMaxOutSeg_T@CDrPatch@@QAEXH@Z 10007f90 f i BoxWnd.obj
 0001:00006fc0       ?GetNum_tPointer_T@CDrPatch@@QAEPAHXZ 10007fc0 f i BoxWnd.obj
 0001:00006fe0       ?SetNum_tPointer_T@CDrPatch@@QAEXPAH@Z 10007fe0 f i BoxWnd.obj
 0001:00007010       ?GetDis_tPointer_T@CDrPatch@@QAEPANXZ 10008010 f i BoxWnd.obj
 0001:00007030       ?SetDis_tPointer_T@CDrPatch@@QAEXPAN@Z 10008030 f i BoxWnd.obj
 0001:00007060       ?GetNum_tPointer_Ex_T@CDrPatch@@QAEPAHXZ 10008060 f i BoxWnd.obj
 0001:00007080       ?SetNum_tPointer_Ex_T@CDrPatch@@QAEXPAH@Z 10008080 f i BoxWnd.obj
 0001:000070b0       ?GetDis_AngPointer_T@CDrPatch@@QAEPANXZ 100080b0 f i BoxWnd.obj
 0001:000070d0       ?SetDis_AngPointer_T@CDrPatch@@QAEXPAN@Z 100080d0 f i BoxWnd.obj
 0001:00007100       ?GetData_Ex_T@CDrPatch@@QAEHXZ 10008100 f i BoxWnd.obj
 0001:00007120       ?SetData_Ex_T@CDrPatch@@QAEXH@Z 10008120 f i BoxWnd.obj
 0001:00007150       ?IsExpanded_T@CDrPatch@@QAEHXZ 10008150 f i BoxWnd.obj
 0001:00007170       ?SetExpanded_T@CDrPatch@@QAEXH@Z 10008170 f i BoxWnd.obj
 0001:000071a0       ?GetMaxENodes_T@CDrPatch@@QAEHXZ 100081a0 f i BoxWnd.obj
 0001:000071c0       ?SetMaxENodes_T@CDrPatch@@QAEXH@Z 100081c0 f i BoxWnd.obj
 0001:000071f0       ?GetRadius_T@CDrPatch@@QAENXZ 100081f0 f i BoxWnd.obj
 0001:00007210       ?SetRadius_T@CDrPatch@@QAEXN@Z 10008210 f i BoxWnd.obj
 0001:00007240       ?GetTheta_T@CDrPatch@@QAENXZ 10008240 f i BoxWnd.obj
 0001:00007260       ?SetTheta_T@CDrPatch@@QAEXN@Z 10008260 f i BoxWnd.obj
 0001:00007290       ?GetCenter_T@CDrPatch@@QAE?AUWORLD@@XZ 10008290 f i BoxWnd.obj
 0001:000072c0       ?SetCenter_T@CDrPatch@@QAEXUWORLD@@@Z 100082c0 f i BoxWnd.obj
 0001:00007320       ?GetNormal_T@CDrPatch@@QAE?AUWORLD@@XZ 10008320 f i BoxWnd.obj
 0001:00007350       ?SetNormal_T@CDrPatch@@QAEXUWORLD@@@Z 10008350 f i BoxWnd.obj
 0001:000073b0       ?GetSegAngle_T@CDrPatch@@QAENXZ 100083b0 f i BoxWnd.obj
 0001:000073d0       ?SetSegAngle_T@CDrPatch@@QAEXN@Z 100083d0 f i BoxWnd.obj
 0001:00007400       ?IsHole_T@CDrPatch@@QAEHXZ 10008400 f i BoxWnd.obj
 0001:00007420       ?SetHole_T@CDrPatch@@QAEXH@Z 10008420 f i BoxWnd.obj
 0001:00007450       ?GetpTangents_T@CDrPatch@@QAEPAUWORLD@@XZ 10008450 f i BoxWnd.obj
 0001:00007470       ?SetpTangents_T@CDrPatch@@QAEXPAUWORLD@@@Z 10008470 f i BoxWnd.obj
 0001:000074a0       ?GetpCurvatures_T@CDrPatch@@QAEPANXZ 100084a0 f i BoxWnd.obj
 0001:000074c0       ?SetpCurvatures_T@CDrPatch@@QAEXPAN@Z 100084c0 f i BoxWnd.obj
 0001:000074f0       ?GetRatio_T@CDrPatch@@QAENXZ 100084f0 f i BoxWnd.obj
 0001:00007510       ?SetRatio_T@CDrPatch@@QAEXN@Z 10008510 f i BoxWnd.obj
 0001:00007540       ?GetTwistType_T@CDrPatch@@QAEHXZ 10008540 f i BoxWnd.obj
 0001:00007560       ?SetTwistType_T@CDrPatch@@QAEXH@Z 10008560 f i BoxWnd.obj
 0001:00007590       ?GetTwistList_T@CDrPatch@@QAEPAV?$CList@NN@@XZ 10008590 f i BoxWnd.obj
 0001:000075b0       ?GetScaleType_T@CDrPatch@@QAEHXZ 100085b0 f i BoxWnd.obj
 0001:000075d0       ?SetScaleType_T@CDrPatch@@QAEXH@Z 100085d0 f i BoxWnd.obj
 0001:00007600       ?GetScaleList_T@CDrPatch@@QAEPAV?$CList@NN@@XZ 10008600 f i BoxWnd.obj
 0001:00007620       ?IsIncTwist_T@CDrPatch@@QAEHXZ 10008620 f i BoxWnd.obj
 0001:00007640       ?SetIncTwist_T@CDrPatch@@QAEXH@Z 10008640 f i BoxWnd.obj
 0001:00007670       ?GetTwistMult_T@CDrPatch@@QAENXZ 10008670 f i BoxWnd.obj
 0001:00007690       ?SetTwistMult_T@CDrPatch@@QAEXN@Z 10008690 f i BoxWnd.obj
 0001:000076c0       ?GetTwistStart_T@CDrPatch@@QAENXZ 100086c0 f i BoxWnd.obj
 0001:000076e0       ?SetTwistStart_T@CDrPatch@@QAEXN@Z 100086e0 f i BoxWnd.obj
 0001:00007710       ?IsIncScale_T@CDrPatch@@QAEHXZ 10008710 f i BoxWnd.obj
 0001:00007730       ?SetIncScale_T@CDrPatch@@QAEXH@Z 10008730 f i BoxWnd.obj
 0001:00007760       ?GetScaleMult_T@CDrPatch@@QAENXZ 10008760 f i BoxWnd.obj
 0001:00007780       ?SetScaleMult_T@CDrPatch@@QAEXN@Z 10008780 f i BoxWnd.obj
 0001:000077b0       ?GetScaleStart_T@CDrPatch@@QAENXZ 100087b0 f i BoxWnd.obj
 0001:000077d0       ?SetScaleStart_T@CDrPatch@@QAEXN@Z 100087d0 f i BoxWnd.obj
 0001:00007800       ?GetWorldTwistMult_T@CDrPatch@@QAE?AUWORLD@@XZ 10008800 f i BoxWnd.obj
 0001:00007830       ?SetWorldTwistMult_T@CDrPatch@@QAEXUWORLD@@@Z 10008830 f i BoxWnd.obj
 0001:00007860       ?GetWorldTwistStart_T@CDrPatch@@QAE?AUWORLD@@XZ 10008860 f i BoxWnd.obj
 0001:00007890       ?SetWorldTwistStart_T@CDrPatch@@QAEXUWORLD@@@Z 10008890 f i BoxWnd.obj
 0001:000078c0       ?GetWorldScaleMult_T@CDrPatch@@QAE?AUWORLD@@XZ 100088c0 f i BoxWnd.obj
 0001:000078f0       ?SetWorldScaleMult_T@CDrPatch@@QAEXUWORLD@@@Z 100088f0 f i BoxWnd.obj
 0001:00007920       ?GetWorldScaleStart_T@CDrPatch@@QAE?AUWORLD@@XZ 10008920 f i BoxWnd.obj
 0001:00007950       ?SetWorldScaleStart_T@CDrPatch@@QAEXUWORLD@@@Z 10008950 f i BoxWnd.obj
 0001:00007980       ?GetTriangleList@CDrPatch@@UAEPAVCDListMgr@@XZ 10008980 f i BoxWnd.obj
 0001:000079a0       ?GetnOutGlo_S@CDrPatch@@QAEHXZ 100089a0 f i BoxWnd.obj
 0001:000079c0       ?SetnOutGlo_S@CDrPatch@@QAEXH@Z 100089c0 f i BoxWnd.obj
 0001:000079f0       ?IsGenBCurve@CDrPatch@@QAEHXZ 100089f0 f i BoxWnd.obj
 0001:00007a10       ?SetGenBCurve@CDrPatch@@QAEXH@Z 10008a10 f i BoxWnd.obj
 0001:00007a40       ?IsEndCondMode@CSheet_PATI@@QAEHXZ 10008a40 f i BoxWnd.obj
 0001:00007a60       ?SetEndCondMode@CSheet_PATI@@QAEXH@Z 10008a60 f i BoxWnd.obj
 0001:00007a90       ?Parse_drPipe@CDrFE1D@@UAEXPAVCString@@@Z 10008a90 f i BoxWnd.obj
 0001:00007ab0       ?DoFormattedCardView@CDrFE1D@@UAEXPAVCString@@AAV2@@Z 10008ab0 f i BoxWnd.obj
 0001:00007ad0       ?DoUnFormattedCardView@CDrFE1D@@UAEXPAVCString@@@Z 10008ad0 f i BoxWnd.obj
 0001:00007af0       ?GetMaxCorners@CDrFE1D@@UAEHXZ 10008af0 f i BoxWnd.obj
 0001:00007b10       ?GetMemIn@CDrFE1D@@UAEPAUWORLD@@XZ 10008b10 f i BoxWnd.obj
 0001:00007b30       ?GetMemInWts@CDrFE1D@@UAEPANXZ 10008b30 f i BoxWnd.obj
 0001:00007b50       ?GetMemInDP@CDrFE1D@@UAEPAUtagPOINT@@XZ 10008b50 f i BoxWnd.obj
 0001:00007b70       ?GetMemOut@CDrFE1D@@UAEPAUWORLD@@XZ 10008b70 f i BoxWnd.obj
 0001:00007b90       ?GetMemOutWts@CDrFE1D@@UAEPANXZ 10008b90 f i BoxWnd.obj
 0001:00007bb0       ?GetMemOutDP@CDrFE1D@@UAEPAUtagPOINT@@XZ 10008bb0 f i BoxWnd.obj
 0001:00007bd0       ?SetMemIn@CDrFE1D@@UAEXPAUWORLD@@@Z 10008bd0 f i BoxWnd.obj
 0001:00007c00       ?SetMemInWts@CDrFE1D@@UAEXPAN@Z 10008c00 f i BoxWnd.obj
 0001:00007c30       ?SetMemInDP@CDrFE1D@@UAEXPAUtagPOINT@@@Z 10008c30 f i BoxWnd.obj
 0001:00007c60       ?SetMemOut@CDrFE1D@@UAEXPAUWORLD@@@Z 10008c60 f i BoxWnd.obj
 0001:00007c90       ?SetMemOutWts@CDrFE1D@@UAEXPAN@Z 10008c90 f i BoxWnd.obj
 0001:00007cc0       ?SetMemOutDP@CDrFE1D@@UAEXPAUtagPOINT@@@Z 10008cc0 f i BoxWnd.obj
 0001:00007cf0       ?FixMemD@CDrFE1D@@UAEPANJ@Z 10008cf0 f i BoxWnd.obj
 0001:00007d30       ?FreeMemD@CDrFE1D@@UAEXPAN@Z 10008d30 f i BoxWnd.obj
 0001:00007d60       ?FixMem@CDrFE1D@@UAEPAUWORLD@@J@Z 10008d60 f i BoxWnd.obj
 0001:00007da0       ?FreeMem@CDrFE1D@@UAEXPAUWORLD@@@Z 10008da0 f i BoxWnd.obj
 0001:00007dd0       ?FixMemDP@CDrFE1D@@UAEPAUtagPOINT@@J@Z 10008dd0 f i BoxWnd.obj
 0001:00007e10       ?FreeMemDP@CDrFE1D@@UAEXPAUtagPOINT@@@Z 10008e10 f i BoxWnd.obj
 0001:00007e40       ?GetnNodes@CDrFE1D@@QAEFXZ 10008e40 f i BoxWnd.obj
 0001:00007e60       ?SetnNodes@CDrFE1D@@QAEXF@Z 10008e60 f i BoxWnd.obj
 0001:00007e90       ?GetEdgeDegree@CDrFE1D@@QAEFXZ 10008e90 f i BoxWnd.obj
 0001:00007eb0       ?SetEdgeDegree@CDrFE1D@@QAEXF@Z 10008eb0 f i BoxWnd.obj
 0001:00007ee0       ?GetElNumID@CDrFE1D@@QAEAAVCString@@XZ 10008ee0 f i BoxWnd.obj
 0001:00007f00       ?SetElNumID@CDrFE1D@@QAEXVCString@@@Z 10008f00 f i BoxWnd.obj
 0001:00007f60       ?GetElTypeID@CDrFE1D@@QAEAAVCString@@XZ 10008f60 f i BoxWnd.obj
 0001:00007f80       ?SetElTypeID@CDrFE1D@@QAEXVCString@@@Z 10008f80 f i BoxWnd.obj
 0001:00007fe0       ?Getline_id@CDrFE1D@@QAEAAVCString@@XZ 10008fe0 f i BoxWnd.obj
 0001:00008000       ?Setline_id@CDrFE1D@@QAEXVCString@@@Z 10009000 f i BoxWnd.obj
 0001:00008060       ?Getrid@CDrFE1D@@UAEAAVCString@@H@Z 10009060 f i BoxWnd.obj
 0001:00008090       ?Setrid@CDrFE1D@@UAEXVCString@@H@Z 10009090 f i BoxWnd.obj
 0001:000080f0       ?Getpid@CDrFE1D@@QAEAAVCString@@XZ 100090f0 f i BoxWnd.obj
 0001:00008110       ?Setpid@CDrFE1D@@QAEXVCString@@@Z 10009110 f i BoxWnd.obj
 0001:00008170       ?Getmid@CDrFE1D@@QAEAAVCString@@XZ 10009170 f i BoxWnd.obj
 0001:00008190       ?Setmid@CDrFE1D@@QAEXVCString@@@Z 10009190 f i BoxWnd.obj
 0001:000081f0       ?GetElNum@CDrFE1D@@QAEIXZ  100091f0 f i BoxWnd.obj
 0001:00008210       ?SetElNum@CDrFE1D@@QAEXI@Z 10009210 f i BoxWnd.obj
 0001:00008240       ?GetElTypeNum@CDrFE1D@@QAEIXZ 10009240 f i BoxWnd.obj
 0001:00008260       ?SetElTypeNum@CDrFE1D@@QAEXI@Z 10009260 f i BoxWnd.obj
 0001:00008290       ?Getline_no@CDrFE1D@@QAEIXZ 10009290 f i BoxWnd.obj
 0001:000082b0       ?Setline_no@CDrFE1D@@QAEXI@Z 100092b0 f i BoxWnd.obj
 0001:000082e0       ?Getrel@CDrFE1D@@UAEIH@Z   100092e0 f i BoxWnd.obj
 0001:00008310       ?Setrel@CDrFE1D@@UAEXIH@Z  10009310 f i BoxWnd.obj
 0001:00008340       ?Getprop@CDrFE1D@@QAEIXZ   10009340 f i BoxWnd.obj
 0001:00008360       ?Setprop@CDrFE1D@@QAEXI@Z  10009360 f i BoxWnd.obj
 0001:00008390       ?Getmat@CDrFE1D@@QAEIXZ    10009390 f i BoxWnd.obj
 0001:000083b0       ?Setmat@CDrFE1D@@QAEXI@Z   100093b0 f i BoxWnd.obj
 0001:000083e0       ?Getnumseg@CDrFE1D@@QAEIXZ 100093e0 f i BoxWnd.obj
 0001:00008400       ?Setnumseg@CDrFE1D@@QAEXI@Z 10009400 f i BoxWnd.obj
 0001:00008430       ?GetRefTemp@CDrFE1D@@QAENXZ 10009430 f i BoxWnd.obj
 0001:00008450       ?SetRefTemp@CDrFE1D@@QAEXN@Z 10009450 f i BoxWnd.obj
 0001:00008480       ?GetCardNo@CDrFE1D@@QAEIXZ 10009480 f i BoxWnd.obj
 0001:000084a0       ?SetCardNo@CDrFE1D@@QAEXI@Z 100094a0 f i BoxWnd.obj
 0001:000084d0       ?GetCenter@CDrFE1D@@UAE?AUtagPOINT@@XZ 100094d0 f i BoxWnd.obj
 0001:00008500       ?SetCenter@CDrFE1D@@UAEXUtagPOINT@@@Z 10009500 f i BoxWnd.obj
 0001:00008530       ?Parse_drPipe@CDrFE2D@@UAEXPAVCString@@@Z 10009530 f i BoxWnd.obj
 0001:00008550       ?DoFormattedCardView@CDrFE2D@@UAEXPAVCString@@AAV2@@Z 10009550 f i BoxWnd.obj
 0001:00008570       ?DoUnFormattedCardView@CDrFE2D@@UAEXPAVCString@@@Z 10009570 f i BoxWnd.obj
 0001:00008590       ?GetMaxCorners@CDrFE2D@@UAEHXZ 10009590 f i BoxWnd.obj
 0001:000085b0       ?GetCentroidScreen2D@CDrFE2D@@UAEPAUtagPOINT@@XZ 100095b0 f i BoxWnd.obj
 0001:000085d0       ?SetCentroidScreen2D@CDrFE2D@@UAEXUtagPOINT@@@Z 100095d0 f i BoxWnd.obj
 0001:00008600       ?GetCentroidScreen3D@CDrFE2D@@UAEPAUWORLD@@XZ 10009600 f i BoxWnd.obj
 0001:00008620       ?SetCentroidScreen3D@CDrFE2D@@UAEXUWORLD@@@Z 10009620 f i BoxWnd.obj
 0001:00008650       ?GetCentroidEye@CDrFE2D@@UAEPAUWORLD@@XZ 10009650 f i BoxWnd.obj
 0001:00008670       ?SetCentroidEye@CDrFE2D@@UAEXUWORLD@@@Z 10009670 f i BoxWnd.obj
 0001:000086a0       ?GetCentroidWorld@CDrFE2D@@UAEPAUWORLD@@XZ 100096a0 f i BoxWnd.obj
 0001:000086c0       ?SetCentroidWorld@CDrFE2D@@UAEXUWORLD@@@Z 100096c0 f i BoxWnd.obj
 0001:000086f0       ?GetCentroidZdepth@CDrFE2D@@UAENXZ 100096f0 f i BoxWnd.obj
 0001:00008710       ?SetCentroidZdepth@CDrFE2D@@UAEXN@Z 10009710 f i BoxWnd.obj
 0001:00008740       ?GetNormalWorld@CDrFE2D@@UAEPAUWORLD@@XZ 10009740 f i BoxWnd.obj
 0001:00008760       ?SetNormalWorld@CDrFE2D@@UAEXUWORLD@@@Z 10009760 f i BoxWnd.obj
 0001:00008790       ?GetNormalEye@CDrFE2D@@UAEPAUWORLD@@XZ 10009790 f i BoxWnd.obj
 0001:000087b0       ?SetNormalEye@CDrFE2D@@UAEXUWORLD@@@Z 100097b0 f i BoxWnd.obj
 0001:000087e0       ?GetNormalScreen3D@CDrFE2D@@UAEPAUWORLD@@XZ 100097e0 f i BoxWnd.obj
 0001:00008800       ?SetNormalScreen3D@CDrFE2D@@UAEXUWORLD@@@Z 10009800 f i BoxWnd.obj
 0001:00008830       ?GetNormalScreen2D@CDrFE2D@@UAEPAUtagPOINT@@XZ 10009830 f i BoxWnd.obj
 0001:00008850       ?SetNormalScreen2D@CDrFE2D@@UAEXUtagPOINT@@@Z 10009850 f i BoxWnd.obj
 0001:00008880       ?IsCulled@CDrFE2D@@UAEHXZ  10009880 f i BoxWnd.obj
 0001:000088a0       ?SetCulled@CDrFE2D@@UAEXH@Z 100098a0 f i BoxWnd.obj
 0001:000088d0       ?GetnNodes@CDrFE2D@@QAEFXZ 100098d0 f i BoxWnd.obj
 0001:000088f0       ?SetnNodes@CDrFE2D@@QAEXF@Z 100098f0 f i BoxWnd.obj
 0001:00008920       ?GetnEdgeNodes@CDrFE2D@@QAEFXZ 10009920 f i BoxWnd.obj
 0001:00008940       ?SetnEdgeNodes@CDrFE2D@@QAEXF@Z 10009940 f i BoxWnd.obj
 0001:00008970       ?GetElNumID@CDrFE2D@@QAEAAVCString@@XZ 10009970 f i BoxWnd.obj
 0001:00008990       ?SetElNumID@CDrFE2D@@QAEXVCString@@@Z 10009990 f i BoxWnd.obj
 0001:000089f0       ?GetElTypeID@CDrFE2D@@QAEAAVCString@@XZ 100099f0 f i BoxWnd.obj
 0001:00008a10       ?SetElTypeID@CDrFE2D@@QAEXVCString@@@Z 10009a10 f i BoxWnd.obj
 0001:00008a70       ?Getline_id@CDrFE2D@@QAEAAVCString@@XZ 10009a70 f i BoxWnd.obj
 0001:00008a90       ?Setline_id@CDrFE2D@@QAEXVCString@@@Z 10009a90 f i BoxWnd.obj
 0001:00008af0       ?Getpid@CDrFE2D@@QAEAAVCString@@XZ 10009af0 f i BoxWnd.obj
 0001:00008b10       ?Setpid@CDrFE2D@@QAEXVCString@@@Z 10009b10 f i BoxWnd.obj
 0001:00008b70       ?Getmid@CDrFE2D@@QAEAAVCString@@XZ 10009b70 f i BoxWnd.obj
 0001:00008b90       ?Setmid@CDrFE2D@@QAEXVCString@@@Z 10009b90 f i BoxWnd.obj
 0001:00008bf0       ?GetElNum@CDrFE2D@@QAEIXZ  10009bf0 f i BoxWnd.obj
 0001:00008c10       ?SetElNum@CDrFE2D@@QAEXI@Z 10009c10 f i BoxWnd.obj
 0001:00008c40       ?GetElTypeNum@CDrFE2D@@QAEIXZ 10009c40 f i BoxWnd.obj
 0001:00008c60       ?SetElTypeNum@CDrFE2D@@QAEXI@Z 10009c60 f i BoxWnd.obj
 0001:00008c90       ?Getline_no@CDrFE2D@@QAEIXZ 10009c90 f i BoxWnd.obj
 0001:00008cb0       ?Setline_no@CDrFE2D@@QAEXI@Z 10009cb0 f i BoxWnd.obj
 0001:00008ce0       ?Getprop@CDrFE2D@@QAEIXZ   10009ce0 f i BoxWnd.obj
 0001:00008d00       ?Setprop@CDrFE2D@@QAEXI@Z  10009d00 f i BoxWnd.obj
 0001:00008d30       ?Getmat@CDrFE2D@@QAEIXZ    10009d30 f i BoxWnd.obj
 0001:00008d50       ?Setmat@CDrFE2D@@QAEXI@Z   10009d50 f i BoxWnd.obj
 0001:00008d80       ?Getnumseg@CDrFE2D@@QAEIXZ 10009d80 f i BoxWnd.obj
 0001:00008da0       ?Setnumseg@CDrFE2D@@QAEXI@Z 10009da0 f i BoxWnd.obj
 0001:00008dd0       ?GetRefTemp@CDrFE2D@@QAENXZ 10009dd0 f i BoxWnd.obj
 0001:00008df0       ?SetRefTemp@CDrFE2D@@QAEXN@Z 10009df0 f i BoxWnd.obj
 0001:00008e20       ?GetCardNo@CDrFE2D@@QAEIXZ 10009e20 f i BoxWnd.obj
 0001:00008e40       ?SetCardNo@CDrFE2D@@QAEXI@Z 10009e40 f i BoxWnd.obj
 0001:00008e70       ?GetCenter@CDrFE2D@@UAE?AUtagPOINT@@XZ 10009e70 f i BoxWnd.obj
 0001:00008ea0       ?SetCenter@CDrFE2D@@UAEXUtagPOINT@@@Z 10009ea0 f i BoxWnd.obj
 0001:00008ed0       ?IsPosiEdge@CDrFE2D@@QAEHH@Z 10009ed0 f i BoxWnd.obj
 0001:00008f00       ?SetPosiEdge@CDrFE2D@@QAEXHH@Z 10009f00 f i BoxWnd.obj
 0001:00008f30       ?Getrid@CDrFE2D@@UAEAAVCString@@H@Z 10009f30 f i BoxWnd.obj
 0001:00008f60       ?Setrid@CDrFE2D@@UAEXVCString@@H@Z 10009f60 f i BoxWnd.obj
 0001:00008fc0       ?Getrel@CDrFE2D@@UAEIH@Z   10009fc0 f i BoxWnd.obj
 0001:00008ff0       ?Setrel@CDrFE2D@@UAEXIH@Z  10009ff0 f i BoxWnd.obj
 0001:00009020       ?GetnCorners@CDrFE2D@@UAEFXZ 1000a020 f i BoxWnd.obj
 0001:00009040       ?SetnCorners@CDrFE2D@@UAEXF@Z 1000a040 f i BoxWnd.obj
 0001:00009070       ?GetnEdges@CDrFE2D@@UAEFXZ 1000a070 f i BoxWnd.obj
 0001:00009090       ?SetnEdges@CDrFE2D@@UAEXF@Z 1000a090 f i BoxWnd.obj
 0001:000090c0       ?GetElDegree@CDrFE2D@@UAE?AW4ELEM_DEGREE@@XZ 1000a0c0 f i BoxWnd.obj
 0001:000090e0       ?SetElDegree@CDrFE2D@@UAEXW4ELEM_DEGREE@@@Z 1000a0e0 f i BoxWnd.obj
 0001:00009110       ?GetEdgeDegrees@CDrFE2D@@UAEFH@Z 1000a110 f i BoxWnd.obj
 0001:00009140       ?SetEdgeDegrees@CDrFE2D@@UAEXFH@Z 1000a140 f i BoxWnd.obj
 0001:00009170       ?GetThkness@CDrFE2D@@UAENXZ 1000a170 f i BoxWnd.obj
 0001:00009190       ?SetThkness@CDrFE2D@@UAEXN@Z 1000a190 f i BoxWnd.obj
 0001:000091c0       ?IsNormalNeeded@CDrSolid@@UAEHXZ 1000a1c0 f i BoxWnd.obj
 0001:000091e0       ?SetNormalNeed@CDrSolid@@UAEXH@Z 1000a1e0 f i BoxWnd.obj
 0001:00009210       ?GetCurveType_R@CDrSolid@@QAE?AW4CURVEPROC@@XZ 1000a210 f i BoxWnd.obj
 0001:00009230       ?SetCurveType_R@CDrSolid@@QAEXW4CURVEPROC@@@Z 1000a230 f i BoxWnd.obj
 0001:00009260       ?GetOutSegUnif_R@CDrSolid@@QAEHXZ 1000a260 f i BoxWnd.obj
 0001:00009280       ?SetOutSegUnif_R@CDrSolid@@QAEXH@Z 1000a280 f i BoxWnd.obj
 0001:000092b0       ?IsClosed_R@CDrSolid@@QAEHXZ 1000a2b0 f i BoxWnd.obj
 0001:000092d0       ?SetClosed_R@CDrSolid@@QAEXH@Z 1000a2d0 f i BoxWnd.obj
 0001:00009300       ?GetSolidObjectType@CDrSolid@@QAEHXZ 1000a300 f i BoxWnd.obj
 0001:00009320       ?SetSolidObjectType@CDrSolid@@QAEXH@Z 1000a320 f i BoxWnd.obj
 0001:00009350       ?GetMaxBezSegments_R@CDrSolid@@QAEHXZ 1000a350 f i BoxWnd.obj
 0001:00009370       ?SetMaxBezSegments_R@CDrSolid@@QAEXH@Z 1000a370 f i BoxWnd.obj
 0001:000093a0       ?GetMaxCNodes_R@CDrSolid@@QAEHXZ 1000a3a0 f i BoxWnd.obj
 0001:000093c0       ?SetMaxCNodes_R@CDrSolid@@QAEXH@Z 1000a3c0 f i BoxWnd.obj
 0001:000093f0       ?GetMaxOutPts_R@CDrSolid@@QAEHXZ 1000a3f0 f i BoxWnd.obj
 0001:00009410       ?SetMaxOutPts_R@CDrSolid@@QAEXH@Z 1000a410 f i BoxWnd.obj
 0001:00009440       ?GetPatchID@CDrSolid@@QAE?AVCString@@H@Z 1000a440 f i BoxWnd.obj
 0001:00009480       ?SetPatchID@CDrSolid@@QAEXVCString@@H@Z 1000a480 f i BoxWnd.obj
 0001:000094e0       ?GetFromIDNode_R@CDrSolid@@QAEPAVCDrNode@@XZ 1000a4e0 f i BoxWnd.obj
 0001:00009500       ?SetFromIDNode_R@CDrSolid@@QAEXPAVCDrNode@@@Z 1000a500 f i BoxWnd.obj
 0001:00009530       ?GetToIDNode_R@CDrSolid@@QAEPAVCDrNode@@XZ 1000a530 f i BoxWnd.obj
 0001:00009550       ?SetToIDNode_R@CDrSolid@@QAEXPAVCDrNode@@@Z 1000a550 f i BoxWnd.obj
 0001:00009580       ?GetFromPtLocal_R@CDrSolid@@QAEPAUWORLD@@XZ 1000a580 f i BoxWnd.obj
 0001:000095a0       ?SetFromPtLocal_R@CDrSolid@@QAEXUWORLD@@@Z 1000a5a0 f i BoxWnd.obj
 0001:000095d0       ?GetToPtLocal_R@CDrSolid@@QAEPAUWORLD@@XZ 1000a5d0 f i BoxWnd.obj
 0001:000095f0       ?SetToPtLocal_R@CDrSolid@@QAEXUWORLD@@@Z 1000a5f0 f i BoxWnd.obj
 0001:00009620       ?GetFromPtWorld_R@CDrSolid@@QAEPAUWORLD@@XZ 1000a620 f i BoxWnd.obj
 0001:00009640       ?SetFromPtWorld_R@CDrSolid@@QAEXUWORLD@@@Z 1000a640 f i BoxWnd.obj
 0001:00009670       ?GetToPtWorld_R@CDrSolid@@QAEPAUWORLD@@XZ 1000a670 f i BoxWnd.obj
 0001:00009690       ?SetToPtWorld_R@CDrSolid@@QAEXUWORLD@@@Z 1000a690 f i BoxWnd.obj
 0001:000096c0       ?GetFromPtEye_R@CDrSolid@@QAEPAUWORLD@@XZ 1000a6c0 f i BoxWnd.obj
 0001:000096e0       ?SetFromPtEye_R@CDrSolid@@QAEXUWORLD@@@Z 1000a6e0 f i BoxWnd.obj
 0001:00009710       ?GetToPtEye_R@CDrSolid@@QAEPAUWORLD@@XZ 1000a710 f i BoxWnd.obj
 0001:00009730       ?SetToPtEye_R@CDrSolid@@QAEXUWORLD@@@Z 1000a730 f i BoxWnd.obj
 0001:00009760       ?GetAxis_R@CDrSolid@@QAEPAUWORLD@@XZ 1000a760 f i BoxWnd.obj
 0001:00009780       ?SetAxis_R@CDrSolid@@QAEXUWORLD@@@Z 1000a780 f i BoxWnd.obj
 0001:000097b0       ?GetExtruType_R@CDrSolid@@QAEHXZ 1000a7b0 f i BoxWnd.obj
 0001:000097d0       ?SetExtruType_R@CDrSolid@@QAEXH@Z 1000a7d0 f i BoxWnd.obj
 0001:00009800       ?GetLength_R@CDrSolid@@QAENXZ 1000a800 f i BoxWnd.obj
 0001:00009820       ?SetLength_R@CDrSolid@@QAEXN@Z 1000a820 f i BoxWnd.obj
 0001:00009850       ?GetWorldLength_R@CDrSolid@@QAE?AUWORLD@@XZ 1000a850 f i BoxWnd.obj
 0001:00009880       ?SetWorldLength_R@CDrSolid@@QAEXUWORLD@@@Z 1000a880 f i BoxWnd.obj
 0001:000098b0       ?GetSegs_R@CDrSolid@@QAEHXZ 1000a8b0 f i BoxWnd.obj
 0001:000098d0       ?SetSegs_R@CDrSolid@@QAEXH@Z 1000a8d0 f i BoxWnd.obj
 0001:00009900       ?GetSolidProc@CDrSolid@@QAE?AW4SOLIDPROC@@XZ 1000a900 f i BoxWnd.obj
 0001:00009920       ?SetSolidProc@CDrSolid@@QAEXW4SOLIDPROC@@@Z 1000a920 f i BoxWnd.obj
 0001:00009950       ?GetSolidType@CDrSolid@@QAE?AW4SOLIDTYPE@@XZ 1000a950 f i BoxWnd.obj
 0001:00009970       ?SetSolidType@CDrSolid@@QAEXW4SOLIDTYPE@@@Z 1000a970 f i BoxWnd.obj
 0001:000099a0       ?GetSolSubType@CDrSolid@@QAE?AW4SOLSUBTYPE@@XZ 1000a9a0 f i BoxWnd.obj
 0001:000099c0       ?SetSolSubType@CDrSolid@@QAEXW4SOLSUBTYPE@@@Z 1000a9c0 f i BoxWnd.obj
 0001:000099f0       ?GetOut_R@CDrSolid@@QAEHXZ 1000a9f0 f i BoxWnd.obj
 0001:00009a10       ?SetOut_R@CDrSolid@@QAEXH@Z 1000aa10 f i BoxWnd.obj
 0001:00009a40       ?IsUniform_R@CDrSolid@@QAEHXZ 1000aa40 f i BoxWnd.obj
 0001:00009a60       ?SetUniform_R@CDrSolid@@QAEXH@Z 1000aa60 f i BoxWnd.obj
 0001:00009a90       ?GetOrder_R@CDrSolid@@QAEHXZ 1000aa90 f i BoxWnd.obj
 0001:00009ab0       ?SetOrder_R@CDrSolid@@QAEXH@Z 1000aab0 f i BoxWnd.obj
 0001:00009ae0       ?GetnDim_R@CDrSolid@@QAEHXZ 1000aae0 f i BoxWnd.obj
 0001:00009b00       ?SetnDim_R@CDrSolid@@QAEXH@Z 1000ab00 f i BoxWnd.obj
 0001:00009b30       ?GetOutMethod_R@CDrSolid@@QAE?AW4SOLIDOUTPUT@@XZ 1000ab30 f i BoxWnd.obj
 0001:00009b50       ?SetOutMethod_R@CDrSolid@@QAEXW4SOLIDOUTPUT@@@Z 1000ab50 f i BoxWnd.obj
 0001:00009b80       ?GetMaxOutSeg_R@CDrSolid@@QAEHXZ 1000ab80 f i BoxWnd.obj
 0001:00009ba0       ?SetMaxOutSeg_R@CDrSolid@@QAEXH@Z 1000aba0 f i BoxWnd.obj
 0001:00009bd0       ?GetNum_tPointer_R@CDrSolid@@QAEPAHXZ 1000abd0 f i BoxWnd.obj
 0001:00009bf0       ?SetNum_tPointer_R@CDrSolid@@QAEXPAH@Z 1000abf0 f i BoxWnd.obj
 0001:00009c20       ?GetDis_tPointer_R@CDrSolid@@QAEPANXZ 1000ac20 f i BoxWnd.obj
 0001:00009c40       ?SetDis_tPointer_R@CDrSolid@@QAEXPAN@Z 1000ac40 f i BoxWnd.obj
 0001:00009c70       ?GetNum_tPointer_Ex_R@CDrSolid@@QAEPAHXZ 1000ac70 f i BoxWnd.obj
 0001:00009c90       ?SetNum_tPointer_Ex_R@CDrSolid@@QAEXPAH@Z 1000ac90 f i BoxWnd.obj
 0001:00009cc0       ?GetDis_AngPointer_R@CDrSolid@@QAEPANXZ 1000acc0 f i BoxWnd.obj
 0001:00009ce0       ?SetDis_AngPointer_R@CDrSolid@@QAEXPAN@Z 1000ace0 f i BoxWnd.obj
 0001:00009d10       ?GetNum_tPointer_ST@CDrSolid@@QAEPAHXZ 1000ad10 f i BoxWnd.obj
 0001:00009d30       ?SetNum_tPointer_ST@CDrSolid@@QAEXPAH@Z 1000ad30 f i BoxWnd.obj
 0001:00009d60       ?GetDis_tPointer_ST@CDrSolid@@QAEPANXZ 1000ad60 f i BoxWnd.obj
 0001:00009d80       ?SetDis_tPointer_ST@CDrSolid@@QAEXPAN@Z 1000ad80 f i BoxWnd.obj
 0001:00009db0       ?GetNum_tPointer_Ex_ST@CDrSolid@@QAEPAHXZ 1000adb0 f i BoxWnd.obj
 0001:00009dd0       ?SetNum_tPointer_Ex_ST@CDrSolid@@QAEXPAH@Z 1000add0 f i BoxWnd.obj
 0001:00009e00       ?GetDis_AngPointer_ST@CDrSolid@@QAEPANXZ 1000ae00 f i BoxWnd.obj
 0001:00009e20       ?SetDis_AngPointer_ST@CDrSolid@@QAEXPAN@Z 1000ae20 f i BoxWnd.obj
 0001:00009e50       ?GetData_Ex_R@CDrSolid@@QAEHXZ 1000ae50 f i BoxWnd.obj
[...]
 0002:000010e0       ??_C@_0N@PAFK@BEZIER?5Solid?$AA@ 1001e0e0     Dboxdll.obj
 0002:000010f0       ??_C@_0M@NMJ@CUBIC?5Solid?$AA@ 1001e0f0     Dboxdll.obj
 0002:000010fc       ??_C@_0BA@JCFD@QUADRATIC?5Solid?$AA@ 1001e0fc     Dboxdll.obj
 0002:0000110c       ??_C@_0N@PFMG@LINEAR?5Solid?$AA@ 1001e10c     Dboxdll.obj
 0002:0000111c       ??_C@_0L@DPM@FLAT?5Solid?$AA@ 1001e11c     Dboxdll.obj
 0002:00001128       ??_C@_0M@FOEI@SWEPT?5Solid?$AA@ 1001e128     Dboxdll.obj
 0002:00001134       ??_C@_0N@MKKB@DUCTED?5Solid?$AA@ 1001e134     Dboxdll.obj
 0002:00001144       ??_C@_0P@IKAJ@EXTRUDED?5Solid?$AA@ 1001e144     Dboxdll.obj
 0002:00001154       ??_C@_0N@DMKD@LOFTED?5Solid?$AA@ 1001e154     Dboxdll.obj
 0002:00001164       ??_C@_0O@JLO@ROTATED?5Solid?$AA@ 1001e164     Dboxdll.obj
 0002:00001174       ??_C@_0M@FIMB@COONS?5Solid?$AA@ 1001e174     Dboxdll.obj
 0002:00001180       ??_C@_0O@NPP@GORDONS?5Solid?$AA@ 1001e180     Dboxdll.obj
 0002:00001190       ??_C@_0N@OCNK@TENSOR?5Solid?$AA@ 1001e190     Dboxdll.obj
 0002:000011a0       ??_C@_05DEEH@SOLID?$AA@    1001e1a0     Dboxdll.obj
 0002:000011a8       ??_C@_0O@FCLK@Patch?5PROFILE?$AA@ 1001e1a8     Dboxdll.obj
 0002:000011b8       ??_C@_0M@JMKC@SHEAR?5Patch?$AA@ 1001e1b8     Dboxdll.obj
 0002:000011c4       ??_C@_0M@HCIE@SCALE?5Patch?$AA@ 1001e1c4     Dboxdll.obj
 0002:000011d0       ??_C@_0BA@MKKE@TRANSLATE?5Patch?$AA@ 1001e1d0     Dboxdll.obj
 0002:000011e0       ??_C@_0N@MLBB@ROTATE?5Patch?$AA@ 1001e1e0     Dboxdll.obj
 0002:000011f0       ??_C@_0M@CBL@SPAWN?5Patch?$AA@ 1001e1f0     Dboxdll.obj
 0002:000011fc       ??_C@_0P@BLIL@STITCH?5Patches?$AA@ 1001e1fc     Dboxdll.obj
 0002:0000120c       ??_C@_0N@HDLB@DELETE?5Patch?$AA@ 1001e20c     Dboxdll.obj
 0002:0000121c       ??_C@_0N@LPPF@UNPOST?5Patch?$AA@ 1001e21c     Dboxdll.obj
 0002:0000122c       ??_C@_0L@EJBA@POST?5Patch?$AA@ 1001e22c     Dboxdll.obj
 0002:00001238       ??_C@_0L@NELG@MOVE?5Patch?$AA@ 1001e238     Dboxdll.obj
 0002:00001244       ??_C@_0L@CKG@EDIT?5Patch?$AA@ 1001e244     Dboxdll.obj
 0002:00001250       ??_C@_0BA@EAGJ@OPERATION?5Patch?$AA@ 1001e250     Dboxdll.obj
 0002:00001260       ??_C@_0L@BPPB@NURB?5Patch?$AA@ 1001e260     Dboxdll.obj
 0002:0000126c       ??_C@_0P@OKJA@B?9SPLINE?5Patch?$AA@ 1001e26c     Dboxdll.obj
 0002:0000127c       ??_C@_0N@DCHD@BEZIER?5Patch?$AA@ 1001e27c     Dboxdll.obj
 0002:0000128c       ??_C@_0M@MPOA@CUBIC?5Patch?$AA@ 1001e28c     Dboxdll.obj
 0002:00001298       ??_C@_0BA@FAHK@QUADRATIC?5Patch?$AA@ 1001e298     Dboxdll.obj
 0002:000012a8       ??_C@_0N@DHOP@LINEAR?5Patch?$AA@ 1001e2a8     Dboxdll.obj
 0002:000012b8       ??_C@_0L@MBNF@FLAT?5Patch?$AA@ 1001e2b8     Dboxdll.obj
 0002:000012c4       ??_C@_0M@JMGB@SWEPT?5Patch?$AA@ 1001e2c4     Dboxdll.obj
 0002:000012d0       ??_C@_0N@III@DUCTED?5Patch?$AA@ 1001e2d0     Dboxdll.obj
 0002:000012e0       ??_C@_0P@EICA@EXTRUDED?5Patch?$AA@ 1001e2e0     Dboxdll.obj
 0002:000012f0       ??_C@_0N@POIK@LOFTED?5Patch?$AA@ 1001e2f0     Dboxdll.obj
 0002:00001300       ??_C@_0O@MLJH@ROTATED?5Patch?$AA@ 1001e300     Dboxdll.obj
 0002:00001310       ??_C@_0M@JKOI@COONS?5Patch?$AA@ 1001e310     Dboxdll.obj
 0002:0000131c       ??_C@_0O@MPNG@GORDONS?5Patch?$AA@ 1001e31c     Dboxdll.obj
 0002:0000132c       ??_C@_0N@CAPD@TENSOR?5Patch?$AA@ 1001e32c     Dboxdll.obj
 0002:0000133c       ??_C@_05PGGO@PATCH?$AA@    1001e33c     Dboxdll.obj
 0002:00001344       ??_C@_0O@DEDG@Curve?5PROFILE?$AA@ 1001e344     Dboxdll.obj
 0002:00001354       ??_C@_0O@HDFL@REFLECT?5Patch?$AA@ 1001e354     Dboxdll.obj
 0002:00001364       ??_C@_0M@MOHK@SCALE?5Curve?$AA@ 1001e364     Dboxdll.obj
 0002:00001370       ??_C@_0BA@HGFK@TRANSLATE?5Curve?$AA@ 1001e370     Dboxdll.obj
 0002:00001380       ??_C@_0N@HHOP@ROTATE?5Curve?$AA@ 1001e380     Dboxdll.obj
 0002:00001390       ??_C@_0M@LOOF@SPAWN?5Curve?$AA@ 1001e390     Dboxdll.obj
 0002:0000139c       ??_C@_0O@EPHH@STITCH?5Curves?$AA@ 1001e39c     Dboxdll.obj
 0002:000013ac       ??_C@_0N@MPEP@DELETE?5Curve?$AA@ 1001e3ac     Dboxdll.obj
 0002:000013bc       ??_C@_0N@DAL@UNPOST?5Curve?$AA@ 1001e3bc     Dboxdll.obj
 0002:000013cc       ??_C@_0L@PFOO@POST?5Curve?$AA@ 1001e3cc     Dboxdll.obj
 0002:000013d8       ??_C@_0L@GIEI@MOVE?5Curve?$AA@ 1001e3d8     Dboxdll.obj
 0002:000013e4       ??_C@_0L@LOFI@EDIT?5Curve?$AA@ 1001e3e4     Dboxdll.obj
 0002:000013f0       ??_C@_0BA@PMJH@OPERATION?5Curve?$AA@ 1001e3f0     Dboxdll.obj
 0002:00001400       ??_C@_0L@KDAP@NURB?5Curve?$AA@ 1001e400     Dboxdll.obj
 0002:0000140c       ??_C@_0P@FGGO@B?9SPLINE?5Curve?$AA@ 1001e40c     Dboxdll.obj
 0002:0000141c       ??_C@_0N@IOIN@BEZIER?5Curve?$AA@ 1001e41c     Dboxdll.obj
 0002:0000142c       ??_C@_0O@NLEA@HERMITE?5Curve?$AA@ 1001e42c     Dboxdll.obj
 0002:0000143c       ??_C@_0M@HDBO@CUBIC?5Curve?$AA@ 1001e43c     Dboxdll.obj
 0002:00001448       ??_C@_0BA@OMIE@QUADRATIC?5Curve?$AA@ 1001e448     Dboxdll.obj
 0002:00001458       ??_C@_0N@ILBB@LINEAR?5Curve?$AA@ 1001e458     Dboxdll.obj
 0002:00001468       ??_C@_0BA@FFPP@PARABOLIC?5Curve?$AA@ 1001e468     Dboxdll.obj
 0002:00001478       ??_C@_0P@OJDG@ELLIPTIC?5Curve?$AA@ 1001e478     Dboxdll.obj
 0002:00001488       ??_C@_0P@GAFK@CIRCULAR?5Curve?$AA@ 1001e488     Dboxdll.obj
 0002:00001498       ??_C@_05EKJA@CURVE?$AA@    1001e498     Dboxdll.obj
 0002:000014a0       ??_C@_0N@IKMJ@REFLECT?5Node?$AA@ 1001e4a0     Dboxdll.obj
 0002:000014b0       ??_C@_0L@FFFM@SCALE?5Node?$AA@ 1001e4b0     Dboxdll.obj
 0002:000014bc       ??_C@_0P@HFIC@TRANSLATE?5Node?$AA@ 1001e4bc     Dboxdll.obj
 0002:000014cc       ??_C@_0M@MAPN@ROTATE?5Node?$AA@ 1001e4cc     Dboxdll.obj
 0002:000014d8       ??_C@_0L@MKKO@SPAWN?5Node?$AA@ 1001e4d8     Dboxdll.obj
 0002:000014e4       ??_C@_09OKNM@Mesh?5NODE?$AA@ 1001e4e4     Dboxdll.obj
 0002:000014f0       ??_C@_0N@PFFC@Control?5NODE?$AA@ 1001e4f0     Dboxdll.obj
 0002:00001500       ??_C@_04FPID@NODE?$AA@     1001e500     Dboxdll.obj
 0002:00001508       ??_C@_00A@?$AA@            1001e508     Dboxdll.obj
 0002:0000150c       ??_C@_0BH@DAOH@DBox?4DLL?5Terminating?$CB?6?$AA@ 1001e50c     Dboxdll.obj
 0002:00001524       ??_C@_02DILL@?$CFs?$AA@    1001e524     Dboxdll.obj
 0002:00001528       ??_C@_0BI@EMKL@DBox?4DLL?5Initializing?$CB?6?$AA@ 1001e528     Dboxdll.obj
 0002:00001540       ?messageMap@CDrawBar@@1UAFX_MSGMAP@@B 1001e540     Drawbar.obj
 0002:00001548       ?_messageEntries@CDrawBar@@0QBUAFX_MSGMAP_ENTRY@@B 1001e548     Drawbar.obj
 0002:00001590       ?classCDrawBar@CDrawBar@@2UCRuntimeClass@@B 1001e590     Drawbar.obj
 0002:000015a8       ??_C@_08NOIA@CDrawBar?$AA@ 1001e5a8     Drawbar.obj
 0002:000015b4       ??_7CDrawBar@@6B@          1001e5b4     Drawbar.obj
 0002:000016b8       ?messageMap@CDrawBox@@1UAFX_MSGMAP@@B 1001e6b8     Drawbox.obj
 0002:000016c0       ?_messageEntries@CDrawBox@@0QBUAFX_MSGMAP_ENTRY@@B 1001e6c0     Drawbox.obj
 0002:00001720       ?classCDrawBox@CDrawBox@@2UCRuntimeClass@@B 1001e720     Drawbox.obj
 0002:00001738       ??_C@_08BNLN@CDrawBox?$AA@ 1001e738     Drawbox.obj
 0002:00001744       ??_7CBooleans@@6B@         1001e744     Drawbox.obj
 0002:00001984       ??_7CDataWindow@@6B@       1001e984     Drawbox.obj
 0002:00001af4       ??_7CDrFont@@6B@           1001eaf4     Drawbox.obj
 0002:00001c64       ??_7CDrPen@@6B@            1001ec64     Drawbox.obj
 0002:00001e34       ??_7CHitNet@@6B@           1001ee34     Drawbox.obj
 0002:00001f84       ??_7CLayer@@6B@            1001ef84     Drawbox.obj
 0002:00002114       ??_7CPatchMnu@@6B@         1001f114     Drawbox.obj
 0002:000022bc       ??_7CObj3DMnu@@6B@         1001f2bc     Drawbox.obj
 0002:00002464       ??_7CMapFactor@@6B@        1001f464     Drawbox.obj
 0002:000025cc       ??_7CPrecision@@6B@        1001f5cc     Drawbox.obj
 0002:00002754       ??_7CScaleFactor@@6B@      1001f754     Drawbox.obj
 0002:000028c4       ??_7CUnit@@6B@             1001f8c4     Drawbox.obj
 0002:00002a40       ??_7CElemInfo@@6B@         1001fa40     Drawbox.obj
 0002:00002b9c       ??_7CDrawBox@@6B@          1001fb9c     Drawbox.obj
 0002:00002c5c       ??_C@_0CE@BILF@CDrawBox?3?3GetToolNum?5index?5Overf@ 1001fc5c     Drawbox.obj
 0002:00002c80       ??_C@_0BK@GNMN@Cannot?5Create?5ColorSquare?$AA@ 1001fc80     Drawbox.obj
 0002:00002c9c       ??_C@_0BG@EGLJ@Cannot?5Create?5DrawBar?$AA@ 1001fc9c     Drawbox.obj
 0002:00002cb4       ??_C@_0BK@PJFP@Failed?5to?5create?5toolbar?6?$AA@ 1001fcb4     Drawbox.obj
 0002:00002cd0       ??_C@_0BG@LFDF@resource?5string?5?$DN?5?$CFs?6?$AA@ 1001fcd0     Drawbox.obj
 0002:00002ce8       ??_C@_0BJ@FEGD@Button?5Count?5Discrepancy?$AA@ 1001fce8     Drawbox.obj
 0002:00002d04       ??_C@_06ELHP@AfxWnd?$AA@   1001fd04     Drawbox.obj
 0002:00002d0c       ??_C@_04IAJO@Zoom?$AA@     1001fd0c     Drawbox.obj
 0002:00002d14       ??_C@_0CK@FLHA@C?3?2drgraf4_0?2TOOLBOXS?2DRAWBOX?2Ol@ 1001fd14     OldGlob.obj
 0002:00002d60       ?messageMap@COldToolBar@@1UAFX_MSGMAP@@B 1001fd60     Oldtool.obj
 0002:00002d68       ?_messageEntries@COldToolBar@@0QBUAFX_MSGMAP_ENTRY@@B 1001fd68     Oldtool.obj
 0002:00002df8       ?classCOldToolBar@COldToolBar@@2UCRuntimeClass@@B 1001fdf8     Oldtool.obj
 0002:00002e10       ??_C@_0M@FCJA@COldToolBar?$AA@ 1001fe10     Oldtool.obj
 0002:00002e1c       ??_C@_0BM@DAKC@Error?3?5can?8t?5draw?5toolbar?4?6?$AA@ 1001fe1c     Oldtool.obj
 0002:00002e38       ??_7COldToolBar@@6B@       1001fe38     Oldtool.obj
 0002:00002f28       ??_C@_0DK@DGNA@Warning?3?5CToolBar?3?3SetHeight?$CI?$CFd?$CJ@ 1001ff28     Oldtool.obj
 0002:00002f64       ??_7COldToolCmdUI@@6B@     1001ff64     Oldtool.obj
 0002:00002f74       ??_C@_02JCCC@?6?$HN?$AA@   1001ff74     Oldtool.obj
 0002:00002f78       ??_C@_0CB@DJKL@?6?7iImage?5?$CIbitmap?5image?5index?$CJ?5?$DN?5@ 1001ff78     Oldtool.obj
 0002:00002f9c       ??_C@_0BO@PCPI@?6?7iImage?5?$CIseparator?5width?$CJ?5?$DN?5?$AA@ 1001ff9c     Oldtool.obj
 0002:00002fbc       ??_C@_0M@GLAJ@?6?7nStyle?5?$DN?5?$AA@ 1001ffbc     Oldtool.obj
 0002:00002fc8       ??_C@_08LINB@?6?7nID?5?$DN?5?$AA@ 1001ffc8     Oldtool.obj
 0002:00002fd4       ??_C@_0BB@ELCK@?6toolbar?5button?$FL?$AA@ 1001ffd4     Oldtool.obj
 0002:00002fe8       ??_C@_05EJJM@?$FN?5?$DN?5?$HL?$AA@ 1001ffe8     Oldtool.obj
 0002:00002ff0       ??_C@_0BA@BCFB@?6m_sizeImage?5?$DN?5?$AA@ 1001fff0     Oldtool.obj
 0002:00003000       ??_C@_0BB@BMHK@?6m_sizeButton?5?$DN?5?$AA@ 10020000     Oldtool.obj
 0002:00003014       ??_C@_0BF@DFMO@?6m_iButtonCapture?5?$DN?5?$AA@ 10020014     Oldtool.obj
 0002:0000302c       ??_C@_0BF@GKOI@?6m_hRsrcImageWell?5?$DN?5?$AA@ 1002002c     Oldtool.obj
 0002:00003044       ??_C@_0BF@ONDI@?6m_hInstImageWell?5?$DN?5?$AA@ 10020044     Oldtool.obj
 0002:0000305c       ??_C@_0BC@DKGE@m_hbmImageWell?5?$DN?5?$AA@ 1002005c     Oldtool.obj
 0002:00003070       ?classCPaletteBar@CPaletteBar@@2UCRuntimeClass@@B 10020070     Palette.obj
 0002:00003088       ?messageMap@CPaletteBar@@1UAFX_MSGMAP@@B 10020088     Palette.obj
 0002:00003090       ?_messageEntries@CPaletteBar@@0QBUAFX_MSGMAP_ENTRY@@B 10020090     Palette.obj
 0002:00003120       ??_C@_0M@FHPO@CPaletteBar?$AA@ 10020120     Palette.obj
 0002:0000312c       ??_7CPaletteBar@@6B@       1002012c     Palette.obj
 0002:0000322c       ??_C@_0BA@PDEI@SuperControlBar?$AA@ 1002022c     Palette.obj
 0002:00003240       ?classCVOprBar@CVOprBar@@2UCRuntimeClass@@B 10020240     VOprBar.obj
 0002:00003258       ?messageMap@CVOprBar@@1UAFX_MSGMAP@@B 10020258     VOprBar.obj
 0002:00003260       ?_messageEntries@CVOprBar@@0QBUAFX_MSGMAP_ENTRY@@B 10020260     VOprBar.obj
 0002:000032c0       ??_C@_08PILM@CVOprBar?$AA@ 100202c0     VOprBar.obj
 0002:000032cc       ??_7CVOprBar@@6B@          100202cc     VOprBar.obj
 0002:000033d0       ?messageMap@CVOprBox@@1UAFX_MSGMAP@@B 100203d0     VOprbox.obj
 0002:000033d8       ?_messageEntries@CVOprBox@@0QBUAFX_MSGMAP_ENTRY@@B 100203d8     VOprbox.obj
 0002:00003450       ?classCVOprBox@CVOprBox@@2UCRuntimeClass@@B 10020450     VOprbox.obj
 0002:00003468       ??_C@_08DLIB@CVOprBox?$AA@ 10020468     VOprbox.obj
 0002:00003474       ??_7CVOprBox@@6B@          10020474     VOprbox.obj
 0002:00003534       ??_C@_0CJ@LMH@CVOprBox?3?3OnCreate?6Cannot?5Create@ 10020534     VOprbox.obj
 0002:00003560       ??_C@_0DE@EGAA@CVOprBox?3?3CreateElemBar?$CI?$CJ?6Failed@ 10020560     VOprbox.obj
 0002:00003594       ??_C@_0DJ@PHDI@ERROR?3CVOprBox?3?3CreateElemBar?$CI?$CJ?6@ 10020594     VOprbox.obj
 0002:000035d0       ??_C@_07CNPM@UNKNOWN?$AA@  100205d0     VOprbox.obj
 0002:000035d8       _IID_IDocHostUIHandlerDispatch 100205d8     mfcs42d:stdafx.obj
 0002:000035e8       _IID_IInternalConnection   100205e8     mfcs42d:stdafx.obj
 0002:000035f8       _IID_IAxWinAmbientDispatch 100205f8     mfcs42d:stdafx.obj
 0002:00003608       _IID_IAxWinHostWindow      10020608     mfcs42d:stdafx.obj
 0002:00003618       _IID_IRegistrar            10020618     mfcs42d:stdafx.obj
 0002:00003628       _CLSID_Registrar           10020628     mfcs42d:stdafx.obj
 0002:00003638       _LIBID_ATLLib              10020638     mfcs42d:stdafx.obj
 0002:00003674       ??_C@_08JKC@crtdll?4c?$AA@ 10020674     msvcrtd:crtdll.obj
 0002:00004748       __IMPORT_DESCRIPTOR_Spec_D32 10021748     Spec_D32:Spec_D32.dll
 0002:0000475c       __IMPORT_DESCRIPTOR_Elem_D32 1002175c     Elem_D32:Elem_D32.dll
 0002:00004770       __IMPORT_DESCRIPTOR_Draw_D32 10021770     Draw_D32:Draw_D32.dll
 0002:00004784       __IMPORT_DESCRIPTOR_OMgr_D32 10021784     OMgr_D32:OMgr_D32.dll
 0002:00004798       __IMPORT_DESCRIPTOR_Dr3D_D32 10021798     Dr3D_D32:Dr3D_D32.dll
 0002:000047ac       __IMPORT_DESCRIPTOR_OGEN_D32 100217ac     OGen_D32:OGEN_D32.dll
 0002:000047c0       __IMPORT_DESCRIPTOR_MFC42D 100217c0     mfc42d:MFC42D.DLL
 0002:000047d4       __IMPORT_DESCRIPTOR_MSVCRTD 100217d4     msvcrtd:MSVCRTD.dll
 0002:000047e8       __IMPORT_DESCRIPTOR_KERNEL32 100217e8     kernel32:KERNEL32.dll
 0002:000047fc       __IMPORT_DESCRIPTOR_USER32 100217fc     user32:USER32.dll
 0002:00004810       __IMPORT_DESCRIPTOR_GDI32  10021810     gdi32:GDI32.dll
 0002:00004824       __NULL_IMPORT_DESCRIPTOR   10021824     Spec_D32:Spec_D32.dll
 0003:00000000       ___xc_a                    10036000     msvcrtd:cinitexe.obj
 0003:0000000c       ___xc_z                    1003600c     msvcrtd:cinitexe.obj
 0003:00000010       ___xi_a                    10036010     msvcrtd:cinitexe.obj
 0003:00000014       ___xi_z                    10036014     msvcrtd:cinitexe.obj
 0003:000000e4       ?__LINE__Var@?1??Create@CSuperButton@@QAEHPAVCWnd@@VCString@@VCRect@@I@Z@4FA 100360e4     Colorsqu.obj
 0003:000000e8       ?MoTypes@@3PAUmotypes@@A   100360e8     Dboxdll.obj
 0003:00000538       ?nMax_MousTypes@@3HA       10036538     Dboxdll.obj
 0003:00000540       ?DbTypes@@3PAUdbtypes@@A   10036540     Dboxdll.obj
 0003:00000650       ?nMax_DBoxTypes@@3HA       10036650     Dboxdll.obj
 0003:00000680       __pRawDllMain              10036680     Dboxdll.obj
 0003:00000728       ?__LINE__Var@?1???0GLOBAL_DATA@@QAE@XZ@4FA 10036728     OldGlob.obj
 0003:0000072c       ?__LINE__Var@?1??UpdateSysColors@GLOBAL_DATA@@QAEXXZ@4FA 1003672c     OldGlob.obj
 0003:00000730       ?__LINE__Var@?1??UpdateSysMetrics@GLOBAL_DATA@@QAEXXZ@4FA 10036730     OldGlob.obj
 0003:00000760       ?__LINE__Var@?1??DrawButton@COldToolBar@@IAEHPAVCDC@@HHHI@Z@4FA 10036760     Oldtool.obj
 0003:00000764       ?__LINE__Var@?1??PrepareDrawButton@COldToolBar@@IAEHAAUDrawState@2@@Z@4FA 10036764     Oldtool.obj
 0003:00000768       ?__LINE__Var@?1???0COldToolBar@@QAE@XZ@4FA 10036768     Oldtool.obj
 0003:0000076c       ?__LINE__Var@?1??Create@COldToolBar@@QAEHPAVCWnd@@KI@Z@4FA 1003676c     Oldtool.obj
 0003:00000770       ?__LINE__Var@?1??SetSizes@COldToolBar@@QAEXUtagSIZE@@0@Z@4FA 10036770     Oldtool.obj
 0003:00000774       ?__LINE__Var@?1??SetHeight@COldToolBar@@QAEXH@Z@4FA 10036774     Oldtool.obj
 0003:00000778       ?__LINE__Var@?1??LoadBitmapA@COldToolBar@@QAEHPBD@Z@4FA 10036778     Oldtool.obj
 0003:0000077c       ?__LINE__Var@?1??SetButtons@COldToolBar@@QAEHPBIH@Z@4FA 1003677c     Oldtool.obj
 0003:00000780       ?__LINE__Var@?1??CommandToIndex@COldToolBar@@QBEHI@Z@4FA 10036780     Oldtool.obj
 0003:00000784       ?__LINE__Var@?1??_GetButtonPtr@COldToolBar@@IBEPAUAFX_TBBUTTON@@H@Z@4FA 10036784     Oldtool.obj
 0003:00000788       ?__LINE__Var@?1??GetItemID@COldToolBar@@QBEIH@Z@4FA 10036788     Oldtool.obj
 0003:0000078c       ?__LINE__Var@?1??GetItemRect@COldToolBar@@UBEXHPAUtagRECT@@@Z@4FA 1003678c     Oldtool.obj
 0003:00000790       ?__LINE__Var@?1??CalcFixedLayout@COldToolBar@@UAE?AVCSize@@HH@Z@4FA 10036790     Oldtool.obj
 0003:00000794       ?__LINE__Var@?1??GetButtonInfo@COldToolBar@@QBEXHAAI0AAH@Z@4FA 10036794     Oldtool.obj
 0003:00000798       ?__LINE__Var@?1??SetButtonInfo@COldToolBar@@QAEXHIIH@Z@4FA 10036798     Oldtool.obj
 0003:0000079c       ?__LINE__Var@?1??DoPaint@COldToolBar@@MAEXPAVCDC@@@Z@4FA 1003679c     Oldtool.obj
 0003:000007a0       ?__LINE__Var@?1??InvalidateButton@COldToolBar@@IAEXH@Z@4FA 100367a0     Oldtool.obj
 0003:000007a4       ?__LINE__Var@?1??OnToolHitTest@COldToolBar@@MBEHVCPoint@@PAUtagTOOLINFOA@@@Z@4FA 100367a4     Oldtool.obj
 0003:000007a8       ?__LINE__Var@?1??HitTest@COldToolBar@@MAEHVCPoint@@@Z@4FA 100367a8     Oldtool.obj
 0003:000007ac       ?__LINE__Var@?1??OnLButtonDown@COldToolBar@@IAEXIVCPoint@@@Z@4FA 100367ac     Oldtool.obj
 0003:000007b0       ?__LINE__Var@?1??OnMouseMove@COldToolBar@@IAEXIVCPoint@@@Z@4FA 100367b0     Oldtool.obj
 0003:000007b4       ?__LINE__Var@?1??OnLButtonUp@COldToolBar@@IAEXIVCPoint@@@Z@4FA 100367b4     Oldtool.obj
 0003:000007b8       ?__LINE__Var@?1??OnCancelMode@COldToolBar@@IAEXXZ@4FA 100367b8     Oldtool.obj
 0003:000007bc       ?__LINE__Var@?1??Enable@COldToolCmdUI@@UAEXH@Z@4FA 100367bc     Oldtool.obj
 0003:000007c0       ?__LINE__Var@?1??SetCheck@COldToolCmdUI@@UAEXH@Z@4FA 100367c0     Oldtool.obj
 0003:000007c4       ?__LINE__Var@?1??AssertValid@COldToolBar@@UBEXXZ@4FA 100367c4     Oldtool.obj
 0003:000007f4       ?__LINE__Var@?1??Create@CPaletteBar@@UAEHPAVCWnd@@HHII@Z@4FA 100367f4     Palette.obj
 0003:000007f8       ?__LINE__Var@?1??GetItemRect@CPaletteBar@@UBEXHPAUtagRECT@@@Z@4FA 100367f8     Palette.obj
 0003:00000870       ?GUID_ATLVer30@ATL@@3U_GUID@@A 10036870     mfcs42d:stdafx.obj
 0003:00000880       __afxForceEXTDLL           10036880     Dboxdll.obj
 0003:00000888       ?extensionDBox_DLL@@3UAFX_EXTENSION_MODULE@@A 10036888     Dboxdll.obj
 0003:000008a0       ?globalData@@3UGLOBAL_DATA@@A 100368a0     OldGlob.obj
 0003:0000091c       __afxForceEXCLUDE          1003691c     mfcs42d:nolib.obj
 0003:00000920       ?ATL_CREATE_OBJECT@CComApartment@ATL@@2IA 10036920     mfcs42d:stdafx.obj
 0003:00000928       ?m_libid@CComModule@ATL@@2U_GUID@@A 10036928     mfcs42d:stdafx.obj
 0003:00000938       ?_pModule@ATL@@3PAVCComModule@1@A 10036938     mfcs42d:stdafx.obj
 0003:0000093c       __afxForceSTDAFX           1003693c     mfcs42d:stdafx.obj
 0003:00000944       __adjust_fdiv              10036944     <common>
 0003:00000948       ___onexitend               10036948     <common>
 0003:0000094c       ___onexitbegin             1003694c     <common>

 entry point at        0001:00017640

 Static symbols

 0001:00019be0       _$E211                     1001abe0 f   Oldtool.obj
 0001:00019c00       _$E208                     1001ac00 f   Oldtool.obj
 0001:00019c10       _$E210                     1001ac10 f   Oldtool.obj
 0001:00019c30       _$E209                     1001ac30 f   Oldtool.obj
 0001:00018250       ?CreateDitherBitmap@@YGPAUHBITMAP__@@XZ 10019250 f   Oldtool.obj
 0001:000149f0       _$E196                     100159f0 f   OldGlob.obj
 0001:00014a10       _$E193                     10015a10 f   OldGlob.obj
 0001:00014a30       _$E195                     10015a30 f   OldGlob.obj
 0001:00014a50       _$E194                     10015a50 f   OldGlob.obj
 0001:000173e0       ?ArrayUnwindFilter@@YAHPAU_EXCEPTION_POINTERS@@@Z 100183e0 f   msvcrtd:ehvecdtr.obj
