 Mmgr_d32

 Timestamp is 444d7db7 (Mon Apr 24 18:39:03 2006)

 Preferred load address is 10000000

 Start         Length     Name                   Class
 0001:00000000 0007e4a1H .text                   CODE
 0001:0007e4b0 0000101fH .text$AFX_COL1          CODE
 0001:0007f4d0 00006114H .text$x                 CODE
 0001:000855e4 000c940cH .textbss                CODE
 0002:00000000 0000abdeH .rdata                  DATA
 0002:0000abe0 000057c8H .xdata$x                DATA
 0002:000103b0 00018f1dH .edata                  DATA
 0003:00000000 00000104H .CRT$XCA                DATA
 0003:00000104 0000014cH .CRT$XCU                DATA
 0003:00000250 00000104H .CRT$XCZ                DATA
 0003:00000354 00000104H .CRT$XIA                DATA
 0003:00000458 00000104H .CRT$XIZ                DATA
 0003:00000560 00000892H .data                   DATA
 0003:00000df8 000000acH .bss                    DATA
 0004:00000000 00000154H .idata$2                DATA
 0004:00000154 00000014H .idata$3                DATA
 0004:00000168 00000d30H .idata$4                DATA
 0004:00000e98 00000d30H .idata$5                DATA
 0004:00001bc8 0000525dH .idata$6                DATA
 0005:00000000 000007f0H .rsrc$01                DATA
 0005:000007f0 0000176cH .rsrc$02                DATA

  Address         Publics by Value              Rva+Base     Lib:Object

 0001:000063a0       ?GetProbLim@CMouse@@QAE?AW4PROBDIMLIM@@XZ 100073a0 f i CalcTime.obj
 0001:000063c0       ?SetProbLim@CMouse@@QAEXW4PROBDIMLIM@@@Z 100073c0 f i CalcTime.obj
 0001:000063f0       ?GetElemLim@CMouse@@QAE?AW4ELEMDIMLIM@@XZ 100073f0 f i CalcTime.obj
 0001:00006410       ?SetElemLim@CMouse@@QAEXW4ELEMDIMLIM@@@Z 10007410 f i CalcTime.obj
 0001:00006440       ?GetCurrentThirdCoord@CMouse@@QAENXZ 10007440 f i CalcTime.obj
 0001:00006460       ?SetCurrentThirdCoord@CMouse@@QAEXN@Z 10007460 f i CalcTime.obj
 0001:00006490       ?GetMouseWIC@CMouse@@QAE?AULPOINT3@@XZ 10007490 f i CalcTime.obj
 0001:000064d0       ?GetMouseOldWIC@CMouse@@QAE?AULPOINT3@@XZ 100074d0 f i CalcTime.obj
 0001:00006510       ?GetScrolledMouseWIC2D@CMouse@@IAE?AULPOINT@@XZ 10007510 f i CalcTime.obj
 0001:00006550       ?SetScrolledMouseWIC2D@CMouse@@IAEXULPOINT@@@Z 10007550 f i CalcTime.obj
 0001:00006580       ??1CDlg_NodI@@UAE@XZ       10007580 f i CalcTime.obj
 0001:00006600       ?Set3DPts@C3DMath@@QAEXPAULPOINT3@@JJJ@Z 10007600 f i CalcTime.obj
 0001:00006640       ?Set3DPts@C3DMath@@QAEXPAUWORLD@@NNN@Z 10007640 f i CalcTime.obj
 0001:000066a0       ?Len3DPts@C3DMath@@QAENPAUWORLD@@@Z 100076a0 f i CalcTime.obj
 0001:00006700       ??1C3DMath@@UAE@XZ         10007700 f i CalcTime.obj
 0001:00006730       ??_GC3DMath@@UAEPAXI@Z     10007730 f i CalcTime.obj
 0001:00006770       ??_EC3DMath@@UAEPAXI@Z     10007770 f i CalcTime.obj
 0001:00006810       ?GetMatrix@CMatObj@@UAEPAUMATRIX@@XZ 10007810 f i CalcTime.obj
 0001:00006830       ?SetMatrix@CMatObj@@UAEXPAUMATRIX@@@Z 10007830 f i CalcTime.obj
 0001:000068c0       ?GetCurveLatch@CMatObj@@UAE?AW4CURVELATCH@@XZ 100078c0 f i CalcTime.obj
 0001:000068e0       ?SetCurveLatch@CMatObj@@UAEXW4CURVELATCH@@@Z 100078e0 f i CalcTime.obj
 0001:00006910       ?IsInstanced_Prof@CMatObj@@UAEHXZ 10007910 f i CalcTime.obj
 0001:00006930       ?SetInstanced_Prof@CMatObj@@UAEXH@Z 10007930 f i CalcTime.obj
 0001:00006960       ?GetFromID@CMatObj@@UAE?AVCString@@XZ 10007960 f i CalcTime.obj
 0001:000069b0       ?SetFromID@CMatObj@@UAEXVCString@@@Z 100079b0 f i CalcTime.obj
 0001:00006a30       ?GetFromPt@CMatObj@@UAE?AUWORLD@@XZ 10007a30 f i CalcTime.obj
 0001:00006a70       ?SetFromPt@CMatObj@@UAEXUWORLD@@@Z 10007a70 f i CalcTime.obj
 0001:00006ab0       ?GetToID@CMatObj@@UAE?AVCString@@XZ 10007ab0 f i CalcTime.obj
 0001:00006b00       ?SetToID@CMatObj@@UAEXVCString@@@Z 10007b00 f i CalcTime.obj
 0001:00006b80       ?GetToPt@CMatObj@@UAE?AUWORLD@@XZ 10007b80 f i CalcTime.obj
 0001:00006bc0       ?SetToPt@CMatObj@@UAEXUWORLD@@@Z 10007bc0 f i CalcTime.obj
 0001:00006c00       ?GetRotPtID@CMatObj@@UAE?AVCString@@XZ 10007c00 f i CalcTime.obj
 0001:00006c50       ?SetRotPtID@CMatObj@@UAEXVCString@@@Z 10007c50 f i CalcTime.obj
 0001:00006cd0       ?GetRotPt@CMatObj@@UAE?AUWORLD@@XZ 10007cd0 f i CalcTime.obj
 0001:00006d10       ?SetRotPt@CMatObj@@UAEXUWORLD@@@Z 10007d10 f i CalcTime.obj
 0001:00006d50       ?IsCoordIn@CMatObj@@UAEHXZ 10007d50 f i CalcTime.obj
 0001:00006d80       ?SetCoordIn@CMatObj@@UAEXH@Z 10007d80 f i CalcTime.obj
 0001:00006db0       ?GetTranPtID@CMatObj@@UAE?AVCString@@XZ 10007db0 f i CalcTime.obj
 0001:00006e00       ?SetTranPtID@CMatObj@@UAEXVCString@@@Z 10007e00 f i CalcTime.obj
 0001:00006e80       ?GetTranslation@CMatObj@@UAE?AUWORLD@@XZ 10007e80 f i CalcTime.obj
 0001:00006ec0       ?SetTranslation@CMatObj@@UAEXUWORLD@@@Z 10007ec0 f i CalcTime.obj
 0001:00006f00       ?IsAngleIn@CMatObj@@UAEHXZ 10007f00 f i CalcTime.obj
 0001:00006f30       ?SetAngleIn@CMatObj@@UAEXH@Z 10007f30 f i CalcTime.obj
 0001:00006f60       ?IsDirCos@CMatObj@@UAEHXZ  10007f60 f i CalcTime.obj
 0001:00006f90       ?SetDirCos@CMatObj@@UAEXH@Z 10007f90 f i CalcTime.obj
 0001:00006fc0       ?GetDirCosDirect@CMatObj@@UAE?AUWORLD@@XZ 10007fc0 f i CalcTime.obj
 0001:00007000       ?SetDirCosDirect@CMatObj@@UAEXUWORLD@@@Z 10008000 f i CalcTime.obj
 0001:00007040       ?GetRotation@CMatObj@@UAE?AUWORLD@@XZ 10008040 f i CalcTime.obj
 0001:00007080       ?SetRotation@CMatObj@@UAEXUWORLD@@@Z 10008080 f i CalcTime.obj
 0001:000070c0       ?GetScale@CMatObj@@UAE?AUWORLD@@XZ 100080c0 f i CalcTime.obj
 0001:00007100       ?SetScale@CMatObj@@UAEXUWORLD@@@Z 10008100 f i CalcTime.obj
 0001:00007140       ?GetShear@CMatObj@@UAE?AUWORLD@@XZ 10008140 f i CalcTime.obj
 0001:00007180       ?SetShear@CMatObj@@UAEXUWORLD@@@Z 10008180 f i CalcTime.obj
 0001:000071c0       ?IsNoRot@CMatObj@@UAEHXZ   100081c0 f i CalcTime.obj
 0001:000071f0       ?SetNoRot@CMatObj@@UAEXH@Z 100081f0 f i CalcTime.obj
 0001:00007220       ?IsNoTran@CMatObj@@UAEHXZ  10008220 f i CalcTime.obj
 0001:00007250       ?SetNoTran@CMatObj@@UAEXH@Z 10008250 f i CalcTime.obj
 0001:00007280       ?IsNoScale@CMatObj@@UAEHXZ 10008280 f i CalcTime.obj
 0001:000072b0       ?SetNoScale@CMatObj@@UAEXH@Z 100082b0 f i CalcTime.obj
 0001:000072e0       ?IsNoShear@CMatObj@@UAEHXZ 100082e0 f i CalcTime.obj
 0001:00007310       ?SetNoShear@CMatObj@@UAEXH@Z 10008310 f i CalcTime.obj
 0001:00007340       ?GetXformType@CMatObj@@UAE?AW4XFORMTYPE@@XZ 10008340 f i CalcTime.obj
 0001:00007370       ?SetXformType@CMatObj@@UAEXW4XFORMTYPE@@@Z 10008370 f i CalcTime.obj
 0001:000073a0       ?GetSpawnType@CMatObj@@UAE?AW4SPAWNTYPE@@XZ 100083a0 f i CalcTime.obj
 0001:000073d0       ?SetSpawnType@CMatObj@@UAEXW4SPAWNTYPE@@@Z 100083d0 f i CalcTime.obj
 0001:00007400       ?GetCreOp@CMatObj@@UAEIXZ  10008400 f i CalcTime.obj
 0001:00007430       ?SetCreOp@CMatObj@@UAEXI@Z 10008430 f i CalcTime.obj
 0001:00007460       ??1CMatObj@@UAE@XZ         10008460 f i CalcTime.obj
 0001:00007520       ??_GCMatObj@@UAEPAXI@Z     10008520 f i CalcTime.obj
 0001:00007560       ??_ECMatObj@@UAEPAXI@Z     10008560 f i CalcTime.obj
 0001:00007600       ?ReadyToDelete@CDrObject@@UAEXXZ 10008600 f i CalcTime.obj
 0001:00007620       ?DoFormattedCardView@CDrObject@@UAEXPAVCString@@AAV2@@Z 10008620 f i CalcTime.obj
 0001:00007640       ?DoUnFormattedCardView@CDrObject@@UAEXPAVCString@@@Z 10008640 f i CalcTime.obj
 0001:00007660       ?DoDataView@CDrObject@@UAEXPAVCDC@@H@Z 10008660 f i CalcTime.obj
 0001:00007680       ?InitDraw@CDrObject@@UAEXPAVCDC@@HHPAUMATRIX@@1NNN@Z 10008680 f i CalcTime.obj
 0001:000076a0       ?InitDraw@CDrObject@@UAEXPAVCDC@@HHPAUMATRIX@@1NNNN@Z 100086a0 f i CalcTime.obj
 0001:000076c0       ?Corner_3Dto2D@CDrObject@@UAEXXZ 100086c0 f i CalcTime.obj
 0001:000076e0       ?DoDrawView@CDrObject@@UAEXPAVCDC@@@Z 100086e0 f i CalcTime.obj
 0001:00007700       ?DoDrawView@CDrObject@@UAEXPAVCDC@@H@Z 10008700 f i CalcTime.obj
 0001:00007720       ?DoDrawView@CDrObject@@UAEXPAVCDC@@HH@Z 10008720 f i CalcTime.obj
 0001:00007740       ?DealObjectDialog@CDrObject@@UAEHXZ 10008740 f i CalcTime.obj
 0001:00007760       ?TransformObjectToWorld@CDrObject@@UAEXPAUMATRIX@@H@Z 10008760 f i CalcTime.obj
 0001:00007780       ?TransformObjectToView@CDrObject@@UAEXPAUMATRIX@@@Z 10008780 f i CalcTime.obj
 0001:000077a0       ?TransformObjectToViewDirect@CDrObject@@UAEXPAUMATRIX@@00H@Z 100087a0 f i CalcTime.obj
 0001:000077c0       ?RemoveHiddenObject@CDrObject@@UAEHPAUMATRIX@@UWORLD@@H@Z 100087c0 f i CalcTime.obj
 0001:000077e0       ?ProjectObject@CDrObject@@UAEXPAUMATRIX@@NN@Z 100087e0 f i CalcTime.obj
 0001:00007800       ?Calc_2DBoundsScreen@CDrObject@@UAEHXZ 10008800 f i CalcTime.obj
 0001:00007820       ?Calc_3DBoundsLocal@CDrObject@@UAEHXZ 10008820 f i CalcTime.obj
 0001:00007840       ?FinishObject@CDrObject@@UAEXPAVCClientDC@@H@Z 10008840 f i CalcTime.obj
 0001:00007860       ?FinishObject@CDrObject@@UAEXH@Z 10008860 f i CalcTime.obj
 0001:00007880       ?FinishObject@CDrObject@@UAEXXZ 10008880 f i CalcTime.obj
 0001:000078a0       ?GetMaxCorners@CDrObject@@UAEHXZ 100088a0 f i CalcTime.obj
 0001:000078c0       ?GetRawCoords@CDrObject@@UAEXPAJPAHH@Z 100088c0 f i CalcTime.obj
 0001:000078e0       ?SetProjectedCoords@CDrObject@@UAEXUtagPOINT@@H@Z 100088e0 f i CalcTime.obj
 0001:00007900       ?RearrangeProjectedCoords@CDrObject@@UAEXXZ 10008900 f i CalcTime.obj
 0001:00007920       ?IsObjectHit@CDrObject@@UAEHNUWORLD@@@Z 10008920 f i CalcTime.obj
 0001:00007940       ?IsObjectHit@CDrObject@@UAEHHUtagPOINT@@H@Z 10008940 f i CalcTime.obj
 0001:00007960       ?IsObjectHit@CDrObject@@UAEHHUtagPOINT@@@Z 10008960 f i CalcTime.obj
 0001:00007980       ?IsObjectHit@CDrObject@@UAEHPAVCClientDC@@HUtagPOINT@@PAVCRect@@H@Z 10008980 f i CalcTime.obj
 0001:000079a0       ?IsKeyMatch@CDrObject@@UAEHPAV1@VCString@@I@Z 100089a0 f i CalcTime.obj
 0001:000079d0       ?IsKeyMatch@CDrObject@@UAEHVCString@@I@Z 100089d0 f i CalcTime.obj
 0001:00007a00       ?IsControlShapeNeeded@CDrObject@@UAEHXZ 10008a00 f i CalcTime.obj
 0001:00007a20       ?SetControlShapeNeed@CDrObject@@UAEXH@Z 10008a20 f i CalcTime.obj
 0001:00007a40       ?IsNormalNeeded@CDrObject@@UAEHXZ 10008a40 f i CalcTime.obj
 0001:00007a60       ?SetNormalNeed@CDrObject@@UAEXH@Z 10008a60 f i CalcTime.obj
 0001:00007a80       ?IsCulled@CDrObject@@UAEHXZ 10008a80 f i CalcTime.obj
 0001:00007aa0       ?SetCulled@CDrObject@@UAEXH@Z 10008aa0 f i CalcTime.obj
 0001:00007ac0       ?IsSkewed@CDrObject@@UAEHXZ 10008ac0 f i CalcTime.obj
 0001:00007ae0       ?SetSkewed@CDrObject@@UAEXH@Z 10008ae0 f i CalcTime.obj
 0001:00007b00       ?IsLinSpr@CDrObject@@UAEHXZ 10008b00 f i CalcTime.obj
 0001:00007b20       ?SetLinSpr@CDrObject@@UAEXH@Z 10008b20 f i CalcTime.obj
 0001:00007b40       ?IsLinSnu@CDrObject@@UAEHXZ 10008b40 f i CalcTime.obj
 0001:00007b60       ?SetLinSnu@CDrObject@@UAEXH@Z 10008b60 f i CalcTime.obj
 0001:00007b80       ?CullWorld@CDrObject@@UAEHUWORLD@@@Z 10008b80 f i CalcTime.obj
 0001:00007ba0       ?CullScreen@CDrObject@@UAEHPAUMATRIX@@@Z 10008ba0 f i CalcTime.obj
 0001:00007bc0       ?Calc_CentroidWorld@CDrObject@@UAEXXZ 10008bc0 f i CalcTime.obj
 0001:00007be0       ?Calc_CentroidEye@CDrObject@@UAEXXZ 10008be0 f i CalcTime.obj
 0001:00007c00       ?Calc_CentroidScreen3D@CDrObject@@UAEXNN@Z 10008c00 f i CalcTime.obj
 0001:00007c20       ?Calc_NormalWorld@CDrObject@@UAEXXZ 10008c20 f i CalcTime.obj
 0001:00007c40       ?TransformNormalToEye@CDrObject@@UAEXPAUMATRIX@@@Z 10008c40 f i CalcTime.obj
 0001:00007c60       ?ProjectNormalToScreen3D@CDrObject@@UAEXPAUMATRIX@@NN@Z 10008c60 f i CalcTime.obj
 0001:00007c80       ?GetNormalWorld@CDrObject@@UAEPAUWORLD@@XZ 10008c80 f i CalcTime.obj
 0001:00007ca0       ?SetNormalWorld@CDrObject@@UAEXUWORLD@@@Z 10008ca0 f i CalcTime.obj
 0001:00007cc0       ?GetNormalEye@CDrObject@@UAEPAUWORLD@@XZ 10008cc0 f i CalcTime.obj
 0001:00007ce0       ?SetNormalEye@CDrObject@@UAEXUWORLD@@@Z 10008ce0 f i CalcTime.obj
 0001:00007d00       ?GetNormalScreen3D@CDrObject@@UAEPAUWORLD@@XZ 10008d00 f i CalcTime.obj
 0001:00007d20       ?SetNormalScreen3D@CDrObject@@UAEXUWORLD@@@Z 10008d20 f i CalcTime.obj
 0001:00007d40       ?GetNormalScreen2D@CDrObject@@UAEPAUtagPOINT@@XZ 10008d40 f i CalcTime.obj
 0001:00007d60       ?SetNormalScreen2D@CDrObject@@UAEXUtagPOINT@@@Z 10008d60 f i CalcTime.obj
 0001:00007d80       ?GetObjectList@CDrObject@@UAEPAVCDListMgr@@XZ 10008d80 f i CalcTime.obj
 0001:00007da0       ?GetBoundingRect@CDrObject@@QAE?AVCRect@@XZ 10008da0 f i CalcTime.obj
 0001:00007df0       ?GetRInfo@CDrObject@@QAEPAURENDINFO@@XZ 10008df0 f i CalcTime.obj
 0001:00007e10       ?IsParallel@CDrObject@@QAEHXZ 10008e10 f i CalcTime.obj
 0001:00007e40       ?GetnView@CDrObject@@QAEHXZ 10008e40 f i CalcTime.obj
 0001:00007e70       ?GetdzMin@CDrObject@@QAENXZ 10008e70 f i CalcTime.obj
 0001:00007ea0       ?GetdScale_U@CDrObject@@QAENXZ 10008ea0 f i CalcTime.obj
 0001:00007ed0       ?GetdScale_V@CDrObject@@QAENXZ 10008ed0 f i CalcTime.obj
 0001:00007f00       ?GetpViewM@CDrObject@@QAEPAUMATRIX@@XZ 10008f00 f i CalcTime.obj
 0001:00007f30       ?Getpvv3DM@CDrObject@@QAEPAUMATRIX@@XZ 10008f30 f i CalcTime.obj
 0001:00007f60       ?GetpComposedM@CDrObject@@QAEPAUMATRIX@@XZ 10008f60 f i CalcTime.obj
 0001:00007f90       ?SetParallel@CDrObject@@QAEXH@Z 10008f90 f i CalcTime.obj
 0001:00007fc0       ?SetnView@CDrObject@@QAEXH@Z 10008fc0 f i CalcTime.obj
 0001:00007ff0       ?SetdzMin@CDrObject@@QAEXN@Z 10008ff0 f i CalcTime.obj
 0001:00008030       ?SetdScale_U@CDrObject@@QAEXN@Z 10009030 f i CalcTime.obj
 0001:00008070       ?SetdScale_V@CDrObject@@QAEXN@Z 10009070 f i CalcTime.obj
 0001:000080b0       ?SetpViewM@CDrObject@@QAEXPAUMATRIX@@@Z 100090b0 f i CalcTime.obj
 0001:000080f0       ?Setpvv3DM@CDrObject@@QAEXPAUMATRIX@@@Z 100090f0 f i CalcTime.obj
 0001:00008130       ?SetpComposedM@CDrObject@@QAEXPAUMATRIX@@@Z 10009130 f i CalcTime.obj
 0001:00008170       ?GetLevelType@CDrObject@@QAEHXZ 10009170 f i CalcTime.obj
 0001:000081a0       ?SetLevelType@CDrObject@@QAEXH@Z 100091a0 f i CalcTime.obj
 0001:000081d0       ?GetObjectID@CDrObject@@QAE?AVCString@@XZ 100091d0 f i CalcTime.obj
 0001:00008220       ?SetObjectID@CDrObject@@QAEXVCString@@@Z 10009220 f i CalcTime.obj
 0001:000082a0       ?GetObjectNo@CDrObject@@QAEJXZ 100092a0 f i CalcTime.obj
 0001:000082d0       ?SetObjectNo@CDrObject@@QAEXJ@Z 100092d0 f i CalcTime.obj
 0001:00008300       ?GetObjectType@CDrObject@@QAEHXZ 10009300 f i CalcTime.obj
 0001:00008330       ?SetObjectType@CDrObject@@QAEXH@Z 10009330 f i CalcTime.obj
 0001:00008360       ?GetElemType@CDrObject@@QAEHXZ 10009360 f i CalcTime.obj
 0001:00008390       ?SetElemType@CDrObject@@QAEXH@Z 10009390 f i CalcTime.obj
 0001:000083c0       ?GetPenInfo@CDrObject@@QAEXAAIAAK0@Z 100093c0 f i CalcTime.obj
 0001:00008410       ?SetPenInfo@CDrObject@@QAEXIKI@Z 10009410 f i CalcTime.obj
 0001:00008460       ?GetPenInfoHi@CDrObject@@QAEXAAIAAK0@Z 10009460 f i CalcTime.obj
 0001:000084b0       ?SetPenInfoHi@CDrObject@@QAEXIKI@Z 100094b0 f i CalcTime.obj
 0001:00008500       ?GetLayer@CDrObject@@QAEIXZ 10009500 f i CalcTime.obj
 0001:00008530       ?SetLayer@CDrObject@@QAEXI@Z 10009530 f i CalcTime.obj
 0001:00008560       ?IsClipped@CDrObject@@QAEHXZ 10009560 f i CalcTime.obj
 0001:00008590       ?SetClipped@CDrObject@@QAEXH@Z 10009590 f i CalcTime.obj
 0001:000085c0       ?IsVirtual@CDrObject@@QAEHXZ 100095c0 f i CalcTime.obj
 0001:000085e0       ?SetVirtual@CDrObject@@QAEXH@Z 100095e0 f i CalcTime.obj
 0001:00008610       ?IsShow@CDrObject@@QAEHXZ  10009610 f i CalcTime.obj
 0001:00008640       ?SetShow@CDrObject@@QAEXH@Z 10009640 f i CalcTime.obj
 0001:00008670       ?GetParentID@CDrObject@@QAEAAVCString@@XZ 10009670 f i CalcTime.obj
 0001:00008690       ?SetParentID@CDrObject@@QAEXAAVCString@@@Z 10009690 f i CalcTime.obj
 0001:000086c0       ?GetParentType@CDrObject@@QAEIXZ 100096c0 f i CalcTime.obj
 0001:000086e0       ?SetParentType@CDrObject@@QAEXI@Z 100096e0 f i CalcTime.obj
 0001:00008710       ?IsInstanced@CDrObject@@QAEHXZ 10009710 f i CalcTime.obj
 0001:00008730       ?SetInstanced@CDrObject@@QAEXH@Z 10009730 f i CalcTime.obj
 0001:00008760       ?GetMatObj@CDrObject@@QAEPAVCMatObj@@XZ 10009760 f i CalcTime.obj
 0001:00008780       ?SetMatObj@CDrObject@@QAEXPAVCMatObj@@@Z 10009780 f i CalcTime.obj
 0001:000087b0       ?GetSpeLList@CDrObject@@QAEPAVCDListMgr@@XZ 100097b0 f i CalcTime.obj
 0001:000087e0       ?GetDynLList@CDrObject@@QAEPAVCDListMgr@@XZ 100097e0 f i CalcTime.obj
 0001:00008810       ?GetStaLList@CDrObject@@QAEPAVCDListMgr@@XZ 10009810 f i CalcTime.obj
 0001:00008840       ?GetSuppList@CDrObject@@QAEPAVCDListMgr@@XZ 10009840 f i CalcTime.obj
 0001:00008870       ?GetElemList@CDrObject@@QAEPAVCDListMgr@@XZ 10009870 f i CalcTime.obj
 0001:000088a0       ?GetCurveList@CDrObject@@QAEPAVCDListMgr@@XZ 100098a0 f i CalcTime.obj
 0001:000088d0       ?GetCProfList@CDrObject@@QAEPAVCDListMgr@@XZ 100098d0 f i CalcTime.obj
 0001:00008900       ?GetPatchList@CDrObject@@QAEPAVCDListMgr@@XZ 10009900 f i CalcTime.obj
 0001:00008930       ?GetSolidList@CDrObject@@QAEPAVCDListMgr@@XZ 10009930 f i CalcTime.obj
 0001:00008960       ?GetObj3DList@CDrObject@@QAEPAVCDListMgr@@XZ 10009960 f i CalcTime.obj
 0001:00008990       ?GetCNodeList@CDrObject@@QAEPAVCDListMgr@@XZ 10009990 f i CalcTime.obj
 0001:000089c0       ?GetINodeList@CDrObject@@QAEPAVCDListMgr@@XZ 100099c0 f i CalcTime.obj
 0001:000089f0       ?GetNodeList@CDrObject@@QAEPAVCDListMgr@@XZ 100099f0 f i CalcTime.obj
 0001:00008a20       ?GetLabelList@CDrObject@@QAEPAVCDListMgr@@XZ 10009a20 f i CalcTime.obj
 0001:00008a50       ?GetFE0DList@CDrObject@@QAEPAVCDListMgr@@XZ 10009a50 f i CalcTime.obj
 0001:00008a80       ?GetFE1DList@CDrObject@@QAEPAVCDListMgr@@XZ 10009a80 f i CalcTime.obj
 0001:00008ab0       ?GetFE2DList@CDrObject@@QAEPAVCDListMgr@@XZ 10009ab0 f i CalcTime.obj
 0001:00008ae0       ?GetFE3DList@CDrObject@@QAEPAVCDListMgr@@XZ 10009ae0 f i CalcTime.obj
 0001:00008b10       ?GetMs0List@CDrObject@@QAEPAVCDListMgr@@XZ 10009b10 f i CalcTime.obj
 0001:00008b40       ?GetMs1List@CDrObject@@QAEPAVCDListMgr@@XZ 10009b40 f i CalcTime.obj
 0001:00008b70       ?GetMs2List@CDrObject@@QAEPAVCDListMgr@@XZ 10009b70 f i CalcTime.obj
 0001:00008ba0       ?GetMs3List@CDrObject@@QAEPAVCDListMgr@@XZ 10009ba0 f i CalcTime.obj
 0001:00008bd0       ?GetMbj3DList@CDrObject@@QAEPAVCDListMgr@@XZ 10009bd0 f i CalcTime.obj
 0001:00008c00       ?GetM2DProfList@CDrObject@@QAEPAVCDListMgr@@XZ 10009c00 f i CalcTime.obj
 0001:00008c30       ?GetM3DProfList@CDrObject@@QAEPAVCDListMgr@@XZ 10009c30 f i CalcTime.obj
 0001:00008c60       ?GetMbjProfList@CDrObject@@QAEPAVCDListMgr@@XZ 10009c60 f i CalcTime.obj
 0001:00008c90       ?GetScreen2DCorner@CDrObject@@UAE?AUtagPOINT@@H@Z 10009c90 f i CalcTime.obj
 0001:00008ce0       ?SetScreen2DCorner@CDrObject@@UAEXUtagPOINT@@H@Z 10009ce0 f i CalcTime.obj
 0001:00008d20       ?GetSpawnType@CDrObject@@QAE?AW4SPAWNTYPE@@XZ 10009d20 f i CalcTime.obj
 0001:00008d40       ?SetSpawnType@CDrObject@@QAEXW4SPAWNTYPE@@@Z 10009d40 f i CalcTime.obj
 0001:00008d70       ?GetCategory@CDrObject@@QAE?AW4CATEGORY@@XZ 10009d70 f i CalcTime.obj
 0001:00008d90       ?SetCategory@CDrObject@@QAEXW4CATEGORY@@@Z 10009d90 f i CalcTime.obj
 0001:00008dc0       ?GetSubCat@CDrObject@@QAE?AW4SUBCAT@@XZ 10009dc0 f i CalcTime.obj
 0001:00008de0       ?SetSubCat@CDrObject@@QAEXW4SUBCAT@@@Z 10009de0 f i CalcTime.obj
 0001:00008e10       ?GetElemDimLim@CDrObject@@QAE?AW4ELEMDIMLIM@@XZ 10009e10 f i CalcTime.obj
 0001:00008e30       ?SetElemDimLim@CDrObject@@QAEXW4ELEMDIMLIM@@@Z 10009e30 f i CalcTime.obj
 0001:00008e60       ?IsDirty@CDrObject@@QAEHXZ 10009e60 f i CalcTime.obj
 0001:00008e90       ?SetDirty@CDrObject@@QAEXH@Z 10009e90 f i CalcTime.obj
 0001:00008ec0       ?IsMoved@CDrObject@@QAEHXZ 10009ec0 f i CalcTime.obj
 0001:00008ef0       ?SetMoved@CDrObject@@QAEXH@Z 10009ef0 f i CalcTime.obj
 0001:00008f20       ?IsEdited@CDrObject@@QAEHXZ 10009f20 f i CalcTime.obj
 0001:00008f50       ?SetEdited@CDrObject@@QAEXH@Z 10009f50 f i CalcTime.obj
 0001:00008f80       ?IsPosted@CDrObject@@QAEHXZ 10009f80 f i CalcTime.obj
 0001:00008fb0       ?SetPosted@CDrObject@@QAEXH@Z 10009fb0 f i CalcTime.obj
 0001:00008fe0       ?IsDeleted@CDrObject@@QAEHXZ 10009fe0 f i CalcTime.obj
 0001:00009010       ?SetDeleted@CDrObject@@QAEXH@Z 1000a010 f i CalcTime.obj
 0001:00009040       ?IsToBeMoved@CDrObject@@QAEHXZ 1000a040 f i CalcTime.obj
 0001:00009070       ?SetToBeMoved@CDrObject@@QAEXH@Z 1000a070 f i CalcTime.obj
 0001:00009090       ?IsToBeEdited@CDrObject@@QAEHXZ 1000a090 f i CalcTime.obj
 0001:000090c0       ?SetToBeEdited@CDrObject@@QAEXH@Z 1000a0c0 f i CalcTime.obj
 0001:000090e0       ?IsToBePosted@CDrObject@@QAEHXZ 1000a0e0 f i CalcTime.obj
 0001:00009110       ?SetToBePosted@CDrObject@@QAEXH@Z 1000a110 f i CalcTime.obj
 0001:00009130       ?IsToBeUnPosted@CDrObject@@QAEHXZ 1000a130 f i CalcTime.obj
 0001:00009160       ?SetToBeUnPosted@CDrObject@@QAEXH@Z 1000a160 f i CalcTime.obj
 0001:00009180       ?IsToBeDeleted@CDrObject@@QAEHXZ 1000a180 f i CalcTime.obj
 0001:000091b0       ?SetToBeDeleted@CDrObject@@QAEXH@Z 1000a1b0 f i CalcTime.obj
 0001:000091d0       ?IsFormatted@CDrObject@@QAEHXZ 1000a1d0 f i CalcTime.obj
 0001:000091f0       ?SetFormatted@CDrObject@@QAEXH@Z 1000a1f0 f i CalcTime.obj
 0001:00009220       ?Parse_drPipe@CDrNode@@UAEPAUnodecard@@PAVCString@@@Z 1000a220 f i CalcTime.obj
 0001:00009240       ?GetNodeCard@CDrNode@@UAEPAUnodecard@@XZ 1000a240 f i CalcTime.obj
 0001:00009270       ?GetCardNo@CDrNode@@UAEHXZ 1000a270 f i CalcTime.obj
 0001:000092a0       ?SetCardNo@CDrNode@@UAEXH@Z 1000a2a0 f i CalcTime.obj
 0001:000092d0       ?DoFormattedCardView@CDrNode@@UAEXPAVCString@@AAV2@@Z 1000a2d0 f i CalcTime.obj
 0001:000092f0       ?DoUnFormattedCardView@CDrNode@@UAEXPAVCString@@@Z 1000a2f0 f i CalcTime.obj
 0001:00009310       ?GetMaxCorners@CDrNode@@UAEHXZ 1000a310 f i CalcTime.obj
 0001:00009330       ?GetCategory@CDrNode@@UAE?AW4CATEGORY@@XZ 1000a330 f i CalcTime.obj
 0001:00009350       ?SetCategory@CDrNode@@UAEXW4CATEGORY@@@Z 1000a350 f i CalcTime.obj
 0001:00009380       ?GetPrecision@CDrNode@@UAEHXZ 1000a380 f i CalcTime.obj
 0001:000093b0       ?SetPrecision@CDrNode@@UAEXH@Z 1000a3b0 f i CalcTime.obj
 0001:000093e0       ?GetFormat@CDrNode@@QAE?AVCString@@XZ 1000a3e0 f i CalcTime.obj
 0001:00009430       ?SetFormat@CDrNode@@QAEXVCString@@@Z 1000a430 f i CalcTime.obj
 0001:000094b0       ?GetMapFactor@CDrNode@@QAENXZ 1000a4b0 f i CalcTime.obj
 0001:000094e0       ?SetMapFactor@CDrNode@@QAEXN@Z 1000a4e0 f i CalcTime.obj
 0001:00009520       ?GetScaleFactor@CDrNode@@QAENXZ 1000a520 f i CalcTime.obj
 0001:00009550       ?SetScaleFactor@CDrNode@@QAEXN@Z 1000a550 f i CalcTime.obj
 0001:00009590       ?GetMasterMultFac@CDrNode@@QAEJXZ 1000a590 f i CalcTime.obj
 0001:000095c0       ?SetMasterMultFac@CDrNode@@QAEXJ@Z 1000a5c0 f i CalcTime.obj
 0001:000095f0       ?GetLocalPos@CDrNode@@UAEPAUWORLD@@XZ 1000a5f0 f i CalcTime.obj
 0001:00009620       ?SetLocalPos@CDrNode@@UAEXUWORLD@@@Z 1000a620 f i CalcTime.obj
 0001:00009660       ?GetWorldPos@CDrNode@@UAEPAUWORLD@@XZ 1000a660 f i CalcTime.obj
 0001:00009690       ?SetWorldPos@CDrNode@@UAEXUWORLD@@@Z 1000a690 f i CalcTime.obj
 0001:000096d0       ?GetEyePos@CDrNode@@UAEPAUWORLD@@XZ 1000a6d0 f i CalcTime.obj
 0001:00009700       ?SetEyePos@CDrNode@@UAEXUWORLD@@@Z 1000a700 f i CalcTime.obj
 0001:00009740       ?GetScreenPos3D@CDrNode@@UAEPAUWORLD@@XZ 1000a740 f i CalcTime.obj
 0001:00009770       ?SetScreenPos3D@CDrNode@@UAEXUWORLD@@@Z 1000a770 f i CalcTime.obj
 0001:000097b0       ?GetScreenPos2D@CDrNode@@UAEPAUtagPOINT@@XZ 1000a7b0 f i CalcTime.obj
 0001:000097e0       ?SetScreenPos2D@CDrNode@@UAEXUtagPOINT@@@Z 1000a7e0 f i CalcTime.obj
 0001:00009820       ?GetNormalWorld@CDrNode@@UAEPAUWORLD@@XZ 1000a820 f i CalcTime.obj
 0001:00009850       ?SetNormalWorld@CDrNode@@UAEXUWORLD@@@Z 1000a850 f i CalcTime.obj
 0001:00009890       ?GetNormalEye@CDrNode@@UAEPAUWORLD@@XZ 1000a890 f i CalcTime.obj
 0001:000098c0       ?SetNormalEye@CDrNode@@UAEXUWORLD@@@Z 1000a8c0 f i CalcTime.obj
 0001:00009900       ?GetNormalScreen3D@CDrNode@@UAEPAUWORLD@@XZ 1000a900 f i CalcTime.obj
 0001:00009930       ?SetNormalScreen3D@CDrNode@@UAEXUWORLD@@@Z 1000a930 f i CalcTime.obj
 0001:00009970       ?GetNormalScreen2D@CDrNode@@UAEPAUtagPOINT@@XZ 1000a970 f i CalcTime.obj
 0001:000099a0       ?SetNormalScreen2D@CDrNode@@UAEXUtagPOINT@@@Z 1000a9a0 f i CalcTime.obj
 0001:000099e0       ?GetLabelNo@CDrNode@@QAEJXZ 1000a9e0 f i CalcTime.obj
 0001:00009a10       ?SetLabelNo@CDrNode@@QAEXJ@Z 1000aa10 f i CalcTime.obj
 0001:00009a40       ?IsMeshNode@CDrNode@@QAEHXZ 1000aa40 f i CalcTime.obj
 0001:00009a70       ?SetMeshNode@CDrNode@@QAEXH@Z 1000aa70 f i CalcTime.obj
 0001:00009aa0       ?IsGenerated@CDrNode@@QAEHXZ 1000aaa0 f i CalcTime.obj
 0001:00009ad0       ?SetGenerated@CDrNode@@QAEXH@Z 1000aad0 f i CalcTime.obj
 0001:00009b00       ?IsControlNode@CDrNode@@QAEHXZ 1000ab00 f i CalcTime.obj
 0001:00009b30       ?SetControlNode@CDrNode@@QAEXH@Z 1000ab30 f i CalcTime.obj
 0001:00009b70       ?GetInputMode@CDrNode@@QAEHXZ 1000ab70 f i CalcTime.obj
 0001:00009ba0       ?SetInputMode@CDrNode@@QAEXH@Z 1000aba0 f i CalcTime.obj
 0001:00009bd0       ?GetLength@CDrNode@@QAENXZ 1000abd0 f i CalcTime.obj
 0001:00009c00       ?SetLength@CDrNode@@QAEXN@Z 1000ac00 f i CalcTime.obj
 0001:00009c40       ?GetDelta@CDrNode@@QAEPAUWORLD@@XZ 1000ac40 f i CalcTime.obj
 0001:00009c70       ?SetDelta@CDrNode@@QAEXUWORLD@@@Z 1000ac70 f i CalcTime.obj
 0001:00009cb0       ?GetFromID@CDrNode@@QAE?AVCString@@XZ 1000acb0 f i CalcTime.obj
 0001:00009d00       ?SetFromID@CDrNode@@QAEXVCString@@@Z 1000ad00 f i CalcTime.obj
 0001:00009d80       ?GetToID@CDrNode@@QAE?AVCString@@XZ 1000ad80 f i CalcTime.obj
 0001:00009dd0       ?SetToID@CDrNode@@QAEXVCString@@@Z 1000add0 f i CalcTime.obj
 0001:00009e50       ?IsRefCN@CDrNode@@QAEHXZ   1000ae50 f i CalcTime.obj
 0001:00009e80       ?SetRefCN@CDrNode@@QAEXH@Z 1000ae80 f i CalcTime.obj
 0001:00009eb0       ?IsFromCN@CDrNode@@QAEHXZ  1000aeb0 f i CalcTime.obj
 0001:00009ee0       ?SetFromCN@CDrNode@@QAEXH@Z 1000aee0 f i CalcTime.obj
 0001:00009f10       ?IsToCN@CDrNode@@QAEHXZ    1000af10 f i CalcTime.obj
 0001:00009f40       ?SetToCN@CDrNode@@QAEXH@Z  1000af40 f i CalcTime.obj
 0001:00009f70       ?IsSkewed@CDrNode@@UAEHXZ  1000af70 f i CalcTime.obj
 0001:00009fa0       ?SetSkewed@CDrNode@@UAEXH@Z 1000afa0 f i CalcTime.obj
 0001:00009fd0       ?IsLinSpr@CDrNode@@UAEHXZ  1000afd0 f i CalcTime.obj
 0001:0000a000       ?SetLinSpr@CDrNode@@UAEXH@Z 1000b000 f i CalcTime.obj
 0001:0000a030       ?IsLinSnu@CDrNode@@UAEHXZ  1000b030 f i CalcTime.obj
 0001:0000a060       ?SetLinSnu@CDrNode@@UAEXH@Z 1000b060 f i CalcTime.obj
 0001:0000a090       ?GetSuppCardList@CDrNode@@QAEPAV?$CList@Usupportcard@@U1@@@XZ 1000b090 f i CalcTime.obj
 0001:0000a0c0       ?GetStaLCardList@CDrNode@@QAEPAV?$CList@UstaLcard@@U1@@@XZ 1000b0c0 f i CalcTime.obj
 0001:0000a0f0       ?GetMaxCorners@CDrLabel@@UAEHXZ 1000b0f0 f i CalcTime.obj
 0001:0000a110       ?SetProjectedCoords@CDrLabel@@UAEXUtagPOINT@@H@Z 1000b110 f i CalcTime.obj
 0001:0000a150       ?IsMoved@CDrLabel@@UAEHXZ  1000b150 f i CalcTime.obj
 0001:0000a180       ?SetMoved@CDrLabel@@UAEXH@Z 1000b180 f i CalcTime.obj
 0001:0000a1b0       ?GetNodePtr@CDrLabel@@UAEPAVCDrNode@@XZ 1000b1b0 f i CalcTime.obj
 0001:0000a1e0       ?SetNodePtr@CDrLabel@@UAEXPAVCDrNode@@@Z 1000b1e0 f i CalcTime.obj
 0001:0000a210       ?GetContextObj@CDrLabel@@UAE?AW4CONTEXTOBJ@@XZ 1000b210 f i CalcTime.obj
 0001:0000a240       ?SetContextObj@CDrLabel@@UAEXW4CONTEXTOBJ@@@Z 1000b240 f i CalcTime.obj
 0001:0000a270       ?GetMeshElemType@CDrLabel@@UAEIXZ 1000b270 f i CalcTime.obj
 0001:0000a2a0       ?SetMeshElemType@CDrLabel@@UAEXI@Z 1000b2a0 f i CalcTime.obj
 0001:0000a2d0       ?GetColor@CDrLabel@@UAEKXZ 1000b2d0 f i CalcTime.obj
 0001:0000a300       ?SetColor@CDrLabel@@UAEXK@Z 1000b300 f i CalcTime.obj
 0001:0000a330       ?GetViewNum@CDrLabel@@UAEHXZ 1000b330 f i CalcTime.obj
 0001:0000a360       ?SetViewNum@CDrLabel@@UAEXH@Z 1000b360 f i CalcTime.obj
 0001:0000a390       ?GetType@CDrLabel@@UAEHXZ  1000b390 f i CalcTime.obj
 0001:0000a3c0       ?SetType@CDrLabel@@UAEXH@Z 1000b3c0 f i CalcTime.obj
 0001:0000a3f0       ?GetText@CDrLabel@@UAE?AVCString@@XZ 1000b3f0 f i CalcTime.obj
 0001:0000a440       ?SetText@CDrLabel@@UAEXVCString@@@Z 1000b440 f i CalcTime.obj
 0001:0000a4c0       ?SetLogFont@CDrLabel@@UAEXUtagLOGFONTA@@@Z 1000b4c0 f i CalcTime.obj
 0001:0000a500       ?GetLogFont@CDrLabel@@UAE?AUtagLOGFONTA@@XZ 1000b500 f i CalcTime.obj
 0001:0000a540       ?GetOtherCorner@CDrLabel@@UAE?AUtagPOINT@@XZ 1000b540 f i CalcTime.obj
 0001:0000a580       ?SetOtherCorner@CDrLabel@@UAEXUtagPOINT@@@Z 1000b580 f i CalcTime.obj
 0001:0000a5c0       ?GetAngle@CDrLabel@@UAEHXZ 1000b5c0 f i CalcTime.obj
 0001:0000a5f0       ?SetAngle@CDrLabel@@UAEXH@Z 1000b5f0 f i CalcTime.obj
 0001:0000a620       ??1CDrLabel@@UAE@XZ        1000b620 f i CalcTime.obj
 0001:0000a6a0       ??_GCDrLabel@@UAEPAXI@Z    1000b6a0 f i CalcTime.obj
 0001:0000a6e0       ??_ECDrLabel@@UAEPAXI@Z    1000b6e0 f i CalcTime.obj
 0001:0000a780       ??1CDlg_LQCI@@UAE@XZ       1000b780 f i CalcTime.obj
 0001:0000a800       ??1CDlg_CrcI@@UAE@XZ       1000b800 f i CalcTime.obj
 0001:0000a880       ?IsDirty@CDrCurve@@UAEHXZ  1000b880 f i CalcTime.obj
 0001:0000a8b0       ?SetDirty@CDrCurve@@UAEXH@Z 1000b8b0 f i CalcTime.obj
 0001:0000a8e0       ?IsControlShapeNeeded@CDrCurve@@UAEHXZ 1000b8e0 f i CalcTime.obj
 0001:0000a910       ?SetControlShapeNeed@CDrCurve@@UAEXH@Z 1000b910 f i CalcTime.obj
 0001:0000a940       ?IsPosted@CDrCurve@@UAEHXZ 1000b940 f i CalcTime.obj
 0001:0000a970       ?SetPosted@CDrCurve@@UAEXH@Z 1000b970 f i CalcTime.obj
 0001:0000a9a0       ?GetCN_BSList@CDrCurve@@QAEPAVCDListMgr@@XZ 1000b9a0 f i CalcTime.obj
 0001:0000a9d0       ?GetVNodeList@CDrCurve@@QAEPAVCDListMgr@@XZ 1000b9d0 f i CalcTime.obj
 0001:0000aa00       ?GetMeshElemDim@CDrCurve@@QAEHXZ 1000ba00 f i CalcTime.obj
 0001:0000aa30       ?SetMeshElemDim@CDrCurve@@QAEXH@Z 1000ba30 f i CalcTime.obj
 0001:0000aa60       ?IsIso@CDrCurve@@QAEHXZ    1000ba60 f i CalcTime.obj
 0001:0000aa90       ?SetIso@CDrCurve@@QAEXH@Z  1000ba90 f i CalcTime.obj
 0001:0000aac0       ?GetIsoToID@CDrCurve@@QAEAAVCString@@XZ 1000bac0 f i CalcTime.obj
 0001:0000aaf0       ?SetIsoToID@CDrCurve@@QAEXAAVCString@@@Z 1000baf0 f i CalcTime.obj
 0001:0000ab20       ?GetCompoType@CDrCurve@@QAEHXZ 1000bb20 f i CalcTime.obj
 0001:0000ab50       ?SetCompoType@CDrCurve@@QAEXH@Z 1000bb50 f i CalcTime.obj
 0001:0000ab80       ?GetCompoID@CDrCurve@@QAEAAVCString@@XZ 1000bb80 f i CalcTime.obj
 0001:0000abb0       ?SetCompoID@CDrCurve@@QAEXAAVCString@@@Z 1000bbb0 f i CalcTime.obj
 0001:0000abe0       ?GetClass_S@CDrCurve@@QAEHXZ 1000bbe0 f i CalcTime.obj
 0001:0000ac10       ?SetClass_S@CDrCurve@@QAEXH@Z 1000bc10 f i CalcTime.obj
 0001:0000ac40       ?GetOutSegUnif_S@CDrCurve@@QAEHXZ 1000bc40 f i CalcTime.obj
 0001:0000ac70       ?SetOutSegUnif_S@CDrCurve@@QAEXH@Z 1000bc70 f i CalcTime.obj
 0001:0000aca0       ?IsClosed_S@CDrCurve@@QAEHXZ 1000bca0 f i CalcTime.obj
 0001:0000acd0       ?SetClosed_S@CDrCurve@@QAEXH@Z 1000bcd0 f i CalcTime.obj
 0001:0000ad00       ?GetCurveObjectType@CDrCurve@@QAEHXZ 1000bd00 f i CalcTime.obj
 0001:0000ad30       ?SetCurveObjectType@CDrCurve@@QAEXH@Z 1000bd30 f i CalcTime.obj
 0001:0000ad60       ?GetMaxINodes_S@CDrCurve@@QAEHXZ 1000bd60 f i CalcTime.obj
 0001:0000ad90       ?SetMaxINodes_S@CDrCurve@@QAEXH@Z 1000bd90 f i CalcTime.obj
 0001:0000adc0       ?GetMaxCNodes_S@CDrCurve@@QAEHXZ 1000bdc0 f i CalcTime.obj
 0001:0000adf0       ?SetMaxCNodes_S@CDrCurve@@QAEXH@Z 1000bdf0 f i CalcTime.obj
 0001:0000ae20       ?GetMaxBezSegments_S@CDrCurve@@QAEHXZ 1000be20 f i CalcTime.obj
 0001:0000ae50       ?SetMaxBezSegments_S@CDrCurve@@QAEXH@Z 1000be50 f i CalcTime.obj
 0001:0000ae80       ?GetMaxOutPts_S@CDrCurve@@QAEHXZ 1000be80 f i CalcTime.obj
 0001:0000aeb0       ?SetMaxOutPts_S@CDrCurve@@QAEXH@Z 1000beb0 f i CalcTime.obj
 0001:0000aee0       ?GetLongOutPts@CDrCurve@@QAEJXZ 1000bee0 f i CalcTime.obj
 0001:0000af10       ?SetLongOutPts@CDrCurve@@QAEXJ@Z 1000bf10 f i CalcTime.obj
 0001:0000af40       ?GetCurveType_S@CDrCurve@@QAE?AW4CURVEPROC@@XZ 1000bf40 f i CalcTime.obj
 0001:0000af70       ?SetCurveType_S@CDrCurve@@QAEXW4CURVEPROC@@@Z 1000bf70 f i CalcTime.obj
 0001:0000afa0       ?GetOutMethod@CDrCurve@@QAE?AW4CURVEOUTPUT@@XZ 1000bfa0 f i CalcTime.obj
 0001:0000afd0       ?GetAlfa@CDrCurve@@QAENXZ  1000bfd0 f i CalcTime.obj
 0001:0000b000       ?GetBias@CDrCurve@@QAENXZ  1000c000 f i CalcTime.obj
 0001:0000b030       ?GetTension@CDrCurve@@QAENXZ 1000c030 f i CalcTime.obj
 0001:0000b060       ?IsUniform_S@CDrCurve@@QAEHXZ 1000c060 f i CalcTime.obj
 0001:0000b090       ?SetUniform_S@CDrCurve@@QAEXH@Z 1000c090 f i CalcTime.obj
 0001:0000b0c0       ?SetOutMethod_S@CDrCurve@@QAEXW4CURVEOUTPUT@@@Z 1000c0c0 f i CalcTime.obj
 0001:0000b0f0       ?GetMaxOutSeg_S@CDrCurve@@QAEHXZ 1000c0f0 f i CalcTime.obj
 0001:0000b120       ?SetMaxOutSeg_S@CDrCurve@@QAEXH@Z 1000c120 f i CalcTime.obj
 0001:0000b150       ?GetDis_AngPointer_S@CDrCurve@@QAEPANXZ 1000c150 f i CalcTime.obj
 0001:0000b180       ?SetDis_AngPointer_S@CDrCurve@@QAEXPAN@Z 1000c180 f i CalcTime.obj
 0001:0000b1b0       ?GetNum_tPointer_S@CDrCurve@@QAEPAHXZ 1000c1b0 f i CalcTime.obj
 0001:0000b1e0       ?SetNum_tPointer_S@CDrCurve@@QAEXPAH@Z 1000c1e0 f i CalcTime.obj
 0001:0000b210       ?GetDis_tPointer_S@CDrCurve@@QAEPANXZ 1000c210 f i CalcTime.obj
 0001:0000b240       ?SetDis_tPointer_S@CDrCurve@@QAEXPAN@Z 1000c240 f i CalcTime.obj
 0001:0000b270       ?GetNum_tPointer_Ex_S@CDrCurve@@QAEPAHXZ 1000c270 f i CalcTime.obj
 0001:0000b2a0       ?SetNum_tPointer_Ex_S@CDrCurve@@QAEXPAH@Z 1000c2a0 f i CalcTime.obj
 0001:0000b2d0       ?GetnBSeg_Ex_S@CDrCurve@@QAEHXZ 1000c2d0 f i CalcTime.obj
 0001:0000b300       ?SetnBSeg_Ex_S@CDrCurve@@QAEXH@Z 1000c300 f i CalcTime.obj
 0001:0000b330       ?GetBSegPointer_Ex_S@CDrCurve@@QAEPAHXZ 1000c330 f i CalcTime.obj
 0001:0000b360       ?SetBSegPointer_Ex_S@CDrCurve@@QAEXPAH@Z 1000c360 f i CalcTime.obj
 0001:0000b390       ?SetAlfa@CDrCurve@@QAEXN@Z 1000c390 f i CalcTime.obj
 0001:0000b3d0       ?SetBias@CDrCurve@@QAEXN@Z 1000c3d0 f i CalcTime.obj
 0001:0000b410       ?SetTension@CDrCurve@@QAEXN@Z 1000c410 f i CalcTime.obj
 0001:0000b450       ?GetMemIn@CDrCurve@@QAEPAUWORLD@@XZ 1000c450 f i CalcTime.obj
 0001:0000b480       ?GetMemInWts@CDrCurve@@QAEPANXZ 1000c480 f i CalcTime.obj
 0001:0000b4b0       ?GetMemInDP@CDrCurve@@QAEPAUtagPOINT@@XZ 1000c4b0 f i CalcTime.obj
 0001:0000b4e0       ?GetMemOut@CDrCurve@@QAEPAUWORLD@@XZ 1000c4e0 f i CalcTime.obj
 0001:0000b510       ?GetMemOutWts@CDrCurve@@QAEPANXZ 1000c510 f i CalcTime.obj
 0001:0000b540       ?GetMemOutDP@CDrCurve@@QAEPAUtagPOINT@@XZ 1000c540 f i CalcTime.obj
 0001:0000b570       ?SetMemIn@CDrCurve@@QAEXPAUWORLD@@@Z 1000c570 f i CalcTime.obj
 0001:0000b5a0       ?SetMemInWts@CDrCurve@@QAEXPAN@Z 1000c5a0 f i CalcTime.obj
 0001:0000b5d0       ?SetMemInDP@CDrCurve@@QAEXPAUtagPOINT@@@Z 1000c5d0 f i CalcTime.obj
 0001:0000b600       ?SetMemOut@CDrCurve@@QAEXPAUWORLD@@@Z 1000c600 f i CalcTime.obj
 0001:0000b630       ?SetMemOutWts@CDrCurve@@QAEXPAN@Z 1000c630 f i CalcTime.obj
 0001:0000b660       ?SetMemOutDP@CDrCurve@@QAEXPAUtagPOINT@@@Z 1000c660 f i CalcTime.obj
 0001:0000b690       ?FixMemD@CDrCurve@@QAEPANJ@Z 1000c690 f i CalcTime.obj
 0001:0000b6e0       ?FreeMemD@CDrCurve@@QAEXPAN@Z 1000c6e0 f i CalcTime.obj
 0001:0000b710       ?FixMem@CDrCurve@@QAEPAUWORLD@@J@Z 1000c710 f i CalcTime.obj
 0001:0000b760       ?FreeMem@CDrCurve@@QAEXPAUWORLD@@@Z 1000c760 f i CalcTime.obj
 0001:0000b790       ?FixMemDP@CDrCurve@@QAEPAUtagPOINT@@J@Z 1000c790 f i CalcTime.obj
 0001:0000b7e0       ?FreeMemDP@CDrCurve@@QAEXPAUtagPOINT@@@Z 1000c7e0 f i CalcTime.obj
 0001:0000b810       ?GetData_S@CDrCurve@@QAEHXZ 1000c810 f i CalcTime.obj
 0001:0000b840       ?SetData_S@CDrCurve@@QAEXH@Z 1000c840 f i CalcTime.obj
 0001:0000b870       ?GetOrder_S@CDrCurve@@QAEHXZ 1000c870 f i CalcTime.obj
 0001:0000b8a0       ?SetOrder_S@CDrCurve@@QAEXH@Z 1000c8a0 f i CalcTime.obj
 0001:0000b8d0       ?GetKnotType_S@CDrCurve@@QAE?AW4KNOT@@XZ 1000c8d0 f i CalcTime.obj
 0001:0000b900       ?SetKnotType_S@CDrCurve@@QAEXW4KNOT@@@Z 1000c900 f i CalcTime.obj
 0001:0000b930       ?GetWtType_S@CDrCurve@@QAE?AW4WEIGHT@@XZ 1000c930 f i CalcTime.obj
 0001:0000b960       ?SetWtType_S@CDrCurve@@QAEXW4WEIGHT@@@Z 1000c960 f i CalcTime.obj
 0001:0000b990       ?GetBCL_S@CDrCurve@@QAE?AW4BOUNDARY@@XZ 1000c990 f i CalcTime.obj
 0001:0000b9c0       ?SetBCL_S@CDrCurve@@QAEXW4BOUNDARY@@@Z 1000c9c0 f i CalcTime.obj
 0001:0000b9f0       ?GetBCR_S@CDrCurve@@QAE?AW4BOUNDARY@@XZ 1000c9f0 f i CalcTime.obj
 0001:0000ba20       ?SetBCR_S@CDrCurve@@QAEXW4BOUNDARY@@@Z 1000ca20 f i CalcTime.obj
 0001:0000ba50       ?GetTanL_S@CDrCurve@@QAE?AUVECTOR@@XZ 1000ca50 f i CalcTime.obj
 0001:0000ba90       ?SetTanL_S@CDrCurve@@QAEXUVECTOR@@@Z 1000ca90 f i CalcTime.obj
 0001:0000bad0       ?GetTanR_S@CDrCurve@@QAE?AUVECTOR@@XZ 1000cad0 f i CalcTime.obj
 0001:0000bb10       ?SetTanR_S@CDrCurve@@QAEXUVECTOR@@@Z 1000cb10 f i CalcTime.obj
 0001:0000bb50       ?GetnCon_BS_S@CDrCurve@@QAEHXZ 1000cb50 f i CalcTime.obj
 0001:0000bb80       ?SetnCon_BS_S@CDrCurve@@QAEXH@Z 1000cb80 f i CalcTime.obj
 0001:0000bbb0       ?GetnCon_BZ_S@CDrCurve@@QAEHXZ 1000cbb0 f i CalcTime.obj
 0001:0000bbe0       ?SetnCon_BZ_S@CDrCurve@@QAEXH@Z 1000cbe0 f i CalcTime.obj
 0001:0000bc10       ?GetnMKnots_S@CDrCurve@@QAEHXZ 1000cc10 f i CalcTime.obj
 0001:0000bc40       ?SetnMKnots_S@CDrCurve@@QAEXH@Z 1000cc40 f i CalcTime.obj
 0001:0000bc70       ?GetnKnots_S@CDrCurve@@QAEHXZ 1000cc70 f i CalcTime.obj
 0001:0000bca0       ?SetnKnots_S@CDrCurve@@QAEXH@Z 1000cca0 f i CalcTime.obj
 0001:0000bcd0       ?GetnDim_S@CDrCurve@@QAEHXZ 1000ccd0 f i CalcTime.obj
 0001:0000bd00       ?SetnDim_S@CDrCurve@@QAEXH@Z 1000cd00 f i CalcTime.obj
 0001:0000bd30       ?GetpMKnots_S@CDrCurve@@QAEPANXZ 1000cd30 f i CalcTime.obj
 0001:0000bd60       ?SetpMKnots_S@CDrCurve@@QAEXPAN@Z 1000cd60 f i CalcTime.obj
 0001:0000bd90       ?GetpWts_BS_S@CDrCurve@@QAEPANXZ 1000cd90 f i CalcTime.obj
 0001:0000bdc0       ?SetpWts_BS_S@CDrCurve@@QAEXPAN@Z 1000cdc0 f i CalcTime.obj
 0001:0000bdf0       ?GetpKnots_S@CDrCurve@@QAEPANXZ 1000cdf0 f i CalcTime.obj
 0001:0000be20       ?SetpKnots_S@CDrCurve@@QAEXPAN@Z 1000ce20 f i CalcTime.obj
 0001:0000be50       ?GetpWts_DT_S@CDrCurve@@QAEPANXZ 1000ce50 f i CalcTime.obj
 0001:0000be80       ?SetpWts_DT_S@CDrCurve@@QAEXPAN@Z 1000ce80 f i CalcTime.obj
 0001:0000beb0       ?GetpWts_BZ_S@CDrCurve@@QAEPANXZ 1000ceb0 f i CalcTime.obj
 0001:0000bee0       ?SetpWts_BZ_S@CDrCurve@@QAEXPAN@Z 1000cee0 f i CalcTime.obj
 0001:0000bf10       ?GetFromIDNode_S@CDrCurve@@QAEPAVCDrNode@@XZ 1000cf10 f i CalcTime.obj
 0001:0000bf40       ?SetFromIDNode_S@CDrCurve@@QAEXPAVCDrNode@@@Z 1000cf40 f i CalcTime.obj
 0001:0000bf70       ?GetToIDNode_S@CDrCurve@@QAEPAVCDrNode@@XZ 1000cf70 f i CalcTime.obj
 0001:0000bfa0       ?SetToIDNode_S@CDrCurve@@QAEXPAVCDrNode@@@Z 1000cfa0 f i CalcTime.obj
 0001:0000bfd0       ?GetData_Ex_S@CDrCurve@@QAEHXZ 1000cfd0 f i CalcTime.obj
 0001:0000c000       ?SetData_Ex_S@CDrCurve@@QAEXH@Z 1000d000 f i CalcTime.obj
 0001:0000c030       ?IsExpanded_S@CDrCurve@@QAEHXZ 1000d030 f i CalcTime.obj
 0001:0000c060       ?SetExpanded_S@CDrCurve@@QAEXH@Z 1000d060 f i CalcTime.obj
 0001:0000c090       ?GetMaxENodes_S@CDrCurve@@QAEHXZ 1000d090 f i CalcTime.obj
 0001:0000c0c0       ?SetMaxENodes_S@CDrCurve@@QAEXH@Z 1000d0c0 f i CalcTime.obj
 0001:0000c0f0       ?GetRadius_S@CDrCurve@@QAENXZ 1000d0f0 f i CalcTime.obj
 0001:0000c120       ?SetRadius_S@CDrCurve@@QAEXN@Z 1000d120 f i CalcTime.obj
 0001:0000c160       ?GetTheta_S@CDrCurve@@QAENXZ 1000d160 f i CalcTime.obj
 0001:0000c190       ?SetTheta_S@CDrCurve@@QAEXN@Z 1000d190 f i CalcTime.obj
 0001:0000c1d0       ?GetCenter_S@CDrCurve@@QAE?AUWORLD@@XZ 1000d1d0 f i CalcTime.obj
 0001:0000c210       ?SetCenter_S@CDrCurve@@QAEXUWORLD@@@Z 1000d210 f i CalcTime.obj
 0001:0000c280       ?GetNormal_S@CDrCurve@@QAE?AUWORLD@@XZ 1000d280 f i CalcTime.obj
 0001:0000c2c0       ?SetNormal_S@CDrCurve@@QAEXUWORLD@@@Z 1000d2c0 f i CalcTime.obj
 0001:0000c330       ?GetSegAngle_S@CDrCurve@@QAENXZ 1000d330 f i CalcTime.obj
 0001:0000c360       ?SetSegAngle_S@CDrCurve@@QAEXN@Z 1000d360 f i CalcTime.obj
 0001:0000c3a0       ?GetCNode_CC@CDrCurve@@QAEPAVCDrNode@@XZ 1000d3a0 f i CalcTime.obj
 0001:0000c3d0       ?SetCNode_CC@CDrCurve@@QAEXPAVCDrNode@@@Z 1000d3d0 f i CalcTime.obj
 0001:0000c400       ?GetCNode_TI@CDrCurve@@QAEPAVCDrNode@@XZ 1000d400 f i CalcTime.obj
 0001:0000c430       ?SetCNode_TI@CDrCurve@@QAEXPAVCDrNode@@@Z 1000d430 f i CalcTime.obj
 0001:0000c460       ?GetCNode_CA@CDrCurve@@QAEPAVCDrNode@@XZ 1000d460 f i CalcTime.obj
 0001:0000c490       ?SetCNode_CA@CDrCurve@@QAEXPAVCDrNode@@@Z 1000d490 f i CalcTime.obj
 0001:0000c4c0       ?GetCNode_CB@CDrCurve@@QAEPAVCDrNode@@XZ 1000d4c0 f i CalcTime.obj
 0001:0000c4f0       ?SetCNode_CB@CDrCurve@@QAEXPAVCDrNode@@@Z 1000d4f0 f i CalcTime.obj
 0001:0000c520       ?IsHole_S@CDrCurve@@QAEHXZ 1000d520 f i CalcTime.obj
 0001:0000c550       ?SetHole_S@CDrCurve@@QAEXH@Z 1000d550 f i CalcTime.obj
 0001:0000c580       ?GetpTangents_S@CDrCurve@@QAEPAUWORLD@@XZ 1000d580 f i CalcTime.obj
 0001:0000c5b0       ?SetpTangents_S@CDrCurve@@QAEXPAUWORLD@@@Z 1000d5b0 f i CalcTime.obj
 0001:0000c5e0       ?GetpCurvatures_S@CDrCurve@@QAEPANXZ 1000d5e0 f i CalcTime.obj
 0001:0000c610       ?SetpCurvatures_S@CDrCurve@@QAEXPAN@Z 1000d610 f i CalcTime.obj
 0001:0000c640       ?GetRatio_S@CDrCurve@@QAENXZ 1000d640 f i CalcTime.obj
 0001:0000c670       ?SetRatio_S@CDrCurve@@QAEXN@Z 1000d670 f i CalcTime.obj
 0001:0000c6b0       ?IsAxisInput@CDrCurve@@QAEHXZ 1000d6b0 f i CalcTime.obj
 0001:0000c6e0       ?SetAxisInput@CDrCurve@@QAEXH@Z 1000d6e0 f i CalcTime.obj
 0001:0000c710       ?GetAxis@CDrCurve@@QAEHXZ  1000d710 f i CalcTime.obj
 0001:0000c740       ?SetAxis@CDrCurve@@QAEXH@Z 1000d740 f i CalcTime.obj
 0001:0000c770       ?IsNegative@CDrCurve@@QAEHXZ 1000d770 f i CalcTime.obj
 0001:0000c7a0       ?SetNegative@CDrCurve@@QAEXH@Z 1000d7a0 f i CalcTime.obj
 0001:0000c7d0       ?GetCircleType@CDrCurve@@QAE?AW4CIRCLETYPE@@XZ 1000d7d0 f i CalcTime.obj
 0001:0000c800       ?SetCircleType@CDrCurve@@QAEXW4CIRCLETYPE@@@Z 1000d800 f i CalcTime.obj
 0001:0000c830       ?GetInputType@CDrCurve@@QAEHXZ 1000d830 f i CalcTime.obj
 0001:0000c860       ?SetInputType@CDrCurve@@QAEXH@Z 1000d860 f i CalcTime.obj
 0001:0000c890       ?IsArcType@CDrCurve@@QAEHXZ 1000d890 f i CalcTime.obj
 0001:0000c8c0       ?SetArcType@CDrCurve@@QAEXH@Z 1000d8c0 f i CalcTime.obj
 0001:0000c8f0       ?GetElperSegList_S@CDrCurve@@QAEPAV?$CList@HH@@XZ 1000d8f0 f i CalcTime.obj
 0001:0000c920       ?IsSkewed@CDrCurve@@UAEHXZ 1000d920 f i CalcTime.obj
 0001:0000c950       ?SetSkewed@CDrCurve@@UAEXH@Z 1000d950 f i CalcTime.obj
 0001:0000c980       ?IsLinSpr@CDrCurve@@UAEHXZ 1000d980 f i CalcTime.obj
 0001:0000c9b0       ?SetLinSpr@CDrCurve@@UAEXH@Z 1000d9b0 f i CalcTime.obj
 0001:0000c9e0       ?IsLinSnu@CDrCurve@@UAEHXZ 1000d9e0 f i CalcTime.obj
 0001:0000ca10       ?SetLinSnu@CDrCurve@@UAEXH@Z 1000da10 f i CalcTime.obj
 0001:0000ca40       ?CullWorld@CDrCurve@@UAEHUWORLD@@@Z 1000da40 f i CalcTime.obj
 0001:0000ca60       ?CullScreen@CDrCurve@@UAEHPAUMATRIX@@@Z 1000da60 f i CalcTime.obj
 0001:0000ca80       ?Calc_CentroidWorld@CDrCurve@@UAEXXZ 1000da80 f i CalcTime.obj
 0001:0000caa0       ?Calc_CentroidEye@CDrCurve@@UAEXXZ 1000daa0 f i CalcTime.obj
 0001:0000cac0       ?Calc_CentroidScreen3D@CDrCurve@@UAEXNN@Z 1000dac0 f i CalcTime.obj
 0001:0000cae0       ?Calc_NormalWorld@CDrCurve@@UAEXXZ 1000dae0 f i CalcTime.obj
 0001:0000cb00       ?TransformNormalToEye@CDrCurve@@UAEXPAUMATRIX@@@Z 1000db00 f i CalcTime.obj
 0001:0000cb20       ?ProjectNormalToScreen3D@CDrCurve@@UAEXPAUMATRIX@@NN@Z 1000db20 f i CalcTime.obj
 0001:0000cb40       ?GetNormalWorld@CDrCurve@@UAEPAUWORLD@@XZ 1000db40 f i CalcTime.obj
 0001:0000cb60       ?SetNormalWorld@CDrCurve@@UAEXUWORLD@@@Z 1000db60 f i CalcTime.obj
 0001:0000cb80       ?GetNormalEye@CDrCurve@@UAEPAUWORLD@@XZ 1000db80 f i CalcTime.obj
 0001:0000cba0       ?SetNormalEye@CDrCurve@@UAEXUWORLD@@@Z 1000dba0 f i CalcTime.obj
 0001:0000cbc0       ?GetNormalScreen3D@CDrCurve@@UAEPAUWORLD@@XZ 1000dbc0 f i CalcTime.obj
 0001:0000cbe0       ?SetNormalScreen3D@CDrCurve@@UAEXUWORLD@@@Z 1000dbe0 f i CalcTime.obj
 0001:0000cc00       ?GetNormalScreen2D@CDrCurve@@UAEPAUtagPOINT@@XZ 1000dc00 f i CalcTime.obj
 0001:0000cc20       ?SetNormalScreen2D@CDrCurve@@UAEXUtagPOINT@@@Z 1000dc20 f i CalcTime.obj
 0001:0000cc40       ?GetNodTopoList@CDrCurve@@QAEPAVCDListMgr@@XZ 1000dc40 f i CalcTime.obj
 0001:0000cc70       ?GetSuppCardList@CDrCurve@@QAEPAV?$CList@Usupportcard@@U1@@@XZ 1000dc70 f i CalcTime.obj
 0001:0000cca0       ?GetStaLCardList@CDrCurve@@QAEPAV?$CList@UstaLcard@@U1@@@XZ 1000dca0 f i CalcTime.obj
 0001:0000ccd0       ?GetBndryPtList@CDrCurve@@QAEPAV?$CList@UWORLD@@U1@@@XZ 1000dcd0 f i CalcTime.obj
 0001:0000cd00       ?GetBezierType@CDrCurve@@QAE?AW4BEZIERTYPE@@XZ 1000dd00 f i CalcTime.obj
 0001:0000cd30       ?SetBezierType@CDrCurve@@QAEXW4BEZIERTYPE@@@Z 1000dd30 f i CalcTime.obj
 0001:0000cd60       ?IsSubDivided@CTriangle@@UAEHXZ 1000dd60 f i CalcTime.obj
 0001:0000cd80       ?SetSubDivided@CTriangle@@UAEXH@Z 1000dd80 f i CalcTime.obj
 0001:0000cdb0       ?GetSubTriangleIndex@CTriangle@@UAEHH@Z 1000ddb0 f i CalcTime.obj
 0001:0000cde0       ?SetSubTriangleIndex@CTriangle@@UAEXHH@Z 1000dde0 f i CalcTime.obj
 0001:0000ce10       ?GetType@CTriangle@@UAEHXZ 1000de10 f i CalcTime.obj
 0001:0000ce30       ?SetType@CTriangle@@UAEXH@Z 1000de30 f i CalcTime.obj
 0001:0000ce60       ?GetCNIndexList@CTriangle@@UAEPAV?$CList@HH@@XZ 1000de60 f i CalcTime.obj
 0001:0000ce80       ?GetPatIndex@CTriangle@@UAEHXZ 1000de80 f i CalcTime.obj
 0001:0000cea0       ?SetPatIndex@CTriangle@@UAEXH@Z 1000dea0 f i CalcTime.obj
 0001:0000ced0       ?GetDegree@CTriangle@@UAEHXZ 1000ded0 f i CalcTime.obj
 0001:0000cef0       ?SetDegree@CTriangle@@UAEXH@Z 1000def0 f i CalcTime.obj
 0001:0000cf20       ?GetVertexIndex@CTriangle@@UAEHH@Z 1000df20 f i CalcTime.obj
 0001:0000cf50       ?SetVertexIndex@CTriangle@@UAEXHH@Z 1000df50 f i CalcTime.obj
 0001:0000cf80       ?GetVertexIndex@CTriangle@@UAEPAHXZ 1000df80 f i CalcTime.obj
 0001:0000cfa0       ?GetNebrVertexIndex@CTriangle@@UAEHH@Z 1000dfa0 f i CalcTime.obj
 0001:0000cfd0       ?SetNebrVertexIndex@CTriangle@@UAEXHH@Z 1000dfd0 f i CalcTime.obj
 0001:0000d000       ?GetNebrVertexIndex@CTriangle@@UAEPAHXZ 1000e000 f i CalcTime.obj
 0001:0000d020       ?GetNebrTriangleIndex@CTriangle@@UAEHH@Z 1000e020 f i CalcTime.obj
 0001:0000d050       ?SetNebrTriangleIndex@CTriangle@@UAEXHH@Z 1000e050 f i CalcTime.obj
 0001:0000d080       ?GetNebrTriangleIndex@CTriangle@@UAEPAHXZ 1000e080 f i CalcTime.obj
 0001:0000d0a0       ?GetOutSeg@CTriangle@@UAEHXZ 1000e0a0 f i CalcTime.obj
 0001:0000d0c0       ?SetOutSeg@CTriangle@@UAEXH@Z 1000e0c0 f i CalcTime.obj
 0001:0000d0f0       ?GetiOutGlo@CTriangle@@UAEHXZ 1000e0f0 f i CalcTime.obj
 0001:0000d120       ?SetiOutGlo@CTriangle@@UAEXH@Z 1000e120 f i CalcTime.obj
 0001:0000d150       ?GetjOutGlo@CTriangle@@UAEHXZ 1000e150 f i CalcTime.obj
 0001:0000d180       ?SetjOutGlo@CTriangle@@UAEXH@Z 1000e180 f i CalcTime.obj
 0001:0000d1b0       ??1CTriangle@@UAE@XZ       1000e1b0 f i CalcTime.obj
 0001:0000d230       ??_GCTriangle@@UAEPAXI@Z   1000e230 f i CalcTime.obj
 0001:0000d270       ??_ECTriangle@@UAEPAXI@Z   1000e270 f i CalcTime.obj
 0001:0000d310       ?GetCategory@CDrPatch@@UAE?AW4CATEGORY@@XZ 1000e310 f i CalcTime.obj
 0001:0000d330       ?SetCategory@CDrPatch@@UAEXW4CATEGORY@@@Z 1000e330 f i CalcTime.obj
 0001:0000d360       ?IsNormalNeeded@CDrPatch@@UAEHXZ 1000e360 f i CalcTime.obj
 0001:0000d390       ?SetNormalNeed@CDrPatch@@UAEXH@Z 1000e390 f i CalcTime.obj
 0001:0000d3c0       ?GetCurveType_T@CDrPatch@@QAE?AW4CURVEPROC@@XZ 1000e3c0 f i CalcTime.obj
 0001:0000d3f0       ?SetCurveType_T@CDrPatch@@QAEXW4CURVEPROC@@@Z 1000e3f0 f i CalcTime.obj
 0001:0000d420       ?GetOutSegUnif_T@CDrPatch@@QAEHXZ 1000e420 f i CalcTime.obj
 0001:0000d450       ?SetOutSegUnif_T@CDrPatch@@QAEXH@Z 1000e450 f i CalcTime.obj
 0001:0000d480       ?IsClosed_T@CDrPatch@@QAEHXZ 1000e480 f i CalcTime.obj
 0001:0000d4b0       ?SetClosed_T@CDrPatch@@QAEXH@Z 1000e4b0 f i CalcTime.obj
 0001:0000d4e0       ?GetMaxBezSegments_T@CDrPatch@@QAEHXZ 1000e4e0 f i CalcTime.obj
 0001:0000d510       ?SetMaxBezSegments_T@CDrPatch@@QAEXH@Z 1000e510 f i CalcTime.obj
 0001:0000d540       ?GetMaxCNodes_T@CDrPatch@@QAEHXZ 1000e540 f i CalcTime.obj
 0001:0000d570       ?SetMaxCNodes_T@CDrPatch@@QAEXH@Z 1000e570 f i CalcTime.obj
 0001:0000d5a0       ?GetMaxOutPts_T@CDrPatch@@QAEHXZ 1000e5a0 f i CalcTime.obj
 0001:0000d5d0       ?SetMaxOutPts_T@CDrPatch@@QAEXH@Z 1000e5d0 f i CalcTime.obj
 0001:0000d600       ?GetNodes_S@CDrPatch@@QAEHXZ 1000e600 f i CalcTime.obj
 0001:0000d630       ?SetNodes_S@CDrPatch@@QAEXH@Z 1000e630 f i CalcTime.obj
 0001:0000d660       ?GetNodes_T@CDrPatch@@QAEHXZ 1000e660 f i CalcTime.obj
 0001:0000d690       ?SetNodes_T@CDrPatch@@QAEXH@Z 1000e690 f i CalcTime.obj
 0001:0000d6c0       ?GetPrimaryDir@CDrPatch@@QAEHXZ 1000e6c0 f i CalcTime.obj
 0001:0000d6f0       ?SetPrimaryDir@CDrPatch@@QAEXH@Z 1000e6f0 f i CalcTime.obj
 0001:0000d720       ?GetBlendCurve@CDrPatch@@QAEPAVCDrCurve@@XZ 1000e720 f i CalcTime.obj
 0001:0000d750       ?SetBlendCurve@CDrPatch@@QAEXPAVCDrCurve@@@Z 1000e750 f i CalcTime.obj
 0001:0000d780       ?GetBlendCurve_U@CDrPatch@@QAEPAVCDrCurve@@XZ 1000e780 f i CalcTime.obj
 0001:0000d7b0       ?SetBlendCurve_U@CDrPatch@@QAEXPAVCDrCurve@@@Z 1000e7b0 f i CalcTime.obj
 0001:0000d7e0       ?GetBlendCurve_V@CDrPatch@@QAEPAVCDrCurve@@XZ 1000e7e0 f i CalcTime.obj
 0001:0000d810       ?SetBlendCurve_V@CDrPatch@@QAEXPAVCDrCurve@@@Z 1000e810 f i CalcTime.obj
 0001:0000d840       ?GetBlendCurve_W@CDrPatch@@QAEPAVCDrCurve@@XZ 1000e840 f i CalcTime.obj
 0001:0000d870       ?SetBlendCurve_W@CDrPatch@@QAEXPAVCDrCurve@@@Z 1000e870 f i CalcTime.obj
 0001:0000d8a0       ?GetVCurveList@CDrPatch@@QAEPAVCDListMgr@@XZ 1000e8a0 f i CalcTime.obj
 0001:0000d8d0       ?GetCurveList_U@CDrPatch@@QAEPAVCDListMgr@@XZ 1000e8d0 f i CalcTime.obj
 0001:0000d900       ?GetCurveList_V@CDrPatch@@QAEPAVCDListMgr@@XZ 1000e900 f i CalcTime.obj
 0001:0000d930       ?GetCurveList_W@CDrPatch@@QAEPAVCDListMgr@@XZ 1000e930 f i CalcTime.obj
 0001:0000d960       ?GetCurveLatchList_U@CDrPatch@@QAEPAV?$CList@W4CURVELATCH@@W41@@@XZ 1000e960 f i CalcTime.obj
 0001:0000d990       ?GetCurveLatchList_V@CDrPatch@@QAEPAV?$CList@W4CURVELATCH@@W41@@@XZ 1000e990 f i CalcTime.obj
 0001:0000d9c0       ?GetCurveLatchList_W@CDrPatch@@QAEPAV?$CList@W4CURVELATCH@@W41@@@XZ 1000e9c0 f i CalcTime.obj
 0001:0000d9f0       ?IsAdvancedEnd_U@CDrPatch@@QAEHXZ 1000e9f0 f i CalcTime.obj
 0001:0000da20       ?SetAdvancedEnd_U@CDrPatch@@QAEXH@Z 1000ea20 f i CalcTime.obj
 0001:0000da50       ?GetCornerTwist_U@CDrPatch@@QAEPAY01UWORLD@@XZ 1000ea50 f i CalcTime.obj
 0001:0000da80       ?SetCornerTwist_U@CDrPatch@@QAEXPAY01UWORLD@@@Z 1000ea80 f i CalcTime.obj
 0001:0000dab0       ?GetTwistMethod_U@CDrPatch@@QAE?AW4TWIST@@XZ 1000eab0 f i CalcTime.obj
 0001:0000dae0       ?SetTwistMethod_U@CDrPatch@@QAEXW4TWIST@@@Z 1000eae0 f i CalcTime.obj
 0001:0000db10       ?IsAdvancedEnd_V@CDrPatch@@QAEHXZ 1000eb10 f i CalcTime.obj
 0001:0000db40       ?SetAdvancedEnd_V@CDrPatch@@QAEXH@Z 1000eb40 f i CalcTime.obj
 0001:0000db70       ?GetCornerTwist_V@CDrPatch@@QAEPAY01UWORLD@@XZ 1000eb70 f i CalcTime.obj
 0001:0000dba0       ?SetCornerTwist_V@CDrPatch@@QAEXPAY01UWORLD@@@Z 1000eba0 f i CalcTime.obj
 0001:0000dbd0       ?GetTwistMethod_V@CDrPatch@@QAE?AW4TWIST@@XZ 1000ebd0 f i CalcTime.obj
 0001:0000dc00       ?SetTwistMethod_V@CDrPatch@@QAEXW4TWIST@@@Z 1000ec00 f i CalcTime.obj
 0001:0000dc30       ?GetEndList_U@CDrPatch@@QAEPAV?$CList@Ublendend@@U1@@@XZ 1000ec30 f i CalcTime.obj
 0001:0000dc60       ?GetEndList_V@CDrPatch@@QAEPAV?$CList@Ublendend@@U1@@@XZ 1000ec60 f i CalcTime.obj
 0001:0000dc90       ?GetElperSegList_T@CDrPatch@@QAEPAV?$CList@HH@@XZ 1000ec90 f i CalcTime.obj
 0001:0000dcc0       ?GetCurveID@CDrPatch@@QAE?AVCString@@H@Z 1000ecc0 f i CalcTime.obj
 0001:0000dd10       ?SetCurveID@CDrPatch@@QAEXVCString@@H@Z 1000ed10 f i CalcTime.obj
 0001:0000dd90       ?GetBndryCurve@CDrPatch@@QAEPAVCDrCurve@@H@Z 1000ed90 f i CalcTime.obj
 0001:0000ddc0       ?SetCurve@CDrPatch@@QAEXPAVCDrCurve@@H@Z 1000edc0 f i CalcTime.obj
 0001:0000ddf0       ?GetCurveLatch@CDrPatch@@QAE?AW4CURVELATCH@@H@Z 1000edf0 f i CalcTime.obj
 0001:0000de20       ?SetCurveLatch@CDrPatch@@QAEXW4CURVELATCH@@H@Z 1000ee20 f i CalcTime.obj
 0001:0000de50       ?GetFromIDNode_T@CDrPatch@@QAEPAVCDrNode@@XZ 1000ee50 f i CalcTime.obj
 0001:0000de80       ?SetFromIDNode_T@CDrPatch@@QAEXPAVCDrNode@@@Z 1000ee80 f i CalcTime.obj
 0001:0000deb0       ?GetToIDNode_T@CDrPatch@@QAEPAVCDrNode@@XZ 1000eeb0 f i CalcTime.obj
 0001:0000dee0       ?SetToIDNode_T@CDrPatch@@QAEXPAVCDrNode@@@Z 1000eee0 f i CalcTime.obj
 0001:0000df10       ?GetFromPtLocal_T@CDrPatch@@QAEPAUWORLD@@XZ 1000ef10 f i CalcTime.obj
 0001:0000df40       ?SetFromPtLocal_T@CDrPatch@@QAEXUWORLD@@@Z 1000ef40 f i CalcTime.obj
 0001:0000df80       ?GetToPtLocal_T@CDrPatch@@QAEPAUWORLD@@XZ 1000ef80 f i CalcTime.obj
 0001:0000dfb0       ?SetToPtLocal_T@CDrPatch@@QAEXUWORLD@@@Z 1000efb0 f i CalcTime.obj
 0001:0000dff0       ?GetFromPtWorld_T@CDrPatch@@QAEPAUWORLD@@XZ 1000eff0 f i CalcTime.obj
 0001:0000e020       ?SetFromPtWorld_T@CDrPatch@@QAEXUWORLD@@@Z 1000f020 f i CalcTime.obj
 0001:0000e060       ?GetToPtWorld_T@CDrPatch@@QAEPAUWORLD@@XZ 1000f060 f i CalcTime.obj
 0001:0000e090       ?SetToPtWorld_T@CDrPatch@@QAEXUWORLD@@@Z 1000f090 f i CalcTime.obj
 0001:0000e0d0       ?GetFromPtEye_T@CDrPatch@@QAEPAUWORLD@@XZ 1000f0d0 f i CalcTime.obj
 0001:0000e100       ?SetFromPtEye_T@CDrPatch@@QAEXUWORLD@@@Z 1000f100 f i CalcTime.obj
 0001:0000e140       ?GetToPtEye_T@CDrPatch@@QAEPAUWORLD@@XZ 1000f140 f i CalcTime.obj
 0001:0000e170       ?SetToPtEye_T@CDrPatch@@QAEXUWORLD@@@Z 1000f170 f i CalcTime.obj
 0001:0000e1b0       ?GetAxis_T@CDrPatch@@QAEPAUWORLD@@XZ 1000f1b0 f i CalcTime.obj
 0001:0000e1e0       ?SetAxis_T@CDrPatch@@QAEXUWORLD@@@Z 1000f1e0 f i CalcTime.obj
 0001:0000e220       ?GetExtruType_T@CDrPatch@@QAEHXZ 1000f220 f i CalcTime.obj
 0001:0000e250       ?SetExtruType_T@CDrPatch@@QAEXH@Z 1000f250 f i CalcTime.obj
 0001:0000e280       ?GetLength_T@CDrPatch@@QAENXZ 1000f280 f i CalcTime.obj
 0001:0000e2b0       ?SetLength_T@CDrPatch@@QAEXN@Z 1000f2b0 f i CalcTime.obj
 0001:0000e2f0       ?GetWorldLength_T@CDrPatch@@QAE?AUWORLD@@XZ 1000f2f0 f i CalcTime.obj
 0001:0000e330       ?SetWorldLength_T@CDrPatch@@QAEXUWORLD@@@Z 1000f330 f i CalcTime.obj
 0001:0000e370       ?GetSegs_T@CDrPatch@@QAEHXZ 1000f370 f i CalcTime.obj
 0001:0000e3a0       ?SetSegs_T@CDrPatch@@QAEXH@Z 1000f3a0 f i CalcTime.obj
 0001:0000e3d0       ?IsAxisInput_T@CDrPatch@@QAEHXZ 1000f3d0 f i CalcTime.obj
 0001:0000e400       ?SetAxisInput_T@CDrPatch@@QAEXH@Z 1000f400 f i CalcTime.obj
 0001:0000e430       ?GetAxisType_T@CDrPatch@@QAEHXZ 1000f430 f i CalcTime.obj
 0001:0000e460       ?SetAxisType_T@CDrPatch@@QAEXH@Z 1000f460 f i CalcTime.obj
 0001:0000e490       ?IsNegative_T@CDrPatch@@QAEHXZ 1000f490 f i CalcTime.obj
 0001:0000e4c0       ?SetNegative_T@CDrPatch@@QAEXH@Z 1000f4c0 f i CalcTime.obj
 0001:0000e4f0       ?GetCircleType_T@CDrPatch@@QAE?AW4CIRCLETYPE@@XZ 1000f4f0 f i CalcTime.obj
 0001:0000e520       ?SetCircleType_T@CDrPatch@@QAEXW4CIRCLETYPE@@@Z 1000f520 f i CalcTime.obj
 0001:0000e550       ?GetAng_1_T@CDrPatch@@QAENXZ 1000f550 f i CalcTime.obj
 0001:0000e580       ?SetAng_1_T@CDrPatch@@QAEXN@Z 1000f580 f i CalcTime.obj
 0001:0000e5c0       ?GetAng_2_T@CDrPatch@@QAENXZ 1000f5c0 f i CalcTime.obj
 0001:0000e5f0       ?SetAng_2_T@CDrPatch@@QAEXN@Z 1000f5f0 f i CalcTime.obj
 0001:0000e630       ?GetPatchProc@CDrPatch@@QAE?AW4PATCHPROC@@XZ 1000f630 f i CalcTime.obj
 0001:0000e660       ?SetPatchProc@CDrPatch@@QAEXW4PATCHPROC@@@Z 1000f660 f i CalcTime.obj
 0001:0000e690       ?GetPatchType@CDrPatch@@QAE?AW4PATCHTYPE@@XZ 1000f690 f i CalcTime.obj
 0001:0000e6c0       ?SetPatchType@CDrPatch@@QAEXW4PATCHTYPE@@@Z 1000f6c0 f i CalcTime.obj
 0001:0000e6f0       ?GetPatSubType@CDrPatch@@QAE?AW4PATSUBTYPE@@XZ 1000f6f0 f i CalcTime.obj
 0001:0000e720       ?SetPatSubType@CDrPatch@@QAEXW4PATSUBTYPE@@@Z 1000f720 f i CalcTime.obj
 0001:0000e750       ?GetOut_S@CDrPatch@@QAEHXZ 1000f750 f i CalcTime.obj
 0001:0000e780       ?SetOut_S@CDrPatch@@QAEXH@Z 1000f780 f i CalcTime.obj
 0001:0000e7b0       ?GetOut_T@CDrPatch@@QAEHXZ 1000f7b0 f i CalcTime.obj
 0001:0000e7e0       ?SetOut_T@CDrPatch@@QAEXH@Z 1000f7e0 f i CalcTime.obj
 0001:0000e810       ?GetTotalElems@CDrPatch@@QAEJXZ 1000f810 f i CalcTime.obj
 0001:0000e840       ?SetTotalElems@CDrPatch@@QAEXJ@Z 1000f840 f i CalcTime.obj
 0001:0000e870       ?GetPtrTangents_S@CDrPatch@@QAEPAUWORLD@@XZ 1000f870 f i CalcTime.obj
 0001:0000e8a0       ?GetPtrTangents_T@CDrPatch@@QAEPAUWORLD@@XZ 1000f8a0 f i CalcTime.obj
 0001:0000e8d0       ?GetPtrNormals@CDrPatch@@QAEPAUWORLD@@XZ 1000f8d0 f i CalcTime.obj
 0001:0000e900       ?GetPtrTwists@CDrPatch@@QAEPAUWORLD@@XZ 1000f900 f i CalcTime.obj
 0001:0000e930       ?GetMemIn@CDrPatch@@UAEPAUWORLD@@H@Z 1000f930 f i CalcTime.obj
 0001:0000e960       ?SetMemIn@CDrPatch@@UAEXPAUWORLD@@H@Z 1000f960 f i CalcTime.obj
 0001:0000e990       ?SetMemIn@CDrPatch@@UAEXPAUWORLD@@@Z 1000f990 f i CalcTime.obj
 0001:0000e9c0       ?SetMemInDP@CDrPatch@@UAEXPAUtagPOINT@@@Z 1000f9c0 f i CalcTime.obj
 0001:0000e9f0       ?SetMemOut@CDrPatch@@UAEXPAUWORLD@@@Z 1000f9f0 f i CalcTime.obj
 0001:0000ea20       ?SetMemOutDP@CDrPatch@@UAEXPAUtagPOINT@@@Z 1000fa20 f i CalcTime.obj
 0001:0000ea50       ?IsUniform_T@CDrPatch@@QAEHXZ 1000fa50 f i CalcTime.obj
 0001:0000ea80       ?SetUniform_T@CDrPatch@@QAEXH@Z 1000fa80 f i CalcTime.obj
 0001:0000eab0       ?GetClass_T@CDrPatch@@QAEHXZ 1000fab0 f i CalcTime.obj
 0001:0000eae0       ?SetClass_T@CDrPatch@@QAEXH@Z 1000fae0 f i CalcTime.obj
 0001:0000eb10       ?GetOrder_T@CDrPatch@@QAEHXZ 1000fb10 f i CalcTime.obj
 0001:0000eb40       ?SetOrder_T@CDrPatch@@QAEXH@Z 1000fb40 f i CalcTime.obj
 0001:0000eb70       ?GetnDim_T@CDrPatch@@QAEHXZ 1000fb70 f i CalcTime.obj
 0001:0000eba0       ?SetnDim_T@CDrPatch@@QAEXH@Z 1000fba0 f i CalcTime.obj
 0001:0000ebd0       ?GetOutMethod_T@CDrPatch@@QAE?AW4PATCHOUTPUT@@XZ 1000fbd0 f i CalcTime.obj
 0001:0000ec00       ?SetOutMethod_T@CDrPatch@@QAEXW4PATCHOUTPUT@@@Z 1000fc00 f i CalcTime.obj
 0001:0000ec30       ?GetMaxOutSeg_T@CDrPatch@@QAEHXZ 1000fc30 f i CalcTime.obj
 0001:0000ec60       ?SetMaxOutSeg_T@CDrPatch@@QAEXH@Z 1000fc60 f i CalcTime.obj
 0001:0000ec90       ?GetNum_tPointer_T@CDrPatch@@QAEPAHXZ 1000fc90 f i CalcTime.obj
 0001:0000ecc0       ?SetNum_tPointer_T@CDrPatch@@QAEXPAH@Z 1000fcc0 f i CalcTime.obj
 0001:0000ecf0       ?GetDis_tPointer_T@CDrPatch@@QAEPANXZ 1000fcf0 f i CalcTime.obj
 0001:0000ed20       ?SetDis_tPointer_T@CDrPatch@@QAEXPAN@Z 1000fd20 f i CalcTime.obj
 0001:0000ed50       ?GetNum_tPointer_Ex_T@CDrPatch@@QAEPAHXZ 1000fd50 f i CalcTime.obj
 0001:0000ed80       ?SetNum_tPointer_Ex_T@CDrPatch@@QAEXPAH@Z 1000fd80 f i CalcTime.obj
 0001:0000edb0       ?GetDis_AngPointer_T@CDrPatch@@QAEPANXZ 1000fdb0 f i CalcTime.obj
 0001:0000ede0       ?SetDis_AngPointer_T@CDrPatch@@QAEXPAN@Z 1000fde0 f i CalcTime.obj
 0001:0000ee10       ?GetData_Ex_T@CDrPatch@@QAEHXZ 1000fe10 f i CalcTime.obj
 0001:0000ee40       ?SetData_Ex_T@CDrPatch@@QAEXH@Z 1000fe40 f i CalcTime.obj
 0001:0000ee70       ?IsExpanded_T@CDrPatch@@QAEHXZ 1000fe70 f i CalcTime.obj
 0001:0000eea0       ?SetExpanded_T@CDrPatch@@QAEXH@Z 1000fea0 f i CalcTime.obj
 0001:0000eed0       ?GetMaxENodes_T@CDrPatch@@QAEHXZ 1000fed0 f i CalcTime.obj
 0001:0000ef00       ?SetMaxENodes_T@CDrPatch@@QAEXH@Z 1000ff00 f i CalcTime.obj
 0001:0000ef30       ?GetRadius_T@CDrPatch@@QAENXZ 1000ff30 f i CalcTime.obj
 0001:0000ef60       ?SetRadius_T@CDrPatch@@QAEXN@Z 1000ff60 f i CalcTime.obj
 0001:0000efa0       ?GetTheta_T@CDrPatch@@QAENXZ 1000ffa0 f i CalcTime.obj
 0001:0000efd0       ?SetTheta_T@CDrPatch@@QAEXN@Z 1000ffd0 f i CalcTime.obj
 0001:0000f010       ?GetCenter_T@CDrPatch@@QAE?AUWORLD@@XZ 10010010 f i CalcTime.obj
 0001:0000f050       ?SetCenter_T@CDrPatch@@QAEXUWORLD@@@Z 10010050 f i CalcTime.obj
 0001:0000f0c0       ?GetNormal_T@CDrPatch@@QAE?AUWORLD@@XZ 100100c0 f i CalcTime.obj
 0001:0000f100       ?SetNormal_T@CDrPatch@@QAEXUWORLD@@@Z 10010100 f i CalcTime.obj
 0001:0000f170       ?GetSegAngle_T@CDrPatch@@QAENXZ 10010170 f i CalcTime.obj
 0001:0000f1a0       ?SetSegAngle_T@CDrPatch@@QAEXN@Z 100101a0 f i CalcTime.obj
 0001:0000f1e0       ?IsHole_T@CDrPatch@@QAEHXZ 100101e0 f i CalcTime.obj
 0001:0000f210       ?SetHole_T@CDrPatch@@QAEXH@Z 10010210 f i CalcTime.obj
 0001:0000f240       ?GetpTangents_T@CDrPatch@@QAEPAUWORLD@@XZ 10010240 f i CalcTime.obj
 0001:0000f270       ?SetpTangents_T@CDrPatch@@QAEXPAUWORLD@@@Z 10010270 f i CalcTime.obj
 0001:0000f2a0       ?GetpCurvatures_T@CDrPatch@@QAEPANXZ 100102a0 f i CalcTime.obj
 0001:0000f2d0       ?SetpCurvatures_T@CDrPatch@@QAEXPAN@Z 100102d0 f i CalcTime.obj
 0001:0000f300       ?GetRatio_T@CDrPatch@@QAENXZ 10010300 f i CalcTime.obj
 0001:0000f330       ?SetRatio_T@CDrPatch@@QAEXN@Z 10010330 f i CalcTime.obj
 0001:0000f370       ?GetTwistType_T@CDrPatch@@QAEHXZ 10010370 f i CalcTime.obj
 0001:0000f3a0       ?SetTwistType_T@CDrPatch@@QAEXH@Z 100103a0 f i CalcTime.obj
 0001:0000f3d0       ?GetTwistList_T@CDrPatch@@QAEPAV?$CList@NN@@XZ 100103d0 f i CalcTime.obj
 0001:0000f400       ?GetScaleType_T@CDrPatch@@QAEHXZ 10010400 f i CalcTime.obj
 0001:0000f430       ?SetScaleType_T@CDrPatch@@QAEXH@Z 10010430 f i CalcTime.obj
 0001:0000f460       ?GetScaleList_T@CDrPatch@@QAEPAV?$CList@NN@@XZ 10010460 f i CalcTime.obj
 0001:0000f490       ?IsIncTwist_T@CDrPatch@@QAEHXZ 10010490 f i CalcTime.obj
 0001:0000f4c0       ?SetIncTwist_T@CDrPatch@@QAEXH@Z 100104c0 f i CalcTime.obj
 0001:0000f4f0       ?GetTwistMult_T@CDrPatch@@QAENXZ 100104f0 f i CalcTime.obj
 0001:0000f520       ?SetTwistMult_T@CDrPatch@@QAEXN@Z 10010520 f i CalcTime.obj
 0001:0000f560       ?GetTwistStart_T@CDrPatch@@QAENXZ 10010560 f i CalcTime.obj
 0001:0000f590       ?SetTwistStart_T@CDrPatch@@QAEXN@Z 10010590 f i CalcTime.obj
 0001:0000f5d0       ?IsIncScale_T@CDrPatch@@QAEHXZ 100105d0 f i CalcTime.obj
 0001:0000f600       ?SetIncScale_T@CDrPatch@@QAEXH@Z 10010600 f i CalcTime.obj
 0001:0000f630       ?GetScaleMult_T@CDrPatch@@QAENXZ 10010630 f i CalcTime.obj
 0001:0000f660       ?SetScaleMult_T@CDrPatch@@QAEXN@Z 10010660 f i CalcTime.obj
 0001:0000f6a0       ?GetScaleStart_T@CDrPatch@@QAENXZ 100106a0 f i CalcTime.obj
 0001:0000f6d0       ?SetScaleStart_T@CDrPatch@@QAEXN@Z 100106d0 f i CalcTime.obj
 0001:0000f710       ?GetWorldTwistMult_T@CDrPatch@@QAE?AUWORLD@@XZ 10010710 f i CalcTime.obj
 0001:0000f750       ?SetWorldTwistMult_T@CDrPatch@@QAEXUWORLD@@@Z 10010750 f i CalcTime.obj
 0001:0000f790       ?GetWorldTwistStart_T@CDrPatch@@QAE?AUWORLD@@XZ 10010790 f i CalcTime.obj
 0001:0000f7d0       ?SetWorldTwistStart_T@CDrPatch@@QAEXUWORLD@@@Z 100107d0 f i CalcTime.obj
 0001:0000f810       ?GetWorldScaleMult_T@CDrPatch@@QAE?AUWORLD@@XZ 10010810 f i CalcTime.obj
 0001:0000f850       ?SetWorldScaleMult_T@CDrPatch@@QAEXUWORLD@@@Z 10010850 f i CalcTime.obj
 0001:0000f890       ?GetWorldScaleStart_T@CDrPatch@@QAE?AUWORLD@@XZ 10010890 f i CalcTime.obj
 0001:0000f8d0       ?SetWorldScaleStart_T@CDrPatch@@QAEXUWORLD@@@Z 100108d0 f i CalcTime.obj
 0001:0000f910       ?GetTriangleList@CDrPatch@@UAEPAVCDListMgr@@XZ 10010910 f i CalcTime.obj
 0001:0000f940       ?GetnOutGlo_S@CDrPatch@@QAEHXZ 10010940 f i CalcTime.obj
 0001:0000f970       ?SetnOutGlo_S@CDrPatch@@QAEXH@Z 10010970 f i CalcTime.obj
 0001:0000f9a0       ?IsGenBCurve@CDrPatch@@QAEHXZ 100109a0 f i CalcTime.obj
 0001:0000f9d0       ?SetGenBCurve@CDrPatch@@QAEXH@Z 100109d0 f i CalcTime.obj
 0001:0000fa00       ?IsEndCondMode@CSheet_PATI@@QAEHXZ 10010a00 f i CalcTime.obj
 0001:0000fa30       ?SetEndCondMode@CSheet_PATI@@QAEXH@Z 10010a30 f i CalcTime.obj
 0001:0000fa60       ?Parse_drPipe@CDrFE1D@@UAEXPAVCString@@@Z 10010a60 f i CalcTime.obj
 0001:0000fa80       ?DoFormattedCardView@CDrFE1D@@UAEXPAVCString@@AAV2@@Z 10010a80 f i CalcTime.obj
 0001:0000faa0       ?DoUnFormattedCardView@CDrFE1D@@UAEXPAVCString@@@Z 10010aa0 f i CalcTime.obj
 0001:0000fac0       ?GetMaxCorners@CDrFE1D@@UAEHXZ 10010ac0 f i CalcTime.obj
 0001:0000fae0       ?GetMemIn@CDrFE1D@@UAEPAUWORLD@@XZ 10010ae0 f i CalcTime.obj
 0001:0000fb10       ?GetMemInWts@CDrFE1D@@UAEPANXZ 10010b10 f i CalcTime.obj
 0001:0000fb40       ?GetMemInDP@CDrFE1D@@UAEPAUtagPOINT@@XZ 10010b40 f i CalcTime.obj
 0001:0000fb70       ?GetMemOut@CDrFE1D@@UAEPAUWORLD@@XZ 10010b70 f i CalcTime.obj
 0001:0000fba0       ?GetMemOutWts@CDrFE1D@@UAEPANXZ 10010ba0 f i CalcTime.obj
 0001:0000fbd0       ?GetMemOutDP@CDrFE1D@@UAEPAUtagPOINT@@XZ 10010bd0 f i CalcTime.obj
 0001:0000fc00       ?SetMemIn@CDrFE1D@@UAEXPAUWORLD@@@Z 10010c00 f i CalcTime.obj
 0001:0000fc30       ?SetMemInWts@CDrFE1D@@UAEXPAN@Z 10010c30 f i CalcTime.obj
 0001:0000fc60       ?SetMemInDP@CDrFE1D@@UAEXPAUtagPOINT@@@Z 10010c60 f i CalcTime.obj
 0001:0000fc90       ?SetMemOut@CDrFE1D@@UAEXPAUWORLD@@@Z 10010c90 f i CalcTime.obj
 0001:0000fcc0       ?SetMemOutWts@CDrFE1D@@UAEXPAN@Z 10010cc0 f i CalcTime.obj
 0001:0000fcf0       ?SetMemOutDP@CDrFE1D@@UAEXPAUtagPOINT@@@Z 10010cf0 f i CalcTime.obj
 0001:0000fd20       ?FixMemD@CDrFE1D@@UAEPANJ@Z 10010d20 f i CalcTime.obj
 0001:0000fd70       ?FreeMemD@CDrFE1D@@UAEXPAN@Z 10010d70 f i CalcTime.obj
 0001:0000fda0       ?FixMem@CDrFE1D@@UAEPAUWORLD@@J@Z 10010da0 f i CalcTime.obj
 0001:0000fdf0       ?FreeMem@CDrFE1D@@UAEXPAUWORLD@@@Z 10010df0 f i CalcTime.obj
 0001:0000fe20       ?FixMemDP@CDrFE1D@@UAEPAUtagPOINT@@J@Z 10010e20 f i CalcTime.obj
 0001:0000fe70       ?FreeMemDP@CDrFE1D@@UAEXPAUtagPOINT@@@Z 10010e70 f i CalcTime.obj
 0001:0000fea0       ?GetnNodes@CDrFE1D@@QAEFXZ 10010ea0 f i CalcTime.obj
 0001:0000fed0       ?SetnNodes@CDrFE1D@@QAEXF@Z 10010ed0 f i CalcTime.obj
 0001:0000ff00       ?GetEdgeDegree@CDrFE1D@@QAEFXZ 10010f00 f i CalcTime.obj
 0001:0000ff30       ?SetEdgeDegree@CDrFE1D@@QAEXF@Z 10010f30 f i CalcTime.obj
 0001:0000ff60       ?GetElNumID@CDrFE1D@@QAEAAVCString@@XZ 10010f60 f i CalcTime.obj
 0001:0000ff90       ?SetElNumID@CDrFE1D@@QAEXVCString@@@Z 10010f90 f i CalcTime.obj
 0001:00010010       ?GetElTypeID@CDrFE1D@@QAEAAVCString@@XZ 10011010 f i CalcTime.obj
 0001:00010040       ?SetElTypeID@CDrFE1D@@QAEXVCString@@@Z 10011040 f i CalcTime.obj
 0001:000100c0       ?Getline_id@CDrFE1D@@QAEAAVCString@@XZ 100110c0 f i CalcTime.obj
 0001:000100f0       ?Setline_id@CDrFE1D@@QAEXVCString@@@Z 100110f0 f i CalcTime.obj
 0001:00010170       ?Getrid@CDrFE1D@@UAEAAVCString@@H@Z 10011170 f i CalcTime.obj
 0001:000101a0       ?Setrid@CDrFE1D@@UAEXVCString@@H@Z 100111a0 f i CalcTime.obj
 0001:00010220       ?Getpid@CDrFE1D@@QAEAAVCString@@XZ 10011220 f i CalcTime.obj
 0001:00010250       ?Setpid@CDrFE1D@@QAEXVCString@@@Z 10011250 f i CalcTime.obj
 0001:000102d0       ?Getmid@CDrFE1D@@QAEAAVCString@@XZ 100112d0 f i CalcTime.obj
 0001:00010300       ?Setmid@CDrFE1D@@QAEXVCString@@@Z 10011300 f i CalcTime.obj
 0001:00010380       ?GetElNum@CDrFE1D@@QAEIXZ  10011380 f i CalcTime.obj
 0001:000103b0       ?SetElNum@CDrFE1D@@QAEXI@Z 100113b0 f i CalcTime.obj
 0001:000103e0       ?GetElTypeNum@CDrFE1D@@QAEIXZ 100113e0 f i CalcTime.obj
 0001:00010410       ?SetElTypeNum@CDrFE1D@@QAEXI@Z 10011410 f i CalcTime.obj
 0001:00010440       ?Getline_no@CDrFE1D@@QAEIXZ 10011440 f i CalcTime.obj
 0001:00010470       ?Setline_no@CDrFE1D@@QAEXI@Z 10011470 f i CalcTime.obj
 0001:000104a0       ?Getrel@CDrFE1D@@UAEIH@Z   100114a0 f i CalcTime.obj
 0001:000104d0       ?Setrel@CDrFE1D@@UAEXIH@Z  100114d0 f i CalcTime.obj
 0001:00010500       ?Getprop@CDrFE1D@@QAEIXZ   10011500 f i CalcTime.obj
 0001:00010530       ?Setprop@CDrFE1D@@QAEXI@Z  10011530 f i CalcTime.obj
 0001:00010560       ?Getmat@CDrFE1D@@QAEIXZ    10011560 f i CalcTime.obj
 0001:00010590       ?Setmat@CDrFE1D@@QAEXI@Z   10011590 f i CalcTime.obj
 0001:000105c0       ?Getnumseg@CDrFE1D@@QAEIXZ 100115c0 f i CalcTime.obj
 0001:000105f0       ?Setnumseg@CDrFE1D@@QAEXI@Z 100115f0 f i CalcTime.obj
 0001:00010620       ?GetRefTemp@CDrFE1D@@QAENXZ 10011620 f i CalcTime.obj
 0001:00010650       ?SetRefTemp@CDrFE1D@@QAEXN@Z 10011650 f i CalcTime.obj
 0001:00010690       ?GetCardNo@CDrFE1D@@QAEIXZ 10011690 f i CalcTime.obj
 0001:000106c0       ?SetCardNo@CDrFE1D@@QAEXI@Z 100116c0 f i CalcTime.obj
 0001:000106f0       ?GetCenter@CDrFE1D@@UAE?AUtagPOINT@@XZ 100116f0 f i CalcTime.obj
 0001:00010730       ?SetCenter@CDrFE1D@@UAEXUtagPOINT@@@Z 10011730 f i CalcTime.obj
 0001:00010770       ?Parse_drPipe@CDrFE2D@@UAEXPAVCString@@@Z 10011770 f i CalcTime.obj
 0001:00010790       ?DoFormattedCardView@CDrFE2D@@UAEXPAVCString@@AAV2@@Z 10011790 f i CalcTime.obj
 0001:000107b0       ?DoUnFormattedCardView@CDrFE2D@@UAEXPAVCString@@@Z 100117b0 f i CalcTime.obj
 0001:000107d0       ?GetMaxCorners@CDrFE2D@@UAEHXZ 100117d0 f i CalcTime.obj
 0001:00010800       ?GetCentroidScreen2D@CDrFE2D@@UAEPAUtagPOINT@@XZ 10011800 f i CalcTime.obj
 0001:00010830       ?SetCentroidScreen2D@CDrFE2D@@UAEXUtagPOINT@@@Z 10011830 f i CalcTime.obj
 0001:00010870       ?GetCentroidScreen3D@CDrFE2D@@UAEPAUWORLD@@XZ 10011870 f i CalcTime.obj
 0001:000108a0       ?SetCentroidScreen3D@CDrFE2D@@UAEXUWORLD@@@Z 100118a0 f i CalcTime.obj
 0001:000108e0       ?GetCentroidEye@CDrFE2D@@UAEPAUWORLD@@XZ 100118e0 f i CalcTime.obj
 0001:00010910       ?SetCentroidEye@CDrFE2D@@UAEXUWORLD@@@Z 10011910 f i CalcTime.obj
 0001:00010950       ?GetCentroidWorld@CDrFE2D@@UAEPAUWORLD@@XZ 10011950 f i CalcTime.obj
 0001:00010980       ?SetCentroidWorld@CDrFE2D@@UAEXUWORLD@@@Z 10011980 f i CalcTime.obj
 0001:000109c0       ?GetCentroidZdepth@CDrFE2D@@UAENXZ 100119c0 f i CalcTime.obj
 0001:000109f0       ?SetCentroidZdepth@CDrFE2D@@UAEXN@Z 100119f0 f i CalcTime.obj
 0001:00010a30       ?GetNormalWorld@CDrFE2D@@UAEPAUWORLD@@XZ 10011a30 f i CalcTime.obj
 0001:00010a60       ?SetNormalWorld@CDrFE2D@@UAEXUWORLD@@@Z 10011a60 f i CalcTime.obj
 0001:00010aa0       ?GetNormalEye@CDrFE2D@@UAEPAUWORLD@@XZ 10011aa0 f i CalcTime.obj
 0001:00010ad0       ?SetNormalEye@CDrFE2D@@UAEXUWORLD@@@Z 10011ad0 f i CalcTime.obj
 0001:00010b10       ?GetNormalScreen3D@CDrFE2D@@UAEPAUWORLD@@XZ 10011b10 f i CalcTime.obj
 0001:00010b40       ?SetNormalScreen3D@CDrFE2D@@UAEXUWORLD@@@Z 10011b40 f i CalcTime.obj
 0001:00010b80       ?GetNormalScreen2D@CDrFE2D@@UAEPAUtagPOINT@@XZ 10011b80 f i CalcTime.obj
 0001:00010bb0       ?SetNormalScreen2D@CDrFE2D@@UAEXUtagPOINT@@@Z 10011bb0 f i CalcTime.obj
 0001:00010bf0       ?IsCulled@CDrFE2D@@UAEHXZ  10011bf0 f i CalcTime.obj
 0001:00010c20       ?SetCulled@CDrFE2D@@UAEXH@Z 10011c20 f i CalcTime.obj
 0001:00010c50       ?GetnNodes@CDrFE2D@@QAEFXZ 10011c50 f i CalcTime.obj
 0001:00010c80       ?SetnNodes@CDrFE2D@@QAEXF@Z 10011c80 f i CalcTime.obj
 0001:00010cb0       ?GetnEdgeNodes@CDrFE2D@@QAEFXZ 10011cb0 f i CalcTime.obj
 0001:00010ce0       ?SetnEdgeNodes@CDrFE2D@@QAEXF@Z 10011ce0 f i CalcTime.obj
 0001:00010d10       ?GetElNumID@CDrFE2D@@QAEAAVCString@@XZ 10011d10 f i CalcTime.obj
 0001:00010d40       ?SetElNumID@CDrFE2D@@QAEXVCString@@@Z 10011d40 f i CalcTime.obj
 0001:00010dc0       ?GetElTypeID@CDrFE2D@@QAEAAVCString@@XZ 10011dc0 f i CalcTime.obj
 0001:00010df0       ?SetElTypeID@CDrFE2D@@QAEXVCString@@@Z 10011df0 f i CalcTime.obj
 0001:00010e70       ?Getline_id@CDrFE2D@@QAEAAVCString@@XZ 10011e70 f i CalcTime.obj
 0001:00010ea0       ?Setline_id@CDrFE2D@@QAEXVCString@@@Z 10011ea0 f i CalcTime.obj
 0001:00010f20       ?Getpid@CDrFE2D@@QAEAAVCString@@XZ 10011f20 f i CalcTime.obj
 0001:00010f50       ?Setpid@CDrFE2D@@QAEXVCString@@@Z 10011f50 f i CalcTime.obj
 0001:00010fd0       ?Getmid@CDrFE2D@@QAEAAVCString@@XZ 10011fd0 f i CalcTime.obj
 0001:00011000       ?Setmid@CDrFE2D@@QAEXVCString@@@Z 10012000 f i CalcTime.obj
 0001:00011080       ?GetElNum@CDrFE2D@@QAEIXZ  10012080 f i CalcTime.obj
 0001:000110b0       ?SetElNum@CDrFE2D@@QAEXI@Z 100120b0 f i CalcTime.obj
 0001:000110e0       ?GetElTypeNum@CDrFE2D@@QAEIXZ 100120e0 f i CalcTime.obj
 0001:00011110       ?SetElTypeNum@CDrFE2D@@QAEXI@Z 10012110 f i CalcTime.obj
 0001:00011140       ?Getline_no@CDrFE2D@@QAEIXZ 10012140 f i CalcTime.obj
 0001:00011170       ?Setline_no@CDrFE2D@@QAEXI@Z 10012170 f i CalcTime.obj
 0001:000111a0       ?Getprop@CDrFE2D@@QAEIXZ   100121a0 f i CalcTime.obj
 0001:000111d0       ?Setprop@CDrFE2D@@QAEXI@Z  100121d0 f i CalcTime.obj
 0001:00011200       ?Getmat@CDrFE2D@@QAEIXZ    10012200 f i CalcTime.obj
 0001:00011230       ?Setmat@CDrFE2D@@QAEXI@Z   10012230 f i CalcTime.obj
 0001:00011260       ?Getnumseg@CDrFE2D@@QAEIXZ 10012260 f i CalcTime.obj
 0001:00011290       ?Setnumseg@CDrFE2D@@QAEXI@Z 10012290 f i CalcTime.obj
 0001:000112c0       ?GetRefTemp@CDrFE2D@@QAENXZ 100122c0 f i CalcTime.obj
 0001:000112f0       ?SetRefTemp@CDrFE2D@@QAEXN@Z 100122f0 f i CalcTime.obj
 0001:00011330       ?GetCardNo@CDrFE2D@@QAEIXZ 10012330 f i CalcTime.obj
 0001:00011360       ?SetCardNo@CDrFE2D@@QAEXI@Z 10012360 f i CalcTime.obj
 0001:00011390       ?GetCenter@CDrFE2D@@UAE?AUtagPOINT@@XZ 10012390 f i CalcTime.obj
 0001:000113d0       ?SetCenter@CDrFE2D@@UAEXUtagPOINT@@@Z 100123d0 f i CalcTime.obj
 0001:00011410       ?IsPosiEdge@CDrFE2D@@QAEHH@Z 10012410 f i CalcTime.obj
 0001:00011440       ?SetPosiEdge@CDrFE2D@@QAEXHH@Z 10012440 f i CalcTime.obj
 0001:00011470       ?Getrid@CDrFE2D@@UAEAAVCString@@H@Z 10012470 f i CalcTime.obj
 0001:000114a0       ?Setrid@CDrFE2D@@UAEXVCString@@H@Z 100124a0 f i CalcTime.obj
 0001:00011520       ?Getrel@CDrFE2D@@UAEIH@Z   10012520 f i CalcTime.obj
 0001:00011550       ?Setrel@CDrFE2D@@UAEXIH@Z  10012550 f i CalcTime.obj
 0001:00011580       ?GetnCorners@CDrFE2D@@UAEFXZ 10012580 f i CalcTime.obj
 0001:000115b0       ?SetnCorners@CDrFE2D@@UAEXF@Z 100125b0 f i CalcTime.obj
 0001:000115e0       ?GetnEdges@CDrFE2D@@UAEFXZ 100125e0 f i CalcTime.obj
 0001:00011610       ?SetnEdges@CDrFE2D@@UAEXF@Z 10012610 f i CalcTime.obj
 0001:00011640       ?GetElDegree@CDrFE2D@@UAE?AW4ELEM_DEGREE@@XZ 10012640 f i CalcTime.obj
 0001:00011670       ?SetElDegree@CDrFE2D@@UAEXW4ELEM_DEGREE@@@Z 10012670 f i CalcTime.obj
 0001:000116a0       ?GetEdgeDegrees@CDrFE2D@@UAEFH@Z 100126a0 f i CalcTime.obj
 0001:000116d0       ?SetEdgeDegrees@CDrFE2D@@UAEXFH@Z 100126d0 f i CalcTime.obj
 0001:00011700       ?GetThkness@CDrFE2D@@UAENXZ 10012700 f i CalcTime.obj
 0001:00011730       ?SetThkness@CDrFE2D@@UAEXN@Z 10012730 f i CalcTime.obj
 0001:00011770       ?IsNormalNeeded@CDrSolid@@UAEHXZ 10012770 f i CalcTime.obj
 0001:000117a0       ?SetNormalNeed@CDrSolid@@UAEXH@Z 100127a0 f i CalcTime.obj
 0001:000117d0       ?GetCurveType_R@CDrSolid@@QAE?AW4CURVEPROC@@XZ 100127d0 f i CalcTime.obj
 0001:00011800       ?SetCurveType_R@CDrSolid@@QAEXW4CURVEPROC@@@Z 10012800 f i CalcTime.obj
 0001:00011830       ?GetOutSegUnif_R@CDrSolid@@QAEHXZ 10012830 f i CalcTime.obj
 0001:00011860       ?SetOutSegUnif_R@CDrSolid@@QAEXH@Z 10012860 f i CalcTime.obj
 0001:00011890       ?IsClosed_R@CDrSolid@@QAEHXZ 10012890 f i CalcTime.obj
 0001:000118c0       ?SetClosed_R@CDrSolid@@QAEXH@Z 100128c0 f i CalcTime.obj
 0001:000118f0       ?GetSolidObjectType@CDrSolid@@QAEHXZ 100128f0 f i CalcTime.obj
 0001:00011920       ?SetSolidObjectType@CDrSolid@@QAEXH@Z 10012920 f i CalcTime.obj
 0001:00011950       ?GetMaxBezSegments_R@CDrSolid@@QAEHXZ 10012950 f i CalcTime.obj
 0001:00011980       ?SetMaxBezSegments_R@CDrSolid@@QAEXH@Z 10012980 f i CalcTime.obj
 0001:000119b0       ?GetMaxCNodes_R@CDrSolid@@QAEHXZ 100129b0 f i CalcTime.obj
 0001:000119e0       ?SetMaxCNodes_R@CDrSolid@@QAEXH@Z 100129e0 f i CalcTime.obj
 0001:00011a10       ?GetMaxOutPts_R@CDrSolid@@QAEHXZ 10012a10 f i CalcTime.obj
 0001:00011a40       ?SetMaxOutPts_R@CDrSolid@@QAEXH@Z 10012a40 f i CalcTime.obj
 0001:00011a70       ?GetPatchID@CDrSolid@@QAE?AVCString@@H@Z 10012a70 f i CalcTime.obj
 0001:00011ac0       ?SetPatchID@CDrSolid@@QAEXVCString@@H@Z 10012ac0 f i CalcTime.obj
 0001:00011b40       ?GetFromIDNode_R@CDrSolid@@QAEPAVCDrNode@@XZ 10012b40 f i CalcTime.obj
 0001:00011b70       ?SetFromIDNode_R@CDrSolid@@QAEXPAVCDrNode@@@Z 10012b70 f i CalcTime.obj
 0001:00011ba0       ?GetToIDNode_R@CDrSolid@@QAEPAVCDrNode@@XZ 10012ba0 f i CalcTime.obj
 0001:00011bd0       ?SetToIDNode_R@CDrSolid@@QAEXPAVCDrNode@@@Z 10012bd0 f i CalcTime.obj
 0001:00011c00       ?GetFromPtLocal_R@CDrSolid@@QAEPAUWORLD@@XZ 10012c00 f i CalcTime.obj
 0001:00011c30       ?SetFromPtLocal_R@CDrSolid@@QAEXUWORLD@@@Z 10012c30 f i CalcTime.obj
 0001:00011c70       ?GetToPtLocal_R@CDrSolid@@QAEPAUWORLD@@XZ 10012c70 f i CalcTime.obj
 0001:00011ca0       ?SetToPtLocal_R@CDrSolid@@QAEXUWORLD@@@Z 10012ca0 f i CalcTime.obj
 0001:00011ce0       ?GetFromPtWorld_R@CDrSolid@@QAEPAUWORLD@@XZ 10012ce0 f i CalcTime.obj
 0001:00011d10       ?SetFromPtWorld_R@CDrSolid@@QAEXUWORLD@@@Z 10012d10 f i CalcTime.obj
 0001:00011d50       ?GetToPtWorld_R@CDrSolid@@QAEPAUWORLD@@XZ 10012d50 f i CalcTime.obj
 0001:00011d80       ?SetToPtWorld_R@CDrSolid@@QAEXUWORLD@@@Z 10012d80 f i CalcTime.obj
 0001:00011dc0       ?GetFromPtEye_R@CDrSolid@@QAEPAUWORLD@@XZ 10012dc0 f i CalcTime.obj
 0001:00011df0       ?SetFromPtEye_R@CDrSolid@@QAEXUWORLD@@@Z 10012df0 f i CalcTime.obj
 0001:00011e30       ?GetToPtEye_R@CDrSolid@@QAEPAUWORLD@@XZ 10012e30 f i CalcTime.obj
 0001:00011e60       ?SetToPtEye_R@CDrSolid@@QAEXUWORLD@@@Z 10012e60 f i CalcTime.obj
 0001:00011ea0       ?GetAxis_R@CDrSolid@@QAEPAUWORLD@@XZ 10012ea0 f i CalcTime.obj
 0001:00011ed0       ?SetAxis_R@CDrSolid@@QAEXUWORLD@@@Z 10012ed0 f i CalcTime.obj
 0001:00011f10       ?GetExtruType_R@CDrSolid@@QAEHXZ 10012f10 f i CalcTime.obj
 0001:00011f40       ?SetExtruType_R@CDrSolid@@QAEXH@Z 10012f40 f i CalcTime.obj
 0001:00011f70       ?GetLength_R@CDrSolid@@QAENXZ 10012f70 f i CalcTime.obj
 0001:00011fa0       ?SetLength_R@CDrSolid@@QAEXN@Z 10012fa0 f i CalcTime.obj
 0001:00011fe0       ?GetWorldLength_R@CDrSolid@@QAE?AUWORLD@@XZ 10012fe0 f i CalcTime.obj
 0001:00012020       ?SetWorldLength_R@CDrSolid@@QAEXUWORLD@@@Z 10013020 f i CalcTime.obj
 0001:00012060       ?GetSegs_R@CDrSolid@@QAEHXZ 10013060 f i CalcTime.obj
 0001:00012090       ?SetSegs_R@CDrSolid@@QAEXH@Z 10013090 f i CalcTime.obj
 0001:000120c0       ?GetSolidProc@CDrSolid@@QAE?AW4SOLIDPROC@@XZ 100130c0 f i CalcTime.obj
 0001:000120f0       ?SetSolidProc@CDrSolid@@QAEXW4SOLIDPROC@@@Z 100130f0 f i CalcTime.obj
 0001:00012120       ?GetSolidType@CDrSolid@@QAE?AW4SOLIDTYPE@@XZ 10013120 f i CalcTime.obj
 0001:00012150       ?SetSolidType@CDrSolid@@QAEXW4SOLIDTYPE@@@Z 10013150 f i CalcTime.obj
 0001:00012180       ?GetSolSubType@CDrSolid@@QAE?AW4SOLSUBTYPE@@XZ 10013180 f i CalcTime.obj
 0001:000121b0       ?SetSolSubType@CDrSolid@@QAEXW4SOLSUBTYPE@@@Z 100131b0 f i CalcTime.obj
 0001:000121e0       ?GetOut_R@CDrSolid@@QAEHXZ 100131e0 f i CalcTime.obj
 0001:00012210       ?SetOut_R@CDrSolid@@QAEXH@Z 10013210 f i CalcTime.obj
 0001:00012240       ?IsUniform_R@CDrSolid@@QAEHXZ 10013240 f i CalcTime.obj
 0001:00012270       ?SetUniform_R@CDrSolid@@QAEXH@Z 10013270 f i CalcTime.obj
 0001:000122a0       ?GetOrder_R@CDrSolid@@QAEHXZ 100132a0 f i CalcTime.obj
 0001:000122d0       ?SetOrder_R@CDrSolid@@QAEXH@Z 100132d0 f i CalcTime.obj
 0001:00012300       ?GetnDim_R@CDrSolid@@QAEHXZ 10013300 f i CalcTime.obj
 0001:00012330       ?SetnDim_R@CDrSolid@@QAEXH@Z 10013330 f i CalcTime.obj
[...]
 0004:00001754       __imp_?ShowNodeStaticLoad@CSLDNod@@QAEHPAVCDrNode@@PAVCString@@@Z 1017c754     MStL_D32:MStL_D32.dll
 0004:00001758       __imp_?ShowCurveStaticLoad@CSLDCur@@QAEHPAVCDrCurve@@PAVCString@@@Z 1017c758     MStL_D32:MStL_D32.dll
 0004:0000175c       __imp_?ShowInfo_PatchStaticLoad@CSLDPat@@QAEHPAVCDrPatch@@PADHAAVCString@@@Z 1017c75c     MStL_D32:MStL_D32.dll
 0004:00001760       __imp_?ShowInfo_NodeStaticLoad@CSLDNod@@QAEHPAVCDrNode@@PADHAAVCString@@@Z 1017c760     MStL_D32:MStL_D32.dll
 0004:00001764       __imp_?ShowInfo_CurveStaticLoad@CSLDCur@@QAEHPAVCDrCurve@@PADHAAVCString@@@Z 1017c764     MStL_D32:MStL_D32.dll
 0004:00001768       __imp_?Create@CDlg_StLI@@QAEHXZ 1017c768     MStL_D32:MStL_D32.dll
 0004:0000176c       __imp_?Get_Values_Iso_Pat@CSLDPat@@QAEHPAVCDrPatch@@W4STALPROC@@AAVCString@@@Z 1017c76c     MStL_D32:MStL_D32.dll
 0004:00001770       __imp_?Generate_IsoPatchControls@CSLDPat@@QAEHPAVCDrPatch@@PAVCString@@H@Z 1017c770     MStL_D32:MStL_D32.dll
 0004:00001774       __imp_?Get_Values_Iso_Cur@CSLDCur@@QAEHPAVCDrCurve@@W4STALPROC@@HH@Z 1017c774     MStL_D32:MStL_D32.dll
 0004:00001778       __imp_?Generate_IsoCurveControls@CSLDCur@@QAEHPAVCDrCurve@@HPAVCString@@H@Z 1017c778     MStL_D32:MStL_D32.dll
 0004:0000177c       __imp_?Get_Values_NonIso_Cur@CSLDCur@@QAEHW4STALPROC@@@Z 1017c77c     MStL_D32:MStL_D32.dll
 0004:00001780       __imp_?Get_Values_Uniform@CDlg_StLI@@QAEXXZ 1017c780     MStL_D32:MStL_D32.dll
 0004:00001784       \177MStL_D32_NULL_THUNK_DATA 1017c784     MStL_D32:MStL_D32.dll
 0004:000017bc       __imp_?CreatePatchBased_4@CMI_LSupp@@QAEHPAVCDrPatch@@PAV?$CList@Usupportcard@@U1@@@@Z 1017c7bc     MSup_D32:MSup_D32.dll
 0004:000017c0       __imp_?Create@CDlg_SupI@@QAEHXZ 1017c7c0     MSup_D32:MSup_D32.dll
 0004:000017c4       __imp_??0CDlg_SupI@@QAE@PAVCWnd@@@Z 1017c7c4     MSup_D32:MSup_D32.dll
 0004:000017c8       __imp_??1CMI_LSupp@@UAE@XZ 1017c7c8     MSup_D32:MSup_D32.dll
 0004:000017cc       __imp_?CreateNodeBased@CMI_LSupp@@QAEHPAVCDrNode@@PAV?$CList@Usupportcard@@U1@@@@Z 1017c7cc     MSup_D32:MSup_D32.dll
 0004:000017d0       __imp_??0CMI_LSupp@@QAE@XZ 1017c7d0     MSup_D32:MSup_D32.dll
 0004:000017d4       __imp_?CreateCurveBased@CMI_LSupp@@QAEHPAVCDrCurve@@PAV?$CList@Usupportcard@@U1@@@@Z 1017c7d4     MSup_D32:MSup_D32.dll
 0004:000017d8       __imp_?CreatePatchBased_3@CMI_LSupp@@QAEHPAVCDrPatch@@PAV?$CList@Usupportcard@@U1@@@@Z 1017c7d8     MSup_D32:MSup_D32.dll
 0004:000017dc       \177MSup_D32_NULL_THUNK_DATA 1017c7dc     MSup_D32:MSup_D32.dll
 0004:0000180c       __imp_?GetRuntimeClass@CTriangle@@UBEPAUCRuntimeClass@@XZ 1017c80c     OGen_D32:OGEN_D32.dll
 0004:00001810       __imp_??0CDrCurve@@QAE@XZ  1017c810     OGen_D32:OGEN_D32.dll
 0004:00001814       \177OGEN_D32_NULL_THUNK_DATA 1017c814     OGen_D32:OGEN_D32.dll
 0004:00001840       __imp_?GetNodeList_OtherContext@CObjectMgr@@QAEPAVCDListMgr@@HH@Z 1017c840     OMgr_D32:OMgr_D32.dll
 0004:00001844       __imp_?SetNodeInfoID@CObjectMgr@@QAEHAAVCString@@HI@Z 1017c844     OMgr_D32:OMgr_D32.dll
 0004:00001848       __imp_?SetNodeInfoID@CObjectMgr@@QAEHAAVCString@@HH@Z 1017c848     OMgr_D32:OMgr_D32.dll
 0004:0000184c       __imp_?UpdateAllViewsWithActiveIndex@CObjectMgr@@QAEXPAVCView@@IH@Z 1017c84c     OMgr_D32:OMgr_D32.dll
 0004:00001850       __imp_?GetObjectIndexfromKey@CObjectMgr@@QAEHHVCString@@I@Z 1017c850     OMgr_D32:OMgr_D32.dll
 0004:00001854       __imp_?SetObjInfoID@CObjectMgr@@QAEHAAVCString@@I@Z 1017c854     OMgr_D32:OMgr_D32.dll
 0004:00001858       __imp_?ShowObject_On_Off@CObjectMgr@@QAEHPAVCDrObject@@IH@Z 1017c858     OMgr_D32:OMgr_D32.dll
 0004:0000185c       __imp_?GetSpecObject@CObjectMgr@@QAEPAVCDrObject@@H@Z 1017c85c     OMgr_D32:OMgr_D32.dll
 0004:00001860       \177OMgr_D32_NULL_THUNK_DATA 1017c860     OMgr_D32:OMgr_D32.dll
 0004:00001890       __imp_?GetSpecificObjectCount@CDListMgr@@QAEHH@Z 1017c890     Spec_d32:Spec_D32.dll
 0004:00001894       __imp_?GetFirstObjectPos@CDListMgr@@QAEPAU__POSITION@@XZ 1017c894     Spec_d32:Spec_D32.dll
 0004:00001898       __imp_?GetNextObject@CDListMgr@@QAEPAVCObject@@AAPAU__POSITION@@@Z 1017c898     Spec_d32:Spec_D32.dll
 0004:0000189c       __imp_?GetObjectA@CDListMgr@@QAEPAVCObject@@H@Z 1017c89c     Spec_d32:Spec_D32.dll
 0004:000018a0       __imp_?GetObjectIndex@CDListMgr@@QAEHPAVCObject@@@Z 1017c8a0     Spec_d32:Spec_D32.dll
 0004:000018a4       __imp_?InsertObject@CDListMgr@@QAEHPAVCObject@@@Z 1017c8a4     Spec_d32:Spec_D32.dll
 0004:000018a8       __imp_?GetObjectIndex@CDListMgr@@QAEHIVCString@@@Z 1017c8a8     Spec_d32:Spec_D32.dll
 0004:000018ac       __imp_??0CDListMgr@@QAE@XZ 1017c8ac     Spec_d32:Spec_D32.dll
 0004:000018b0       __imp_??1CDListMgr@@UAE@XZ 1017c8b0     Spec_d32:Spec_D32.dll
 0004:000018b4       __imp_?GetRuntimeClass@CUnit@@UBEPAUCRuntimeClass@@XZ 1017c8b4     Spec_d32:Spec_D32.dll
 0004:000018b8       __imp_?Serialize@CUnit@@UAEXAAVCArchive@@@Z 1017c8b8     Spec_d32:Spec_D32.dll
 0004:000018bc       __imp_?DoDataView@CUnit@@UAEXPAVCDC@@H@Z 1017c8bc     Spec_d32:Spec_D32.dll
 0004:000018c0       __imp_?Pack_drPipe@CUnit@@UAEXPAVCString@@@Z 1017c8c0     Spec_d32:Spec_D32.dll
 0004:000018c4       __imp_?GetObjectInfo@CUnit@@UAEXPAVCDrObject@@@Z 1017c8c4     Spec_d32:Spec_D32.dll
 0004:000018c8       __imp_?SetObjectInfo@CUnit@@UAEXPAVCDrObject@@@Z 1017c8c8     Spec_d32:Spec_D32.dll
 0004:000018cc       __imp_?ReadDefaultUnit@CUnit@@UAEXXZ 1017c8cc     Spec_d32:Spec_D32.dll
 0004:000018d0       __imp_?InitUnit@CUnit@@UAEXXZ 1017c8d0     Spec_d32:Spec_D32.dll
 0004:000018d4       __imp_?GetRuntimeClass@CScaleFactor@@UBEPAUCRuntimeClass@@XZ 1017c8d4     Spec_d32:Spec_D32.dll
 0004:000018d8       __imp_?Serialize@CScaleFactor@@UAEXAAVCArchive@@@Z 1017c8d8     Spec_d32:Spec_D32.dll
 0004:000018dc       __imp_?DoDataView@CScaleFactor@@UAEXPAVCDC@@H@Z 1017c8dc     Spec_d32:Spec_D32.dll
 0004:000018e0       __imp_?Pack_drPipe@CScaleFactor@@UAEXPAVCString@@@Z 1017c8e0     Spec_d32:Spec_D32.dll
 0004:000018e4       __imp_?GetObjectInfo@CScaleFactor@@UAEXPAVCDrObject@@@Z 1017c8e4     Spec_d32:Spec_D32.dll
 0004:000018e8       __imp_?SetObjectInfo@CScaleFactor@@UAEXPAVCDrObject@@@Z 1017c8e8     Spec_d32:Spec_D32.dll
 0004:000018ec       __imp_?ReadDefaultScaleFactor@CScaleFactor@@UAEXXZ 1017c8ec     Spec_d32:Spec_D32.dll
 0004:000018f0       __imp_?InitScaleFactor@CScaleFactor@@UAEXXZ 1017c8f0     Spec_d32:Spec_D32.dll
 0004:000018f4       __imp_?GetRuntimeClass@CPrecision@@UBEPAUCRuntimeClass@@XZ 1017c8f4     Spec_d32:Spec_D32.dll
 0004:000018f8       __imp_?Serialize@CPrecision@@UAEXAAVCArchive@@@Z 1017c8f8     Spec_d32:Spec_D32.dll
 0004:000018fc       __imp_?DoDataView@CPrecision@@UAEXPAVCDC@@H@Z 1017c8fc     Spec_d32:Spec_D32.dll
 0004:00001900       __imp_?Pack_drPipe@CPrecision@@UAEXPAVCString@@@Z 1017c900     Spec_d32:Spec_D32.dll
 0004:00001904       __imp_?GetObjectInfo@CPrecision@@UAEXPAVCDrObject@@@Z 1017c904     Spec_d32:Spec_D32.dll
 0004:00001908       __imp_?SetObjectInfo@CPrecision@@UAEXPAVCDrObject@@@Z 1017c908     Spec_d32:Spec_D32.dll
 0004:0000190c       __imp_?ReadDefaultPrecision@CPrecision@@UAEXXZ 1017c90c     Spec_d32:Spec_D32.dll
 0004:00001910       __imp_?InitPrecision@CPrecision@@UAEXXZ 1017c910     Spec_d32:Spec_D32.dll
 0004:00001914       __imp_?GetRuntimeClass@CMapFactor@@UBEPAUCRuntimeClass@@XZ 1017c914     Spec_d32:Spec_D32.dll
 0004:00001918       __imp_?Serialize@CMapFactor@@UAEXAAVCArchive@@@Z 1017c918     Spec_d32:Spec_D32.dll
 0004:0000191c       __imp_?DoDataView@CMapFactor@@UAEXPAVCDC@@H@Z 1017c91c     Spec_d32:Spec_D32.dll
 0004:00001920       __imp_?Pack_drPipe@CMapFactor@@UAEXPAVCString@@@Z 1017c920     Spec_d32:Spec_D32.dll
 0004:00001924       __imp_?GetObjectInfo@CMapFactor@@UAEXPAVCDrObject@@@Z 1017c924     Spec_d32:Spec_D32.dll
 0004:00001928       __imp_?SetObjectInfo@CMapFactor@@UAEXPAVCDrObject@@@Z 1017c928     Spec_d32:Spec_D32.dll
 0004:0000192c       __imp_?ReadDefaultMapFactor@CMapFactor@@UAEXXZ 1017c92c     Spec_d32:Spec_D32.dll
 0004:00001930       __imp_?InitMapFactor@CMapFactor@@UAEXXZ 1017c930     Spec_d32:Spec_D32.dll
 0004:00001934       __imp_?GetRuntimeClass@CObj3DMnu@@UBEPAUCRuntimeClass@@XZ 1017c934     Spec_d32:Spec_D32.dll
 0004:00001938       __imp_?Serialize@CObj3DMnu@@UAEXAAVCArchive@@@Z 1017c938     Spec_d32:Spec_D32.dll
 0004:0000193c       __imp_?DoDataView@CObj3DMnu@@UAEXPAVCDC@@H@Z 1017c93c     Spec_d32:Spec_D32.dll
 0004:00001940       __imp_?Pack_drPipe@CObj3DMnu@@UAEXPAVCString@@@Z 1017c940     Spec_d32:Spec_D32.dll
 0004:00001944       __imp_?GetObjectInfo@CObj3DMnu@@UAEXPAVCDrObject@@@Z 1017c944     Spec_d32:Spec_D32.dll
 0004:00001948       __imp_?SetObjectInfo@CObj3DMnu@@UAEXPAVCDrObject@@@Z 1017c948     Spec_d32:Spec_D32.dll
 0004:0000194c       __imp_?GetObj3DMnuInfo@CObj3DMnu@@UAE?AVCString@@I@Z 1017c94c     Spec_d32:Spec_D32.dll
 0004:00001950       __imp_?SetObj3DMnuInfo@CObj3DMnu@@UAEXII@Z 1017c950     Spec_d32:Spec_D32.dll
 0004:00001954       __imp_?GetObj3DMnuIDArray@CObj3DMnu@@UAEXQAVCString@@@Z 1017c954     Spec_d32:Spec_D32.dll
 0004:00001958       __imp_?SetObj3DMnuIDArray@CObj3DMnu@@UAEXQAVCString@@@Z 1017c958     Spec_d32:Spec_D32.dll
 0004:0000195c       __imp_?GetObj3DMnuArray@CObj3DMnu@@UAEXQAY01I@Z 1017c95c     Spec_d32:Spec_D32.dll
 0004:00001960       __imp_?SetObj3DMnuArray@CObj3DMnu@@UAEXQAY01I@Z 1017c960     Spec_d32:Spec_D32.dll
 0004:00001964       __imp_?GetObj3DMnuOldArray@CObj3DMnu@@UAEXQAY01I@Z 1017c964     Spec_d32:Spec_D32.dll
 0004:00001968       __imp_?SetObj3DMnuOldArray@CObj3DMnu@@UAEXQAY01I@Z 1017c968     Spec_d32:Spec_D32.dll
 0004:0000196c       __imp_?GetObj3DMnuDefaultArray@CObj3DMnu@@UAEXQAY01I@Z 1017c96c     Spec_d32:Spec_D32.dll
 0004:00001970       __imp_?SetObj3DMnuDefaultArray@CObj3DMnu@@UAEXQAY01I@Z 1017c970     Spec_d32:Spec_D32.dll
 0004:00001974       __imp_?ReadDefaultObj3DMnu@CObj3DMnu@@UAEXXZ 1017c974     Spec_d32:Spec_D32.dll
 0004:00001978       __imp_?InitObj3DMnu@CObj3DMnu@@UAEXXZ 1017c978     Spec_d32:Spec_D32.dll
 0004:0000197c       __imp_?GetRuntimeClass@CPatchMnu@@UBEPAUCRuntimeClass@@XZ 1017c97c     Spec_d32:Spec_D32.dll
 0004:00001980       __imp_?Serialize@CPatchMnu@@UAEXAAVCArchive@@@Z 1017c980     Spec_d32:Spec_D32.dll
 0004:00001984       __imp_?DoDataView@CPatchMnu@@UAEXPAVCDC@@H@Z 1017c984     Spec_d32:Spec_D32.dll
 0004:00001988       __imp_?Pack_drPipe@CPatchMnu@@UAEXPAVCString@@@Z 1017c988     Spec_d32:Spec_D32.dll
 0004:0000198c       __imp_?GetObjectInfo@CPatchMnu@@UAEXPAVCDrObject@@@Z 1017c98c     Spec_d32:Spec_D32.dll
 0004:00001990       __imp_?SetObjectInfo@CPatchMnu@@UAEXPAVCDrObject@@@Z 1017c990     Spec_d32:Spec_D32.dll
 0004:00001994       __imp_?GetPatchMnuInfo@CPatchMnu@@UAE?AVCString@@I@Z 1017c994     Spec_d32:Spec_D32.dll
 0004:00001998       __imp_?SetPatchMnuInfo@CPatchMnu@@UAEXII@Z 1017c998     Spec_d32:Spec_D32.dll
 0004:0000199c       __imp_?GetPatchMnuIDArray@CPatchMnu@@UAEXQAVCString@@@Z 1017c99c     Spec_d32:Spec_D32.dll
 0004:000019a0       __imp_?SetPatchMnuIDArray@CPatchMnu@@UAEXQAVCString@@@Z 1017c9a0     Spec_d32:Spec_D32.dll
 0004:000019a4       __imp_?GetPatchMnuArray@CPatchMnu@@UAEXQAY01I@Z 1017c9a4     Spec_d32:Spec_D32.dll
 0004:000019a8       __imp_?SetPatchMnuArray@CPatchMnu@@UAEXQAY01I@Z 1017c9a8     Spec_d32:Spec_D32.dll
 0004:000019ac       __imp_?GetPatchMnuOldArray@CPatchMnu@@UAEXQAY01I@Z 1017c9ac     Spec_d32:Spec_D32.dll
 0004:000019b0       __imp_?SetPatchMnuOldArray@CPatchMnu@@UAEXQAY01I@Z 1017c9b0     Spec_d32:Spec_D32.dll
 0004:000019b4       __imp_?GetPatchMnuDefaultArray@CPatchMnu@@UAEXQAY01I@Z 1017c9b4     Spec_d32:Spec_D32.dll
 0004:000019b8       __imp_?SetPatchMnuDefaultArray@CPatchMnu@@UAEXQAY01I@Z 1017c9b8     Spec_d32:Spec_D32.dll
 0004:000019bc       __imp_?ReadDefaultPatchMnu@CPatchMnu@@UAEXXZ 1017c9bc     Spec_d32:Spec_D32.dll
 0004:000019c0       __imp_?InitPatchMnu@CPatchMnu@@UAEXXZ 1017c9c0     Spec_d32:Spec_D32.dll
 0004:000019c4       __imp_?GetRuntimeClass@CLayer@@UBEPAUCRuntimeClass@@XZ 1017c9c4     Spec_d32:Spec_D32.dll
 0004:000019c8       __imp_?Serialize@CLayer@@UAEXAAVCArchive@@@Z 1017c9c8     Spec_d32:Spec_D32.dll
 0004:000019cc       __imp_?DoDataView@CLayer@@UAEXPAVCDC@@H@Z 1017c9cc     Spec_d32:Spec_D32.dll
 0004:000019d0       __imp_?Pack_drPipe@CLayer@@UAEXPAVCString@@@Z 1017c9d0     Spec_d32:Spec_D32.dll
 0004:000019d4       __imp_?GetObjectInfo@CLayer@@UAEXPAVCDrObject@@@Z 1017c9d4     Spec_d32:Spec_D32.dll
 0004:000019d8       __imp_?SetObjectInfo@CLayer@@UAEXPAVCDrObject@@@Z 1017c9d8     Spec_d32:Spec_D32.dll
 0004:000019dc       __imp_?GetLayerInfo@CLayer@@UAE?AVCString@@I@Z 1017c9dc     Spec_d32:Spec_D32.dll
 0004:000019e0       __imp_?SetLayerInfo@CLayer@@UAEXII@Z 1017c9e0     Spec_d32:Spec_D32.dll
 0004:000019e4       __imp_?GetLayerArray@CLayer@@UAEXQAY01I@Z 1017c9e4     Spec_d32:Spec_D32.dll
 0004:000019e8       __imp_?SetLayerArray@CLayer@@UAEXQAY01I@Z 1017c9e8     Spec_d32:Spec_D32.dll
 0004:000019ec       __imp_?GetLayerOldArray@CLayer@@UAEXQAY01I@Z 1017c9ec     Spec_d32:Spec_D32.dll
 0004:000019f0       __imp_?SetLayerOldArray@CLayer@@UAEXQAY01I@Z 1017c9f0     Spec_d32:Spec_D32.dll
 0004:000019f4       __imp_?GetLayerDefaultArray@CLayer@@UAEXQAY01I@Z 1017c9f4     Spec_d32:Spec_D32.dll
 0004:000019f8       __imp_?SetLayerDefaultArray@CLayer@@UAEXQAY01I@Z 1017c9f8     Spec_d32:Spec_D32.dll
 0004:000019fc       __imp_?ReadDefaultLayer@CLayer@@UAEXXZ 1017c9fc     Spec_d32:Spec_D32.dll
 0004:00001a00       __imp_?InitLayer@CLayer@@UAEXXZ 1017ca00     Spec_d32:Spec_D32.dll
 0004:00001a04       __imp_?GetRuntimeClass@CHitNet@@UBEPAUCRuntimeClass@@XZ 1017ca04     Spec_d32:Spec_D32.dll
 0004:00001a08       __imp_?Serialize@CHitNet@@UAEXAAVCArchive@@@Z 1017ca08     Spec_d32:Spec_D32.dll
 0004:00001a0c       __imp_?DoDataView@CHitNet@@UAEXPAVCDC@@H@Z 1017ca0c     Spec_d32:Spec_D32.dll
 0004:00001a10       __imp_?Pack_drPipe@CHitNet@@UAEXPAVCString@@@Z 1017ca10     Spec_d32:Spec_D32.dll
 0004:00001a14       __imp_?GetObjectInfo@CHitNet@@UAEXPAVCDrObject@@@Z 1017ca14     Spec_d32:Spec_D32.dll
 0004:00001a18       __imp_?SetObjectInfo@CHitNet@@UAEXPAVCDrObject@@@Z 1017ca18     Spec_d32:Spec_D32.dll
 0004:00001a1c       __imp_?GetRuntimeClass@CDrPen@@UBEPAUCRuntimeClass@@XZ 1017ca1c     Spec_d32:Spec_D32.dll
 0004:00001a20       __imp_?Serialize@CDrPen@@UAEXAAVCArchive@@@Z 1017ca20     Spec_d32:Spec_D32.dll
 0004:00001a24       __imp_?DoDataView@CDrPen@@UAEXPAVCDC@@H@Z 1017ca24     Spec_d32:Spec_D32.dll
 0004:00001a28       __imp_?Pack_drPipe@CDrPen@@UAEXPAVCString@@@Z 1017ca28     Spec_d32:Spec_D32.dll
 0004:00001a2c       __imp_?GetObjectInfo@CDrPen@@UAEXPAVCDrObject@@@Z 1017ca2c     Spec_d32:Spec_D32.dll
 0004:00001a30       __imp_?SetObjectInfo@CDrPen@@UAEXPAVCDrObject@@@Z 1017ca30     Spec_d32:Spec_D32.dll
 0004:00001a34       __imp_?ReplacePen@CDrPen@@UAEXXZ 1017ca34     Spec_d32:Spec_D32.dll
 0004:00001a38       __imp_?ReadDefaultDrPen@CDrPen@@UAEXXZ 1017ca38     Spec_d32:Spec_D32.dll
 0004:00001a3c       __imp_?InitDrPen@CDrPen@@UAEXXZ 1017ca3c     Spec_d32:Spec_D32.dll
 0004:00001a40       __imp_?GetRuntimeClass@CDrFont@@UBEPAUCRuntimeClass@@XZ 1017ca40     Spec_d32:Spec_D32.dll
 0004:00001a44       __imp_?Serialize@CDrFont@@UAEXAAVCArchive@@@Z 1017ca44     Spec_d32:Spec_D32.dll
 0004:00001a48       __imp_?DoDataView@CDrFont@@UAEXPAVCDC@@H@Z 1017ca48     Spec_d32:Spec_D32.dll
 0004:00001a4c       __imp_?Pack_drPipe@CDrFont@@UAEXPAVCString@@@Z 1017ca4c     Spec_d32:Spec_D32.dll
 0004:00001a50       __imp_?GetObjectInfo@CDrFont@@UAEXPAVCDrObject@@@Z 1017ca50     Spec_d32:Spec_D32.dll
 0004:00001a54       __imp_?SetObjectInfo@CDrFont@@UAEXPAVCDrObject@@@Z 1017ca54     Spec_d32:Spec_D32.dll
 0004:00001a58       __imp_?DoTextFont@CDrFont@@UAEXXZ 1017ca58     Spec_d32:Spec_D32.dll
 0004:00001a5c       __imp_?ReadDefaultDrFont@CDrFont@@UAEXXZ 1017ca5c     Spec_d32:Spec_D32.dll
 0004:00001a60       __imp_?InitDrFont@CDrFont@@UAEXXZ 1017ca60     Spec_d32:Spec_D32.dll
 0004:00001a64       __imp_?GetRuntimeClass@CDataWindow@@UBEPAUCRuntimeClass@@XZ 1017ca64     Spec_d32:Spec_D32.dll
 0004:00001a68       __imp_?Serialize@CDataWindow@@UAEXAAVCArchive@@@Z 1017ca68     Spec_d32:Spec_D32.dll
 0004:00001a6c       __imp_?DoDataView@CDataWindow@@UAEXPAVCDC@@H@Z 1017ca6c     Spec_d32:Spec_D32.dll
 0004:00001a70       __imp_?Pack_drPipe@CDataWindow@@UAEXPAVCString@@@Z 1017ca70     Spec_d32:Spec_D32.dll
 0004:00001a74       __imp_?GetObjectInfo@CDataWindow@@UAEXPAVCDrObject@@@Z 1017ca74     Spec_d32:Spec_D32.dll
 0004:00001a78       __imp_?SetObjectInfo@CDataWindow@@UAEXPAVCDrObject@@@Z 1017ca78     Spec_d32:Spec_D32.dll
 0004:00001a7c       __imp_?SetWinMinMaxWIC@CDataWindow@@UAEXULPOINT3@@@Z 1017ca7c     Spec_d32:Spec_D32.dll
 0004:00001a80       __imp_?SetWinExtWIC@CDataWindow@@UAEXXZ 1017ca80     Spec_d32:Spec_D32.dll
 0004:00001a84       __imp_?ReadDefaultDataWindow@CDataWindow@@UAEXXZ 1017ca84     Spec_d32:Spec_D32.dll
 0004:00001a88       __imp_?InitDataWindow@CDataWindow@@UAEXXZ 1017ca88     Spec_d32:Spec_D32.dll
 0004:00001a8c       __imp_?GetRuntimeClass@CBooleans@@UBEPAUCRuntimeClass@@XZ 1017ca8c     Spec_d32:Spec_D32.dll
 0004:00001a90       __imp_?Serialize@CBooleans@@UAEXAAVCArchive@@@Z 1017ca90     Spec_d32:Spec_D32.dll
 0004:00001a94       __imp_?DoDataView@CBooleans@@UAEXPAVCDC@@H@Z 1017ca94     Spec_d32:Spec_D32.dll
 0004:00001a98       __imp_?Pack_drPipe@CBooleans@@UAEXPAVCString@@@Z 1017ca98     Spec_d32:Spec_D32.dll
 0004:00001a9c       __imp_?GetObjectInfo@CBooleans@@UAEXPAVCDrObject@@@Z 1017ca9c     Spec_d32:Spec_D32.dll
 0004:00001aa0       __imp_?SetObjectInfo@CBooleans@@UAEXPAVCDrObject@@@Z 1017caa0     Spec_d32:Spec_D32.dll
 0004:00001aa4       __imp_?IsZoomEnabled@CBooleans@@UAEHH@Z 1017caa4     Spec_d32:Spec_D32.dll
 0004:00001aa8       __imp_?SetZoomEnabled@CBooleans@@UAEXHH@Z 1017caa8     Spec_d32:Spec_D32.dll
 0004:00001aac       __imp_?IsZoomOn@CBooleans@@UAEHHH@Z 1017caac     Spec_d32:Spec_D32.dll
 0004:00001ab0       __imp_?ToggleZoom@CBooleans@@UAEHHH@Z 1017cab0     Spec_d32:Spec_D32.dll
 0004:00001ab4       __imp_?ReadDefaultBooleans@CBooleans@@UAEXXZ 1017cab4     Spec_d32:Spec_D32.dll
 0004:00001ab8       __imp_?InitBooleans@CBooleans@@UAEXXZ 1017cab8     Spec_d32:Spec_D32.dll
 0004:00001abc       __imp_??1CDrObject@@UAE@XZ 1017cabc     Spec_d32:Spec_D32.dll
 0004:00001ac0       __imp_?GetLocalCorner@CDrObject@@UAEXPAUWORLD@@H@Z 1017cac0     Spec_d32:Spec_D32.dll
 0004:00001ac4       __imp_?SetLocalCorner@CDrObject@@UAEXPAUWORLD@@H@Z 1017cac4     Spec_d32:Spec_D32.dll
 0004:00001ac8       __imp_?GetWorldCorner@CDrObject@@UAEXPAUWORLD@@H@Z 1017cac8     Spec_d32:Spec_D32.dll
 0004:00001acc       __imp_?SetWorldCorner@CDrObject@@UAEXPAUWORLD@@H@Z 1017cacc     Spec_d32:Spec_D32.dll
 0004:00001ad0       __imp_?GetEyeCorner@CDrObject@@UAEXPAUWORLD@@H@Z 1017cad0     Spec_d32:Spec_D32.dll
 0004:00001ad4       __imp_?SetEyeCorner@CDrObject@@UAEXPAUWORLD@@H@Z 1017cad4     Spec_d32:Spec_D32.dll
 0004:00001ad8       __imp_?GetScreen3DCorner@CDrObject@@UAEXPAUWORLD@@H@Z 1017cad8     Spec_d32:Spec_D32.dll
 0004:00001adc       __imp_?SetScreen3DCorner@CDrObject@@UAEXPAUWORLD@@H@Z 1017cadc     Spec_d32:Spec_D32.dll
 0004:00001ae0       __imp_?GetRuntimeClass@CMatObj@@UBEPAUCRuntimeClass@@XZ 1017cae0     Spec_d32:Spec_D32.dll
 0004:00001ae4       \177Spec_D32_NULL_THUNK_DATA 1017cae4     Spec_d32:Spec_D32.dll
 0004:00001b84       __imp__DestroyCursor@4     1017cb84     user32:USER32.dll
 0004:00001b88       __imp__SetCursor@4         1017cb88     user32:USER32.dll
 0004:00001b8c       __imp__GetSystemMetrics@4  1017cb8c     user32:USER32.dll
 0004:00001b90       __imp__SetCursorPos@8      1017cb90     user32:USER32.dll
 0004:00001b94       __imp__ReleaseCapture@0    1017cb94     user32:USER32.dll
 0004:00001b98       \177USER32_NULL_THUNK_DATA 1017cb98     user32:USER32.dll

 entry point at        0001:0007dad0

