 DMgr_d32

 Timestamp is 444d8152 (Mon Apr 24 18:54:26 2006)

 Preferred load address is 10000000

 Start         Length     Name                   Class
 0001:00000000 0002eb9cH .text                   CODE
 0001:0002eba0 0000101fH .text$AFX_COL1          CODE
 0001:0002fbc0 00002996H .text$x                 CODE
 0001:00032556 0005c10aH .textbss                CODE
 0002:00000000 00004043H .rdata                  DATA
 0002:00004048 00000ce0H .rdata$r                DATA
 0002:00004d28 00001c49H .xdata$x                DATA
 0002:00006980 00016814H .edata                  DATA
 0003:00000000 00000104H .CRT$XCA                DATA
 0003:00000104 0000012bH .CRT$XCU                DATA
 0003:00000230 00000104H .CRT$XCZ                DATA
 0003:00000334 00000104H .CRT$XIA                DATA
 0003:00000438 00000104H .CRT$XIZ                DATA
 0003:00000540 000008adH .data                   DATA
 0003:00000df0 00000094H .bss                    DATA
 0004:00000000 000000dcH .idata$2                DATA
 0004:000000dc 00000014H .idata$3                DATA
 0004:000000f0 00000708H .idata$4                DATA
 0004:000007f8 00000708H .idata$5                DATA
 0004:00000f00 00002714H .idata$6                DATA
 0005:00000000 00000846H .rsrc$01                DATA
 0005:00000850 00001b23H .rsrc$02                DATA

  Address         Publics by Value              Rva+Base     Lib:Object

 0001:00004820       ?GetProbLim@CMouse@@QAE?AW4PROBDIMLIM@@XZ 10005820 f i CurDel.obj
 0001:00004840       ?SetProbLim@CMouse@@QAEXW4PROBDIMLIM@@@Z 10005840 f i CurDel.obj
 0001:00004870       ?GetElemLim@CMouse@@QAE?AW4ELEMDIMLIM@@XZ 10005870 f i CurDel.obj
 0001:00004890       ?SetElemLim@CMouse@@QAEXW4ELEMDIMLIM@@@Z 10005890 f i CurDel.obj
 0001:000048c0       ?GetCurrentThirdCoord@CMouse@@QAENXZ 100058c0 f i CurDel.obj
 0001:000048e0       ?SetCurrentThirdCoord@CMouse@@QAEXN@Z 100058e0 f i CurDel.obj
 0001:00004910       ?GetMouseWIC@CMouse@@QAE?AULPOINT3@@XZ 10005910 f i CurDel.obj
 0001:00004950       ?GetMouseOldWIC@CMouse@@QAE?AULPOINT3@@XZ 10005950 f i CurDel.obj
 0001:00004990       ?GetScrolledMouseWIC2D@CMouse@@IAE?AULPOINT@@XZ 10005990 f i CurDel.obj
 0001:000049d0       ?SetScrolledMouseWIC2D@CMouse@@IAEXULPOINT@@@Z 100059d0 f i CurDel.obj
 0001:00004a00       ??1CDlg_NodI@@UAE@XZ       10005a00 f i CurDel.obj
 0001:00004a80       ?Set3DPts@C3DMath@@QAEXPAULPOINT3@@JJJ@Z 10005a80 f i CurDel.obj
 0001:00004ac0       ?Set3DPts@C3DMath@@QAEXPAUWORLD@@NNN@Z 10005ac0 f i CurDel.obj
 0001:00004b20       ?Len3DPts@C3DMath@@QAENPAUWORLD@@@Z 10005b20 f i CurDel.obj
 0001:00004b80       ??1C3DMath@@UAE@XZ         10005b80 f i CurDel.obj
 0001:00004bb0       ??_GC3DMath@@UAEPAXI@Z     10005bb0 f i CurDel.obj
 0001:00004bf0       ??_EC3DMath@@UAEPAXI@Z     10005bf0 f i CurDel.obj
 0001:00004c90       ?GetMatrix@CMatObj@@UAEPAUMATRIX@@XZ 10005c90 f i CurDel.obj
 0001:00004cb0       ?SetMatrix@CMatObj@@UAEXPAUMATRIX@@@Z 10005cb0 f i CurDel.obj
 0001:00004d40       ?GetCurveLatch@CMatObj@@UAE?AW4CURVELATCH@@XZ 10005d40 f i CurDel.obj
 0001:00004d60       ?SetCurveLatch@CMatObj@@UAEXW4CURVELATCH@@@Z 10005d60 f i CurDel.obj
 0001:00004d90       ?IsInstanced_Prof@CMatObj@@UAEHXZ 10005d90 f i CurDel.obj
 0001:00004db0       ?SetInstanced_Prof@CMatObj@@UAEXH@Z 10005db0 f i CurDel.obj
 0001:00004de0       ?GetFromID@CMatObj@@UAE?AVCString@@XZ 10005de0 f i CurDel.obj
 0001:00004e30       ?SetFromID@CMatObj@@UAEXVCString@@@Z 10005e30 f i CurDel.obj
 0001:00004eb0       ?GetFromPt@CMatObj@@UAE?AUWORLD@@XZ 10005eb0 f i CurDel.obj
 0001:00004ef0       ?SetFromPt@CMatObj@@UAEXUWORLD@@@Z 10005ef0 f i CurDel.obj
 0001:00004f30       ?GetToID@CMatObj@@UAE?AVCString@@XZ 10005f30 f i CurDel.obj
 0001:00004f80       ?SetToID@CMatObj@@UAEXVCString@@@Z 10005f80 f i CurDel.obj
 0001:00005000       ?GetToPt@CMatObj@@UAE?AUWORLD@@XZ 10006000 f i CurDel.obj
 0001:00005040       ?SetToPt@CMatObj@@UAEXUWORLD@@@Z 10006040 f i CurDel.obj
 0001:00005080       ?GetRotPtID@CMatObj@@UAE?AVCString@@XZ 10006080 f i CurDel.obj
 0001:000050d0       ?SetRotPtID@CMatObj@@UAEXVCString@@@Z 100060d0 f i CurDel.obj
 0001:00005150       ?GetRotPt@CMatObj@@UAE?AUWORLD@@XZ 10006150 f i CurDel.obj
 0001:00005190       ?SetRotPt@CMatObj@@UAEXUWORLD@@@Z 10006190 f i CurDel.obj
 0001:000051d0       ?IsCoordIn@CMatObj@@UAEHXZ 100061d0 f i CurDel.obj
 0001:00005200       ?SetCoordIn@CMatObj@@UAEXH@Z 10006200 f i CurDel.obj
 0001:00005230       ?GetTranPtID@CMatObj@@UAE?AVCString@@XZ 10006230 f i CurDel.obj
 0001:00005280       ?SetTranPtID@CMatObj@@UAEXVCString@@@Z 10006280 f i CurDel.obj
 0001:00005300       ?GetTranslation@CMatObj@@UAE?AUWORLD@@XZ 10006300 f i CurDel.obj
 0001:00005340       ?SetTranslation@CMatObj@@UAEXUWORLD@@@Z 10006340 f i CurDel.obj
 0001:00005380       ?IsAngleIn@CMatObj@@UAEHXZ 10006380 f i CurDel.obj
 0001:000053b0       ?SetAngleIn@CMatObj@@UAEXH@Z 100063b0 f i CurDel.obj
 0001:000053e0       ?IsDirCos@CMatObj@@UAEHXZ  100063e0 f i CurDel.obj
 0001:00005410       ?SetDirCos@CMatObj@@UAEXH@Z 10006410 f i CurDel.obj
 0001:00005440       ?GetDirCosDirect@CMatObj@@UAE?AUWORLD@@XZ 10006440 f i CurDel.obj
 0001:00005480       ?SetDirCosDirect@CMatObj@@UAEXUWORLD@@@Z 10006480 f i CurDel.obj
 0001:000054c0       ?GetRotation@CMatObj@@UAE?AUWORLD@@XZ 100064c0 f i CurDel.obj
 0001:00005500       ?SetRotation@CMatObj@@UAEXUWORLD@@@Z 10006500 f i CurDel.obj
 0001:00005540       ?GetScale@CMatObj@@UAE?AUWORLD@@XZ 10006540 f i CurDel.obj
 0001:00005580       ?SetScale@CMatObj@@UAEXUWORLD@@@Z 10006580 f i CurDel.obj
 0001:000055c0       ?GetShear@CMatObj@@UAE?AUWORLD@@XZ 100065c0 f i CurDel.obj
 0001:00005600       ?SetShear@CMatObj@@UAEXUWORLD@@@Z 10006600 f i CurDel.obj
 0001:00005640       ?IsNoRot@CMatObj@@UAEHXZ   10006640 f i CurDel.obj
 0001:00005670       ?SetNoRot@CMatObj@@UAEXH@Z 10006670 f i CurDel.obj
 0001:000056a0       ?IsNoTran@CMatObj@@UAEHXZ  100066a0 f i CurDel.obj
 0001:000056d0       ?SetNoTran@CMatObj@@UAEXH@Z 100066d0 f i CurDel.obj
 0001:00005700       ?IsNoScale@CMatObj@@UAEHXZ 10006700 f i CurDel.obj
 0001:00005730       ?SetNoScale@CMatObj@@UAEXH@Z 10006730 f i CurDel.obj
 0001:00005760       ?IsNoShear@CMatObj@@UAEHXZ 10006760 f i CurDel.obj
 0001:00005790       ?SetNoShear@CMatObj@@UAEXH@Z 10006790 f i CurDel.obj
 0001:000057c0       ?GetXformType@CMatObj@@UAE?AW4XFORMTYPE@@XZ 100067c0 f i CurDel.obj
 0001:000057f0       ?SetXformType@CMatObj@@UAEXW4XFORMTYPE@@@Z 100067f0 f i CurDel.obj
 0001:00005820       ?GetSpawnType@CMatObj@@UAE?AW4SPAWNTYPE@@XZ 10006820 f i CurDel.obj
 0001:00005850       ?SetSpawnType@CMatObj@@UAEXW4SPAWNTYPE@@@Z 10006850 f i CurDel.obj
 0001:00005880       ?GetCreOp@CMatObj@@UAEIXZ  10006880 f i CurDel.obj
 0001:000058b0       ?SetCreOp@CMatObj@@UAEXI@Z 100068b0 f i CurDel.obj
 0001:000058e0       ??1CMatObj@@UAE@XZ         100068e0 f i CurDel.obj
 0001:000059a0       ??_GCMatObj@@UAEPAXI@Z     100069a0 f i CurDel.obj
 0001:000059e0       ??_ECMatObj@@UAEPAXI@Z     100069e0 f i CurDel.obj
 0001:00005a80       ?ReadyToDelete@CDrObject@@UAEXXZ 10006a80 f i CurDel.obj
 0001:00005aa0       ?DoFormattedCardView@CDrObject@@UAEXPAVCString@@AAV2@@Z 10006aa0 f i CurDel.obj
 0001:00005ac0       ?DoUnFormattedCardView@CDrObject@@UAEXPAVCString@@@Z 10006ac0 f i CurDel.obj
 0001:00005ae0       ?DoDataView@CDrObject@@UAEXPAVCDC@@H@Z 10006ae0 f i CurDel.obj
 0001:00005b00       ?InitDraw@CDrObject@@UAEXPAVCDC@@HHPAUMATRIX@@1NNN@Z 10006b00 f i CurDel.obj
 0001:00005b20       ?InitDraw@CDrObject@@UAEXPAVCDC@@HHPAUMATRIX@@1NNNN@Z 10006b20 f i CurDel.obj
 0001:00005b40       ?Corner_3Dto2D@CDrObject@@UAEXXZ 10006b40 f i CurDel.obj
 0001:00005b60       ?DoDrawView@CDrObject@@UAEXPAVCDC@@@Z 10006b60 f i CurDel.obj
 0001:00005b80       ?DoDrawView@CDrObject@@UAEXPAVCDC@@H@Z 10006b80 f i CurDel.obj
 0001:00005ba0       ?DoDrawView@CDrObject@@UAEXPAVCDC@@HH@Z 10006ba0 f i CurDel.obj
 0001:00005bc0       ?DealObjectDialog@CDrObject@@UAEHXZ 10006bc0 f i CurDel.obj
 0001:00005be0       ?TransformObjectToWorld@CDrObject@@UAEXPAUMATRIX@@H@Z 10006be0 f i CurDel.obj
 0001:00005c00       ?TransformObjectToView@CDrObject@@UAEXPAUMATRIX@@@Z 10006c00 f i CurDel.obj
 0001:00005c20       ?TransformObjectToViewDirect@CDrObject@@UAEXPAUMATRIX@@00H@Z 10006c20 f i CurDel.obj
 0001:00005c40       ?RemoveHiddenObject@CDrObject@@UAEHPAUMATRIX@@UWORLD@@H@Z 10006c40 f i CurDel.obj
 0001:00005c60       ?ProjectObject@CDrObject@@UAEXPAUMATRIX@@NN@Z 10006c60 f i CurDel.obj
 0001:00005c80       ?Calc_2DBoundsScreen@CDrObject@@UAEHXZ 10006c80 f i CurDel.obj
 0001:00005ca0       ?Calc_3DBoundsLocal@CDrObject@@UAEHXZ 10006ca0 f i CurDel.obj
 0001:00005cc0       ?FinishObject@CDrObject@@UAEXPAVCClientDC@@H@Z 10006cc0 f i CurDel.obj
 0001:00005ce0       ?FinishObject@CDrObject@@UAEXH@Z 10006ce0 f i CurDel.obj
 0001:00005d00       ?FinishObject@CDrObject@@UAEXXZ 10006d00 f i CurDel.obj
 0001:00005d20       ?GetMaxCorners@CDrObject@@UAEHXZ 10006d20 f i CurDel.obj
 0001:00005d40       ?GetRawCoords@CDrObject@@UAEXPAJPAHH@Z 10006d40 f i CurDel.obj
 0001:00005d60       ?SetProjectedCoords@CDrObject@@UAEXUtagPOINT@@H@Z 10006d60 f i CurDel.obj
 0001:00005d80       ?RearrangeProjectedCoords@CDrObject@@UAEXXZ 10006d80 f i CurDel.obj
 0001:00005da0       ?IsObjectHit@CDrObject@@UAEHNUWORLD@@@Z 10006da0 f i CurDel.obj
 0001:00005dc0       ?IsObjectHit@CDrObject@@UAEHHUtagPOINT@@H@Z 10006dc0 f i CurDel.obj
 0001:00005de0       ?IsObjectHit@CDrObject@@UAEHHUtagPOINT@@@Z 10006de0 f i CurDel.obj
 0001:00005e00       ?IsObjectHit@CDrObject@@UAEHPAVCClientDC@@HUtagPOINT@@PAVCRect@@H@Z 10006e00 f i CurDel.obj
 0001:00005e20       ?IsKeyMatch@CDrObject@@UAEHPAV1@VCString@@I@Z 10006e20 f i CurDel.obj
 0001:00005e50       ?IsKeyMatch@CDrObject@@UAEHVCString@@I@Z 10006e50 f i CurDel.obj
 0001:00005e80       ?IsControlShapeNeeded@CDrObject@@UAEHXZ 10006e80 f i CurDel.obj
 0001:00005ea0       ?SetControlShapeNeed@CDrObject@@UAEXH@Z 10006ea0 f i CurDel.obj
 0001:00005ec0       ?IsNormalNeeded@CDrObject@@UAEHXZ 10006ec0 f i CurDel.obj
 0001:00005ee0       ?SetNormalNeed@CDrObject@@UAEXH@Z 10006ee0 f i CurDel.obj
 0001:00005f00       ?IsCulled@CDrObject@@UAEHXZ 10006f00 f i CurDel.obj
 0001:00005f20       ?SetCulled@CDrObject@@UAEXH@Z 10006f20 f i CurDel.obj
 0001:00005f40       ?IsSkewed@CDrObject@@UAEHXZ 10006f40 f i CurDel.obj
 0001:00005f60       ?SetSkewed@CDrObject@@UAEXH@Z 10006f60 f i CurDel.obj
 0001:00005f80       ?IsLinSpr@CDrObject@@UAEHXZ 10006f80 f i CurDel.obj
 0001:00005fa0       ?SetLinSpr@CDrObject@@UAEXH@Z 10006fa0 f i CurDel.obj
 0001:00005fc0       ?IsLinSnu@CDrObject@@UAEHXZ 10006fc0 f i CurDel.obj
 0001:00005fe0       ?SetLinSnu@CDrObject@@UAEXH@Z 10006fe0 f i CurDel.obj
 0001:00006000       ?CullWorld@CDrObject@@UAEHUWORLD@@@Z 10007000 f i CurDel.obj
 0001:00006020       ?CullScreen@CDrObject@@UAEHPAUMATRIX@@@Z 10007020 f i CurDel.obj
 0001:00006040       ?Calc_CentroidWorld@CDrObject@@UAEXXZ 10007040 f i CurDel.obj
 0001:00006060       ?Calc_CentroidEye@CDrObject@@UAEXXZ 10007060 f i CurDel.obj
 0001:00006080       ?Calc_CentroidScreen3D@CDrObject@@UAEXNN@Z 10007080 f i CurDel.obj
 0001:000060a0       ?Calc_NormalWorld@CDrObject@@UAEXXZ 100070a0 f i CurDel.obj
 0001:000060c0       ?TransformNormalToEye@CDrObject@@UAEXPAUMATRIX@@@Z 100070c0 f i CurDel.obj
 0001:000060e0       ?ProjectNormalToScreen3D@CDrObject@@UAEXPAUMATRIX@@NN@Z 100070e0 f i CurDel.obj
 0001:00006100       ?GetNormalWorld@CDrObject@@UAEPAUWORLD@@XZ 10007100 f i CurDel.obj
 0001:00006120       ?SetNormalWorld@CDrObject@@UAEXUWORLD@@@Z 10007120 f i CurDel.obj
 0001:00006140       ?GetNormalEye@CDrObject@@UAEPAUWORLD@@XZ 10007140 f i CurDel.obj
 0001:00006160       ?SetNormalEye@CDrObject@@UAEXUWORLD@@@Z 10007160 f i CurDel.obj
 0001:00006180       ?GetNormalScreen3D@CDrObject@@UAEPAUWORLD@@XZ 10007180 f i CurDel.obj
 0001:000061a0       ?SetNormalScreen3D@CDrObject@@UAEXUWORLD@@@Z 100071a0 f i CurDel.obj
 0001:000061c0       ?GetNormalScreen2D@CDrObject@@UAEPAUtagPOINT@@XZ 100071c0 f i CurDel.obj
 0001:000061e0       ?SetNormalScreen2D@CDrObject@@UAEXUtagPOINT@@@Z 100071e0 f i CurDel.obj
 0001:00006200       ?GetObjectList@CDrObject@@UAEPAVCDListMgr@@XZ 10007200 f i CurDel.obj
 0001:00006220       ?GetBoundingRect@CDrObject@@QAE?AVCRect@@XZ 10007220 f i CurDel.obj
 0001:00006270       ?GetRInfo@CDrObject@@QAEPAURENDINFO@@XZ 10007270 f i CurDel.obj
 0001:00006290       ?IsParallel@CDrObject@@QAEHXZ 10007290 f i CurDel.obj
 0001:000062c0       ?GetnView@CDrObject@@QAEHXZ 100072c0 f i CurDel.obj
 0001:000062f0       ?GetdzMin@CDrObject@@QAENXZ 100072f0 f i CurDel.obj
 0001:00006320       ?GetdScale_U@CDrObject@@QAENXZ 10007320 f i CurDel.obj
 0001:00006350       ?GetdScale_V@CDrObject@@QAENXZ 10007350 f i CurDel.obj
 0001:00006380       ?GetpViewM@CDrObject@@QAEPAUMATRIX@@XZ 10007380 f i CurDel.obj
 0001:000063b0       ?Getpvv3DM@CDrObject@@QAEPAUMATRIX@@XZ 100073b0 f i CurDel.obj
 0001:000063e0       ?GetpComposedM@CDrObject@@QAEPAUMATRIX@@XZ 100073e0 f i CurDel.obj
 0001:00006410       ?SetParallel@CDrObject@@QAEXH@Z 10007410 f i CurDel.obj
 0001:00006440       ?SetnView@CDrObject@@QAEXH@Z 10007440 f i CurDel.obj
 0001:00006470       ?SetdzMin@CDrObject@@QAEXN@Z 10007470 f i CurDel.obj
 0001:000064b0       ?SetdScale_U@CDrObject@@QAEXN@Z 100074b0 f i CurDel.obj
 0001:000064f0       ?SetdScale_V@CDrObject@@QAEXN@Z 100074f0 f i CurDel.obj
 0001:00006530       ?SetpViewM@CDrObject@@QAEXPAUMATRIX@@@Z 10007530 f i CurDel.obj
 0001:00006570       ?Setpvv3DM@CDrObject@@QAEXPAUMATRIX@@@Z 10007570 f i CurDel.obj
 0001:000065b0       ?SetpComposedM@CDrObject@@QAEXPAUMATRIX@@@Z 100075b0 f i CurDel.obj
 0001:000065f0       ?GetLevelType@CDrObject@@QAEHXZ 100075f0 f i CurDel.obj
 0001:00006620       ?SetLevelType@CDrObject@@QAEXH@Z 10007620 f i CurDel.obj
 0001:00006650       ?GetObjectID@CDrObject@@QAE?AVCString@@XZ 10007650 f i CurDel.obj
 0001:000066a0       ?SetObjectID@CDrObject@@QAEXVCString@@@Z 100076a0 f i CurDel.obj
 0001:00006720       ?GetObjectNo@CDrObject@@QAEJXZ 10007720 f i CurDel.obj
 0001:00006750       ?SetObjectNo@CDrObject@@QAEXJ@Z 10007750 f i CurDel.obj
 0001:00006780       ?GetObjectType@CDrObject@@QAEHXZ 10007780 f i CurDel.obj
 0001:000067b0       ?SetObjectType@CDrObject@@QAEXH@Z 100077b0 f i CurDel.obj
 0001:000067e0       ?GetElemType@CDrObject@@QAEHXZ 100077e0 f i CurDel.obj
 0001:00006810       ?SetElemType@CDrObject@@QAEXH@Z 10007810 f i CurDel.obj
 0001:00006840       ?GetPenInfo@CDrObject@@QAEXAAIAAK0@Z 10007840 f i CurDel.obj
 0001:00006890       ?SetPenInfo@CDrObject@@QAEXIKI@Z 10007890 f i CurDel.obj
 0001:000068e0       ?GetPenInfoHi@CDrObject@@QAEXAAIAAK0@Z 100078e0 f i CurDel.obj
 0001:00006930       ?SetPenInfoHi@CDrObject@@QAEXIKI@Z 10007930 f i CurDel.obj
 0001:00006980       ?GetLayer@CDrObject@@QAEIXZ 10007980 f i CurDel.obj
 0001:000069b0       ?SetLayer@CDrObject@@QAEXI@Z 100079b0 f i CurDel.obj
 0001:000069e0       ?IsClipped@CDrObject@@QAEHXZ 100079e0 f i CurDel.obj
 0001:00006a10       ?SetClipped@CDrObject@@QAEXH@Z 10007a10 f i CurDel.obj
 0001:00006a40       ?IsVirtual@CDrObject@@QAEHXZ 10007a40 f i CurDel.obj
 0001:00006a60       ?SetVirtual@CDrObject@@QAEXH@Z 10007a60 f i CurDel.obj
 0001:00006a90       ?IsShow@CDrObject@@QAEHXZ  10007a90 f i CurDel.obj
 0001:00006ac0       ?SetShow@CDrObject@@QAEXH@Z 10007ac0 f i CurDel.obj
 0001:00006af0       ?GetParentID@CDrObject@@QAEAAVCString@@XZ 10007af0 f i CurDel.obj
 0001:00006b10       ?SetParentID@CDrObject@@QAEXAAVCString@@@Z 10007b10 f i CurDel.obj
 0001:00006b40       ?GetParentType@CDrObject@@QAEIXZ 10007b40 f i CurDel.obj
 0001:00006b60       ?SetParentType@CDrObject@@QAEXI@Z 10007b60 f i CurDel.obj
 0001:00006b90       ?IsInstanced@CDrObject@@QAEHXZ 10007b90 f i CurDel.obj
 0001:00006bb0       ?SetInstanced@CDrObject@@QAEXH@Z 10007bb0 f i CurDel.obj
 0001:00006be0       ?GetMatObj@CDrObject@@QAEPAVCMatObj@@XZ 10007be0 f i CurDel.obj
 0001:00006c00       ?SetMatObj@CDrObject@@QAEXPAVCMatObj@@@Z 10007c00 f i CurDel.obj
 0001:00006c30       ?GetSpeLList@CDrObject@@QAEPAVCDListMgr@@XZ 10007c30 f i CurDel.obj
 0001:00006c60       ?GetDynLList@CDrObject@@QAEPAVCDListMgr@@XZ 10007c60 f i CurDel.obj
 0001:00006c90       ?GetStaLList@CDrObject@@QAEPAVCDListMgr@@XZ 10007c90 f i CurDel.obj
 0001:00006cc0       ?GetSuppList@CDrObject@@QAEPAVCDListMgr@@XZ 10007cc0 f i CurDel.obj
 0001:00006cf0       ?GetElemList@CDrObject@@QAEPAVCDListMgr@@XZ 10007cf0 f i CurDel.obj
 0001:00006d20       ?GetCurveList@CDrObject@@QAEPAVCDListMgr@@XZ 10007d20 f i CurDel.obj
 0001:00006d50       ?GetCProfList@CDrObject@@QAEPAVCDListMgr@@XZ 10007d50 f i CurDel.obj
 0001:00006d80       ?GetPatchList@CDrObject@@QAEPAVCDListMgr@@XZ 10007d80 f i CurDel.obj
 0001:00006db0       ?GetSolidList@CDrObject@@QAEPAVCDListMgr@@XZ 10007db0 f i CurDel.obj
 0001:00006de0       ?GetObj3DList@CDrObject@@QAEPAVCDListMgr@@XZ 10007de0 f i CurDel.obj
 0001:00006e10       ?GetCNodeList@CDrObject@@QAEPAVCDListMgr@@XZ 10007e10 f i CurDel.obj
 0001:00006e40       ?GetINodeList@CDrObject@@QAEPAVCDListMgr@@XZ 10007e40 f i CurDel.obj
 0001:00006e70       ?GetNodeList@CDrObject@@QAEPAVCDListMgr@@XZ 10007e70 f i CurDel.obj
 0001:00006ea0       ?GetLabelList@CDrObject@@QAEPAVCDListMgr@@XZ 10007ea0 f i CurDel.obj
 0001:00006ed0       ?GetFE0DList@CDrObject@@QAEPAVCDListMgr@@XZ 10007ed0 f i CurDel.obj
 0001:00006f00       ?GetFE1DList@CDrObject@@QAEPAVCDListMgr@@XZ 10007f00 f i CurDel.obj
 0001:00006f30       ?GetFE2DList@CDrObject@@QAEPAVCDListMgr@@XZ 10007f30 f i CurDel.obj
 0001:00006f60       ?GetFE3DList@CDrObject@@QAEPAVCDListMgr@@XZ 10007f60 f i CurDel.obj
 0001:00006f90       ?GetMs0List@CDrObject@@QAEPAVCDListMgr@@XZ 10007f90 f i CurDel.obj
 0001:00006fc0       ?GetMs1List@CDrObject@@QAEPAVCDListMgr@@XZ 10007fc0 f i CurDel.obj
 0001:00006ff0       ?GetMs2List@CDrObject@@QAEPAVCDListMgr@@XZ 10007ff0 f i CurDel.obj
 0001:00007020       ?GetMs3List@CDrObject@@QAEPAVCDListMgr@@XZ 10008020 f i CurDel.obj
 0001:00007050       ?GetMbj3DList@CDrObject@@QAEPAVCDListMgr@@XZ 10008050 f i CurDel.obj
 0001:00007080       ?GetM2DProfList@CDrObject@@QAEPAVCDListMgr@@XZ 10008080 f i CurDel.obj
 0001:000070b0       ?GetM3DProfList@CDrObject@@QAEPAVCDListMgr@@XZ 100080b0 f i CurDel.obj
 0001:000070e0       ?GetMbjProfList@CDrObject@@QAEPAVCDListMgr@@XZ 100080e0 f i CurDel.obj
 0001:00007110       ?GetScreen2DCorner@CDrObject@@UAE?AUtagPOINT@@H@Z 10008110 f i CurDel.obj
 0001:00007160       ?SetScreen2DCorner@CDrObject@@UAEXUtagPOINT@@H@Z 10008160 f i CurDel.obj
 0001:000071a0       ?GetSpawnType@CDrObject@@QAE?AW4SPAWNTYPE@@XZ 100081a0 f i CurDel.obj
 0001:000071c0       ?SetSpawnType@CDrObject@@QAEXW4SPAWNTYPE@@@Z 100081c0 f i CurDel.obj
 0001:000071f0       ?GetCategory@CDrObject@@QAE?AW4CATEGORY@@XZ 100081f0 f i CurDel.obj
 0001:00007210       ?SetCategory@CDrObject@@QAEXW4CATEGORY@@@Z 10008210 f i CurDel.obj
 0001:00007240       ?GetSubCat@CDrObject@@QAE?AW4SUBCAT@@XZ 10008240 f i CurDel.obj
 0001:00007260       ?SetSubCat@CDrObject@@QAEXW4SUBCAT@@@Z 10008260 f i CurDel.obj
 0001:00007290       ?GetElemDimLim@CDrObject@@QAE?AW4ELEMDIMLIM@@XZ 10008290 f i CurDel.obj
 0001:000072b0       ?SetElemDimLim@CDrObject@@QAEXW4ELEMDIMLIM@@@Z 100082b0 f i CurDel.obj
 0001:000072e0       ?IsDirty@CDrObject@@QAEHXZ 100082e0 f i CurDel.obj
 0001:00007310       ?SetDirty@CDrObject@@QAEXH@Z 10008310 f i CurDel.obj
 0001:00007340       ?IsMoved@CDrObject@@QAEHXZ 10008340 f i CurDel.obj
 0001:00007370       ?SetMoved@CDrObject@@QAEXH@Z 10008370 f i CurDel.obj
 0001:000073a0       ?IsEdited@CDrObject@@QAEHXZ 100083a0 f i CurDel.obj
 0001:000073d0       ?SetEdited@CDrObject@@QAEXH@Z 100083d0 f i CurDel.obj
 0001:00007400       ?IsPosted@CDrObject@@QAEHXZ 10008400 f i CurDel.obj
 0001:00007430       ?SetPosted@CDrObject@@QAEXH@Z 10008430 f i CurDel.obj
 0001:00007460       ?IsDeleted@CDrObject@@QAEHXZ 10008460 f i CurDel.obj
 0001:00007490       ?SetDeleted@CDrObject@@QAEXH@Z 10008490 f i CurDel.obj
 0001:000074c0       ?IsToBeMoved@CDrObject@@QAEHXZ 100084c0 f i CurDel.obj
 0001:000074f0       ?SetToBeMoved@CDrObject@@QAEXH@Z 100084f0 f i CurDel.obj
 0001:00007510       ?IsToBeEdited@CDrObject@@QAEHXZ 10008510 f i CurDel.obj
 0001:00007540       ?SetToBeEdited@CDrObject@@QAEXH@Z 10008540 f i CurDel.obj
 0001:00007560       ?IsToBePosted@CDrObject@@QAEHXZ 10008560 f i CurDel.obj
 0001:00007590       ?SetToBePosted@CDrObject@@QAEXH@Z 10008590 f i CurDel.obj
 0001:000075b0       ?IsToBeUnPosted@CDrObject@@QAEHXZ 100085b0 f i CurDel.obj
 0001:000075e0       ?SetToBeUnPosted@CDrObject@@QAEXH@Z 100085e0 f i CurDel.obj
 0001:00007600       ?IsToBeDeleted@CDrObject@@QAEHXZ 10008600 f i CurDel.obj
 0001:00007630       ?SetToBeDeleted@CDrObject@@QAEXH@Z 10008630 f i CurDel.obj
 0001:00007650       ?IsFormatted@CDrObject@@QAEHXZ 10008650 f i CurDel.obj
 0001:00007670       ?SetFormatted@CDrObject@@QAEXH@Z 10008670 f i CurDel.obj
 0001:000076a0       ?Parse_drPipe@CDrNode@@UAEPAUnodecard@@PAVCString@@@Z 100086a0 f i CurDel.obj
 0001:000076c0       ?GetNodeCard@CDrNode@@UAEPAUnodecard@@XZ 100086c0 f i CurDel.obj
 0001:000076f0       ?GetCardNo@CDrNode@@UAEHXZ 100086f0 f i CurDel.obj
 0001:00007720       ?SetCardNo@CDrNode@@UAEXH@Z 10008720 f i CurDel.obj
 0001:00007750       ?DoFormattedCardView@CDrNode@@UAEXPAVCString@@AAV2@@Z 10008750 f i CurDel.obj
 0001:00007770       ?DoUnFormattedCardView@CDrNode@@UAEXPAVCString@@@Z 10008770 f i CurDel.obj
 0001:00007790       ?GetMaxCorners@CDrNode@@UAEHXZ 10008790 f i CurDel.obj
 0001:000077b0       ?GetCategory@CDrNode@@UAE?AW4CATEGORY@@XZ 100087b0 f i CurDel.obj
 0001:000077d0       ?SetCategory@CDrNode@@UAEXW4CATEGORY@@@Z 100087d0 f i CurDel.obj
 0001:00007800       ?GetPrecision@CDrNode@@UAEHXZ 10008800 f i CurDel.obj
 0001:00007830       ?SetPrecision@CDrNode@@UAEXH@Z 10008830 f i CurDel.obj
 0001:00007860       ?GetFormat@CDrNode@@QAE?AVCString@@XZ 10008860 f i CurDel.obj
 0001:000078b0       ?SetFormat@CDrNode@@QAEXVCString@@@Z 100088b0 f i CurDel.obj
 0001:00007930       ?GetMapFactor@CDrNode@@QAENXZ 10008930 f i CurDel.obj
 0001:00007960       ?SetMapFactor@CDrNode@@QAEXN@Z 10008960 f i CurDel.obj
 0001:000079a0       ?GetScaleFactor@CDrNode@@QAENXZ 100089a0 f i CurDel.obj
 0001:000079d0       ?SetScaleFactor@CDrNode@@QAEXN@Z 100089d0 f i CurDel.obj
 0001:00007a10       ?GetMasterMultFac@CDrNode@@QAEJXZ 10008a10 f i CurDel.obj
 0001:00007a40       ?SetMasterMultFac@CDrNode@@QAEXJ@Z 10008a40 f i CurDel.obj
 0001:00007a70       ?GetLocalPos@CDrNode@@UAEPAUWORLD@@XZ 10008a70 f i CurDel.obj
 0001:00007aa0       ?SetLocalPos@CDrNode@@UAEXUWORLD@@@Z 10008aa0 f i CurDel.obj
 0001:00007ae0       ?GetWorldPos@CDrNode@@UAEPAUWORLD@@XZ 10008ae0 f i CurDel.obj
 0001:00007b10       ?SetWorldPos@CDrNode@@UAEXUWORLD@@@Z 10008b10 f i CurDel.obj
 0001:00007b50       ?GetEyePos@CDrNode@@UAEPAUWORLD@@XZ 10008b50 f i CurDel.obj
 0001:00007b80       ?SetEyePos@CDrNode@@UAEXUWORLD@@@Z 10008b80 f i CurDel.obj
 0001:00007bc0       ?GetScreenPos3D@CDrNode@@UAEPAUWORLD@@XZ 10008bc0 f i CurDel.obj
 0001:00007bf0       ?SetScreenPos3D@CDrNode@@UAEXUWORLD@@@Z 10008bf0 f i CurDel.obj
 0001:00007c30       ?GetScreenPos2D@CDrNode@@UAEPAUtagPOINT@@XZ 10008c30 f i CurDel.obj
 0001:00007c60       ?SetScreenPos2D@CDrNode@@UAEXUtagPOINT@@@Z 10008c60 f i CurDel.obj
 0001:00007ca0       ?GetNormalWorld@CDrNode@@UAEPAUWORLD@@XZ 10008ca0 f i CurDel.obj
 0001:00007cd0       ?SetNormalWorld@CDrNode@@UAEXUWORLD@@@Z 10008cd0 f i CurDel.obj
 0001:00007d10       ?GetNormalEye@CDrNode@@UAEPAUWORLD@@XZ 10008d10 f i CurDel.obj
 0001:00007d40       ?SetNormalEye@CDrNode@@UAEXUWORLD@@@Z 10008d40 f i CurDel.obj
 0001:00007d80       ?GetNormalScreen3D@CDrNode@@UAEPAUWORLD@@XZ 10008d80 f i CurDel.obj
 0001:00007db0       ?SetNormalScreen3D@CDrNode@@UAEXUWORLD@@@Z 10008db0 f i CurDel.obj
 0001:00007df0       ?GetNormalScreen2D@CDrNode@@UAEPAUtagPOINT@@XZ 10008df0 f i CurDel.obj
 0001:00007e20       ?SetNormalScreen2D@CDrNode@@UAEXUtagPOINT@@@Z 10008e20 f i CurDel.obj
 0001:00007e60       ?GetLabelNo@CDrNode@@QAEJXZ 10008e60 f i CurDel.obj
 0001:00007e90       ?SetLabelNo@CDrNode@@QAEXJ@Z 10008e90 f i CurDel.obj
 0001:00007ec0       ?IsMeshNode@CDrNode@@QAEHXZ 10008ec0 f i CurDel.obj
 0001:00007ef0       ?SetMeshNode@CDrNode@@QAEXH@Z 10008ef0 f i CurDel.obj
 0001:00007f20       ?IsGenerated@CDrNode@@QAEHXZ 10008f20 f i CurDel.obj
 0001:00007f50       ?SetGenerated@CDrNode@@QAEXH@Z 10008f50 f i CurDel.obj
 0001:00007f80       ?IsControlNode@CDrNode@@QAEHXZ 10008f80 f i CurDel.obj
 0001:00007fb0       ?SetControlNode@CDrNode@@QAEXH@Z 10008fb0 f i CurDel.obj
 0001:00007ff0       ?GetInputMode@CDrNode@@QAEHXZ 10008ff0 f i CurDel.obj
 0001:00008020       ?SetInputMode@CDrNode@@QAEXH@Z 10009020 f i CurDel.obj
 0001:00008050       ?GetLength@CDrNode@@QAENXZ 10009050 f i CurDel.obj
 0001:00008080       ?SetLength@CDrNode@@QAEXN@Z 10009080 f i CurDel.obj
 0001:000080c0       ?GetDelta@CDrNode@@QAEPAUWORLD@@XZ 100090c0 f i CurDel.obj
 0001:000080f0       ?SetDelta@CDrNode@@QAEXUWORLD@@@Z 100090f0 f i CurDel.obj
 0001:00008130       ?GetFromID@CDrNode@@QAE?AVCString@@XZ 10009130 f i CurDel.obj
 0001:00008180       ?SetFromID@CDrNode@@QAEXVCString@@@Z 10009180 f i CurDel.obj
 0001:00008200       ?GetToID@CDrNode@@QAE?AVCString@@XZ 10009200 f i CurDel.obj
 0001:00008250       ?SetToID@CDrNode@@QAEXVCString@@@Z 10009250 f i CurDel.obj
 0001:000082d0       ?IsRefCN@CDrNode@@QAEHXZ   100092d0 f i CurDel.obj
 0001:00008300       ?SetRefCN@CDrNode@@QAEXH@Z 10009300 f i CurDel.obj
 0001:00008330       ?IsFromCN@CDrNode@@QAEHXZ  10009330 f i CurDel.obj
 0001:00008360       ?SetFromCN@CDrNode@@QAEXH@Z 10009360 f i CurDel.obj
 0001:00008390       ?IsToCN@CDrNode@@QAEHXZ    10009390 f i CurDel.obj
 0001:000083c0       ?SetToCN@CDrNode@@QAEXH@Z  100093c0 f i CurDel.obj
 0001:000083f0       ?IsSkewed@CDrNode@@UAEHXZ  100093f0 f i CurDel.obj
 0001:00008420       ?SetSkewed@CDrNode@@UAEXH@Z 10009420 f i CurDel.obj
 0001:00008450       ?IsLinSpr@CDrNode@@UAEHXZ  10009450 f i CurDel.obj
 0001:00008480       ?SetLinSpr@CDrNode@@UAEXH@Z 10009480 f i CurDel.obj
 0001:000084b0       ?IsLinSnu@CDrNode@@UAEHXZ  100094b0 f i CurDel.obj
 0001:000084e0       ?SetLinSnu@CDrNode@@UAEXH@Z 100094e0 f i CurDel.obj
 0001:00008510       ?GetSuppCardList@CDrNode@@QAEPAV?$CList@Usupportcard@@U1@@@XZ 10009510 f i CurDel.obj
 0001:00008540       ?GetStaLCardList@CDrNode@@QAEPAV?$CList@UstaLcard@@U1@@@XZ 10009540 f i CurDel.obj
 0001:00008570       ?GetMaxCorners@CDrLabel@@UAEHXZ 10009570 f i CurDel.obj
 0001:00008590       ?SetProjectedCoords@CDrLabel@@UAEXUtagPOINT@@H@Z 10009590 f i CurDel.obj
 0001:000085d0       ?IsMoved@CDrLabel@@UAEHXZ  100095d0 f i CurDel.obj
 0001:00008600       ?SetMoved@CDrLabel@@UAEXH@Z 10009600 f i CurDel.obj
 0001:00008630       ?GetNodePtr@CDrLabel@@UAEPAVCDrNode@@XZ 10009630 f i CurDel.obj
 0001:00008660       ?SetNodePtr@CDrLabel@@UAEXPAVCDrNode@@@Z 10009660 f i CurDel.obj
 0001:00008690       ?GetContextObj@CDrLabel@@UAE?AW4CONTEXTOBJ@@XZ 10009690 f i CurDel.obj
 0001:000086c0       ?SetContextObj@CDrLabel@@UAEXW4CONTEXTOBJ@@@Z 100096c0 f i CurDel.obj
 0001:000086f0       ?GetMeshElemType@CDrLabel@@UAEIXZ 100096f0 f i CurDel.obj
 0001:00008720       ?SetMeshElemType@CDrLabel@@UAEXI@Z 10009720 f i CurDel.obj
 0001:00008750       ?GetColor@CDrLabel@@UAEKXZ 10009750 f i CurDel.obj
 0001:00008780       ?SetColor@CDrLabel@@UAEXK@Z 10009780 f i CurDel.obj
 0001:000087b0       ?GetViewNum@CDrLabel@@UAEHXZ 100097b0 f i CurDel.obj
 0001:000087e0       ?SetViewNum@CDrLabel@@UAEXH@Z 100097e0 f i CurDel.obj
 0001:00008810       ?GetType@CDrLabel@@UAEHXZ  10009810 f i CurDel.obj
 0001:00008840       ?SetType@CDrLabel@@UAEXH@Z 10009840 f i CurDel.obj
 0001:00008870       ?GetText@CDrLabel@@UAE?AVCString@@XZ 10009870 f i CurDel.obj
 0001:000088c0       ?SetText@CDrLabel@@UAEXVCString@@@Z 100098c0 f i CurDel.obj
 0001:00008940       ?SetLogFont@CDrLabel@@UAEXUtagLOGFONTA@@@Z 10009940 f i CurDel.obj
 0001:00008980       ?GetLogFont@CDrLabel@@UAE?AUtagLOGFONTA@@XZ 10009980 f i CurDel.obj
 0001:000089c0       ?GetOtherCorner@CDrLabel@@UAE?AUtagPOINT@@XZ 100099c0 f i CurDel.obj
 0001:00008a00       ?SetOtherCorner@CDrLabel@@UAEXUtagPOINT@@@Z 10009a00 f i CurDel.obj
 0001:00008a40       ?GetAngle@CDrLabel@@UAEHXZ 10009a40 f i CurDel.obj
 0001:00008a70       ?SetAngle@CDrLabel@@UAEXH@Z 10009a70 f i CurDel.obj
 0001:00008aa0       ??1CDrLabel@@UAE@XZ        10009aa0 f i CurDel.obj
 0001:00008b20       ??_GCDrLabel@@UAEPAXI@Z    10009b20 f i CurDel.obj
 0001:00008b60       ??_ECDrLabel@@UAEPAXI@Z    10009b60 f i CurDel.obj
 0001:00008c00       ??1CDlg_LQCI@@UAE@XZ       10009c00 f i CurDel.obj
 0001:00008c80       ??1CDlg_CrcI@@UAE@XZ       10009c80 f i CurDel.obj
 0001:00008d00       ?IsDirty@CDrCurve@@UAEHXZ  10009d00 f i CurDel.obj
 0001:00008d30       ?SetDirty@CDrCurve@@UAEXH@Z 10009d30 f i CurDel.obj
 0001:00008d60       ?IsControlShapeNeeded@CDrCurve@@UAEHXZ 10009d60 f i CurDel.obj
 0001:00008d90       ?SetControlShapeNeed@CDrCurve@@UAEXH@Z 10009d90 f i CurDel.obj
 0001:00008dc0       ?IsPosted@CDrCurve@@UAEHXZ 10009dc0 f i CurDel.obj
 0001:00008df0       ?SetPosted@CDrCurve@@UAEXH@Z 10009df0 f i CurDel.obj
 0001:00008e20       ?GetCN_BSList@CDrCurve@@QAEPAVCDListMgr@@XZ 10009e20 f i CurDel.obj
 0001:00008e50       ?GetVNodeList@CDrCurve@@QAEPAVCDListMgr@@XZ 10009e50 f i CurDel.obj
 0001:00008e80       ?GetMeshElemDim@CDrCurve@@QAEHXZ 10009e80 f i CurDel.obj
 0001:00008eb0       ?SetMeshElemDim@CDrCurve@@QAEXH@Z 10009eb0 f i CurDel.obj
 0001:00008ee0       ?IsIso@CDrCurve@@QAEHXZ    10009ee0 f i CurDel.obj
 0001:00008f10       ?SetIso@CDrCurve@@QAEXH@Z  10009f10 f i CurDel.obj
 0001:00008f40       ?GetIsoToID@CDrCurve@@QAEAAVCString@@XZ 10009f40 f i CurDel.obj
 0001:00008f70       ?SetIsoToID@CDrCurve@@QAEXAAVCString@@@Z 10009f70 f i CurDel.obj
 0001:00008fa0       ?GetCompoType@CDrCurve@@QAEHXZ 10009fa0 f i CurDel.obj
 0001:00008fd0       ?SetCompoType@CDrCurve@@QAEXH@Z 10009fd0 f i CurDel.obj
 0001:00009000       ?GetCompoID@CDrCurve@@QAEAAVCString@@XZ 1000a000 f i CurDel.obj
 0001:00009030       ?SetCompoID@CDrCurve@@QAEXAAVCString@@@Z 1000a030 f i CurDel.obj
 0001:00009060       ?GetClass_S@CDrCurve@@QAEHXZ 1000a060 f i CurDel.obj
 0001:00009090       ?SetClass_S@CDrCurve@@QAEXH@Z 1000a090 f i CurDel.obj
 0001:000090c0       ?GetOutSegUnif_S@CDrCurve@@QAEHXZ 1000a0c0 f i CurDel.obj
 0001:000090f0       ?SetOutSegUnif_S@CDrCurve@@QAEXH@Z 1000a0f0 f i CurDel.obj
 0001:00009120       ?IsClosed_S@CDrCurve@@QAEHXZ 1000a120 f i CurDel.obj
 0001:00009150       ?SetClosed_S@CDrCurve@@QAEXH@Z 1000a150 f i CurDel.obj
 0001:00009180       ?GetCurveObjectType@CDrCurve@@QAEHXZ 1000a180 f i CurDel.obj
 0001:000091b0       ?SetCurveObjectType@CDrCurve@@QAEXH@Z 1000a1b0 f i CurDel.obj
 0001:000091e0       ?GetMaxINodes_S@CDrCurve@@QAEHXZ 1000a1e0 f i CurDel.obj
 0001:00009210       ?SetMaxINodes_S@CDrCurve@@QAEXH@Z 1000a210 f i CurDel.obj
 0001:00009240       ?GetMaxCNodes_S@CDrCurve@@QAEHXZ 1000a240 f i CurDel.obj
 0001:00009270       ?SetMaxCNodes_S@CDrCurve@@QAEXH@Z 1000a270 f i CurDel.obj
 0001:000092a0       ?GetMaxBezSegments_S@CDrCurve@@QAEHXZ 1000a2a0 f i CurDel.obj
 0001:000092d0       ?SetMaxBezSegments_S@CDrCurve@@QAEXH@Z 1000a2d0 f i CurDel.obj
 0001:00009300       ?GetMaxOutPts_S@CDrCurve@@QAEHXZ 1000a300 f i CurDel.obj
 0001:00009330       ?SetMaxOutPts_S@CDrCurve@@QAEXH@Z 1000a330 f i CurDel.obj
 0001:00009360       ?GetLongOutPts@CDrCurve@@QAEJXZ 1000a360 f i CurDel.obj
 0001:00009390       ?SetLongOutPts@CDrCurve@@QAEXJ@Z 1000a390 f i CurDel.obj
 0001:000093c0       ?GetCurveType_S@CDrCurve@@QAE?AW4CURVEPROC@@XZ 1000a3c0 f i CurDel.obj
 0001:000093f0       ?SetCurveType_S@CDrCurve@@QAEXW4CURVEPROC@@@Z 1000a3f0 f i CurDel.obj
 0001:00009420       ?GetOutMethod@CDrCurve@@QAE?AW4CURVEOUTPUT@@XZ 1000a420 f i CurDel.obj
 0001:00009450       ?GetAlfa@CDrCurve@@QAENXZ  1000a450 f i CurDel.obj
 0001:00009480       ?GetBias@CDrCurve@@QAENXZ  1000a480 f i CurDel.obj
 0001:000094b0       ?GetTension@CDrCurve@@QAENXZ 1000a4b0 f i CurDel.obj
 0001:000094e0       ?IsUniform_S@CDrCurve@@QAEHXZ 1000a4e0 f i CurDel.obj
 0001:00009510       ?SetUniform_S@CDrCurve@@QAEXH@Z 1000a510 f i CurDel.obj
 0001:00009540       ?SetOutMethod_S@CDrCurve@@QAEXW4CURVEOUTPUT@@@Z 1000a540 f i CurDel.obj
 0001:00009570       ?GetMaxOutSeg_S@CDrCurve@@QAEHXZ 1000a570 f i CurDel.obj
 0001:000095a0       ?SetMaxOutSeg_S@CDrCurve@@QAEXH@Z 1000a5a0 f i CurDel.obj
 0001:000095d0       ?GetDis_AngPointer_S@CDrCurve@@QAEPANXZ 1000a5d0 f i CurDel.obj
 0001:00009600       ?SetDis_AngPointer_S@CDrCurve@@QAEXPAN@Z 1000a600 f i CurDel.obj
 0001:00009630       ?GetNum_tPointer_S@CDrCurve@@QAEPAHXZ 1000a630 f i CurDel.obj
 0001:00009660       ?SetNum_tPointer_S@CDrCurve@@QAEXPAH@Z 1000a660 f i CurDel.obj
 0001:00009690       ?GetDis_tPointer_S@CDrCurve@@QAEPANXZ 1000a690 f i CurDel.obj
 0001:000096c0       ?SetDis_tPointer_S@CDrCurve@@QAEXPAN@Z 1000a6c0 f i CurDel.obj
 0001:000096f0       ?GetNum_tPointer_Ex_S@CDrCurve@@QAEPAHXZ 1000a6f0 f i CurDel.obj
 0001:00009720       ?SetNum_tPointer_Ex_S@CDrCurve@@QAEXPAH@Z 1000a720 f i CurDel.obj
 0001:00009750       ?GetnBSeg_Ex_S@CDrCurve@@QAEHXZ 1000a750 f i CurDel.obj
 0001:00009780       ?SetnBSeg_Ex_S@CDrCurve@@QAEXH@Z 1000a780 f i CurDel.obj
 0001:000097b0       ?GetBSegPointer_Ex_S@CDrCurve@@QAEPAHXZ 1000a7b0 f i CurDel.obj
 0001:000097e0       ?SetBSegPointer_Ex_S@CDrCurve@@QAEXPAH@Z 1000a7e0 f i CurDel.obj
 0001:00009810       ?SetAlfa@CDrCurve@@QAEXN@Z 1000a810 f i CurDel.obj
 0001:00009850       ?SetBias@CDrCurve@@QAEXN@Z 1000a850 f i CurDel.obj
 0001:00009890       ?SetTension@CDrCurve@@QAEXN@Z 1000a890 f i CurDel.obj
 0001:000098d0       ?GetMemIn@CDrCurve@@QAEPAUWORLD@@XZ 1000a8d0 f i CurDel.obj
 0001:00009900       ?GetMemInWts@CDrCurve@@QAEPANXZ 1000a900 f i CurDel.obj
 0001:00009930       ?GetMemInDP@CDrCurve@@QAEPAUtagPOINT@@XZ 1000a930 f i CurDel.obj
 0001:00009960       ?GetMemOut@CDrCurve@@QAEPAUWORLD@@XZ 1000a960 f i CurDel.obj
 0001:00009990       ?GetMemOutWts@CDrCurve@@QAEPANXZ 1000a990 f i CurDel.obj
 0001:000099c0       ?GetMemOutDP@CDrCurve@@QAEPAUtagPOINT@@XZ 1000a9c0 f i CurDel.obj
 0001:000099f0       ?SetMemIn@CDrCurve@@QAEXPAUWORLD@@@Z 1000a9f0 f i CurDel.obj
 0001:00009a20       ?SetMemInWts@CDrCurve@@QAEXPAN@Z 1000aa20 f i CurDel.obj
 0001:00009a50       ?SetMemInDP@CDrCurve@@QAEXPAUtagPOINT@@@Z 1000aa50 f i CurDel.obj
 0001:00009a80       ?SetMemOut@CDrCurve@@QAEXPAUWORLD@@@Z 1000aa80 f i CurDel.obj
 0001:00009ab0       ?SetMemOutWts@CDrCurve@@QAEXPAN@Z 1000aab0 f i CurDel.obj
 0001:00009ae0       ?SetMemOutDP@CDrCurve@@QAEXPAUtagPOINT@@@Z 1000aae0 f i CurDel.obj
 0001:00009b10       ?FixMemD@CDrCurve@@QAEPANJ@Z 1000ab10 f i CurDel.obj
 0001:00009b60       ?FreeMemD@CDrCurve@@QAEXPAN@Z 1000ab60 f i CurDel.obj
 0001:00009b90       ?FixMem@CDrCurve@@QAEPAUWORLD@@J@Z 1000ab90 f i CurDel.obj
 0001:00009be0       ?FreeMem@CDrCurve@@QAEXPAUWORLD@@@Z 1000abe0 f i CurDel.obj
 0001:00009c10       ?FixMemDP@CDrCurve@@QAEPAUtagPOINT@@J@Z 1000ac10 f i CurDel.obj
 0001:00009c60       ?FreeMemDP@CDrCurve@@QAEXPAUtagPOINT@@@Z 1000ac60 f i CurDel.obj
 0001:00009c90       ?GetData_S@CDrCurve@@QAEHXZ 1000ac90 f i CurDel.obj
 0001:00009cc0       ?SetData_S@CDrCurve@@QAEXH@Z 1000acc0 f i CurDel.obj
 0001:00009cf0       ?GetOrder_S@CDrCurve@@QAEHXZ 1000acf0 f i CurDel.obj
 0001:00009d20       ?SetOrder_S@CDrCurve@@QAEXH@Z 1000ad20 f i CurDel.obj
 0001:00009d50       ?GetKnotType_S@CDrCurve@@QAE?AW4KNOT@@XZ 1000ad50 f i CurDel.obj
 0001:00009d80       ?SetKnotType_S@CDrCurve@@QAEXW4KNOT@@@Z 1000ad80 f i CurDel.obj
 0001:00009db0       ?GetWtType_S@CDrCurve@@QAE?AW4WEIGHT@@XZ 1000adb0 f i CurDel.obj
 0001:00009de0       ?SetWtType_S@CDrCurve@@QAEXW4WEIGHT@@@Z 1000ade0 f i CurDel.obj
 0001:00009e10       ?GetBCL_S@CDrCurve@@QAE?AW4BOUNDARY@@XZ 1000ae10 f i CurDel.obj
 0001:00009e40       ?SetBCL_S@CDrCurve@@QAEXW4BOUNDARY@@@Z 1000ae40 f i CurDel.obj
 0001:00009e70       ?GetBCR_S@CDrCurve@@QAE?AW4BOUNDARY@@XZ 1000ae70 f i CurDel.obj
 0001:00009ea0       ?SetBCR_S@CDrCurve@@QAEXW4BOUNDARY@@@Z 1000aea0 f i CurDel.obj
 0001:00009ed0       ?GetTanL_S@CDrCurve@@QAE?AUVECTOR@@XZ 1000aed0 f i CurDel.obj
 0001:00009f10       ?SetTanL_S@CDrCurve@@QAEXUVECTOR@@@Z 1000af10 f i CurDel.obj
 0001:00009f50       ?GetTanR_S@CDrCurve@@QAE?AUVECTOR@@XZ 1000af50 f i CurDel.obj
 0001:00009f90       ?SetTanR_S@CDrCurve@@QAEXUVECTOR@@@Z 1000af90 f i CurDel.obj
 0001:00009fd0       ?GetnCon_BS_S@CDrCurve@@QAEHXZ 1000afd0 f i CurDel.obj
 0001:0000a000       ?SetnCon_BS_S@CDrCurve@@QAEXH@Z 1000b000 f i CurDel.obj
 0001:0000a030       ?GetnCon_BZ_S@CDrCurve@@QAEHXZ 1000b030 f i CurDel.obj
 0001:0000a060       ?SetnCon_BZ_S@CDrCurve@@QAEXH@Z 1000b060 f i CurDel.obj
 0001:0000a090       ?GetnMKnots_S@CDrCurve@@QAEHXZ 1000b090 f i CurDel.obj
 0001:0000a0c0       ?SetnMKnots_S@CDrCurve@@QAEXH@Z 1000b0c0 f i CurDel.obj
 0001:0000a0f0       ?GetnKnots_S@CDrCurve@@QAEHXZ 1000b0f0 f i CurDel.obj
 0001:0000a120       ?SetnKnots_S@CDrCurve@@QAEXH@Z 1000b120 f i CurDel.obj
 0001:0000a150       ?GetnDim_S@CDrCurve@@QAEHXZ 1000b150 f i CurDel.obj
 0001:0000a180       ?SetnDim_S@CDrCurve@@QAEXH@Z 1000b180 f i CurDel.obj
 0001:0000a1b0       ?GetpMKnots_S@CDrCurve@@QAEPANXZ 1000b1b0 f i CurDel.obj
 0001:0000a1e0       ?SetpMKnots_S@CDrCurve@@QAEXPAN@Z 1000b1e0 f i CurDel.obj
 0001:0000a210       ?GetpWts_BS_S@CDrCurve@@QAEPANXZ 1000b210 f i CurDel.obj
 0001:0000a240       ?SetpWts_BS_S@CDrCurve@@QAEXPAN@Z 1000b240 f i CurDel.obj
 0001:0000a270       ?GetpKnots_S@CDrCurve@@QAEPANXZ 1000b270 f i CurDel.obj
 0001:0000a2a0       ?SetpKnots_S@CDrCurve@@QAEXPAN@Z 1000b2a0 f i CurDel.obj
 0001:0000a2d0       ?GetpWts_DT_S@CDrCurve@@QAEPANXZ 1000b2d0 f i CurDel.obj
 0001:0000a300       ?SetpWts_DT_S@CDrCurve@@QAEXPAN@Z 1000b300 f i CurDel.obj
 0001:0000a330       ?GetpWts_BZ_S@CDrCurve@@QAEPANXZ 1000b330 f i CurDel.obj
 0001:0000a360       ?SetpWts_BZ_S@CDrCurve@@QAEXPAN@Z 1000b360 f i CurDel.obj
 0001:0000a390       ?GetFromIDNode_S@CDrCurve@@QAEPAVCDrNode@@XZ 1000b390 f i CurDel.obj
 0001:0000a3c0       ?SetFromIDNode_S@CDrCurve@@QAEXPAVCDrNode@@@Z 1000b3c0 f i CurDel.obj
 0001:0000a3f0       ?GetToIDNode_S@CDrCurve@@QAEPAVCDrNode@@XZ 1000b3f0 f i CurDel.obj
 0001:0000a420       ?SetToIDNode_S@CDrCurve@@QAEXPAVCDrNode@@@Z 1000b420 f i CurDel.obj
 0001:0000a450       ?GetData_Ex_S@CDrCurve@@QAEHXZ 1000b450 f i CurDel.obj
 0001:0000a480       ?SetData_Ex_S@CDrCurve@@QAEXH@Z 1000b480 f i CurDel.obj
 0001:0000a4b0       ?IsExpanded_S@CDrCurve@@QAEHXZ 1000b4b0 f i CurDel.obj
 0001:0000a4e0       ?SetExpanded_S@CDrCurve@@QAEXH@Z 1000b4e0 f i CurDel.obj
 0001:0000a510       ?GetMaxENodes_S@CDrCurve@@QAEHXZ 1000b510 f i CurDel.obj
 0001:0000a540       ?SetMaxENodes_S@CDrCurve@@QAEXH@Z 1000b540 f i CurDel.obj
 0001:0000a570       ?GetRadius_S@CDrCurve@@QAENXZ 1000b570 f i CurDel.obj
 0001:0000a5a0       ?SetRadius_S@CDrCurve@@QAEXN@Z 1000b5a0 f i CurDel.obj
 0001:0000a5e0       ?GetTheta_S@CDrCurve@@QAENXZ 1000b5e0 f i CurDel.obj
 0001:0000a610       ?SetTheta_S@CDrCurve@@QAEXN@Z 1000b610 f i CurDel.obj
 0001:0000a650       ?GetCenter_S@CDrCurve@@QAE?AUWORLD@@XZ 1000b650 f i CurDel.obj
 0001:0000a690       ?SetCenter_S@CDrCurve@@QAEXUWORLD@@@Z 1000b690 f i CurDel.obj
 0001:0000a700       ?GetNormal_S@CDrCurve@@QAE?AUWORLD@@XZ 1000b700 f i CurDel.obj
 0001:0000a740       ?SetNormal_S@CDrCurve@@QAEXUWORLD@@@Z 1000b740 f i CurDel.obj
 0001:0000a7b0       ?GetSegAngle_S@CDrCurve@@QAENXZ 1000b7b0 f i CurDel.obj
 0001:0000a7e0       ?SetSegAngle_S@CDrCurve@@QAEXN@Z 1000b7e0 f i CurDel.obj
 0001:0000a820       ?GetCNode_CC@CDrCurve@@QAEPAVCDrNode@@XZ 1000b820 f i CurDel.obj
 0001:0000a850       ?SetCNode_CC@CDrCurve@@QAEXPAVCDrNode@@@Z 1000b850 f i CurDel.obj
 0001:0000a880       ?GetCNode_TI@CDrCurve@@QAEPAVCDrNode@@XZ 1000b880 f i CurDel.obj
 0001:0000a8b0       ?SetCNode_TI@CDrCurve@@QAEXPAVCDrNode@@@Z 1000b8b0 f i CurDel.obj
 0001:0000a8e0       ?GetCNode_CA@CDrCurve@@QAEPAVCDrNode@@XZ 1000b8e0 f i CurDel.obj
 0001:0000a910       ?SetCNode_CA@CDrCurve@@QAEXPAVCDrNode@@@Z 1000b910 f i CurDel.obj
 0001:0000a940       ?GetCNode_CB@CDrCurve@@QAEPAVCDrNode@@XZ 1000b940 f i CurDel.obj
 0001:0000a970       ?SetCNode_CB@CDrCurve@@QAEXPAVCDrNode@@@Z 1000b970 f i CurDel.obj
 0001:0000a9a0       ?IsHole_S@CDrCurve@@QAEHXZ 1000b9a0 f i CurDel.obj
 0001:0000a9d0       ?SetHole_S@CDrCurve@@QAEXH@Z 1000b9d0 f i CurDel.obj
 0001:0000aa00       ?GetpTangents_S@CDrCurve@@QAEPAUWORLD@@XZ 1000ba00 f i CurDel.obj
 0001:0000aa30       ?SetpTangents_S@CDrCurve@@QAEXPAUWORLD@@@Z 1000ba30 f i CurDel.obj
 0001:0000aa60       ?GetpCurvatures_S@CDrCurve@@QAEPANXZ 1000ba60 f i CurDel.obj
 0001:0000aa90       ?SetpCurvatures_S@CDrCurve@@QAEXPAN@Z 1000ba90 f i CurDel.obj
 0001:0000aac0       ?GetRatio_S@CDrCurve@@QAENXZ 1000bac0 f i CurDel.obj
 0001:0000aaf0       ?SetRatio_S@CDrCurve@@QAEXN@Z 1000baf0 f i CurDel.obj
 0001:0000ab30       ?IsAxisInput@CDrCurve@@QAEHXZ 1000bb30 f i CurDel.obj
 0001:0000ab60       ?SetAxisInput@CDrCurve@@QAEXH@Z 1000bb60 f i CurDel.obj
 0001:0000ab90       ?GetAxis@CDrCurve@@QAEHXZ  1000bb90 f i CurDel.obj
 0001:0000abc0       ?SetAxis@CDrCurve@@QAEXH@Z 1000bbc0 f i CurDel.obj
 0001:0000abf0       ?IsNegative@CDrCurve@@QAEHXZ 1000bbf0 f i CurDel.obj
 0001:0000ac20       ?SetNegative@CDrCurve@@QAEXH@Z 1000bc20 f i CurDel.obj
 0001:0000ac50       ?GetCircleType@CDrCurve@@QAE?AW4CIRCLETYPE@@XZ 1000bc50 f i CurDel.obj
 0001:0000ac80       ?SetCircleType@CDrCurve@@QAEXW4CIRCLETYPE@@@Z 1000bc80 f i CurDel.obj
 0001:0000acb0       ?GetInputType@CDrCurve@@QAEHXZ 1000bcb0 f i CurDel.obj
 0001:0000ace0       ?SetInputType@CDrCurve@@QAEXH@Z 1000bce0 f i CurDel.obj
 0001:0000ad10       ?IsArcType@CDrCurve@@QAEHXZ 1000bd10 f i CurDel.obj
 0001:0000ad40       ?SetArcType@CDrCurve@@QAEXH@Z 1000bd40 f i CurDel.obj
 0001:0000ad70       ?GetElperSegList_S@CDrCurve@@QAEPAV?$CList@HH@@XZ 1000bd70 f i CurDel.obj
 0001:0000ada0       ?IsSkewed@CDrCurve@@UAEHXZ 1000bda0 f i CurDel.obj
 0001:0000add0       ?SetSkewed@CDrCurve@@UAEXH@Z 1000bdd0 f i CurDel.obj
 0001:0000ae00       ?IsLinSpr@CDrCurve@@UAEHXZ 1000be00 f i CurDel.obj
 0001:0000ae30       ?SetLinSpr@CDrCurve@@UAEXH@Z 1000be30 f i CurDel.obj
 0001:0000ae60       ?IsLinSnu@CDrCurve@@UAEHXZ 1000be60 f i CurDel.obj
 0001:0000ae90       ?SetLinSnu@CDrCurve@@UAEXH@Z 1000be90 f i CurDel.obj
 0001:0000aec0       ?CullWorld@CDrCurve@@UAEHUWORLD@@@Z 1000bec0 f i CurDel.obj
 0001:0000aee0       ?CullScreen@CDrCurve@@UAEHPAUMATRIX@@@Z 1000bee0 f i CurDel.obj
 0001:0000af00       ?Calc_CentroidWorld@CDrCurve@@UAEXXZ 1000bf00 f i CurDel.obj
 0001:0000af20       ?Calc_CentroidEye@CDrCurve@@UAEXXZ 1000bf20 f i CurDel.obj
 0001:0000af40       ?Calc_CentroidScreen3D@CDrCurve@@UAEXNN@Z 1000bf40 f i CurDel.obj
 0001:0000af60       ?Calc_NormalWorld@CDrCurve@@UAEXXZ 1000bf60 f i CurDel.obj
 0001:0000af80       ?TransformNormalToEye@CDrCurve@@UAEXPAUMATRIX@@@Z 1000bf80 f i CurDel.obj
 0001:0000afa0       ?ProjectNormalToScreen3D@CDrCurve@@UAEXPAUMATRIX@@NN@Z 1000bfa0 f i CurDel.obj
 0001:0000afc0       ?GetNormalWorld@CDrCurve@@UAEPAUWORLD@@XZ 1000bfc0 f i CurDel.obj
 0001:0000afe0       ?SetNormalWorld@CDrCurve@@UAEXUWORLD@@@Z 1000bfe0 f i CurDel.obj
 0001:0000b000       ?GetNormalEye@CDrCurve@@UAEPAUWORLD@@XZ 1000c000 f i CurDel.obj
 0001:0000b020       ?SetNormalEye@CDrCurve@@UAEXUWORLD@@@Z 1000c020 f i CurDel.obj
 0001:0000b040       ?GetNormalScreen3D@CDrCurve@@UAEPAUWORLD@@XZ 1000c040 f i CurDel.obj
 0001:0000b060       ?SetNormalScreen3D@CDrCurve@@UAEXUWORLD@@@Z 1000c060 f i CurDel.obj
 0001:0000b080       ?GetNormalScreen2D@CDrCurve@@UAEPAUtagPOINT@@XZ 1000c080 f i CurDel.obj
 0001:0000b0a0       ?SetNormalScreen2D@CDrCurve@@UAEXUtagPOINT@@@Z 1000c0a0 f i CurDel.obj
 0001:0000b0c0       ?GetNodTopoList@CDrCurve@@QAEPAVCDListMgr@@XZ 1000c0c0 f i CurDel.obj
 0001:0000b0f0       ?GetSuppCardList@CDrCurve@@QAEPAV?$CList@Usupportcard@@U1@@@XZ 1000c0f0 f i CurDel.obj
 0001:0000b120       ?GetStaLCardList@CDrCurve@@QAEPAV?$CList@UstaLcard@@U1@@@XZ 1000c120 f i CurDel.obj
 0001:0000b150       ?GetBndryPtList@CDrCurve@@QAEPAV?$CList@UWORLD@@U1@@@XZ 1000c150 f i CurDel.obj
 0001:0000b180       ?GetBezierType@CDrCurve@@QAE?AW4BEZIERTYPE@@XZ 1000c180 f i CurDel.obj
 0001:0000b1b0       ?SetBezierType@CDrCurve@@QAEXW4BEZIERTYPE@@@Z 1000c1b0 f i CurDel.obj
 0001:0000b1e0       ?IsSubDivided@CTriangle@@UAEHXZ 1000c1e0 f i CurDel.obj
 0001:0000b200       ?SetSubDivided@CTriangle@@UAEXH@Z 1000c200 f i CurDel.obj
 0001:0000b230       ?GetSubTriangleIndex@CTriangle@@UAEHH@Z 1000c230 f i CurDel.obj
 0001:0000b260       ?SetSubTriangleIndex@CTriangle@@UAEXHH@Z 1000c260 f i CurDel.obj
 0001:0000b290       ?GetType@CTriangle@@UAEHXZ 1000c290 f i CurDel.obj
 0001:0000b2b0       ?SetType@CTriangle@@UAEXH@Z 1000c2b0 f i CurDel.obj
 0001:0000b2e0       ?GetCNIndexList@CTriangle@@UAEPAV?$CList@HH@@XZ 1000c2e0 f i CurDel.obj
 0001:0000b300       ?GetPatIndex@CTriangle@@UAEHXZ 1000c300 f i CurDel.obj
 0001:0000b320       ?SetPatIndex@CTriangle@@UAEXH@Z 1000c320 f i CurDel.obj
 0001:0000b350       ?GetDegree@CTriangle@@UAEHXZ 1000c350 f i CurDel.obj
 0001:0000b370       ?SetDegree@CTriangle@@UAEXH@Z 1000c370 f i CurDel.obj
 0001:0000b3a0       ?GetVertexIndex@CTriangle@@UAEHH@Z 1000c3a0 f i CurDel.obj
 0001:0000b3d0       ?SetVertexIndex@CTriangle@@UAEXHH@Z 1000c3d0 f i CurDel.obj
 0001:0000b400       ?GetVertexIndex@CTriangle@@UAEPAHXZ 1000c400 f i CurDel.obj
 0001:0000b420       ?GetNebrVertexIndex@CTriangle@@UAEHH@Z 1000c420 f i CurDel.obj
 0001:0000b450       ?SetNebrVertexIndex@CTriangle@@UAEXHH@Z 1000c450 f i CurDel.obj
 0001:0000b480       ?GetNebrVertexIndex@CTriangle@@UAEPAHXZ 1000c480 f i CurDel.obj
 0001:0000b4a0       ?GetNebrTriangleIndex@CTriangle@@UAEHH@Z 1000c4a0 f i CurDel.obj
 0001:0000b4d0       ?SetNebrTriangleIndex@CTriangle@@UAEXHH@Z 1000c4d0 f i CurDel.obj
 0001:0000b500       ?GetNebrTriangleIndex@CTriangle@@UAEPAHXZ 1000c500 f i CurDel.obj
 0001:0000b520       ?GetOutSeg@CTriangle@@UAEHXZ 1000c520 f i CurDel.obj
 0001:0000b540       ?SetOutSeg@CTriangle@@UAEXH@Z 1000c540 f i CurDel.obj
 0001:0000b570       ?GetiOutGlo@CTriangle@@UAEHXZ 1000c570 f i CurDel.obj
 0001:0000b5a0       ?SetiOutGlo@CTriangle@@UAEXH@Z 1000c5a0 f i CurDel.obj
 0001:0000b5d0       ?GetjOutGlo@CTriangle@@UAEHXZ 1000c5d0 f i CurDel.obj
 0001:0000b600       ?SetjOutGlo@CTriangle@@UAEXH@Z 1000c600 f i CurDel.obj
 0001:0000b630       ??1CTriangle@@UAE@XZ       1000c630 f i CurDel.obj
 0001:0000b6b0       ??_GCTriangle@@UAEPAXI@Z   1000c6b0 f i CurDel.obj
 0001:0000b6f0       ??_ECTriangle@@UAEPAXI@Z   1000c6f0 f i CurDel.obj
 0001:0000b790       ?GetCategory@CDrPatch@@UAE?AW4CATEGORY@@XZ 1000c790 f i CurDel.obj
 0001:0000b7b0       ?SetCategory@CDrPatch@@UAEXW4CATEGORY@@@Z 1000c7b0 f i CurDel.obj
 0001:0000b7e0       ?IsNormalNeeded@CDrPatch@@UAEHXZ 1000c7e0 f i CurDel.obj
 0001:0000b810       ?SetNormalNeed@CDrPatch@@UAEXH@Z 1000c810 f i CurDel.obj
 0001:0000b840       ?GetCurveType_T@CDrPatch@@QAE?AW4CURVEPROC@@XZ 1000c840 f i CurDel.obj
 0001:0000b870       ?SetCurveType_T@CDrPatch@@QAEXW4CURVEPROC@@@Z 1000c870 f i CurDel.obj
 0001:0000b8a0       ?GetOutSegUnif_T@CDrPatch@@QAEHXZ 1000c8a0 f i CurDel.obj
 0001:0000b8d0       ?SetOutSegUnif_T@CDrPatch@@QAEXH@Z 1000c8d0 f i CurDel.obj
 0001:0000b900       ?IsClosed_T@CDrPatch@@QAEHXZ 1000c900 f i CurDel.obj
 0001:0000b930       ?SetClosed_T@CDrPatch@@QAEXH@Z 1000c930 f i CurDel.obj
 0001:0000b960       ?GetMaxBezSegments_T@CDrPatch@@QAEHXZ 1000c960 f i CurDel.obj
 0001:0000b990       ?SetMaxBezSegments_T@CDrPatch@@QAEXH@Z 1000c990 f i CurDel.obj
 0001:0000b9c0       ?GetMaxCNodes_T@CDrPatch@@QAEHXZ 1000c9c0 f i CurDel.obj
 0001:0000b9f0       ?SetMaxCNodes_T@CDrPatch@@QAEXH@Z 1000c9f0 f i CurDel.obj
 0001:0000ba20       ?GetMaxOutPts_T@CDrPatch@@QAEHXZ 1000ca20 f i CurDel.obj
 0001:0000ba50       ?SetMaxOutPts_T@CDrPatch@@QAEXH@Z 1000ca50 f i CurDel.obj
 0001:0000ba80       ?GetNodes_S@CDrPatch@@QAEHXZ 1000ca80 f i CurDel.obj
 0001:0000bab0       ?SetNodes_S@CDrPatch@@QAEXH@Z 1000cab0 f i CurDel.obj
 0001:0000bae0       ?GetNodes_T@CDrPatch@@QAEHXZ 1000cae0 f i CurDel.obj
 0001:0000bb10       ?SetNodes_T@CDrPatch@@QAEXH@Z 1000cb10 f i CurDel.obj
 0001:0000bb40       ?GetPrimaryDir@CDrPatch@@QAEHXZ 1000cb40 f i CurDel.obj
 0001:0000bb70       ?SetPrimaryDir@CDrPatch@@QAEXH@Z 1000cb70 f i CurDel.obj
 0001:0000bba0       ?GetBlendCurve@CDrPatch@@QAEPAVCDrCurve@@XZ 1000cba0 f i CurDel.obj
 0001:0000bbd0       ?SetBlendCurve@CDrPatch@@QAEXPAVCDrCurve@@@Z 1000cbd0 f i CurDel.obj
 0001:0000bc00       ?GetBlendCurve_U@CDrPatch@@QAEPAVCDrCurve@@XZ 1000cc00 f i CurDel.obj
 0001:0000bc30       ?SetBlendCurve_U@CDrPatch@@QAEXPAVCDrCurve@@@Z 1000cc30 f i CurDel.obj
 0001:0000bc60       ?GetBlendCurve_V@CDrPatch@@QAEPAVCDrCurve@@XZ 1000cc60 f i CurDel.obj
 0001:0000bc90       ?SetBlendCurve_V@CDrPatch@@QAEXPAVCDrCurve@@@Z 1000cc90 f i CurDel.obj
 0001:0000bcc0       ?GetBlendCurve_W@CDrPatch@@QAEPAVCDrCurve@@XZ 1000ccc0 f i CurDel.obj
 0001:0000bcf0       ?SetBlendCurve_W@CDrPatch@@QAEXPAVCDrCurve@@@Z 1000ccf0 f i CurDel.obj
 0001:0000bd20       ?GetVCurveList@CDrPatch@@QAEPAVCDListMgr@@XZ 1000cd20 f i CurDel.obj
 0001:0000bd50       ?GetCurveList_U@CDrPatch@@QAEPAVCDListMgr@@XZ 1000cd50 f i CurDel.obj
 0001:0000bd80       ?GetCurveList_V@CDrPatch@@QAEPAVCDListMgr@@XZ 1000cd80 f i CurDel.obj
 0001:0000bdb0       ?GetCurveList_W@CDrPatch@@QAEPAVCDListMgr@@XZ 1000cdb0 f i CurDel.obj
 0001:0000bde0       ?GetCurveLatchList_U@CDrPatch@@QAEPAV?$CList@W4CURVELATCH@@W41@@@XZ 1000cde0 f i CurDel.obj
 0001:0000be10       ?GetCurveLatchList_V@CDrPatch@@QAEPAV?$CList@W4CURVELATCH@@W41@@@XZ 1000ce10 f i CurDel.obj
 0001:0000be40       ?GetCurveLatchList_W@CDrPatch@@QAEPAV?$CList@W4CURVELATCH@@W41@@@XZ 1000ce40 f i CurDel.obj
 0001:0000be70       ?IsAdvancedEnd_U@CDrPatch@@QAEHXZ 1000ce70 f i CurDel.obj
 0001:0000bea0       ?SetAdvancedEnd_U@CDrPatch@@QAEXH@Z 1000cea0 f i CurDel.obj
 0001:0000bed0       ?GetCornerTwist_U@CDrPatch@@QAEPAY01UWORLD@@XZ 1000ced0 f i CurDel.obj
 0001:0000bf00       ?SetCornerTwist_U@CDrPatch@@QAEXPAY01UWORLD@@@Z 1000cf00 f i CurDel.obj
 0001:0000bf30       ?GetTwistMethod_U@CDrPatch@@QAE?AW4TWIST@@XZ 1000cf30 f i CurDel.obj
 0001:0000bf60       ?SetTwistMethod_U@CDrPatch@@QAEXW4TWIST@@@Z 1000cf60 f i CurDel.obj
 0001:0000bf90       ?IsAdvancedEnd_V@CDrPatch@@QAEHXZ 1000cf90 f i CurDel.obj
 0001:0000bfc0       ?SetAdvancedEnd_V@CDrPatch@@QAEXH@Z 1000cfc0 f i CurDel.obj
 0001:0000bff0       ?GetCornerTwist_V@CDrPatch@@QAEPAY01UWORLD@@XZ 1000cff0 f i CurDel.obj
 0001:0000c020       ?SetCornerTwist_V@CDrPatch@@QAEXPAY01UWORLD@@@Z 1000d020 f i CurDel.obj
 0001:0000c050       ?GetTwistMethod_V@CDrPatch@@QAE?AW4TWIST@@XZ 1000d050 f i CurDel.obj
 0001:0000c080       ?SetTwistMethod_V@CDrPatch@@QAEXW4TWIST@@@Z 1000d080 f i CurDel.obj
 0001:0000c0b0       ?GetEndList_U@CDrPatch@@QAEPAV?$CList@Ublendend@@U1@@@XZ 1000d0b0 f i CurDel.obj
 0001:0000c0e0       ?GetEndList_V@CDrPatch@@QAEPAV?$CList@Ublendend@@U1@@@XZ 1000d0e0 f i CurDel.obj
 0001:0000c110       ?GetElperSegList_T@CDrPatch@@QAEPAV?$CList@HH@@XZ 1000d110 f i CurDel.obj
 0001:0000c140       ?GetCurveID@CDrPatch@@QAE?AVCString@@H@Z 1000d140 f i CurDel.obj
 0001:0000c190       ?SetCurveID@CDrPatch@@QAEXVCString@@H@Z 1000d190 f i CurDel.obj
 0001:0000c210       ?GetBndryCurve@CDrPatch@@QAEPAVCDrCurve@@H@Z 1000d210 f i CurDel.obj
 0001:0000c240       ?SetCurve@CDrPatch@@QAEXPAVCDrCurve@@H@Z 1000d240 f i CurDel.obj
 0001:0000c270       ?GetCurveLatch@CDrPatch@@QAE?AW4CURVELATCH@@H@Z 1000d270 f i CurDel.obj
 0001:0000c2a0       ?SetCurveLatch@CDrPatch@@QAEXW4CURVELATCH@@H@Z 1000d2a0 f i CurDel.obj
 0001:0000c2d0       ?GetFromIDNode_T@CDrPatch@@QAEPAVCDrNode@@XZ 1000d2d0 f i CurDel.obj
 0001:0000c300       ?SetFromIDNode_T@CDrPatch@@QAEXPAVCDrNode@@@Z 1000d300 f i CurDel.obj
 0001:0000c330       ?GetToIDNode_T@CDrPatch@@QAEPAVCDrNode@@XZ 1000d330 f i CurDel.obj
 0001:0000c360       ?SetToIDNode_T@CDrPatch@@QAEXPAVCDrNode@@@Z 1000d360 f i CurDel.obj
 0001:0000c390       ?GetFromPtLocal_T@CDrPatch@@QAEPAUWORLD@@XZ 1000d390 f i CurDel.obj
 0001:0000c3c0       ?SetFromPtLocal_T@CDrPatch@@QAEXUWORLD@@@Z 1000d3c0 f i CurDel.obj
 0001:0000c400       ?GetToPtLocal_T@CDrPatch@@QAEPAUWORLD@@XZ 1000d400 f i CurDel.obj
 0001:0000c430       ?SetToPtLocal_T@CDrPatch@@QAEXUWORLD@@@Z 1000d430 f i CurDel.obj
 0001:0000c470       ?GetFromPtWorld_T@CDrPatch@@QAEPAUWORLD@@XZ 1000d470 f i CurDel.obj
 0001:0000c4a0       ?SetFromPtWorld_T@CDrPatch@@QAEXUWORLD@@@Z 1000d4a0 f i CurDel.obj
 0001:0000c4e0       ?GetToPtWorld_T@CDrPatch@@QAEPAUWORLD@@XZ 1000d4e0 f i CurDel.obj
 0001:0000c510       ?SetToPtWorld_T@CDrPatch@@QAEXUWORLD@@@Z 1000d510 f i CurDel.obj
 0001:0000c550       ?GetFromPtEye_T@CDrPatch@@QAEPAUWORLD@@XZ 1000d550 f i CurDel.obj
 0001:0000c580       ?SetFromPtEye_T@CDrPatch@@QAEXUWORLD@@@Z 1000d580 f i CurDel.obj
 0001:0000c5c0       ?GetToPtEye_T@CDrPatch@@QAEPAUWORLD@@XZ 1000d5c0 f i CurDel.obj
 0001:0000c5f0       ?SetToPtEye_T@CDrPatch@@QAEXUWORLD@@@Z 1000d5f0 f i CurDel.obj
 0001:0000c630       ?GetAxis_T@CDrPatch@@QAEPAUWORLD@@XZ 1000d630 f i CurDel.obj
 0001:0000c660       ?SetAxis_T@CDrPatch@@QAEXUWORLD@@@Z 1000d660 f i CurDel.obj
 0001:0000c6a0       ?GetExtruType_T@CDrPatch@@QAEHXZ 1000d6a0 f i CurDel.obj
 0001:0000c6d0       ?SetExtruType_T@CDrPatch@@QAEXH@Z 1000d6d0 f i CurDel.obj
 0001:0000c700       ?GetLength_T@CDrPatch@@QAENXZ 1000d700 f i CurDel.obj
 0001:0000c730       ?SetLength_T@CDrPatch@@QAEXN@Z 1000d730 f i CurDel.obj
 0001:0000c770       ?GetWorldLength_T@CDrPatch@@QAE?AUWORLD@@XZ 1000d770 f i CurDel.obj
 0001:0000c7b0       ?SetWorldLength_T@CDrPatch@@QAEXUWORLD@@@Z 1000d7b0 f i CurDel.obj
 0001:0000c7f0       ?GetSegs_T@CDrPatch@@QAEHXZ 1000d7f0 f i CurDel.obj
 0001:0000c820       ?SetSegs_T@CDrPatch@@QAEXH@Z 1000d820 f i CurDel.obj
 0001:0000c850       ?IsAxisInput_T@CDrPatch@@QAEHXZ 1000d850 f i CurDel.obj
 0001:0000c880       ?SetAxisInput_T@CDrPatch@@QAEXH@Z 1000d880 f i CurDel.obj
 0001:0000c8b0       ?GetAxisType_T@CDrPatch@@QAEHXZ 1000d8b0 f i CurDel.obj
 0001:0000c8e0       ?SetAxisType_T@CDrPatch@@QAEXH@Z 1000d8e0 f i CurDel.obj
 0001:0000c910       ?IsNegative_T@CDrPatch@@QAEHXZ 1000d910 f i CurDel.obj
 0001:0000c940       ?SetNegative_T@CDrPatch@@QAEXH@Z 1000d940 f i CurDel.obj
 0001:0000c970       ?GetCircleType_T@CDrPatch@@QAE?AW4CIRCLETYPE@@XZ 1000d970 f i CurDel.obj
 0001:0000c9a0       ?SetCircleType_T@CDrPatch@@QAEXW4CIRCLETYPE@@@Z 1000d9a0 f i CurDel.obj
 0001:0000c9d0       ?GetAng_1_T@CDrPatch@@QAENXZ 1000d9d0 f i CurDel.obj
 0001:0000ca00       ?SetAng_1_T@CDrPatch@@QAEXN@Z 1000da00 f i CurDel.obj
 0001:0000ca40       ?GetAng_2_T@CDrPatch@@QAENXZ 1000da40 f i CurDel.obj
 0001:0000ca70       ?SetAng_2_T@CDrPatch@@QAEXN@Z 1000da70 f i CurDel.obj
 0001:0000cab0       ?GetPatchProc@CDrPatch@@QAE?AW4PATCHPROC@@XZ 1000dab0 f i CurDel.obj
 0001:0000cae0       ?SetPatchProc@CDrPatch@@QAEXW4PATCHPROC@@@Z 1000dae0 f i CurDel.obj
 0001:0000cb10       ?GetPatchType@CDrPatch@@QAE?AW4PATCHTYPE@@XZ 1000db10 f i CurDel.obj
 0001:0000cb40       ?SetPatchType@CDrPatch@@QAEXW4PATCHTYPE@@@Z 1000db40 f i CurDel.obj
 0001:0000cb70       ?GetPatSubType@CDrPatch@@QAE?AW4PATSUBTYPE@@XZ 1000db70 f i CurDel.obj
 0001:0000cba0       ?SetPatSubType@CDrPatch@@QAEXW4PATSUBTYPE@@@Z 1000dba0 f i CurDel.obj
 0001:0000cbd0       ?GetOut_S@CDrPatch@@QAEHXZ 1000dbd0 f i CurDel.obj
 0001:0000cc00       ?SetOut_S@CDrPatch@@QAEXH@Z 1000dc00 f i CurDel.obj
 0001:0000cc30       ?GetOut_T@CDrPatch@@QAEHXZ 1000dc30 f i CurDel.obj
 0001:0000cc60       ?SetOut_T@CDrPatch@@QAEXH@Z 1000dc60 f i CurDel.obj
 0001:0000cc90       ?GetTotalElems@CDrPatch@@QAEJXZ 1000dc90 f i CurDel.obj
 0001:0000ccc0       ?SetTotalElems@CDrPatch@@QAEXJ@Z 1000dcc0 f i CurDel.obj
 0001:0000ccf0       ?GetPtrTangents_S@CDrPatch@@QAEPAUWORLD@@XZ 1000dcf0 f i CurDel.obj
 0001:0000cd20       ?GetPtrTangents_T@CDrPatch@@QAEPAUWORLD@@XZ 1000dd20 f i CurDel.obj
 0001:0000cd50       ?GetPtrNormals@CDrPatch@@QAEPAUWORLD@@XZ 1000dd50 f i CurDel.obj
 0001:0000cd80       ?GetPtrTwists@CDrPatch@@QAEPAUWORLD@@XZ 1000dd80 f i CurDel.obj
 0001:0000cdb0       ?GetMemIn@CDrPatch@@UAEPAUWORLD@@H@Z 1000ddb0 f i CurDel.obj
 0001:0000cde0       ?SetMemIn@CDrPatch@@UAEXPAUWORLD@@H@Z 1000dde0 f i CurDel.obj
 0001:0000ce10       ?SetMemIn@CDrPatch@@UAEXPAUWORLD@@@Z 1000de10 f i CurDel.obj
 0001:0000ce40       ?SetMemInDP@CDrPatch@@UAEXPAUtagPOINT@@@Z 1000de40 f i CurDel.obj
 0001:0000ce70       ?SetMemOut@CDrPatch@@UAEXPAUWORLD@@@Z 1000de70 f i CurDel.obj
 0001:0000cea0       ?SetMemOutDP@CDrPatch@@UAEXPAUtagPOINT@@@Z 1000dea0 f i CurDel.obj
 0001:0000ced0       ?IsUniform_T@CDrPatch@@QAEHXZ 1000ded0 f i CurDel.obj
 0001:0000cf00       ?SetUniform_T@CDrPatch@@QAEXH@Z 1000df00 f i CurDel.obj
 0001:0000cf30       ?GetClass_T@CDrPatch@@QAEHXZ 1000df30 f i CurDel.obj
 0001:0000cf60       ?SetClass_T@CDrPatch@@QAEXH@Z 1000df60 f i CurDel.obj
 0001:0000cf90       ?GetOrder_T@CDrPatch@@QAEHXZ 1000df90 f i CurDel.obj
 0001:0000cfc0       ?SetOrder_T@CDrPatch@@QAEXH@Z 1000dfc0 f i CurDel.obj
 0001:0000cff0       ?GetnDim_T@CDrPatch@@QAEHXZ 1000dff0 f i CurDel.obj
 0001:0000d020       ?SetnDim_T@CDrPatch@@QAEXH@Z 1000e020 f i CurDel.obj
 0001:0000d050       ?GetOutMethod_T@CDrPatch@@QAE?AW4PATCHOUTPUT@@XZ 1000e050 f i CurDel.obj
 0001:0000d080       ?SetOutMethod_T@CDrPatch@@QAEXW4PATCHOUTPUT@@@Z 1000e080 f i CurDel.obj
 0001:0000d0b0       ?GetMaxOutSeg_T@CDrPatch@@QAEHXZ 1000e0b0 f i CurDel.obj
 0001:0000d0e0       ?SetMaxOutSeg_T@CDrPatch@@QAEXH@Z 1000e0e0 f i CurDel.obj
 0001:0000d110       ?GetNum_tPointer_T@CDrPatch@@QAEPAHXZ 1000e110 f i CurDel.obj
 0001:0000d140       ?SetNum_tPointer_T@CDrPatch@@QAEXPAH@Z 1000e140 f i CurDel.obj
 0001:0000d170       ?GetDis_tPointer_T@CDrPatch@@QAEPANXZ 1000e170 f i CurDel.obj
 0001:0000d1a0       ?SetDis_tPointer_T@CDrPatch@@QAEXPAN@Z 1000e1a0 f i CurDel.obj
 0001:0000d1d0       ?GetNum_tPointer_Ex_T@CDrPatch@@QAEPAHXZ 1000e1d0 f i CurDel.obj
 0001:0000d200       ?SetNum_tPointer_Ex_T@CDrPatch@@QAEXPAH@Z 1000e200 f i CurDel.obj
 0001:0000d230       ?GetDis_AngPointer_T@CDrPatch@@QAEPANXZ 1000e230 f i CurDel.obj
 0001:0000d260       ?SetDis_AngPointer_T@CDrPatch@@QAEXPAN@Z 1000e260 f i CurDel.obj
 0001:0000d290       ?GetData_Ex_T@CDrPatch@@QAEHXZ 1000e290 f i CurDel.obj
 0001:0000d2c0       ?SetData_Ex_T@CDrPatch@@QAEXH@Z 1000e2c0 f i CurDel.obj
 0001:0000d2f0       ?IsExpanded_T@CDrPatch@@QAEHXZ 1000e2f0 f i CurDel.obj
 0001:0000d320       ?SetExpanded_T@CDrPatch@@QAEXH@Z 1000e320 f i CurDel.obj
 0001:0000d350       ?GetMaxENodes_T@CDrPatch@@QAEHXZ 1000e350 f i CurDel.obj
 0001:0000d380       ?SetMaxENodes_T@CDrPatch@@QAEXH@Z 1000e380 f i CurDel.obj
 0001:0000d3b0       ?GetRadius_T@CDrPatch@@QAENXZ 1000e3b0 f i CurDel.obj
 0001:0000d3e0       ?SetRadius_T@CDrPatch@@QAEXN@Z 1000e3e0 f i CurDel.obj
 0001:0000d420       ?GetTheta_T@CDrPatch@@QAENXZ 1000e420 f i CurDel.obj
 0001:0000d450       ?SetTheta_T@CDrPatch@@QAEXN@Z 1000e450 f i CurDel.obj
 0001:0000d490       ?GetCenter_T@CDrPatch@@QAE?AUWORLD@@XZ 1000e490 f i CurDel.obj
 0001:0000d4d0       ?SetCenter_T@CDrPatch@@QAEXUWORLD@@@Z 1000e4d0 f i CurDel.obj
 0001:0000d540       ?GetNormal_T@CDrPatch@@QAE?AUWORLD@@XZ 1000e540 f i CurDel.obj
 0001:0000d580       ?SetNormal_T@CDrPatch@@QAEXUWORLD@@@Z 1000e580 f i CurDel.obj
 0001:0000d5f0       ?GetSegAngle_T@CDrPatch@@QAENXZ 1000e5f0 f i CurDel.obj
 0001:0000d620       ?SetSegAngle_T@CDrPatch@@QAEXN@Z 1000e620 f i CurDel.obj
 0001:0000d660       ?IsHole_T@CDrPatch@@QAEHXZ 1000e660 f i CurDel.obj
 0001:0000d690       ?SetHole_T@CDrPatch@@QAEXH@Z 1000e690 f i CurDel.obj
 0001:0000d6c0       ?GetpTangents_T@CDrPatch@@QAEPAUWORLD@@XZ 1000e6c0 f i CurDel.obj
 0001:0000d6f0       ?SetpTangents_T@CDrPatch@@QAEXPAUWORLD@@@Z 1000e6f0 f i CurDel.obj
 0001:0000d720       ?GetpCurvatures_T@CDrPatch@@QAEPANXZ 1000e720 f i CurDel.obj
 0001:0000d750       ?SetpCurvatures_T@CDrPatch@@QAEXPAN@Z 1000e750 f i CurDel.obj
 0001:0000d780       ?GetRatio_T@CDrPatch@@QAENXZ 1000e780 f i CurDel.obj
 0001:0000d7b0       ?SetRatio_T@CDrPatch@@QAEXN@Z 1000e7b0 f i CurDel.obj
 0001:0000d7f0       ?GetTwistType_T@CDrPatch@@QAEHXZ 1000e7f0 f i CurDel.obj
 0001:0000d820       ?SetTwistType_T@CDrPatch@@QAEXH@Z 1000e820 f i CurDel.obj
 0001:0000d850       ?GetTwistList_T@CDrPatch@@QAEPAV?$CList@NN@@XZ 1000e850 f i CurDel.obj
 0001:0000d880       ?GetScaleType_T@CDrPatch@@QAEHXZ 1000e880 f i CurDel.obj
 0001:0000d8b0       ?SetScaleType_T@CDrPatch@@QAEXH@Z 1000e8b0 f i CurDel.obj
 0001:0000d8e0       ?GetScaleList_T@CDrPatch@@QAEPAV?$CList@NN@@XZ 1000e8e0 f i CurDel.obj
 0001:0000d910       ?IsIncTwist_T@CDrPatch@@QAEHXZ 1000e910 f i CurDel.obj
 0001:0000d940       ?SetIncTwist_T@CDrPatch@@QAEXH@Z 1000e940 f i CurDel.obj
 0001:0000d970       ?GetTwistMult_T@CDrPatch@@QAENXZ 1000e970 f i CurDel.obj
 0001:0000d9a0       ?SetTwistMult_T@CDrPatch@@QAEXN@Z 1000e9a0 f i CurDel.obj
 0001:0000d9e0       ?GetTwistStart_T@CDrPatch@@QAENXZ 1000e9e0 f i CurDel.obj
 0001:0000da10       ?SetTwistStart_T@CDrPatch@@QAEXN@Z 1000ea10 f i CurDel.obj
 0001:0000da50       ?IsIncScale_T@CDrPatch@@QAEHXZ 1000ea50 f i CurDel.obj
 0001:0000da80       ?SetIncScale_T@CDrPatch@@QAEXH@Z 1000ea80 f i CurDel.obj
 0001:0000dab0       ?GetScaleMult_T@CDrPatch@@QAENXZ 1000eab0 f i CurDel.obj
 0001:0000dae0       ?SetScaleMult_T@CDrPatch@@QAEXN@Z 1000eae0 f i CurDel.obj
 0001:0000db20       ?GetScaleStart_T@CDrPatch@@QAENXZ 1000eb20 f i CurDel.obj
 0001:0000db50       ?SetScaleStart_T@CDrPatch@@QAEXN@Z 1000eb50 f i CurDel.obj
 0001:0000db90       ?GetWorldTwistMult_T@CDrPatch@@QAE?AUWORLD@@XZ 1000eb90 f i CurDel.obj
 0001:0000dbd0       ?SetWorldTwistMult_T@CDrPatch@@QAEXUWORLD@@@Z 1000ebd0 f i CurDel.obj
 0001:0000dc10       ?GetWorldTwistStart_T@CDrPatch@@QAE?AUWORLD@@XZ 1000ec10 f i CurDel.obj
 0001:0000dc50       ?SetWorldTwistStart_T@CDrPatch@@QAEXUWORLD@@@Z 1000ec50 f i CurDel.obj
 0001:0000dc90       ?GetWorldScaleMult_T@CDrPatch@@QAE?AUWORLD@@XZ 1000ec90 f i CurDel.obj
 0001:0000dcd0       ?SetWorldScaleMult_T@CDrPatch@@QAEXUWORLD@@@Z 1000ecd0 f i CurDel.obj
 0001:0000dd10       ?GetWorldScaleStart_T@CDrPatch@@QAE?AUWORLD@@XZ 1000ed10 f i CurDel.obj
 0001:0000dd50       ?SetWorldScaleStart_T@CDrPatch@@QAEXUWORLD@@@Z 1000ed50 f i CurDel.obj
 0001:0000dd90       ?GetTriangleList@CDrPatch@@UAEPAVCDListMgr@@XZ 1000ed90 f i CurDel.obj
 0001:0000ddc0       ?GetnOutGlo_S@CDrPatch@@QAEHXZ 1000edc0 f i CurDel.obj
 0001:0000ddf0       ?SetnOutGlo_S@CDrPatch@@QAEXH@Z 1000edf0 f i CurDel.obj
 0001:0000de20       ?IsGenBCurve@CDrPatch@@QAEHXZ 1000ee20 f i CurDel.obj
 0001:0000de50       ?SetGenBCurve@CDrPatch@@QAEXH@Z 1000ee50 f i CurDel.obj
 0001:0000de80       ?IsEndCondMode@CSheet_PATI@@QAEHXZ 1000ee80 f i CurDel.obj
 0001:0000deb0       ?SetEndCondMode@CSheet_PATI@@QAEXH@Z 1000eeb0 f i CurDel.obj
 0001:0000dee0       ?Parse_drPipe@CDrFE1D@@UAEXPAVCString@@@Z 1000eee0 f i CurDel.obj
 0001:0000df00       ?DoFormattedCardView@CDrFE1D@@UAEXPAVCString@@AAV2@@Z 1000ef00 f i CurDel.obj
 0001:0000df20       ?DoUnFormattedCardView@CDrFE1D@@UAEXPAVCString@@@Z 1000ef20 f i CurDel.obj
 0001:0000df40       ?GetMaxCorners@CDrFE1D@@UAEHXZ 1000ef40 f i CurDel.obj
 0001:0000df60       ?GetMemIn@CDrFE1D@@UAEPAUWORLD@@XZ 1000ef60 f i CurDel.obj
 0001:0000df90       ?GetMemInWts@CDrFE1D@@UAEPANXZ 1000ef90 f i CurDel.obj
 0001:0000dfc0       ?GetMemInDP@CDrFE1D@@UAEPAUtagPOINT@@XZ 1000efc0 f i CurDel.obj
 0001:0000dff0       ?GetMemOut@CDrFE1D@@UAEPAUWORLD@@XZ 1000eff0 f i CurDel.obj
 0001:0000e020       ?GetMemOutWts@CDrFE1D@@UAEPANXZ 1000f020 f i CurDel.obj
 0001:0000e050       ?GetMemOutDP@CDrFE1D@@UAEPAUtagPOINT@@XZ 1000f050 f i CurDel.obj
 0001:0000e080       ?SetMemIn@CDrFE1D@@UAEXPAUWORLD@@@Z 1000f080 f i CurDel.obj
 0001:0000e0b0       ?SetMemInWts@CDrFE1D@@UAEXPAN@Z 1000f0b0 f i CurDel.obj
 0001:0000e0e0       ?SetMemInDP@CDrFE1D@@UAEXPAUtagPOINT@@@Z 1000f0e0 f i CurDel.obj
 0001:0000e110       ?SetMemOut@CDrFE1D@@UAEXPAUWORLD@@@Z 1000f110 f i CurDel.obj
 0001:0000e140       ?SetMemOutWts@CDrFE1D@@UAEXPAN@Z 1000f140 f i CurDel.obj
 0001:0000e170       ?SetMemOutDP@CDrFE1D@@UAEXPAUtagPOINT@@@Z 1000f170 f i CurDel.obj
 0001:0000e1a0       ?FixMemD@CDrFE1D@@UAEPANJ@Z 1000f1a0 f i CurDel.obj
 0001:0000e1f0       ?FreeMemD@CDrFE1D@@UAEXPAN@Z 1000f1f0 f i CurDel.obj
 0001:0000e220       ?FixMem@CDrFE1D@@UAEPAUWORLD@@J@Z 1000f220 f i CurDel.obj
 0001:0000e270       ?FreeMem@CDrFE1D@@UAEXPAUWORLD@@@Z 1000f270 f i CurDel.obj
 0001:0000e2a0       ?FixMemDP@CDrFE1D@@UAEPAUtagPOINT@@J@Z 1000f2a0 f i CurDel.obj
 0001:0000e2f0       ?FreeMemDP@CDrFE1D@@UAEXPAUtagPOINT@@@Z 1000f2f0 f i CurDel.obj
 0001:0000e320       ?GetnNodes@CDrFE1D@@QAEFXZ 1000f320 f i CurDel.obj
 0001:0000e350       ?SetnNodes@CDrFE1D@@QAEXF@Z 1000f350 f i CurDel.obj
 0001:0000e380       ?GetEdgeDegree@CDrFE1D@@QAEFXZ 1000f380 f i CurDel.obj
 0001:0000e3b0       ?SetEdgeDegree@CDrFE1D@@QAEXF@Z 1000f3b0 f i CurDel.obj
 0001:0000e3e0       ?GetElNumID@CDrFE1D@@QAEAAVCString@@XZ 1000f3e0 f i CurDel.obj
 0001:0000e410       ?SetElNumID@CDrFE1D@@QAEXVCString@@@Z 1000f410 f i CurDel.obj
 0001:0000e490       ?GetElTypeID@CDrFE1D@@QAEAAVCString@@XZ 1000f490 f i CurDel.obj
 0001:0000e4c0       ?SetElTypeID@CDrFE1D@@QAEXVCString@@@Z 1000f4c0 f i CurDel.obj
 0001:0000e540       ?Getline_id@CDrFE1D@@QAEAAVCString@@XZ 1000f540 f i CurDel.obj
 0001:0000e570       ?Setline_id@CDrFE1D@@QAEXVCString@@@Z 1000f570 f i CurDel.obj
 0001:0000e5f0       ?Getrid@CDrFE1D@@UAEAAVCString@@H@Z 1000f5f0 f i CurDel.obj
 0001:0000e620       ?Setrid@CDrFE1D@@UAEXVCString@@H@Z 1000f620 f i CurDel.obj
 0001:0000e6a0       ?Getpid@CDrFE1D@@QAEAAVCString@@XZ 1000f6a0 f i CurDel.obj
 0001:0000e6d0       ?Setpid@CDrFE1D@@QAEXVCString@@@Z 1000f6d0 f i CurDel.obj
 0001:0000e750       ?Getmid@CDrFE1D@@QAEAAVCString@@XZ 1000f750 f i CurDel.obj
 0001:0000e780       ?Setmid@CDrFE1D@@QAEXVCString@@@Z 1000f780 f i CurDel.obj
 0001:0000e800       ?GetElNum@CDrFE1D@@QAEIXZ  1000f800 f i CurDel.obj
 0001:0000e830       ?SetElNum@CDrFE1D@@QAEXI@Z 1000f830 f i CurDel.obj
 0001:0000e860       ?GetElTypeNum@CDrFE1D@@QAEIXZ 1000f860 f i CurDel.obj
 0001:0000e890       ?SetElTypeNum@CDrFE1D@@QAEXI@Z 1000f890 f i CurDel.obj
 0001:0000e8c0       ?Getline_no@CDrFE1D@@QAEIXZ 1000f8c0 f i CurDel.obj
 0001:0000e8f0       ?Setline_no@CDrFE1D@@QAEXI@Z 1000f8f0 f i CurDel.obj
 0001:0000e920       ?Getrel@CDrFE1D@@UAEIH@Z   1000f920 f i CurDel.obj
 0001:0000e950       ?Setrel@CDrFE1D@@UAEXIH@Z  1000f950 f i CurDel.obj
 0001:0000e980       ?Getprop@CDrFE1D@@QAEIXZ   1000f980 f i CurDel.obj
 0001:0000e9b0       ?Setprop@CDrFE1D@@QAEXI@Z  1000f9b0 f i CurDel.obj
 0001:0000e9e0       ?Getmat@CDrFE1D@@QAEIXZ    1000f9e0 f i CurDel.obj
 0001:0000ea10       ?Setmat@CDrFE1D@@QAEXI@Z   1000fa10 f i CurDel.obj
 0001:0000ea40       ?Getnumseg@CDrFE1D@@QAEIXZ 1000fa40 f i CurDel.obj
 0001:0000ea70       ?Setnumseg@CDrFE1D@@QAEXI@Z 1000fa70 f i CurDel.obj
 0001:0000eaa0       ?GetRefTemp@CDrFE1D@@QAENXZ 1000faa0 f i CurDel.obj
 0001:0000ead0       ?SetRefTemp@CDrFE1D@@QAEXN@Z 1000fad0 f i CurDel.obj
 0001:0000eb10       ?GetCardNo@CDrFE1D@@QAEIXZ 1000fb10 f i CurDel.obj
 0001:0000eb40       ?SetCardNo@CDrFE1D@@QAEXI@Z 1000fb40 f i CurDel.obj
 0001:0000eb70       ?GetCenter@CDrFE1D@@UAE?AUtagPOINT@@XZ 1000fb70 f i CurDel.obj
 0001:0000ebb0       ?SetCenter@CDrFE1D@@UAEXUtagPOINT@@@Z 1000fbb0 f i CurDel.obj
 0001:0000ebf0       ?Parse_drPipe@CDrFE2D@@UAEXPAVCString@@@Z 1000fbf0 f i CurDel.obj
 0001:0000ec10       ?DoFormattedCardView@CDrFE2D@@UAEXPAVCString@@AAV2@@Z 1000fc10 f i CurDel.obj
 0001:0000ec30       ?DoUnFormattedCardView@CDrFE2D@@UAEXPAVCString@@@Z 1000fc30 f i CurDel.obj
 0001:0000ec50       ?GetMaxCorners@CDrFE2D@@UAEHXZ 1000fc50 f i CurDel.obj
 0001:0000ec80       ?GetCentroidScreen2D@CDrFE2D@@UAEPAUtagPOINT@@XZ 1000fc80 f i CurDel.obj
 0001:0000ecb0       ?SetCentroidScreen2D@CDrFE2D@@UAEXUtagPOINT@@@Z 1000fcb0 f i CurDel.obj
 0001:0000ecf0       ?GetCentroidScreen3D@CDrFE2D@@UAEPAUWORLD@@XZ 1000fcf0 f i CurDel.obj
 0001:0000ed20       ?SetCentroidScreen3D@CDrFE2D@@UAEXUWORLD@@@Z 1000fd20 f i CurDel.obj
 0001:0000ed60       ?GetCentroidEye@CDrFE2D@@UAEPAUWORLD@@XZ 1000fd60 f i CurDel.obj
 0001:0000ed90       ?SetCentroidEye@CDrFE2D@@UAEXUWORLD@@@Z 1000fd90 f i CurDel.obj
 0001:0000edd0       ?GetCentroidWorld@CDrFE2D@@UAEPAUWORLD@@XZ 1000fdd0 f i CurDel.obj
 0001:0000ee00       ?SetCentroidWorld@CDrFE2D@@UAEXUWORLD@@@Z 1000fe00 f i CurDel.obj
 0001:0000ee40       ?GetCentroidZdepth@CDrFE2D@@UAENXZ 1000fe40 f i CurDel.obj
 0001:0000ee70       ?SetCentroidZdepth@CDrFE2D@@UAEXN@Z 1000fe70 f i CurDel.obj
 0001:0000eeb0       ?GetNormalWorld@CDrFE2D@@UAEPAUWORLD@@XZ 1000feb0 f i CurDel.obj
 0001:0000eee0       ?SetNormalWorld@CDrFE2D@@UAEXUWORLD@@@Z 1000fee0 f i CurDel.obj
 0001:0000ef20       ?GetNormalEye@CDrFE2D@@UAEPAUWORLD@@XZ 1000ff20 f i CurDel.obj
 0001:0000ef50       ?SetNormalEye@CDrFE2D@@UAEXUWORLD@@@Z 1000ff50 f i CurDel.obj
 0001:0000ef90       ?GetNormalScreen3D@CDrFE2D@@UAEPAUWORLD@@XZ 1000ff90 f i CurDel.obj
 0001:0000efc0       ?SetNormalScreen3D@CDrFE2D@@UAEXUWORLD@@@Z 1000ffc0 f i CurDel.obj
 0001:0000f000       ?GetNormalScreen2D@CDrFE2D@@UAEPAUtagPOINT@@XZ 10010000 f i CurDel.obj
 0001:0000f030       ?SetNormalScreen2D@CDrFE2D@@UAEXUtagPOINT@@@Z 10010030 f i CurDel.obj
 0001:0000f070       ?IsCulled@CDrFE2D@@UAEHXZ  10010070 f i CurDel.obj
 0001:0000f0a0       ?SetCulled@CDrFE2D@@UAEXH@Z 100100a0 f i CurDel.obj
 0001:0000f0d0       ?GetnNodes@CDrFE2D@@QAEFXZ 100100d0 f i CurDel.obj
 0001:0000f100       ?SetnNodes@CDrFE2D@@QAEXF@Z 10010100 f i CurDel.obj
 0001:0000f130       ?GetnEdgeNodes@CDrFE2D@@QAEFXZ 10010130 f i CurDel.obj
 0001:0000f160       ?SetnEdgeNodes@CDrFE2D@@QAEXF@Z 10010160 f i CurDel.obj
 0001:0000f190       ?GetElNumID@CDrFE2D@@QAEAAVCString@@XZ 10010190 f i CurDel.obj
 0001:0000f1c0       ?SetElNumID@CDrFE2D@@QAEXVCString@@@Z 100101c0 f i CurDel.obj
 0001:0000f240       ?GetElTypeID@CDrFE2D@@QAEAAVCString@@XZ 10010240 f i CurDel.obj
 0001:0000f270       ?SetElTypeID@CDrFE2D@@QAEXVCString@@@Z 10010270 f i CurDel.obj
 0001:0000f2f0       ?Getline_id@CDrFE2D@@QAEAAVCString@@XZ 100102f0 f i CurDel.obj
 0001:0000f320       ?Setline_id@CDrFE2D@@QAEXVCString@@@Z 10010320 f i CurDel.obj
 0001:0000f3a0       ?Getpid@CDrFE2D@@QAEAAVCString@@XZ 100103a0 f i CurDel.obj
 0001:0000f3d0       ?Setpid@CDrFE2D@@QAEXVCString@@@Z 100103d0 f i CurDel.obj
 0001:0000f450       ?Getmid@CDrFE2D@@QAEAAVCString@@XZ 10010450 f i CurDel.obj
 0001:0000f480       ?Setmid@CDrFE2D@@QAEXVCString@@@Z 10010480 f i CurDel.obj
 0001:0000f500       ?GetElNum@CDrFE2D@@QAEIXZ  10010500 f i CurDel.obj
 0001:0000f530       ?SetElNum@CDrFE2D@@QAEXI@Z 10010530 f i CurDel.obj
 0001:0000f560       ?GetElTypeNum@CDrFE2D@@QAEIXZ 10010560 f i CurDel.obj
 0001:0000f590       ?SetElTypeNum@CDrFE2D@@QAEXI@Z 10010590 f i CurDel.obj
 0001:0000f5c0       ?Getline_no@CDrFE2D@@QAEIXZ 100105c0 f i CurDel.obj
 0001:0000f5f0       ?Setline_no@CDrFE2D@@QAEXI@Z 100105f0 f i CurDel.obj
 0001:0000f620       ?Getprop@CDrFE2D@@QAEIXZ   10010620 f i CurDel.obj
 0001:0000f650       ?Setprop@CDrFE2D@@QAEXI@Z  10010650 f i CurDel.obj
 0001:0000f680       ?Getmat@CDrFE2D@@QAEIXZ    10010680 f i CurDel.obj
 0001:0000f6b0       ?Setmat@CDrFE2D@@QAEXI@Z   100106b0 f i CurDel.obj
 0001:0000f6e0       ?Getnumseg@CDrFE2D@@QAEIXZ 100106e0 f i CurDel.obj
 0001:0000f710       ?Setnumseg@CDrFE2D@@QAEXI@Z 10010710 f i CurDel.obj
 0001:0000f740       ?GetRefTemp@CDrFE2D@@QAENXZ 10010740 f i CurDel.obj
 0001:0000f770       ?SetRefTemp@CDrFE2D@@QAEXN@Z 10010770 f i CurDel.obj
 0001:0000f7b0       ?GetCardNo@CDrFE2D@@QAEIXZ 100107b0 f i CurDel.obj
 0001:0000f7e0       ?SetCardNo@CDrFE2D@@QAEXI@Z 100107e0 f i CurDel.obj
 0001:0000f810       ?GetCenter@CDrFE2D@@UAE?AUtagPOINT@@XZ 10010810 f i CurDel.obj
 0001:0000f850       ?SetCenter@CDrFE2D@@UAEXUtagPOINT@@@Z 10010850 f i CurDel.obj
 0001:0000f890       ?IsPosiEdge@CDrFE2D@@QAEHH@Z 10010890 f i CurDel.obj
 0001:0000f8c0       ?SetPosiEdge@CDrFE2D@@QAEXHH@Z 100108c0 f i CurDel.obj
 0001:0000f8f0       ?Getrid@CDrFE2D@@UAEAAVCString@@H@Z 100108f0 f i CurDel.obj
 0001:0000f920       ?Setrid@CDrFE2D@@UAEXVCString@@H@Z 10010920 f i CurDel.obj
 0001:0000f9a0       ?Getrel@CDrFE2D@@UAEIH@Z   100109a0 f i CurDel.obj
 0001:0000f9d0       ?Setrel@CDrFE2D@@UAEXIH@Z  100109d0 f i CurDel.obj
 0001:0000fa00       ?GetnCorners@CDrFE2D@@UAEFXZ 10010a00 f i CurDel.obj
 0001:0000fa30       ?SetnCorners@CDrFE2D@@UAEXF@Z 10010a30 f i CurDel.obj
 0001:0000fa60       ?GetnEdges@CDrFE2D@@UAEFXZ 10010a60 f i CurDel.obj
 0001:0000fa90       ?SetnEdges@CDrFE2D@@UAEXF@Z 10010a90 f i CurDel.obj
 0001:0000fac0       ?GetElDegree@CDrFE2D@@UAE?AW4ELEM_DEGREE@@XZ 10010ac0 f i CurDel.obj
 0001:0000faf0       ?SetElDegree@CDrFE2D@@UAEXW4ELEM_DEGREE@@@Z 10010af0 f i CurDel.obj
 0001:0000fb20       ?GetEdgeDegrees@CDrFE2D@@UAEFH@Z 10010b20 f i CurDel.obj
 0001:0000fb50       ?SetEdgeDegrees@CDrFE2D@@UAEXFH@Z 10010b50 f i CurDel.obj
 0001:0000fb80       ?GetThkness@CDrFE2D@@UAENXZ 10010b80 f i CurDel.obj
 0001:0000fbb0       ?SetThkness@CDrFE2D@@UAEXN@Z 10010bb0 f i CurDel.obj
 0001:0000fbf0       ?IsNormalNeeded@CDrSolid@@UAEHXZ 10010bf0 f i CurDel.obj
 0001:0000fc20       ?SetNormalNeed@CDrSolid@@UAEXH@Z 10010c20 f i CurDel.obj
 0001:0000fc50       ?GetCurveType_R@CDrSolid@@QAE?AW4CURVEPROC@@XZ 10010c50 f i CurDel.obj
 0001:0000fc80       ?SetCurveType_R@CDrSolid@@QAEXW4CURVEPROC@@@Z 10010c80 f i CurDel.obj
 0001:0000fcb0       ?GetOutSegUnif_R@CDrSolid@@QAEHXZ 10010cb0 f i CurDel.obj
 0001:0000fce0       ?SetOutSegUnif_R@CDrSolid@@QAEXH@Z 10010ce0 f i CurDel.obj
 0001:0000fd10       ?IsClosed_R@CDrSolid@@QAEHXZ 10010d10 f i CurDel.obj
 0001:0000fd40       ?SetClosed_R@CDrSolid@@QAEXH@Z 10010d40 f i CurDel.obj
 0001:0000fd70       ?GetSolidObjectType@CDrSolid@@QAEHXZ 10010d70 f i CurDel.obj
 0001:0000fda0       ?SetSolidObjectType@CDrSolid@@QAEXH@Z 10010da0 f i CurDel.obj
 0001:0000fdd0       ?GetMaxBezSegments_R@CDrSolid@@QAEHXZ 10010dd0 f i CurDel.obj
 0001:0000fe00       ?SetMaxBezSegments_R@CDrSolid@@QAEXH@Z 10010e00 f i CurDel.obj
 0001:0000fe30       ?GetMaxCNodes_R@CDrSolid@@QAEHXZ 10010e30 f i CurDel.obj
 0001:0000fe60       ?SetMaxCNodes_R@CDrSolid@@QAEXH@Z 10010e60 f i CurDel.obj
 0001:0000fe90       ?GetMaxOutPts_R@CDrSolid@@QAEHXZ 10010e90 f i CurDel.obj
 0001:0000fec0       ?SetMaxOutPts_R@CDrSolid@@QAEXH@Z 10010ec0 f i CurDel.obj
 0001:0000fef0       ?GetPatchID@CDrSolid@@QAE?AVCString@@H@Z 10010ef0 f i CurDel.obj
 0001:0000ff40       ?SetPatchID@CDrSolid@@QAEXVCString@@H@Z 10010f40 f i CurDel.obj
 0001:0000ffc0       ?GetFromIDNode_R@CDrSolid@@QAEPAVCDrNode@@XZ 10010fc0 f i CurDel.obj
 0001:0000fff0       ?SetFromIDNode_R@CDrSolid@@QAEXPAVCDrNode@@@Z 10010ff0 f i CurDel.obj
 0001:00010020       ?GetToIDNode_R@CDrSolid@@QAEPAVCDrNode@@XZ 10011020 f i CurDel.obj
 0001:00010050       ?SetToIDNode_R@CDrSolid@@QAEXPAVCDrNode@@@Z 10011050 f i CurDel.obj
 0001:00010080       ?GetFromPtLocal_R@CDrSolid@@QAEPAUWORLD@@XZ 10011080 f i CurDel.obj
 0001:000100b0       ?SetFromPtLocal_R@CDrSolid@@QAEXUWORLD@@@Z 100110b0 f i CurDel.obj
 0001:000100f0       ?GetToPtLocal_R@CDrSolid@@QAEPAUWORLD@@XZ 100110f0 f i CurDel.obj
 0001:00010120       ?SetToPtLocal_R@CDrSolid@@QAEXUWORLD@@@Z 10011120 f i CurDel.obj
 0001:00010160       ?GetFromPtWorld_R@CDrSolid@@QAEPAUWORLD@@XZ 10011160 f i CurDel.obj
 0001:00010190       ?SetFromPtWorld_R@CDrSolid@@QAEXUWORLD@@@Z 10011190 f i CurDel.obj
 0001:000101d0       ?GetToPtWorld_R@CDrSolid@@QAEPAUWORLD@@XZ 100111d0 f i CurDel.obj
 0001:00010200       ?SetToPtWorld_R@CDrSolid@@QAEXUWORLD@@@Z 10011200 f i CurDel.obj
 0001:00010240       ?GetFromPtEye_R@CDrSolid@@QAEPAUWORLD@@XZ 10011240 f i CurDel.obj
 0001:00010270       ?SetFromPtEye_R@CDrSolid@@QAEXUWORLD@@@Z 10011270 f i CurDel.obj
 0001:000102b0       ?GetToPtEye_R@CDrSolid@@QAEPAUWORLD@@XZ 100112b0 f i CurDel.obj
 0001:000102e0       ?SetToPtEye_R@CDrSolid@@QAEXUWORLD@@@Z 100112e0 f i CurDel.obj
 0001:00010320       ?GetAxis_R@CDrSolid@@QAEPAUWORLD@@XZ 10011320 f i CurDel.obj
 0001:00010350       ?SetAxis_R@CDrSolid@@QAEXUWORLD@@@Z 10011350 f i CurDel.obj
 0001:00010390       ?GetExtruType_R@CDrSolid@@QAEHXZ 10011390 f i CurDel.obj
 0001:000103c0       ?SetExtruType_R@CDrSolid@@QAEXH@Z 100113c0 f i CurDel.obj
 0001:000103f0       ?GetLength_R@CDrSolid@@QAENXZ 100113f0 f i CurDel.obj
 0001:00010420       ?SetLength_R@CDrSolid@@QAEXN@Z 10011420 f i CurDel.obj
 0001:00010460       ?GetWorldLength_R@CDrSolid@@QAE?AUWORLD@@XZ 10011460 f i CurDel.obj
 0001:000104a0       ?SetWorldLength_R@CDrSolid@@QAEXUWORLD@@@Z 100114a0 f i CurDel.obj
 0001:000104e0       ?GetSegs_R@CDrSolid@@QAEHXZ 100114e0 f i CurDel.obj
 0001:00010510       ?SetSegs_R@CDrSolid@@QAEXH@Z 10011510 f i CurDel.obj
 0001:00010540       ?GetSolidProc@CDrSolid@@QAE?AW4SOLIDPROC@@XZ 10011540 f i CurDel.obj
 0001:00010570       ?SetSolidProc@CDrSolid@@QAEXW4SOLIDPROC@@@Z 10011570 f i CurDel.obj
 0001:000105a0       ?GetSolidType@CDrSolid@@QAE?AW4SOLIDTYPE@@XZ 100115a0 f i CurDel.obj
 0001:000105d0       ?SetSolidType@CDrSolid@@QAEXW4SOLIDTYPE@@@Z 100115d0 f i CurDel.obj
 0001:00010600       ?GetSolSubType@CDrSolid@@QAE?AW4SOLSUBTYPE@@XZ 10011600 f i CurDel.obj
 0001:00010630       ?SetSolSubType@CDrSolid@@QAEXW4SOLSUBTYPE@@@Z 10011630 f i CurDel.obj
 0001:00010660       ?GetOut_R@CDrSolid@@QAEHXZ 10011660 f i CurDel.obj
 0001:00010690       ?SetOut_R@CDrSolid@@QAEXH@Z 10011690 f i CurDel.obj
 0001:000106c0       ?IsUniform_R@CDrSolid@@QAEHXZ 100116c0 f i CurDel.obj
 0001:000106f0       ?SetUniform_R@CDrSolid@@QAEXH@Z 100116f0 f i CurDel.obj
 0001:00010720       ?GetOrder_R@CDrSolid@@QAEHXZ 10011720 f i CurDel.obj
 0001:00010750       ?SetOrder_R@CDrSolid@@QAEXH@Z 10011750 f i CurDel.obj
 0001:00010780       ?GetnDim_R@CDrSolid@@QAEHXZ 10011780 f i CurDel.obj
 0001:000107b0       ?SetnDim_R@CDrSolid@@QAEXH@Z 100117b0 f i CurDel.obj
 0001:000107e0       ?GetOutMethod_R@CDrSolid@@QAE?AW4SOLIDOUTPUT@@XZ 100117e0 f i CurDel.obj
 0001:00010810       ?SetOutMethod_R@CDrSolid@@QAEXW4SOLIDOUTPUT@@@Z 10011810 f i CurDel.obj
 0001:00010840       ?GetMaxOutSeg_R@CDrSolid@@QAEHXZ 10011840 f i CurDel.obj
 0001:00010870       ?SetMaxOutSeg_R@CDrSolid@@QAEXH@Z 10011870 f i CurDel.obj
 0001:000108a0       ?GetNum_tPointer_R@CDrSolid@@QAEPAHXZ 100118a0 f i CurDel.obj
 0001:000108d0       ?SetNum_tPointer_R@CDrSolid@@QAEXPAH@Z 100118d0 f i CurDel.obj
 0001:00010900       ?GetDis_tPointer_R@CDrSolid@@QAEPANXZ 10011900 f i CurDel.obj
 0001:00010930       ?SetDis_tPointer_R@CDrSolid@@QAEXPAN@Z 10011930 f i CurDel.obj
 0001:00010960       ?GetNum_tPointer_Ex_R@CDrSolid@@QAEPAHXZ 10011960 f i CurDel.obj
 0001:00010990       ?SetNum_tPointer_Ex_R@CDrSolid@@QAEXPAH@Z 10011990 f i CurDel.obj
 0001:000109c0       ?GetDis_AngPointer_R@CDrSolid@@QAEPANXZ 100119c0 f i CurDel.obj
 0001:000109f0       ?SetDis_AngPointer_R@CDrSolid@@QAEXPAN@Z 100119f0 f i CurDel.obj
 0001:00010a20       ?GetNum_tPointer_ST@CDrSolid@@QAEPAHXZ 10011a20 f i CurDel.obj
 0001:00010a50       ?SetNum_tPointer_ST@CDrSolid@@QAEXPAH@Z 10011a50 f i CurDel.obj
 0001:00010a80       ?GetDis_tPointer_ST@CDrSolid@@QAEPANXZ 10011a80 f i CurDel.obj
 0001:00010ab0       ?SetDis_tPointer_ST@CDrSolid@@QAEXPAN@Z 10011ab0 f i CurDel.obj
 0001:00010ae0       ?GetNum_tPointer_Ex_ST@CDrSolid@@QAEPAHXZ 10011ae0 f i CurDel.obj
 0001:00010b10       ?SetNum_tPointer_Ex_ST@CDrSolid@@QAEXPAH@Z 10011b10 f i CurDel.obj
 0001:00010b40       ?GetDis_AngPointer_ST@CDrSolid@@QAEPANXZ 10011b40 f i CurDel.obj
 0001:00010b70       ?SetDis_AngPointer_ST@CDrSolid@@QAEXPAN@Z 10011b70 f i CurDel.obj
 0001:00010ba0       ?GetData_Ex_R@CDrSolid@@QAEHXZ 10011ba0 f i CurDel.obj
[...]
 0004:000009ec       __imp_??0CDynLinkLibrary@@QAE@AAUAFX_EXTENSION_MODULE@@H@Z 100af9ec     mfc42d:MFC42D.DLL
 0004:000009f0       __imp_?AfxInitExtensionModule@@YGHAAUAFX_EXTENSION_MODULE@@PAUHINSTANCE__@@@Z 100af9f0     mfc42d:MFC42D.DLL
 0004:000009f4       __imp_?GetHead@CObList@@QAEAAPAVCObject@@XZ 100af9f4     mfc42d:MFC42D.DLL
 0004:000009f8       __imp_??5CArchive@@QAEAAV0@AAG@Z 100af9f8     mfc42d:MFC42D.DLL
 0004:000009fc       __imp_??5CArchive@@QAEAAV0@AAE@Z 100af9fc     mfc42d:MFC42D.DLL
 0004:00000a00       __imp_??6CArchive@@QAEAAV0@G@Z 100afa00     mfc42d:MFC42D.DLL
 0004:00000a04       __imp_?AfxMessageBox@@YGHPBDII@Z 100afa04     mfc42d:MFC42D.DLL
 0004:00000a08       __imp_??6CArchive@@QAEAAV0@E@Z 100afa08     mfc42d:MFC42D.DLL
 0004:00000a0c       __imp_?Invalidate@CWnd@@QAEXH@Z 100afa0c     mfc42d:MFC42D.DLL
 0004:00000a10       __imp_?GetTail@CObList@@QAEAAPAVCObject@@XZ 100afa10     mfc42d:MFC42D.DLL
 0004:00000a14       __imp_??9@YG_NABVCString@@PBD@Z 100afa14     mfc42d:MFC42D.DLL
 0004:00000a18       __imp_?AfxTrace@@YAXPBDZZ  100afa18     mfc42d:MFC42D.DLL
 0004:00000a1c       \177MFC42D_NULL_THUNK_DATA 100afa1c     mfc42d:MFC42D.DLL
 0004:00000a80       __imp_?LOGtoWIC@CMouse@@IAEXPAULPOINT3@@PAULPOINT@@@Z 100afa80     MMgr_D32:MMgr_D32.dll
 0004:00000a84       __imp_?WORtoWOP@CMouse@@QAEXPAUWORLD@@0@Z 100afa84     MMgr_D32:MMgr_D32.dll
 0004:00000a88       __imp_??1CMouse@@UAE@XZ    100afa88     MMgr_D32:MMgr_D32.dll
 0004:00000a8c       __imp_??0CMouse@@QAE@XZ    100afa8c     MMgr_D32:MMgr_D32.dll
 0004:00000a90       __imp_?classCMouse@CMouse@@2UCRuntimeClass@@A 100afa90     MMgr_D32:MMgr_D32.dll
 0004:00000a94       __imp_?WORtoWOP@CMouse@@QAEXPAN0@Z 100afa94     MMgr_D32:MMgr_D32.dll
 0004:00000a98       __imp_?IsObjectHit@CMouse@@IAEHHUtagPOINT@@H@Z 100afa98     MMgr_D32:MMgr_D32.dll
 0004:00000a9c       __imp_?Serialize@CMouse@@UAEXAAVCArchive@@@Z 100afa9c     MMgr_D32:MMgr_D32.dll
 0004:00000aa0       \177MMgr_D32_NULL_THUNK_DATA 100afaa0     MMgr_D32:MMgr_D32.dll
 0004:00000ad0       __imp___initterm           100afad0     msvcrtd:MSVCRTD.dll
 0004:00000ad4       __imp___malloc_dbg         100afad4     msvcrtd:MSVCRTD.dll
 0004:00000ad8       __imp___adjust_fdiv        100afad8     msvcrtd:MSVCRTD.dll
 0004:00000adc       __imp____dllonexit         100afadc     msvcrtd:MSVCRTD.dll
 0004:00000ae0       __imp___free_dbg           100afae0     msvcrtd:MSVCRTD.dll
 0004:00000ae4       __imp_?terminate@@YAXXZ    100afae4     msvcrtd:MSVCRTD.dll
 0004:00000ae8       __imp___onexit             100afae8     msvcrtd:MSVCRTD.dll
 0004:00000aec       __imp____CxxFrameHandler   100afaec     msvcrtd:MSVCRTD.dll
 0004:00000af0       __imp__sqrt                100afaf0     msvcrtd:MSVCRTD.dll
 0004:00000af4       __imp__sprintf             100afaf4     msvcrtd:MSVCRTD.dll
 0004:00000af8       __imp__memset              100afaf8     msvcrtd:MSVCRTD.dll
 0004:00000afc       __imp_??1type_info@@UAE@XZ 100afafc     msvcrtd:MSVCRTD.dll
 0004:00000b00       __imp___except_handler3    100afb00     msvcrtd:MSVCRTD.dll
 0004:00000b04       \177MSVCRTD_NULL_THUNK_DATA 100afb04     msvcrtd:MSVCRTD.dll
 0004:00000b38       __imp_??0CSLDPat@@QAE@XZ   100afb38     MStL_D32:MStL_D32.dll
 0004:00000b3c       __imp_?ShowInfo_NodeStaticLoad@CSLDNod@@QAEHPAVCDrNode@@PADHAAVCString@@@Z 100afb3c     MStL_D32:MStL_D32.dll
 0004:00000b40       __imp_?ShowInfo_PatchStaticLoad@CSLDPat@@QAEHPAVCDrPatch@@PADHAAVCString@@@Z 100afb40     MStL_D32:MStL_D32.dll
 0004:00000b44       __imp_?ShowInfo_CurveStaticLoad@CSLDCur@@QAEHPAVCDrCurve@@PADHAAVCString@@@Z 100afb44     MStL_D32:MStL_D32.dll
 0004:00000b48       __imp_??1CSLDPat@@UAE@XZ   100afb48     MStL_D32:MStL_D32.dll
 0004:00000b4c       \177MStL_D32_NULL_THUNK_DATA 100afb4c     MStL_D32:MStL_D32.dll
 0004:00000b7c       __imp_?GetRuntimeClass@CTriangle@@UBEPAUCRuntimeClass@@XZ 100afb7c     OGen_D32:OGEN_D32.dll
 0004:00000b80       \177OGEN_D32_NULL_THUNK_DATA 100afb80     OGen_D32:OGEN_D32.dll
 0004:00000bac       __imp_?UpdateAllViewsWithActiveIndex@CObjectMgr@@QAEXPAVCView@@IH@Z 100afbac     OMgr_D32:OMgr_D32.dll
 0004:00000bb0       __imp_?GetSpecObject@CObjectMgr@@QAEPAVCDrObject@@H@Z 100afbb0     OMgr_D32:OMgr_D32.dll
 0004:00000bb4       \177OMgr_D32_NULL_THUNK_DATA 100afbb4     OMgr_D32:OMgr_D32.dll
 0004:00000be0       __imp_?GetObjectInfo@CUnit@@UAEXPAVCDrObject@@@Z 100afbe0     Spec_d32:Spec_D32.dll
 0004:00000be4       __imp_?Pack_drPipe@CUnit@@UAEXPAVCString@@@Z 100afbe4     Spec_d32:Spec_D32.dll
 0004:00000be8       __imp_?DoDataView@CUnit@@UAEXPAVCDC@@H@Z 100afbe8     Spec_d32:Spec_D32.dll
 0004:00000bec       __imp_?Serialize@CUnit@@UAEXAAVCArchive@@@Z 100afbec     Spec_d32:Spec_D32.dll
 0004:00000bf0       __imp_?GetRuntimeClass@CUnit@@UBEPAUCRuntimeClass@@XZ 100afbf0     Spec_d32:Spec_D32.dll
 0004:00000bf4       __imp_?SetObjectInfo@CUnit@@UAEXPAVCDrObject@@@Z 100afbf4     Spec_d32:Spec_D32.dll
 0004:00000bf8       __imp_?InsertObject@CDListMgr@@QAEHPAVCObject@@@Z 100afbf8     Spec_d32:Spec_D32.dll
 0004:00000bfc       __imp_?GetObjectIndex@CDListMgr@@QAEHPAVCObject@@@Z 100afbfc     Spec_d32:Spec_D32.dll
 0004:00000c00       __imp_??0CDListMgr@@QAE@XZ 100afc00     Spec_d32:Spec_D32.dll
 0004:00000c04       __imp_?GetObjectIndex@CDListMgr@@QAEHIVCString@@@Z 100afc04     Spec_d32:Spec_D32.dll
 0004:00000c08       __imp_?GetObjectA@CDListMgr@@QAEPAVCObject@@H@Z 100afc08     Spec_d32:Spec_D32.dll
 0004:00000c0c       __imp_?GetNextObject@CDListMgr@@QAEPAVCObject@@AAPAU__POSITION@@@Z 100afc0c     Spec_d32:Spec_D32.dll
 0004:00000c10       __imp_?ReadDefaultUnit@CUnit@@UAEXXZ 100afc10     Spec_d32:Spec_D32.dll
 0004:00000c14       __imp_?InitUnit@CUnit@@UAEXXZ 100afc14     Spec_d32:Spec_D32.dll
 0004:00000c18       __imp_?GetRuntimeClass@CScaleFactor@@UBEPAUCRuntimeClass@@XZ 100afc18     Spec_d32:Spec_D32.dll
 0004:00000c1c       __imp_?Serialize@CScaleFactor@@UAEXAAVCArchive@@@Z 100afc1c     Spec_d32:Spec_D32.dll
 0004:00000c20       __imp_?DoDataView@CScaleFactor@@UAEXPAVCDC@@H@Z 100afc20     Spec_d32:Spec_D32.dll
 0004:00000c24       __imp_?Pack_drPipe@CScaleFactor@@UAEXPAVCString@@@Z 100afc24     Spec_d32:Spec_D32.dll
 0004:00000c28       __imp_?GetObjectInfo@CScaleFactor@@UAEXPAVCDrObject@@@Z 100afc28     Spec_d32:Spec_D32.dll
 0004:00000c2c       __imp_?SetObjectInfo@CScaleFactor@@UAEXPAVCDrObject@@@Z 100afc2c     Spec_d32:Spec_D32.dll
 0004:00000c30       __imp_?ReadDefaultScaleFactor@CScaleFactor@@UAEXXZ 100afc30     Spec_d32:Spec_D32.dll
 0004:00000c34       __imp_?InitScaleFactor@CScaleFactor@@UAEXXZ 100afc34     Spec_d32:Spec_D32.dll
 0004:00000c38       __imp_?GetRuntimeClass@CPrecision@@UBEPAUCRuntimeClass@@XZ 100afc38     Spec_d32:Spec_D32.dll
 0004:00000c3c       __imp_?Serialize@CPrecision@@UAEXAAVCArchive@@@Z 100afc3c     Spec_d32:Spec_D32.dll
 0004:00000c40       __imp_?DoDataView@CPrecision@@UAEXPAVCDC@@H@Z 100afc40     Spec_d32:Spec_D32.dll
 0004:00000c44       __imp_?Pack_drPipe@CPrecision@@UAEXPAVCString@@@Z 100afc44     Spec_d32:Spec_D32.dll
 0004:00000c48       __imp_?GetObjectInfo@CPrecision@@UAEXPAVCDrObject@@@Z 100afc48     Spec_d32:Spec_D32.dll
 0004:00000c4c       __imp_?SetObjectInfo@CPrecision@@UAEXPAVCDrObject@@@Z 100afc4c     Spec_d32:Spec_D32.dll
 0004:00000c50       __imp_?ReadDefaultPrecision@CPrecision@@UAEXXZ 100afc50     Spec_d32:Spec_D32.dll
 0004:00000c54       __imp_?InitPrecision@CPrecision@@UAEXXZ 100afc54     Spec_d32:Spec_D32.dll
 0004:00000c58       __imp_?GetRuntimeClass@CMapFactor@@UBEPAUCRuntimeClass@@XZ 100afc58     Spec_d32:Spec_D32.dll
 0004:00000c5c       __imp_?Serialize@CMapFactor@@UAEXAAVCArchive@@@Z 100afc5c     Spec_d32:Spec_D32.dll
 0004:00000c60       __imp_?DoDataView@CMapFactor@@UAEXPAVCDC@@H@Z 100afc60     Spec_d32:Spec_D32.dll
 0004:00000c64       __imp_?Pack_drPipe@CMapFactor@@UAEXPAVCString@@@Z 100afc64     Spec_d32:Spec_D32.dll
 0004:00000c68       __imp_?GetObjectInfo@CMapFactor@@UAEXPAVCDrObject@@@Z 100afc68     Spec_d32:Spec_D32.dll
 0004:00000c6c       __imp_?SetObjectInfo@CMapFactor@@UAEXPAVCDrObject@@@Z 100afc6c     Spec_d32:Spec_D32.dll
 0004:00000c70       __imp_?ReadDefaultMapFactor@CMapFactor@@UAEXXZ 100afc70     Spec_d32:Spec_D32.dll
 0004:00000c74       __imp_?InitMapFactor@CMapFactor@@UAEXXZ 100afc74     Spec_d32:Spec_D32.dll
 0004:00000c78       __imp_?GetRuntimeClass@CObj3DMnu@@UBEPAUCRuntimeClass@@XZ 100afc78     Spec_d32:Spec_D32.dll
 0004:00000c7c       __imp_?Serialize@CObj3DMnu@@UAEXAAVCArchive@@@Z 100afc7c     Spec_d32:Spec_D32.dll
 0004:00000c80       __imp_?DoDataView@CObj3DMnu@@UAEXPAVCDC@@H@Z 100afc80     Spec_d32:Spec_D32.dll
 0004:00000c84       __imp_?Pack_drPipe@CObj3DMnu@@UAEXPAVCString@@@Z 100afc84     Spec_d32:Spec_D32.dll
 0004:00000c88       __imp_?GetObjectInfo@CObj3DMnu@@UAEXPAVCDrObject@@@Z 100afc88     Spec_d32:Spec_D32.dll
 0004:00000c8c       __imp_?SetObjectInfo@CObj3DMnu@@UAEXPAVCDrObject@@@Z 100afc8c     Spec_d32:Spec_D32.dll
 0004:00000c90       __imp_?GetObj3DMnuInfo@CObj3DMnu@@UAE?AVCString@@I@Z 100afc90     Spec_d32:Spec_D32.dll
 0004:00000c94       __imp_?SetObj3DMnuInfo@CObj3DMnu@@UAEXII@Z 100afc94     Spec_d32:Spec_D32.dll
 0004:00000c98       __imp_?GetObj3DMnuIDArray@CObj3DMnu@@UAEXQAVCString@@@Z 100afc98     Spec_d32:Spec_D32.dll
 0004:00000c9c       __imp_?SetObj3DMnuIDArray@CObj3DMnu@@UAEXQAVCString@@@Z 100afc9c     Spec_d32:Spec_D32.dll
 0004:00000ca0       __imp_?GetObj3DMnuArray@CObj3DMnu@@UAEXQAY01I@Z 100afca0     Spec_d32:Spec_D32.dll
 0004:00000ca4       __imp_?SetObj3DMnuArray@CObj3DMnu@@UAEXQAY01I@Z 100afca4     Spec_d32:Spec_D32.dll
 0004:00000ca8       __imp_?GetObj3DMnuOldArray@CObj3DMnu@@UAEXQAY01I@Z 100afca8     Spec_d32:Spec_D32.dll
 0004:00000cac       __imp_?SetObj3DMnuOldArray@CObj3DMnu@@UAEXQAY01I@Z 100afcac     Spec_d32:Spec_D32.dll
 0004:00000cb0       __imp_?GetObj3DMnuDefaultArray@CObj3DMnu@@UAEXQAY01I@Z 100afcb0     Spec_d32:Spec_D32.dll
 0004:00000cb4       __imp_?SetObj3DMnuDefaultArray@CObj3DMnu@@UAEXQAY01I@Z 100afcb4     Spec_d32:Spec_D32.dll
 0004:00000cb8       __imp_?ReadDefaultObj3DMnu@CObj3DMnu@@UAEXXZ 100afcb8     Spec_d32:Spec_D32.dll
 0004:00000cbc       __imp_?InitObj3DMnu@CObj3DMnu@@UAEXXZ 100afcbc     Spec_d32:Spec_D32.dll
 0004:00000cc0       __imp_?GetRuntimeClass@CPatchMnu@@UBEPAUCRuntimeClass@@XZ 100afcc0     Spec_d32:Spec_D32.dll
 0004:00000cc4       __imp_?Serialize@CPatchMnu@@UAEXAAVCArchive@@@Z 100afcc4     Spec_d32:Spec_D32.dll
 0004:00000cc8       __imp_?DoDataView@CPatchMnu@@UAEXPAVCDC@@H@Z 100afcc8     Spec_d32:Spec_D32.dll
 0004:00000ccc       __imp_?Pack_drPipe@CPatchMnu@@UAEXPAVCString@@@Z 100afccc     Spec_d32:Spec_D32.dll
 0004:00000cd0       __imp_?GetObjectInfo@CPatchMnu@@UAEXPAVCDrObject@@@Z 100afcd0     Spec_d32:Spec_D32.dll
 0004:00000cd4       __imp_?SetObjectInfo@CPatchMnu@@UAEXPAVCDrObject@@@Z 100afcd4     Spec_d32:Spec_D32.dll
 0004:00000cd8       __imp_?GetPatchMnuInfo@CPatchMnu@@UAE?AVCString@@I@Z 100afcd8     Spec_d32:Spec_D32.dll
 0004:00000cdc       __imp_?SetPatchMnuInfo@CPatchMnu@@UAEXII@Z 100afcdc     Spec_d32:Spec_D32.dll
 0004:00000ce0       __imp_?GetPatchMnuIDArray@CPatchMnu@@UAEXQAVCString@@@Z 100afce0     Spec_d32:Spec_D32.dll
 0004:00000ce4       __imp_?SetPatchMnuIDArray@CPatchMnu@@UAEXQAVCString@@@Z 100afce4     Spec_d32:Spec_D32.dll
 0004:00000ce8       __imp_?GetPatchMnuArray@CPatchMnu@@UAEXQAY01I@Z 100afce8     Spec_d32:Spec_D32.dll
 0004:00000cec       __imp_?SetPatchMnuArray@CPatchMnu@@UAEXQAY01I@Z 100afcec     Spec_d32:Spec_D32.dll
 0004:00000cf0       __imp_?GetPatchMnuOldArray@CPatchMnu@@UAEXQAY01I@Z 100afcf0     Spec_d32:Spec_D32.dll
 0004:00000cf4       __imp_?SetPatchMnuOldArray@CPatchMnu@@UAEXQAY01I@Z 100afcf4     Spec_d32:Spec_D32.dll
 0004:00000cf8       __imp_?GetPatchMnuDefaultArray@CPatchMnu@@UAEXQAY01I@Z 100afcf8     Spec_d32:Spec_D32.dll
 0004:00000cfc       __imp_?SetPatchMnuDefaultArray@CPatchMnu@@UAEXQAY01I@Z 100afcfc     Spec_d32:Spec_D32.dll
 0004:00000d00       __imp_?ReadDefaultPatchMnu@CPatchMnu@@UAEXXZ 100afd00     Spec_d32:Spec_D32.dll
 0004:00000d04       __imp_?InitPatchMnu@CPatchMnu@@UAEXXZ 100afd04     Spec_d32:Spec_D32.dll
 0004:00000d08       __imp_?GetRuntimeClass@CLayer@@UBEPAUCRuntimeClass@@XZ 100afd08     Spec_d32:Spec_D32.dll
 0004:00000d0c       __imp_?Serialize@CLayer@@UAEXAAVCArchive@@@Z 100afd0c     Spec_d32:Spec_D32.dll
 0004:00000d10       __imp_?DoDataView@CLayer@@UAEXPAVCDC@@H@Z 100afd10     Spec_d32:Spec_D32.dll
 0004:00000d14       __imp_?Pack_drPipe@CLayer@@UAEXPAVCString@@@Z 100afd14     Spec_d32:Spec_D32.dll
 0004:00000d18       __imp_?GetObjectInfo@CLayer@@UAEXPAVCDrObject@@@Z 100afd18     Spec_d32:Spec_D32.dll
 0004:00000d1c       __imp_?SetObjectInfo@CLayer@@UAEXPAVCDrObject@@@Z 100afd1c     Spec_d32:Spec_D32.dll
 0004:00000d20       __imp_?GetLayerInfo@CLayer@@UAE?AVCString@@I@Z 100afd20     Spec_d32:Spec_D32.dll
 0004:00000d24       __imp_?SetLayerInfo@CLayer@@UAEXII@Z 100afd24     Spec_d32:Spec_D32.dll
 0004:00000d28       __imp_?GetLayerArray@CLayer@@UAEXQAY01I@Z 100afd28     Spec_d32:Spec_D32.dll
 0004:00000d2c       __imp_?SetLayerArray@CLayer@@UAEXQAY01I@Z 100afd2c     Spec_d32:Spec_D32.dll
 0004:00000d30       __imp_?GetLayerOldArray@CLayer@@UAEXQAY01I@Z 100afd30     Spec_d32:Spec_D32.dll
 0004:00000d34       __imp_?SetLayerOldArray@CLayer@@UAEXQAY01I@Z 100afd34     Spec_d32:Spec_D32.dll
 0004:00000d38       __imp_?GetLayerDefaultArray@CLayer@@UAEXQAY01I@Z 100afd38     Spec_d32:Spec_D32.dll
 0004:00000d3c       __imp_?SetLayerDefaultArray@CLayer@@UAEXQAY01I@Z 100afd3c     Spec_d32:Spec_D32.dll
 0004:00000d40       __imp_?ReadDefaultLayer@CLayer@@UAEXXZ 100afd40     Spec_d32:Spec_D32.dll
 0004:00000d44       __imp_?InitLayer@CLayer@@UAEXXZ 100afd44     Spec_d32:Spec_D32.dll
 0004:00000d48       __imp_?GetRuntimeClass@CHitNet@@UBEPAUCRuntimeClass@@XZ 100afd48     Spec_d32:Spec_D32.dll
 0004:00000d4c       __imp_?Serialize@CHitNet@@UAEXAAVCArchive@@@Z 100afd4c     Spec_d32:Spec_D32.dll
 0004:00000d50       __imp_?DoDataView@CHitNet@@UAEXPAVCDC@@H@Z 100afd50     Spec_d32:Spec_D32.dll
 0004:00000d54       __imp_?Pack_drPipe@CHitNet@@UAEXPAVCString@@@Z 100afd54     Spec_d32:Spec_D32.dll
 0004:00000d58       __imp_?GetObjectInfo@CHitNet@@UAEXPAVCDrObject@@@Z 100afd58     Spec_d32:Spec_D32.dll
 0004:00000d5c       __imp_?SetObjectInfo@CHitNet@@UAEXPAVCDrObject@@@Z 100afd5c     Spec_d32:Spec_D32.dll
 0004:00000d60       __imp_?GetRuntimeClass@CDrPen@@UBEPAUCRuntimeClass@@XZ 100afd60     Spec_d32:Spec_D32.dll
 0004:00000d64       __imp_?Serialize@CDrPen@@UAEXAAVCArchive@@@Z 100afd64     Spec_d32:Spec_D32.dll
 0004:00000d68       __imp_?DoDataView@CDrPen@@UAEXPAVCDC@@H@Z 100afd68     Spec_d32:Spec_D32.dll
 0004:00000d6c       __imp_?Pack_drPipe@CDrPen@@UAEXPAVCString@@@Z 100afd6c     Spec_d32:Spec_D32.dll
 0004:00000d70       __imp_?GetObjectInfo@CDrPen@@UAEXPAVCDrObject@@@Z 100afd70     Spec_d32:Spec_D32.dll
 0004:00000d74       __imp_?SetObjectInfo@CDrPen@@UAEXPAVCDrObject@@@Z 100afd74     Spec_d32:Spec_D32.dll
 0004:00000d78       __imp_?ReplacePen@CDrPen@@UAEXXZ 100afd78     Spec_d32:Spec_D32.dll
 0004:00000d7c       __imp_?ReadDefaultDrPen@CDrPen@@UAEXXZ 100afd7c     Spec_d32:Spec_D32.dll
 0004:00000d80       __imp_?InitDrPen@CDrPen@@UAEXXZ 100afd80     Spec_d32:Spec_D32.dll
 0004:00000d84       __imp_?GetRuntimeClass@CDrFont@@UBEPAUCRuntimeClass@@XZ 100afd84     Spec_d32:Spec_D32.dll
 0004:00000d88       __imp_?Serialize@CDrFont@@UAEXAAVCArchive@@@Z 100afd88     Spec_d32:Spec_D32.dll
 0004:00000d8c       __imp_?DoDataView@CDrFont@@UAEXPAVCDC@@H@Z 100afd8c     Spec_d32:Spec_D32.dll
 0004:00000d90       __imp_?Pack_drPipe@CDrFont@@UAEXPAVCString@@@Z 100afd90     Spec_d32:Spec_D32.dll
 0004:00000d94       __imp_?GetObjectInfo@CDrFont@@UAEXPAVCDrObject@@@Z 100afd94     Spec_d32:Spec_D32.dll
 0004:00000d98       __imp_?SetObjectInfo@CDrFont@@UAEXPAVCDrObject@@@Z 100afd98     Spec_d32:Spec_D32.dll
 0004:00000d9c       __imp_?DoTextFont@CDrFont@@UAEXXZ 100afd9c     Spec_d32:Spec_D32.dll
 0004:00000da0       __imp_?ReadDefaultDrFont@CDrFont@@UAEXXZ 100afda0     Spec_d32:Spec_D32.dll
 0004:00000da4       __imp_?InitDrFont@CDrFont@@UAEXXZ 100afda4     Spec_d32:Spec_D32.dll
 0004:00000da8       __imp_?GetRuntimeClass@CDataWindow@@UBEPAUCRuntimeClass@@XZ 100afda8     Spec_d32:Spec_D32.dll
 0004:00000dac       __imp_?Serialize@CDataWindow@@UAEXAAVCArchive@@@Z 100afdac     Spec_d32:Spec_D32.dll
 0004:00000db0       __imp_?DoDataView@CDataWindow@@UAEXPAVCDC@@H@Z 100afdb0     Spec_d32:Spec_D32.dll
 0004:00000db4       __imp_?Pack_drPipe@CDataWindow@@UAEXPAVCString@@@Z 100afdb4     Spec_d32:Spec_D32.dll
 0004:00000db8       __imp_?GetObjectInfo@CDataWindow@@UAEXPAVCDrObject@@@Z 100afdb8     Spec_d32:Spec_D32.dll
 0004:00000dbc       __imp_?SetObjectInfo@CDataWindow@@UAEXPAVCDrObject@@@Z 100afdbc     Spec_d32:Spec_D32.dll
 0004:00000dc0       __imp_?SetWinMinMaxWIC@CDataWindow@@UAEXULPOINT3@@@Z 100afdc0     Spec_d32:Spec_D32.dll
 0004:00000dc4       __imp_?SetWinExtWIC@CDataWindow@@UAEXXZ 100afdc4     Spec_d32:Spec_D32.dll
 0004:00000dc8       __imp_?ReadDefaultDataWindow@CDataWindow@@UAEXXZ 100afdc8     Spec_d32:Spec_D32.dll
 0004:00000dcc       __imp_?InitDataWindow@CDataWindow@@UAEXXZ 100afdcc     Spec_d32:Spec_D32.dll
 0004:00000dd0       __imp_?GetRuntimeClass@CBooleans@@UBEPAUCRuntimeClass@@XZ 100afdd0     Spec_d32:Spec_D32.dll
 0004:00000dd4       __imp_?Serialize@CBooleans@@UAEXAAVCArchive@@@Z 100afdd4     Spec_d32:Spec_D32.dll
 0004:00000dd8       __imp_?DoDataView@CBooleans@@UAEXPAVCDC@@H@Z 100afdd8     Spec_d32:Spec_D32.dll
 0004:00000ddc       __imp_?Pack_drPipe@CBooleans@@UAEXPAVCString@@@Z 100afddc     Spec_d32:Spec_D32.dll
 0004:00000de0       __imp_?GetObjectInfo@CBooleans@@UAEXPAVCDrObject@@@Z 100afde0     Spec_d32:Spec_D32.dll
 0004:00000de4       __imp_?SetObjectInfo@CBooleans@@UAEXPAVCDrObject@@@Z 100afde4     Spec_d32:Spec_D32.dll
 0004:00000de8       __imp_?IsZoomEnabled@CBooleans@@UAEHH@Z 100afde8     Spec_d32:Spec_D32.dll
 0004:00000dec       __imp_?SetZoomEnabled@CBooleans@@UAEXHH@Z 100afdec     Spec_d32:Spec_D32.dll
 0004:00000df0       __imp_?IsZoomOn@CBooleans@@UAEHHH@Z 100afdf0     Spec_d32:Spec_D32.dll
 0004:00000df4       __imp_?ToggleZoom@CBooleans@@UAEHHH@Z 100afdf4     Spec_d32:Spec_D32.dll
 0004:00000df8       __imp_?ReadDefaultBooleans@CBooleans@@UAEXXZ 100afdf8     Spec_d32:Spec_D32.dll
 0004:00000dfc       __imp_?InitBooleans@CBooleans@@UAEXXZ 100afdfc     Spec_d32:Spec_D32.dll
 0004:00000e00       __imp_??1CDrObject@@UAE@XZ 100afe00     Spec_d32:Spec_D32.dll
 0004:00000e04       __imp_?GetLocalCorner@CDrObject@@UAEXPAUWORLD@@H@Z 100afe04     Spec_d32:Spec_D32.dll
 0004:00000e08       __imp_?SetLocalCorner@CDrObject@@UAEXPAUWORLD@@H@Z 100afe08     Spec_d32:Spec_D32.dll
 0004:00000e0c       __imp_?GetWorldCorner@CDrObject@@UAEXPAUWORLD@@H@Z 100afe0c     Spec_d32:Spec_D32.dll
 0004:00000e10       __imp_?SetWorldCorner@CDrObject@@UAEXPAUWORLD@@H@Z 100afe10     Spec_d32:Spec_D32.dll
 0004:00000e14       __imp_?GetEyeCorner@CDrObject@@UAEXPAUWORLD@@H@Z 100afe14     Spec_d32:Spec_D32.dll
 0004:00000e18       __imp_?SetEyeCorner@CDrObject@@UAEXPAUWORLD@@H@Z 100afe18     Spec_d32:Spec_D32.dll
 0004:00000e1c       __imp_?GetScreen3DCorner@CDrObject@@UAEXPAUWORLD@@H@Z 100afe1c     Spec_d32:Spec_D32.dll
 0004:00000e20       __imp_?SetScreen3DCorner@CDrObject@@UAEXPAUWORLD@@H@Z 100afe20     Spec_d32:Spec_D32.dll
 0004:00000e24       __imp_?GetRuntimeClass@CMatObj@@UBEPAUCRuntimeClass@@XZ 100afe24     Spec_d32:Spec_D32.dll
 0004:00000e28       __imp_??1CDListMgr@@UAE@XZ 100afe28     Spec_d32:Spec_D32.dll
 0004:00000e2c       \177Spec_D32_NULL_THUNK_DATA 100afe2c     Spec_d32:Spec_D32.dll
 0004:00000ecc       __imp__SetCursor@4         100afecc     user32:USER32.dll
 0004:00000ed0       __imp__DestroyCursor@4     100afed0     user32:USER32.dll
 0004:00000ed4       \177USER32_NULL_THUNK_DATA 100afed4     user32:USER32.dll

 entry point at        0001:0002df30

