 MStL_D32

 Timestamp is 403565d3 (Thu Feb 19 17:41:39 2004)

 Preferred load address is 10000000

 Start         Length     Name                   Class
 0001:00000000 00039be2H .text                   CODE
 0001:00039bf0 0000101fH .text$AFX_COL1          CODE
 0001:0003ac10 00003800H .text$x                 CODE
 0001:0003e410 0004a000H .textbss                CODE
 0002:00000000 00003b99H .rdata                  DATA
 0002:00003ba0 00002d0aH .xdata$x                DATA
 0002:000068b0 00019150H .edata                  DATA
 0003:00000000 00000104H .CRT$XCA                DATA
 0003:00000104 00000164H .CRT$XCU                DATA
 0003:00000268 00000104H .CRT$XCZ                DATA
 0003:0000036c 00000104H .CRT$XIA                DATA
 0003:00000470 00000104H .CRT$XIZ                DATA
 0003:00000580 00000533H .data                   DATA
 0003:00000ab8 0000012cH .bss                    DATA
 0004:00000000 00000104H .idata$2                DATA
 0004:00000104 00000014H .idata$3                DATA
 0004:00000118 00000a08H .idata$4                DATA
 0004:00000b20 00000a08H .idata$5                DATA
 0004:00001528 000037c0H .idata$6                DATA
 0005:00000000 00000734H .rsrc$01                DATA
 0005:00000740 00004e79H .rsrc$02                DATA

  Address         Publics by Value              Rva+Base     Lib:Object

 0001:00004bf0       ??1CDlg_IsoP@@UAE@XZ       10005bf0 f i Dlg_IsoP.obj
 0001:00004c60       ??_FCDlg_IsoP@@QAEXXZ      10005c60 f i Dlg_IsoP.obj
 0001:00005120       ??0CDlg_IsoP@@QAE@PAVCWnd@@@Z 10006120 f   Dlg_IsoP.obj
 0001:000051c0       ??_GCDlg_IsoP@@UAEPAXI@Z   100061c0 f i Dlg_IsoP.obj
 0001:00005200       ??_ECDlg_IsoP@@UAEPAXI@Z   10006200 f i Dlg_IsoP.obj
 0001:000052a0       ?DoDataExchange@CDlg_IsoP@@MAEXPAVCDataExchange@@@Z 100062a0 f   Dlg_IsoP.obj
 0001:000052f0       ?_GetBaseMessageMap@CDlg_IsoP@@KGPBUAFX_MSGMAP@@XZ 100062f0 f   Dlg_IsoP.obj
 0001:00005310       ?GetMessageMap@CDlg_IsoP@@MBEPBUAFX_MSGMAP@@XZ 10006310 f   Dlg_IsoP.obj
 0001:00005330       ?OnOk@CDlg_IsoP@@IAEXXZ    10006330 f   Dlg_IsoP.obj
 0001:00005360       ?OnCancel@CDlg_IsoP@@MAEXXZ 10006360 f   Dlg_IsoP.obj
 0001:00005390       ?OnInitDialog@CDlg_IsoP@@MAEHXZ 10006390 f   Dlg_IsoP.obj
 0001:00005550       ??_9@$BNA@AE               10006550 f i Dlg_IsoP.obj
 0001:00005560       ??1CDlg_Many@@UAE@XZ       10006560 f i dlg_Many.obj
 0001:00005600       ??_FCDlg_Many@@QAEXXZ      10006600 f i dlg_Many.obj
 0001:00005630       ??1CBitmapButton@@UAE@XZ   10006630 f i dlg_Many.obj
 0001:00005a60       ??0CDlg_Many@@QAE@PAVCWnd@@@Z 10006a60 f   dlg_Many.obj
 0001:00005b60       ??_GCDlg_Many@@UAEPAXI@Z   10006b60 f i dlg_Many.obj
 0001:00005ba0       ??_ECDlg_Many@@UAEPAXI@Z   10006ba0 f i dlg_Many.obj
 0001:00005c40       ?DoDataExchange@CDlg_Many@@MAEXPAVCDataExchange@@@Z 10006c40 f   dlg_Many.obj
 0001:00005d20       ?_GetBaseMessageMap@CDlg_Many@@KGPBUAFX_MSGMAP@@XZ 10006d20 f   dlg_Many.obj
 0001:00005d40       ?GetMessageMap@CDlg_Many@@MBEPBUAFX_MSGMAP@@XZ 10006d40 f   dlg_Many.obj
 0001:00005d60       ?OnInitDialog@CDlg_Many@@MAEHXZ 10006d60 f   dlg_Many.obj
 0001:00006140       ?OnOK@CDlg_Many@@MAEXXZ    10007140 f   dlg_Many.obj
 0001:00006250       ?OnCancel@CDlg_Many@@MAEXXZ 10007250 f   dlg_Many.obj
 0001:00006280       ??_9@$BMM@AE               10007280 f i dlg_Many.obj
 0001:00006290       ?Set3DPts@C3DMath@@QAEXPAULPOINT3@@JJJ@Z 10007290 f i Dlg_StLA.obj
 0001:000062d0       ?Set3DPts@C3DMath@@QAEXPAUWORLD@@NNN@Z 100072d0 f i Dlg_StLA.obj
 0001:00006330       ?Len3DPts@C3DMath@@QAENPAUWORLD@@@Z 10007330 f i Dlg_StLA.obj
 0001:00006390       ??1C3DMath@@UAE@XZ         10007390 f i Dlg_StLA.obj
 0001:000063c0       ??_GC3DMath@@UAEPAXI@Z     100073c0 f i Dlg_StLA.obj
 0001:00006400       ??_EC3DMath@@UAEPAXI@Z     10007400 f i Dlg_StLA.obj
 0001:000064a0       ?GetMatrix@CMatObj@@UAEPAUMATRIX@@XZ 100074a0 f i Dlg_StLA.obj
 0001:000064c0       ?SetMatrix@CMatObj@@UAEXPAUMATRIX@@@Z 100074c0 f i Dlg_StLA.obj
 0001:00006550       ?GetCurveLatch@CMatObj@@UAE?AW4CURVELATCH@@XZ 10007550 f i Dlg_StLA.obj
 0001:00006570       ?SetCurveLatch@CMatObj@@UAEXW4CURVELATCH@@@Z 10007570 f i Dlg_StLA.obj
 0001:000065a0       ?IsInstanced_Prof@CMatObj@@UAEHXZ 100075a0 f i Dlg_StLA.obj
 0001:000065c0       ?SetInstanced_Prof@CMatObj@@UAEXH@Z 100075c0 f i Dlg_StLA.obj
 0001:000065f0       ?GetFromID@CMatObj@@UAE?AVCString@@XZ 100075f0 f i Dlg_StLA.obj
 0001:00006640       ?SetFromID@CMatObj@@UAEXVCString@@@Z 10007640 f i Dlg_StLA.obj
 0001:000066c0       ?GetFromPt@CMatObj@@UAE?AUWORLD@@XZ 100076c0 f i Dlg_StLA.obj
 0001:00006700       ?SetFromPt@CMatObj@@UAEXUWORLD@@@Z 10007700 f i Dlg_StLA.obj
 0001:00006740       ?GetToID@CMatObj@@UAE?AVCString@@XZ 10007740 f i Dlg_StLA.obj
 0001:00006790       ?SetToID@CMatObj@@UAEXVCString@@@Z 10007790 f i Dlg_StLA.obj
 0001:00006810       ?GetToPt@CMatObj@@UAE?AUWORLD@@XZ 10007810 f i Dlg_StLA.obj
 0001:00006850       ?SetToPt@CMatObj@@UAEXUWORLD@@@Z 10007850 f i Dlg_StLA.obj
 0001:00006890       ?GetRotPtID@CMatObj@@UAE?AVCString@@XZ 10007890 f i Dlg_StLA.obj
 0001:000068e0       ?SetRotPtID@CMatObj@@UAEXVCString@@@Z 100078e0 f i Dlg_StLA.obj
 0001:00006960       ?GetRotPt@CMatObj@@UAE?AUWORLD@@XZ 10007960 f i Dlg_StLA.obj
 0001:000069a0       ?SetRotPt@CMatObj@@UAEXUWORLD@@@Z 100079a0 f i Dlg_StLA.obj
 0001:000069e0       ?IsCoordIn@CMatObj@@UAEHXZ 100079e0 f i Dlg_StLA.obj
 0001:00006a10       ?SetCoordIn@CMatObj@@UAEXH@Z 10007a10 f i Dlg_StLA.obj
 0001:00006a40       ?GetTranPtID@CMatObj@@UAE?AVCString@@XZ 10007a40 f i Dlg_StLA.obj
 0001:00006a90       ?SetTranPtID@CMatObj@@UAEXVCString@@@Z 10007a90 f i Dlg_StLA.obj
 0001:00006b10       ?GetTranslation@CMatObj@@UAE?AUWORLD@@XZ 10007b10 f i Dlg_StLA.obj
 0001:00006b50       ?SetTranslation@CMatObj@@UAEXUWORLD@@@Z 10007b50 f i Dlg_StLA.obj
 0001:00006b90       ?IsAngleIn@CMatObj@@UAEHXZ 10007b90 f i Dlg_StLA.obj
 0001:00006bc0       ?SetAngleIn@CMatObj@@UAEXH@Z 10007bc0 f i Dlg_StLA.obj
 0001:00006bf0       ?IsDirCos@CMatObj@@UAEHXZ  10007bf0 f i Dlg_StLA.obj
 0001:00006c20       ?SetDirCos@CMatObj@@UAEXH@Z 10007c20 f i Dlg_StLA.obj
 0001:00006c50       ?GetDirCosDirect@CMatObj@@UAE?AUWORLD@@XZ 10007c50 f i Dlg_StLA.obj
 0001:00006c90       ?SetDirCosDirect@CMatObj@@UAEXUWORLD@@@Z 10007c90 f i Dlg_StLA.obj
 0001:00006cd0       ?GetRotation@CMatObj@@UAE?AUWORLD@@XZ 10007cd0 f i Dlg_StLA.obj
 0001:00006d10       ?SetRotation@CMatObj@@UAEXUWORLD@@@Z 10007d10 f i Dlg_StLA.obj
 0001:00006d50       ?GetScale@CMatObj@@UAE?AUWORLD@@XZ 10007d50 f i Dlg_StLA.obj
 0001:00006d90       ?SetScale@CMatObj@@UAEXUWORLD@@@Z 10007d90 f i Dlg_StLA.obj
 0001:00006dd0       ?GetShear@CMatObj@@UAE?AUWORLD@@XZ 10007dd0 f i Dlg_StLA.obj
 0001:00006e10       ?SetShear@CMatObj@@UAEXUWORLD@@@Z 10007e10 f i Dlg_StLA.obj
 0001:00006e50       ?IsNoRot@CMatObj@@UAEHXZ   10007e50 f i Dlg_StLA.obj
 0001:00006e80       ?SetNoRot@CMatObj@@UAEXH@Z 10007e80 f i Dlg_StLA.obj
 0001:00006eb0       ?IsNoTran@CMatObj@@UAEHXZ  10007eb0 f i Dlg_StLA.obj
 0001:00006ee0       ?SetNoTran@CMatObj@@UAEXH@Z 10007ee0 f i Dlg_StLA.obj
 0001:00006f10       ?IsNoScale@CMatObj@@UAEHXZ 10007f10 f i Dlg_StLA.obj
 0001:00006f40       ?SetNoScale@CMatObj@@UAEXH@Z 10007f40 f i Dlg_StLA.obj
 0001:00006f70       ?IsNoShear@CMatObj@@UAEHXZ 10007f70 f i Dlg_StLA.obj
 0001:00006fa0       ?SetNoShear@CMatObj@@UAEXH@Z 10007fa0 f i Dlg_StLA.obj
 0001:00006fd0       ?GetXformType@CMatObj@@UAE?AW4XFORMTYPE@@XZ 10007fd0 f i Dlg_StLA.obj
 0001:00007000       ?SetXformType@CMatObj@@UAEXW4XFORMTYPE@@@Z 10008000 f i Dlg_StLA.obj
 0001:00007030       ?GetSpawnType@CMatObj@@UAE?AW4SPAWNTYPE@@XZ 10008030 f i Dlg_StLA.obj
 0001:00007060       ?SetSpawnType@CMatObj@@UAEXW4SPAWNTYPE@@@Z 10008060 f i Dlg_StLA.obj
 0001:00007090       ?GetCreOp@CMatObj@@UAEIXZ  10008090 f i Dlg_StLA.obj
 0001:000070c0       ?SetCreOp@CMatObj@@UAEXI@Z 100080c0 f i Dlg_StLA.obj
 0001:000070f0       ??1CMatObj@@UAE@XZ         100080f0 f i Dlg_StLA.obj
 0001:000071b0       ??_GCMatObj@@UAEPAXI@Z     100081b0 f i Dlg_StLA.obj
 0001:000071f0       ??_ECMatObj@@UAEPAXI@Z     100081f0 f i Dlg_StLA.obj
 0001:00007290       ?ReadyToDelete@CDrObject@@UAEXXZ 10008290 f i Dlg_StLA.obj
 0001:000072b0       ?DoFormattedCardView@CDrObject@@UAEXPAVCString@@AAV2@@Z 100082b0 f i Dlg_StLA.obj
 0001:000072d0       ?DoUnFormattedCardView@CDrObject@@UAEXPAVCString@@@Z 100082d0 f i Dlg_StLA.obj
 0001:000072f0       ?DoDataView@CDrObject@@UAEXPAVCDC@@H@Z 100082f0 f i Dlg_StLA.obj
 0001:00007310       ?InitDraw@CDrObject@@UAEXPAVCDC@@HHPAUMATRIX@@1NNN@Z 10008310 f i Dlg_StLA.obj
 0001:00007330       ?InitDraw@CDrObject@@UAEXPAVCDC@@HHPAUMATRIX@@1NNNN@Z 10008330 f i Dlg_StLA.obj
 0001:00007350       ?Corner_3Dto2D@CDrObject@@UAEXXZ 10008350 f i Dlg_StLA.obj
 0001:00007370       ?DoDrawView@CDrObject@@UAEXPAVCDC@@@Z 10008370 f i Dlg_StLA.obj
 0001:00007390       ?DoDrawView@CDrObject@@UAEXPAVCDC@@H@Z 10008390 f i Dlg_StLA.obj
 0001:000073b0       ?DoDrawView@CDrObject@@UAEXPAVCDC@@HH@Z 100083b0 f i Dlg_StLA.obj
 0001:000073d0       ?DealObjectDialog@CDrObject@@UAEHXZ 100083d0 f i Dlg_StLA.obj
 0001:000073f0       ?TransformObjectToWorld@CDrObject@@UAEXPAUMATRIX@@H@Z 100083f0 f i Dlg_StLA.obj
 0001:00007410       ?TransformObjectToView@CDrObject@@UAEXPAUMATRIX@@@Z 10008410 f i Dlg_StLA.obj
 0001:00007430       ?TransformObjectToViewDirect@CDrObject@@UAEXPAUMATRIX@@00H@Z 10008430 f i Dlg_StLA.obj
 0001:00007450       ?RemoveHiddenObject@CDrObject@@UAEHPAUMATRIX@@UWORLD@@H@Z 10008450 f i Dlg_StLA.obj
 0001:00007470       ?ProjectObject@CDrObject@@UAEXPAUMATRIX@@NN@Z 10008470 f i Dlg_StLA.obj
 0001:00007490       ?Calc_2DBoundsScreen@CDrObject@@UAEHXZ 10008490 f i Dlg_StLA.obj
 0001:000074b0       ?Calc_3DBoundsLocal@CDrObject@@UAEHXZ 100084b0 f i Dlg_StLA.obj
 0001:000074d0       ?FinishObject@CDrObject@@UAEXPAVCClientDC@@H@Z 100084d0 f i Dlg_StLA.obj
 0001:000074f0       ?FinishObject@CDrObject@@UAEXH@Z 100084f0 f i Dlg_StLA.obj
 0001:00007510       ?FinishObject@CDrObject@@UAEXXZ 10008510 f i Dlg_StLA.obj
 0001:00007530       ?GetMaxCorners@CDrObject@@UAEHXZ 10008530 f i Dlg_StLA.obj
 0001:00007550       ?GetRawCoords@CDrObject@@UAEXPAJPAHH@Z 10008550 f i Dlg_StLA.obj
 0001:00007570       ?SetProjectedCoords@CDrObject@@UAEXUtagPOINT@@H@Z 10008570 f i Dlg_StLA.obj
 0001:00007590       ?RearrangeProjectedCoords@CDrObject@@UAEXXZ 10008590 f i Dlg_StLA.obj
 0001:000075b0       ?IsObjectHit@CDrObject@@UAEHNUWORLD@@@Z 100085b0 f i Dlg_StLA.obj
 0001:000075d0       ?IsObjectHit@CDrObject@@UAEHHUtagPOINT@@H@Z 100085d0 f i Dlg_StLA.obj
 0001:000075f0       ?IsObjectHit@CDrObject@@UAEHHUtagPOINT@@@Z 100085f0 f i Dlg_StLA.obj
 0001:00007610       ?IsObjectHit@CDrObject@@UAEHPAVCClientDC@@HUtagPOINT@@PAVCRect@@H@Z 10008610 f i Dlg_StLA.obj
 0001:00007630       ?IsKeyMatch@CDrObject@@UAEHPAV1@VCString@@I@Z 10008630 f i Dlg_StLA.obj
 0001:00007660       ?IsKeyMatch@CDrObject@@UAEHVCString@@I@Z 10008660 f i Dlg_StLA.obj
 0001:00007690       ?IsControlShapeNeeded@CDrObject@@UAEHXZ 10008690 f i Dlg_StLA.obj
 0001:000076b0       ?SetControlShapeNeed@CDrObject@@UAEXH@Z 100086b0 f i Dlg_StLA.obj
 0001:000076d0       ?IsNormalNeeded@CDrObject@@UAEHXZ 100086d0 f i Dlg_StLA.obj
 0001:000076f0       ?SetNormalNeed@CDrObject@@UAEXH@Z 100086f0 f i Dlg_StLA.obj
 0001:00007710       ?IsCulled@CDrObject@@UAEHXZ 10008710 f i Dlg_StLA.obj
 0001:00007730       ?SetCulled@CDrObject@@UAEXH@Z 10008730 f i Dlg_StLA.obj
 0001:00007750       ?IsSkewed@CDrObject@@UAEHXZ 10008750 f i Dlg_StLA.obj
 0001:00007770       ?SetSkewed@CDrObject@@UAEXH@Z 10008770 f i Dlg_StLA.obj
 0001:00007790       ?IsLinSpr@CDrObject@@UAEHXZ 10008790 f i Dlg_StLA.obj
 0001:000077b0       ?SetLinSpr@CDrObject@@UAEXH@Z 100087b0 f i Dlg_StLA.obj
 0001:000077d0       ?IsLinSnu@CDrObject@@UAEHXZ 100087d0 f i Dlg_StLA.obj
 0001:000077f0       ?SetLinSnu@CDrObject@@UAEXH@Z 100087f0 f i Dlg_StLA.obj
 0001:00007810       ?CullWorld@CDrObject@@UAEHUWORLD@@@Z 10008810 f i Dlg_StLA.obj
 0001:00007830       ?CullScreen@CDrObject@@UAEHPAUMATRIX@@@Z 10008830 f i Dlg_StLA.obj
 0001:00007850       ?Calc_CentroidWorld@CDrObject@@UAEXXZ 10008850 f i Dlg_StLA.obj
 0001:00007870       ?Calc_CentroidEye@CDrObject@@UAEXXZ 10008870 f i Dlg_StLA.obj
 0001:00007890       ?Calc_CentroidScreen3D@CDrObject@@UAEXNN@Z 10008890 f i Dlg_StLA.obj
 0001:000078b0       ?Calc_NormalWorld@CDrObject@@UAEXXZ 100088b0 f i Dlg_StLA.obj
 0001:000078d0       ?TransformNormalToEye@CDrObject@@UAEXPAUMATRIX@@@Z 100088d0 f i Dlg_StLA.obj
 0001:000078f0       ?ProjectNormalToScreen3D@CDrObject@@UAEXPAUMATRIX@@NN@Z 100088f0 f i Dlg_StLA.obj
 0001:00007910       ?GetNormalWorld@CDrObject@@UAEPAUWORLD@@XZ 10008910 f i Dlg_StLA.obj
 0001:00007930       ?SetNormalWorld@CDrObject@@UAEXUWORLD@@@Z 10008930 f i Dlg_StLA.obj
 0001:00007950       ?GetNormalEye@CDrObject@@UAEPAUWORLD@@XZ 10008950 f i Dlg_StLA.obj
 0001:00007970       ?SetNormalEye@CDrObject@@UAEXUWORLD@@@Z 10008970 f i Dlg_StLA.obj
 0001:00007990       ?GetNormalScreen3D@CDrObject@@UAEPAUWORLD@@XZ 10008990 f i Dlg_StLA.obj
 0001:000079b0       ?SetNormalScreen3D@CDrObject@@UAEXUWORLD@@@Z 100089b0 f i Dlg_StLA.obj
 0001:000079d0       ?GetNormalScreen2D@CDrObject@@UAEPAUtagPOINT@@XZ 100089d0 f i Dlg_StLA.obj
 0001:000079f0       ?SetNormalScreen2D@CDrObject@@UAEXUtagPOINT@@@Z 100089f0 f i Dlg_StLA.obj
 0001:00007a10       ?GetObjectList@CDrObject@@UAEPAVCDListMgr@@XZ 10008a10 f i Dlg_StLA.obj
 0001:00007a30       ?GetBoundingRect@CDrObject@@QAE?AVCRect@@XZ 10008a30 f i Dlg_StLA.obj
 0001:00007a80       ?GetRInfo@CDrObject@@QAEPAURENDINFO@@XZ 10008a80 f i Dlg_StLA.obj
 0001:00007aa0       ?IsParallel@CDrObject@@QAEHXZ 10008aa0 f i Dlg_StLA.obj
 0001:00007ad0       ?GetnView@CDrObject@@QAEHXZ 10008ad0 f i Dlg_StLA.obj
 0001:00007b00       ?GetdzMin@CDrObject@@QAENXZ 10008b00 f i Dlg_StLA.obj
 0001:00007b30       ?GetdScale_U@CDrObject@@QAENXZ 10008b30 f i Dlg_StLA.obj
 0001:00007b60       ?GetdScale_V@CDrObject@@QAENXZ 10008b60 f i Dlg_StLA.obj
 0001:00007b90       ?GetpViewM@CDrObject@@QAEPAUMATRIX@@XZ 10008b90 f i Dlg_StLA.obj
 0001:00007bc0       ?Getpvv3DM@CDrObject@@QAEPAUMATRIX@@XZ 10008bc0 f i Dlg_StLA.obj
 0001:00007bf0       ?GetpComposedM@CDrObject@@QAEPAUMATRIX@@XZ 10008bf0 f i Dlg_StLA.obj
 0001:00007c20       ?SetParallel@CDrObject@@QAEXH@Z 10008c20 f i Dlg_StLA.obj
 0001:00007c50       ?SetnView@CDrObject@@QAEXH@Z 10008c50 f i Dlg_StLA.obj
 0001:00007c80       ?SetdzMin@CDrObject@@QAEXN@Z 10008c80 f i Dlg_StLA.obj
 0001:00007cc0       ?SetdScale_U@CDrObject@@QAEXN@Z 10008cc0 f i Dlg_StLA.obj
 0001:00007d00       ?SetdScale_V@CDrObject@@QAEXN@Z 10008d00 f i Dlg_StLA.obj
 0001:00007d40       ?SetpViewM@CDrObject@@QAEXPAUMATRIX@@@Z 10008d40 f i Dlg_StLA.obj
 0001:00007d80       ?Setpvv3DM@CDrObject@@QAEXPAUMATRIX@@@Z 10008d80 f i Dlg_StLA.obj
 0001:00007dc0       ?SetpComposedM@CDrObject@@QAEXPAUMATRIX@@@Z 10008dc0 f i Dlg_StLA.obj
 0001:00007e00       ?GetLevelType@CDrObject@@QAEHXZ 10008e00 f i Dlg_StLA.obj
 0001:00007e30       ?SetLevelType@CDrObject@@QAEXH@Z 10008e30 f i Dlg_StLA.obj
 0001:00007e60       ?GetObjectID@CDrObject@@QAE?AVCString@@XZ 10008e60 f i Dlg_StLA.obj
 0001:00007eb0       ?SetObjectID@CDrObject@@QAEXVCString@@@Z 10008eb0 f i Dlg_StLA.obj
 0001:00007f30       ?GetObjectNo@CDrObject@@QAEJXZ 10008f30 f i Dlg_StLA.obj
 0001:00007f60       ?SetObjectNo@CDrObject@@QAEXJ@Z 10008f60 f i Dlg_StLA.obj
 0001:00007f90       ?GetObjectType@CDrObject@@QAEHXZ 10008f90 f i Dlg_StLA.obj
 0001:00007fc0       ?SetObjectType@CDrObject@@QAEXH@Z 10008fc0 f i Dlg_StLA.obj
 0001:00007ff0       ?GetElemType@CDrObject@@QAEHXZ 10008ff0 f i Dlg_StLA.obj
 0001:00008020       ?SetElemType@CDrObject@@QAEXH@Z 10009020 f i Dlg_StLA.obj
 0001:00008050       ?GetPenInfo@CDrObject@@QAEXAAIAAK0@Z 10009050 f i Dlg_StLA.obj
 0001:000080a0       ?SetPenInfo@CDrObject@@QAEXIKI@Z 100090a0 f i Dlg_StLA.obj
 0001:000080f0       ?GetPenInfoHi@CDrObject@@QAEXAAIAAK0@Z 100090f0 f i Dlg_StLA.obj
 0001:00008140       ?SetPenInfoHi@CDrObject@@QAEXIKI@Z 10009140 f i Dlg_StLA.obj
 0001:00008190       ?GetLayer@CDrObject@@QAEIXZ 10009190 f i Dlg_StLA.obj
 0001:000081c0       ?SetLayer@CDrObject@@QAEXI@Z 100091c0 f i Dlg_StLA.obj
 0001:000081f0       ?IsClipped@CDrObject@@QAEHXZ 100091f0 f i Dlg_StLA.obj
 0001:00008220       ?SetClipped@CDrObject@@QAEXH@Z 10009220 f i Dlg_StLA.obj
 0001:00008250       ?IsVirtual@CDrObject@@QAEHXZ 10009250 f i Dlg_StLA.obj
 0001:00008270       ?SetVirtual@CDrObject@@QAEXH@Z 10009270 f i Dlg_StLA.obj
 0001:000082a0       ?IsShow@CDrObject@@QAEHXZ  100092a0 f i Dlg_StLA.obj
 0001:000082d0       ?SetShow@CDrObject@@QAEXH@Z 100092d0 f i Dlg_StLA.obj
 0001:00008300       ?GetParentID@CDrObject@@QAEAAVCString@@XZ 10009300 f i Dlg_StLA.obj
 0001:00008320       ?SetParentID@CDrObject@@QAEXAAVCString@@@Z 10009320 f i Dlg_StLA.obj
 0001:00008350       ?GetParentType@CDrObject@@QAEIXZ 10009350 f i Dlg_StLA.obj
 0001:00008370       ?SetParentType@CDrObject@@QAEXI@Z 10009370 f i Dlg_StLA.obj
 0001:000083a0       ?IsInstanced@CDrObject@@QAEHXZ 100093a0 f i Dlg_StLA.obj
 0001:000083c0       ?SetInstanced@CDrObject@@QAEXH@Z 100093c0 f i Dlg_StLA.obj
 0001:000083f0       ?GetMatObj@CDrObject@@QAEPAVCMatObj@@XZ 100093f0 f i Dlg_StLA.obj
 0001:00008410       ?SetMatObj@CDrObject@@QAEXPAVCMatObj@@@Z 10009410 f i Dlg_StLA.obj
 0001:00008440       ?GetSpeLList@CDrObject@@QAEPAVCDListMgr@@XZ 10009440 f i Dlg_StLA.obj
 0001:00008470       ?GetDynLList@CDrObject@@QAEPAVCDListMgr@@XZ 10009470 f i Dlg_StLA.obj
 0001:000084a0       ?GetStaLList@CDrObject@@QAEPAVCDListMgr@@XZ 100094a0 f i Dlg_StLA.obj
 0001:000084d0       ?GetSuppList@CDrObject@@QAEPAVCDListMgr@@XZ 100094d0 f i Dlg_StLA.obj
 0001:00008500       ?GetElemList@CDrObject@@QAEPAVCDListMgr@@XZ 10009500 f i Dlg_StLA.obj
 0001:00008530       ?GetCurveList@CDrObject@@QAEPAVCDListMgr@@XZ 10009530 f i Dlg_StLA.obj
 0001:00008560       ?GetCProfList@CDrObject@@QAEPAVCDListMgr@@XZ 10009560 f i Dlg_StLA.obj
 0001:00008590       ?GetPatchList@CDrObject@@QAEPAVCDListMgr@@XZ 10009590 f i Dlg_StLA.obj
 0001:000085c0       ?GetSolidList@CDrObject@@QAEPAVCDListMgr@@XZ 100095c0 f i Dlg_StLA.obj
 0001:000085f0       ?GetObj3DList@CDrObject@@QAEPAVCDListMgr@@XZ 100095f0 f i Dlg_StLA.obj
 0001:00008620       ?GetCNodeList@CDrObject@@QAEPAVCDListMgr@@XZ 10009620 f i Dlg_StLA.obj
 0001:00008650       ?GetINodeList@CDrObject@@QAEPAVCDListMgr@@XZ 10009650 f i Dlg_StLA.obj
 0001:00008680       ?GetNodeList@CDrObject@@QAEPAVCDListMgr@@XZ 10009680 f i Dlg_StLA.obj
 0001:000086b0       ?GetLabelList@CDrObject@@QAEPAVCDListMgr@@XZ 100096b0 f i Dlg_StLA.obj
 0001:000086e0       ?GetFE0DList@CDrObject@@QAEPAVCDListMgr@@XZ 100096e0 f i Dlg_StLA.obj
 0001:00008710       ?GetFE1DList@CDrObject@@QAEPAVCDListMgr@@XZ 10009710 f i Dlg_StLA.obj
 0001:00008740       ?GetFE2DList@CDrObject@@QAEPAVCDListMgr@@XZ 10009740 f i Dlg_StLA.obj
 0001:00008770       ?GetFE3DList@CDrObject@@QAEPAVCDListMgr@@XZ 10009770 f i Dlg_StLA.obj
 0001:000087a0       ?GetMs0List@CDrObject@@QAEPAVCDListMgr@@XZ 100097a0 f i Dlg_StLA.obj
 0001:000087d0       ?GetMs1List@CDrObject@@QAEPAVCDListMgr@@XZ 100097d0 f i Dlg_StLA.obj
 0001:00008800       ?GetMs2List@CDrObject@@QAEPAVCDListMgr@@XZ 10009800 f i Dlg_StLA.obj
 0001:00008830       ?GetMs3List@CDrObject@@QAEPAVCDListMgr@@XZ 10009830 f i Dlg_StLA.obj
 0001:00008860       ?GetMbj3DList@CDrObject@@QAEPAVCDListMgr@@XZ 10009860 f i Dlg_StLA.obj
 0001:00008890       ?GetM2DProfList@CDrObject@@QAEPAVCDListMgr@@XZ 10009890 f i Dlg_StLA.obj
 0001:000088c0       ?GetM3DProfList@CDrObject@@QAEPAVCDListMgr@@XZ 100098c0 f i Dlg_StLA.obj
 0001:000088f0       ?GetMbjProfList@CDrObject@@QAEPAVCDListMgr@@XZ 100098f0 f i Dlg_StLA.obj
 0001:00008920       ?GetScreen2DCorner@CDrObject@@UAE?AUtagPOINT@@H@Z 10009920 f i Dlg_StLA.obj
 0001:00008970       ?SetScreen2DCorner@CDrObject@@UAEXUtagPOINT@@H@Z 10009970 f i Dlg_StLA.obj
 0001:000089b0       ?GetSpawnType@CDrObject@@QAE?AW4SPAWNTYPE@@XZ 100099b0 f i Dlg_StLA.obj
 0001:000089d0       ?SetSpawnType@CDrObject@@QAEXW4SPAWNTYPE@@@Z 100099d0 f i Dlg_StLA.obj
 0001:00008a00       ?GetCategory@CDrObject@@QAE?AW4CATEGORY@@XZ 10009a00 f i Dlg_StLA.obj
 0001:00008a20       ?SetCategory@CDrObject@@QAEXW4CATEGORY@@@Z 10009a20 f i Dlg_StLA.obj
 0001:00008a50       ?GetSubCat@CDrObject@@QAE?AW4SUBCAT@@XZ 10009a50 f i Dlg_StLA.obj
 0001:00008a70       ?SetSubCat@CDrObject@@QAEXW4SUBCAT@@@Z 10009a70 f i Dlg_StLA.obj
 0001:00008aa0       ?GetElemDimLim@CDrObject@@QAE?AW4ELEMDIMLIM@@XZ 10009aa0 f i Dlg_StLA.obj
 0001:00008ac0       ?SetElemDimLim@CDrObject@@QAEXW4ELEMDIMLIM@@@Z 10009ac0 f i Dlg_StLA.obj
 0001:00008af0       ?IsDirty@CDrObject@@QAEHXZ 10009af0 f i Dlg_StLA.obj
 0001:00008b20       ?SetDirty@CDrObject@@QAEXH@Z 10009b20 f i Dlg_StLA.obj
 0001:00008b50       ?IsMoved@CDrObject@@QAEHXZ 10009b50 f i Dlg_StLA.obj
 0001:00008b80       ?SetMoved@CDrObject@@QAEXH@Z 10009b80 f i Dlg_StLA.obj
 0001:00008bb0       ?IsEdited@CDrObject@@QAEHXZ 10009bb0 f i Dlg_StLA.obj
 0001:00008be0       ?SetEdited@CDrObject@@QAEXH@Z 10009be0 f i Dlg_StLA.obj
 0001:00008c10       ?IsPosted@CDrObject@@QAEHXZ 10009c10 f i Dlg_StLA.obj
 0001:00008c40       ?SetPosted@CDrObject@@QAEXH@Z 10009c40 f i Dlg_StLA.obj
 0001:00008c70       ?IsDeleted@CDrObject@@QAEHXZ 10009c70 f i Dlg_StLA.obj
 0001:00008ca0       ?SetDeleted@CDrObject@@QAEXH@Z 10009ca0 f i Dlg_StLA.obj
 0001:00008cd0       ?IsToBeMoved@CDrObject@@QAEHXZ 10009cd0 f i Dlg_StLA.obj
 0001:00008d00       ?SetToBeMoved@CDrObject@@QAEXH@Z 10009d00 f i Dlg_StLA.obj
 0001:00008d20       ?IsToBeEdited@CDrObject@@QAEHXZ 10009d20 f i Dlg_StLA.obj
 0001:00008d50       ?SetToBeEdited@CDrObject@@QAEXH@Z 10009d50 f i Dlg_StLA.obj
 0001:00008d70       ?IsToBePosted@CDrObject@@QAEHXZ 10009d70 f i Dlg_StLA.obj
 0001:00008da0       ?SetToBePosted@CDrObject@@QAEXH@Z 10009da0 f i Dlg_StLA.obj
 0001:00008dc0       ?IsToBeUnPosted@CDrObject@@QAEHXZ 10009dc0 f i Dlg_StLA.obj
 0001:00008df0       ?SetToBeUnPosted@CDrObject@@QAEXH@Z 10009df0 f i Dlg_StLA.obj
 0001:00008e10       ?IsToBeDeleted@CDrObject@@QAEHXZ 10009e10 f i Dlg_StLA.obj
 0001:00008e40       ?SetToBeDeleted@CDrObject@@QAEXH@Z 10009e40 f i Dlg_StLA.obj
 0001:00008e60       ?IsFormatted@CDrObject@@QAEHXZ 10009e60 f i Dlg_StLA.obj
 0001:00008e80       ?SetFormatted@CDrObject@@QAEXH@Z 10009e80 f i Dlg_StLA.obj
 0001:00008eb0       ?GetObjectType@CBooleans@@UAEHXZ 10009eb0 f i Dlg_StLA.obj
 0001:00008ee0       ?SetObjectType@CBooleans@@UAEXH@Z 10009ee0 f i Dlg_StLA.obj
 0001:00008f10       ?GetElemType@CBooleans@@UAEHXZ 10009f10 f i Dlg_StLA.obj
 0001:00008f40       ?SetElemType@CBooleans@@UAEXH@Z 10009f40 f i Dlg_StLA.obj
 0001:00008f70       ?GetObjectNo@CBooleans@@UAEJXZ 10009f70 f i Dlg_StLA.obj
 0001:00008fa0       ?SetObjectNo@CBooleans@@UAEXJ@Z 10009fa0 f i Dlg_StLA.obj
 0001:00008fd0       ?IsSoundOn@CBooleans@@UAEHXZ 10009fd0 f i Dlg_StLA.obj
 0001:00009000       ?ToggleSoundOn@CBooleans@@UAEXXZ 1000a000 f i Dlg_StLA.obj
 0001:00009040       ?IsCoonSocksOff@CBooleans@@UAEHXZ 1000a040 f i Dlg_StLA.obj
 0001:00009070       ?ToggleCoonSocksOff@CBooleans@@UAEXXZ 1000a070 f i Dlg_StLA.obj
 0001:000090b0       ?IsSnapOn@CBooleans@@UAEHXZ 1000a0b0 f i Dlg_StLA.obj
 0001:000090e0       ?ToggleSnapOn@CBooleans@@UAEXXZ 1000a0e0 f i Dlg_StLA.obj
 0001:00009120       ?IsHorSnapOn@CBooleans@@UAEHXZ 1000a120 f i Dlg_StLA.obj
 0001:00009150       ?ToggleHorSnapOn@CBooleans@@UAEXXZ 1000a150 f i Dlg_StLA.obj
 0001:00009190       ?IsVerSnapOn@CBooleans@@UAEHXZ 1000a190 f i Dlg_StLA.obj
 0001:000091c0       ?ToggleVerSnapOn@CBooleans@@UAEXXZ 1000a1c0 f i Dlg_StLA.obj
 0001:00009200       ?IsSpawnOn@CBooleans@@UAEHXZ 1000a200 f i Dlg_StLA.obj
 0001:00009230       ?ToggleSpawnOn@CBooleans@@UAEXXZ 1000a230 f i Dlg_StLA.obj
 0001:00009270       ?IsBLineOn@CBooleans@@UAEHXZ 1000a270 f i Dlg_StLA.obj
 0001:000092a0       ?ToggleBLineOn@CBooleans@@UAEXXZ 1000a2a0 f i Dlg_StLA.obj
 0001:000092e0       ?IsSingleSegOn@CBooleans@@UAEHXZ 1000a2e0 f i Dlg_StLA.obj
 0001:00009310       ?ToggleSingleSegOn@CBooleans@@UAEXXZ 1000a310 f i Dlg_StLA.obj
 0001:00009350       ?IsAutoAcceptOn@CBooleans@@UAEHXZ 1000a350 f i Dlg_StLA.obj
 0001:00009380       ?ToggleAutoAcceptOn@CBooleans@@UAEXXZ 1000a380 f i Dlg_StLA.obj
 0001:000093c0       ?IsDialogOn@CBooleans@@UAEHXZ 1000a3c0 f i Dlg_StLA.obj
 0001:000093f0       ?ToggleDialogOn@CBooleans@@UAEXXZ 1000a3f0 f i Dlg_StLA.obj
 0001:00009430       ?IsElementOn@CBooleans@@UAEHXZ 1000a430 f i Dlg_StLA.obj
 0001:00009460       ?ToggleElementOn@CBooleans@@UAEXXZ 1000a460 f i Dlg_StLA.obj
 0001:000094a0       ?IsDragOn@CBooleans@@UAEHXZ 1000a4a0 f i Dlg_StLA.obj
 0001:000094d0       ?ToggleDragOn@CBooleans@@UAEXXZ 1000a4d0 f i Dlg_StLA.obj
 0001:00009510       ?IsRefreshOn@CBooleans@@UAEHXZ 1000a510 f i Dlg_StLA.obj
 0001:00009540       ?ToggleRefreshOn@CBooleans@@UAEXXZ 1000a540 f i Dlg_StLA.obj
 0001:00009580       ?IsRubberBandOn@CBooleans@@UAEHXZ 1000a580 f i Dlg_StLA.obj
 0001:000095b0       ?ToggleRubberBandOn@CBooleans@@UAEXXZ 1000a5b0 f i Dlg_StLA.obj
 0001:000095f0       ?IsStViewActive@CBooleans@@UAEHXZ 1000a5f0 f i Dlg_StLA.obj
 0001:00009620       ?ToggleStViewActive@CBooleans@@UAEXXZ 1000a620 f i Dlg_StLA.obj
 0001:00009660       ?IsSpViewActive@CBooleans@@UAEHXZ 1000a660 f i Dlg_StLA.obj
 0001:00009690       ?ToggleSpViewActive@CBooleans@@UAEXXZ 1000a690 f i Dlg_StLA.obj
 0001:000096d0       ?IsHsViewActive@CBooleans@@UAEHXZ 1000a6d0 f i Dlg_StLA.obj
 0001:00009700       ?ToggleHsViewActive@CBooleans@@UAEXXZ 1000a700 f i Dlg_StLA.obj
 0001:00009740       ?Is12ViewActive@CBooleans@@UAEHXZ 1000a740 f i Dlg_StLA.obj
 0001:00009770       ?Toggle12ViewActive@CBooleans@@UAEXXZ 1000a770 f i Dlg_StLA.obj
 0001:000097b0       ?Is23ViewActive@CBooleans@@UAEHXZ 1000a7b0 f i Dlg_StLA.obj
 0001:000097e0       ?Toggle23ViewActive@CBooleans@@UAEXXZ 1000a7e0 f i Dlg_StLA.obj
 0001:00009820       ?Is31ViewActive@CBooleans@@UAEHXZ 1000a820 f i Dlg_StLA.obj
 0001:00009850       ?Toggle31ViewActive@CBooleans@@UAEXXZ 1000a850 f i Dlg_StLA.obj
 0001:00009890       ?IsIsoViewActive@CBooleans@@UAEHXZ 1000a890 f i Dlg_StLA.obj
 0001:000098c0       ?ToggleIsoViewActive@CBooleans@@UAEXXZ 1000a8c0 f i Dlg_StLA.obj
 0001:00009900       ?IsDataViewActive@CBooleans@@UAEHXZ 1000a900 f i Dlg_StLA.obj
 0001:00009930       ?ToggleDataViewActive@CBooleans@@UAEXXZ 1000a930 f i Dlg_StLA.obj
 0001:00009970       ?IsMeshDataViewActive@CBooleans@@UAEHXZ 1000a970 f i Dlg_StLA.obj
 0001:000099a0       ?ToggleMeshDataViewActive@CBooleans@@UAEXXZ 1000a9a0 f i Dlg_StLA.obj
 0001:000099e0       ?IsDeckViewActive@CBooleans@@UAEHXZ 1000a9e0 f i Dlg_StLA.obj
 0001:00009a10       ?ToggleDeckViewActive@CBooleans@@UAEXXZ 1000aa10 f i Dlg_StLA.obj
 0001:00009a50       ?IsFormDataViewActive@CBooleans@@UAEHXZ 1000aa50 f i Dlg_StLA.obj
 0001:00009a80       ?ToggleFormDataViewActive@CBooleans@@UAEXXZ 1000aa80 f i Dlg_StLA.obj
 0001:00009ac0       ?IsInputMode@CBooleans@@UAEHXZ 1000aac0 f i Dlg_StLA.obj
 0001:00009af0       ?SetInputMode@CBooleans@@UAEXH@Z 1000aaf0 f i Dlg_StLA.obj
 0001:00009b20       ?IsOutputMode@CBooleans@@UAEHXZ 1000ab20 f i Dlg_StLA.obj
 0001:00009b50       ?SetOutputMode@CBooleans@@UAEXH@Z 1000ab50 f i Dlg_StLA.obj
 0001:00009b80       ??1CBooleans@@UAE@XZ       1000ab80 f i Dlg_StLA.obj
 0001:00009bb0       ??_GCBooleans@@UAEPAXI@Z   1000abb0 f i Dlg_StLA.obj
 0001:00009bf0       ??_ECBooleans@@UAEPAXI@Z   1000abf0 f i Dlg_StLA.obj
 0001:00009c90       ?GetObjectType@CDataWindow@@UAEHXZ 1000ac90 f i Dlg_StLA.obj
 0001:00009cc0       ?SetObjectType@CDataWindow@@UAEXH@Z 1000acc0 f i Dlg_StLA.obj
 0001:00009cf0       ?GetElemType@CDataWindow@@UAEHXZ 1000acf0 f i Dlg_StLA.obj
 0001:00009d20       ?SetElemType@CDataWindow@@UAEXH@Z 1000ad20 f i Dlg_StLA.obj
 0001:00009d50       ?GetObjectNo@CDataWindow@@UAEJXZ 1000ad50 f i Dlg_StLA.obj
 0001:00009d80       ?SetObjectNo@CDataWindow@@UAEXJ@Z 1000ad80 f i Dlg_StLA.obj
 0001:00009db0       ?GetWinOrgWIC@CDataWindow@@UAE?AULPOINT3@@XZ 1000adb0 f i Dlg_StLA.obj
 0001:00009df0       ?GetWinMinWIC@CDataWindow@@UAE?AULPOINT3@@XZ 1000adf0 f i Dlg_StLA.obj
 0001:00009e30       ?GetWinMaxWIC@CDataWindow@@UAE?AULPOINT3@@XZ 1000ae30 f i Dlg_StLA.obj
 0001:00009e70       ?GetWinExtWIC@CDataWindow@@UAE?AULPOINT3@@XZ 1000ae70 f i Dlg_StLA.obj
 0001:00009eb0       ??1CDataWindow@@UAE@XZ     1000aeb0 f i Dlg_StLA.obj
 0001:00009ee0       ??_GCDataWindow@@UAEPAXI@Z 1000aee0 f i Dlg_StLA.obj
 0001:00009f20       ??_ECDataWindow@@UAEPAXI@Z 1000af20 f i Dlg_StLA.obj
 0001:00009fc0       ?GetObjectType@CDrFont@@UAEHXZ 1000afc0 f i Dlg_StLA.obj
 0001:00009ff0       ?SetObjectType@CDrFont@@UAEXH@Z 1000aff0 f i Dlg_StLA.obj
 0001:0000a020       ?GetElemType@CDrFont@@UAEHXZ 1000b020 f i Dlg_StLA.obj
 0001:0000a050       ?SetElemType@CDrFont@@UAEXH@Z 1000b050 f i Dlg_StLA.obj
 0001:0000a080       ?GetObjectNo@CDrFont@@UAEJXZ 1000b080 f i Dlg_StLA.obj
 0001:0000a0b0       ?SetObjectNo@CDrFont@@UAEXJ@Z 1000b0b0 f i Dlg_StLA.obj
 0001:0000a0e0       ?IsFontSelected@CDrFont@@UAEHXZ 1000b0e0 f i Dlg_StLA.obj
 0001:0000a110       ?GetTextColor@CDrFont@@UAEKXZ 1000b110 f i Dlg_StLA.obj
 0001:0000a140       ?SetTextColor@CDrFont@@UAEXK@Z 1000b140 f i Dlg_StLA.obj
 0001:0000a170       ?GetCurrentLogFont@CDrFont@@UAE?AUtagLOGFONTA@@XZ 1000b170 f i Dlg_StLA.obj
 0001:0000a1b0       ?SetCurrentLogFont@CDrFont@@UAEXUtagLOGFONTA@@@Z 1000b1b0 f i Dlg_StLA.obj
 0001:0000a1f0       ??1CDrFont@@UAE@XZ         1000b1f0 f i Dlg_StLA.obj
 0001:0000a220       ??_GCDrFont@@UAEPAXI@Z     1000b220 f i Dlg_StLA.obj
 0001:0000a260       ??_ECDrFont@@UAEPAXI@Z     1000b260 f i Dlg_StLA.obj
 0001:0000a300       ?GetObjectType@CDrPen@@UAEHXZ 1000b300 f i Dlg_StLA.obj
 0001:0000a330       ?SetObjectType@CDrPen@@UAEXH@Z 1000b330 f i Dlg_StLA.obj
 0001:0000a360       ?GetElemType@CDrPen@@UAEHXZ 1000b360 f i Dlg_StLA.obj
 0001:0000a390       ?SetElemType@CDrPen@@UAEXH@Z 1000b390 f i Dlg_StLA.obj
 0001:0000a3c0       ?GetObjectNo@CDrPen@@UAEJXZ 1000b3c0 f i Dlg_StLA.obj
 0001:0000a3f0       ?SetObjectNo@CDrPen@@UAEXJ@Z 1000b3f0 f i Dlg_StLA.obj
 0001:0000a420       ?GetCurrentPen@CDrPen@@UAEPAVCPen@@XZ 1000b420 f i Dlg_StLA.obj
 0001:0000a450       ?GetStyle@CDrPen@@UAEHXZ   1000b450 f i Dlg_StLA.obj
 0001:0000a480       ?SetStyle@CDrPen@@UAEXH@Z  1000b480 f i Dlg_StLA.obj
 0001:0000a4b0       ?GetStyleOld@CDrPen@@UAEHXZ 1000b4b0 f i Dlg_StLA.obj
 0001:0000a4e0       ?SetStyleOld@CDrPen@@UAEXH@Z 1000b4e0 f i Dlg_StLA.obj
 0001:0000a510       ?GetStyleDefault@CDrPen@@UAEHXZ 1000b510 f i Dlg_StLA.obj
 0001:0000a540       ?SetStyleDefault@CDrPen@@UAEXH@Z 1000b540 f i Dlg_StLA.obj
 0001:0000a570       ?GetWidth@CDrPen@@UAEHXZ   1000b570 f i Dlg_StLA.obj
 0001:0000a5a0       ?SetWidth@CDrPen@@UAEXH@Z  1000b5a0 f i Dlg_StLA.obj
 0001:0000a5d0       ?GetWidthOld@CDrPen@@UAEHXZ 1000b5d0 f i Dlg_StLA.obj
 0001:0000a600       ?SetWidthOld@CDrPen@@UAEXH@Z 1000b600 f i Dlg_StLA.obj
 0001:0000a630       ?GetWidthDefault@CDrPen@@UAEHXZ 1000b630 f i Dlg_StLA.obj
 0001:0000a660       ?SetWidthDefault@CDrPen@@UAEXH@Z 1000b660 f i Dlg_StLA.obj
 0001:0000a690       ?GetColor@CDrPen@@UAEKXZ   1000b690 f i Dlg_StLA.obj
 0001:0000a6c0       ?SetColor@CDrPen@@UAEXK@Z  1000b6c0 f i Dlg_StLA.obj
 0001:0000a6f0       ?GetColorOld@CDrPen@@UAEKXZ 1000b6f0 f i Dlg_StLA.obj
 0001:0000a720       ?SetColorOld@CDrPen@@UAEXK@Z 1000b720 f i Dlg_StLA.obj
 0001:0000a750       ?GetColorDefault@CDrPen@@UAEKXZ 1000b750 f i Dlg_StLA.obj
 0001:0000a780       ?SetColorDefault@CDrPen@@UAEXK@Z 1000b780 f i Dlg_StLA.obj
 0001:0000a7b0       ?GetIndex@CDrPen@@UAEIXZ   1000b7b0 f i Dlg_StLA.obj
 0001:0000a7e0       ?SetIndex@CDrPen@@UAEXI@Z  1000b7e0 f i Dlg_StLA.obj
 0001:0000a810       ?GetIndexOld@CDrPen@@UAEIXZ 1000b810 f i Dlg_StLA.obj
 0001:0000a840       ?SetIndexOld@CDrPen@@UAEXI@Z 1000b840 f i Dlg_StLA.obj
 0001:0000a870       ?GetIndexDefault@CDrPen@@UAEIXZ 1000b870 f i Dlg_StLA.obj
 0001:0000a8a0       ?SetIndexDefault@CDrPen@@UAEXI@Z 1000b8a0 f i Dlg_StLA.obj
 0001:0000a8d0       ?GetStyleNameCount@CDrPen@@UAEIXZ 1000b8d0 f i Dlg_StLA.obj
 0001:0000a900       ?SetStyleNameCount@CDrPen@@UAEXI@Z 1000b900 f i Dlg_StLA.obj
 0001:0000a930       ?GetStyleName@CDrPen@@UAE?AVCString@@I@Z 1000b930 f i Dlg_StLA.obj
 0001:0000a980       ?GetStyleConstant@CDrPen@@UAEII@Z 1000b980 f i Dlg_StLA.obj
 0001:0000a9b0       ??1CDrPen@@UAE@XZ          1000b9b0 f i Dlg_StLA.obj
 0001:0000aa50       ??_GCDrPen@@UAEPAXI@Z      1000ba50 f i Dlg_StLA.obj
 0001:0000aa90       ??_ECDrPen@@UAEPAXI@Z      1000ba90 f i Dlg_StLA.obj
 0001:0000ab30       ?GetObjectType@CHitNet@@UAEHXZ 1000bb30 f i Dlg_StLA.obj
 0001:0000ab60       ?SetObjectType@CHitNet@@UAEXH@Z 1000bb60 f i Dlg_StLA.obj
 0001:0000ab90       ?GetElemType@CHitNet@@UAEHXZ 1000bb90 f i Dlg_StLA.obj
 0001:0000abc0       ?SetElemType@CHitNet@@UAEXH@Z 1000bbc0 f i Dlg_StLA.obj
 0001:0000abf0       ?GetObjectNo@CHitNet@@UAEJXZ 1000bbf0 f i Dlg_StLA.obj
 0001:0000ac20       ?SetObjectNo@CHitNet@@UAEXJ@Z 1000bc20 f i Dlg_StLA.obj
 0001:0000ac50       ?GetSearchNet@CHitNet@@QAEHXZ 1000bc50 f i Dlg_StLA.obj
 0001:0000ac80       ?SetSearchNet@CHitNet@@QAEXH@Z 1000bc80 f i Dlg_StLA.obj
 0001:0000acb0       ?GetSearchNetOld@CHitNet@@QAEHXZ 1000bcb0 f i Dlg_StLA.obj
 0001:0000ace0       ?SetSearchNetOld@CHitNet@@QAEXH@Z 1000bce0 f i Dlg_StLA.obj
 0001:0000ad10       ?GetSearchNetDefault@CHitNet@@QAEHXZ 1000bd10 f i Dlg_StLA.obj
 0001:0000ad40       ?SetSearchNetDefault@CHitNet@@QAEXH@Z 1000bd40 f i Dlg_StLA.obj
 0001:0000ad70       ?GetSearchDet@CHitNet@@QAENXZ 1000bd70 f i Dlg_StLA.obj
 0001:0000ada0       ?SetSearchDet@CHitNet@@QAEXN@Z 1000bda0 f i Dlg_StLA.obj
 0001:0000ade0       ?GetSearchDetOld@CHitNet@@QAENXZ 1000bde0 f i Dlg_StLA.obj
 0001:0000ae10       ?SetSearchDetOld@CHitNet@@QAEXN@Z 1000be10 f i Dlg_StLA.obj
 0001:0000ae50       ?GetSearchDetDefault@CHitNet@@QAENXZ 1000be50 f i Dlg_StLA.obj
 0001:0000ae80       ?SetSearchDetDefault@CHitNet@@QAEXN@Z 1000be80 f i Dlg_StLA.obj
 0001:0000aec0       ?GetDblRatio@CHitNet@@QAENXZ 1000bec0 f i Dlg_StLA.obj
 0001:0000aef0       ?SetDblRatio@CHitNet@@QAEXN@Z 1000bef0 f i Dlg_StLA.obj
 0001:0000af30       ?GetDblRatioOld@CHitNet@@QAENXZ 1000bf30 f i Dlg_StLA.obj
 0001:0000af60       ?SetDblRatioOld@CHitNet@@QAEXN@Z 1000bf60 f i Dlg_StLA.obj
 0001:0000afa0       ?GetDblRatioDefault@CHitNet@@QAENXZ 1000bfa0 f i Dlg_StLA.obj
 0001:0000afd0       ?SetDblRatioDefault@CHitNet@@QAEXN@Z 1000bfd0 f i Dlg_StLA.obj
 0001:0000b010       ?GetCoLinear@CHitNet@@QAENXZ 1000c010 f i Dlg_StLA.obj
 0001:0000b040       ?SetCoLinear@CHitNet@@QAEXN@Z 1000c040 f i Dlg_StLA.obj
 0001:0000b080       ?GetCoLinearOld@CHitNet@@QAENXZ 1000c080 f i Dlg_StLA.obj
 0001:0000b0b0       ?SetCoLinearOld@CHitNet@@QAEXN@Z 1000c0b0 f i Dlg_StLA.obj
 0001:0000b0f0       ?GetCoLinearDefault@CHitNet@@QAENXZ 1000c0f0 f i Dlg_StLA.obj
 0001:0000b120       ?SetCoLinearDefault@CHitNet@@QAEXN@Z 1000c120 f i Dlg_StLA.obj
 0001:0000b160       ?GetCoPlanar@CHitNet@@QAENXZ 1000c160 f i Dlg_StLA.obj
 0001:0000b190       ?SetCoPlanar@CHitNet@@QAEXN@Z 1000c190 f i Dlg_StLA.obj
 0001:0000b1d0       ?GetCoPlanarOld@CHitNet@@QAENXZ 1000c1d0 f i Dlg_StLA.obj
 0001:0000b200       ?SetCoPlanarOld@CHitNet@@QAEXN@Z 1000c200 f i Dlg_StLA.obj
 0001:0000b240       ?GetCoPlanarDefault@CHitNet@@QAENXZ 1000c240 f i Dlg_StLA.obj
 0001:0000b270       ?SetCoPlanarDefault@CHitNet@@QAEXN@Z 1000c270 f i Dlg_StLA.obj
 0001:0000b2b0       ?GetMergeNode_X@CHitNet@@QAENXZ 1000c2b0 f i Dlg_StLA.obj
 0001:0000b2e0       ?SetMergeNode_X@CHitNet@@QAEXN@Z 1000c2e0 f i Dlg_StLA.obj
 0001:0000b320       ?GetMergeNode_XOld@CHitNet@@QAENXZ 1000c320 f i Dlg_StLA.obj
 0001:0000b350       ?SetMergeNode_XOld@CHitNet@@QAEXN@Z 1000c350 f i Dlg_StLA.obj
 0001:0000b390       ?GetMergeNode_XDefault@CHitNet@@QAENXZ 1000c390 f i Dlg_StLA.obj
 0001:0000b3c0       ?SetMergeNode_XDefault@CHitNet@@QAEXN@Z 1000c3c0 f i Dlg_StLA.obj
 0001:0000b400       ?GetMergeNode_Y@CHitNet@@QAENXZ 1000c400 f i Dlg_StLA.obj
 0001:0000b430       ?SetMergeNode_Y@CHitNet@@QAEXN@Z 1000c430 f i Dlg_StLA.obj
 0001:0000b470       ?GetMergeNode_YOld@CHitNet@@QAENXZ 1000c470 f i Dlg_StLA.obj
 0001:0000b4a0       ?SetMergeNode_YOld@CHitNet@@QAEXN@Z 1000c4a0 f i Dlg_StLA.obj
 0001:0000b4e0       ?GetMergeNode_YDefault@CHitNet@@QAENXZ 1000c4e0 f i Dlg_StLA.obj
 0001:0000b510       ?SetMergeNode_YDefault@CHitNet@@QAEXN@Z 1000c510 f i Dlg_StLA.obj
 0001:0000b550       ?GetMergeNode_Z@CHitNet@@QAENXZ 1000c550 f i Dlg_StLA.obj
 0001:0000b580       ?SetMergeNode_Z@CHitNet@@QAEXN@Z 1000c580 f i Dlg_StLA.obj
 0001:0000b5c0       ?GetMergeNode_ZOld@CHitNet@@QAENXZ 1000c5c0 f i Dlg_StLA.obj
 0001:0000b5f0       ?SetMergeNode_ZOld@CHitNet@@QAEXN@Z 1000c5f0 f i Dlg_StLA.obj
 0001:0000b630       ?GetMergeNode_ZDefault@CHitNet@@QAENXZ 1000c630 f i Dlg_StLA.obj
 0001:0000b660       ?SetMergeNode_ZDefault@CHitNet@@QAEXN@Z 1000c660 f i Dlg_StLA.obj
 0001:0000b6a0       ??1CHitNet@@UAE@XZ         1000c6a0 f i Dlg_StLA.obj
 0001:0000b6d0       ??_GCHitNet@@UAEPAXI@Z     1000c6d0 f i Dlg_StLA.obj
 0001:0000b710       ??_ECHitNet@@UAEPAXI@Z     1000c710 f i Dlg_StLA.obj
 0001:0000b7b0       ?GetObjectType@CLayer@@UAEHXZ 1000c7b0 f i Dlg_StLA.obj
 0001:0000b7e0       ?SetObjectType@CLayer@@UAEXH@Z 1000c7e0 f i Dlg_StLA.obj
 0001:0000b810       ?GetElemType@CLayer@@UAEHXZ 1000c810 f i Dlg_StLA.obj
 0001:0000b840       ?SetElemType@CLayer@@UAEXH@Z 1000c840 f i Dlg_StLA.obj
 0001:0000b870       ?GetObjectNo@CLayer@@UAEJXZ 1000c870 f i Dlg_StLA.obj
 0001:0000b8a0       ?SetObjectNo@CLayer@@UAEXJ@Z 1000c8a0 f i Dlg_StLA.obj
 0001:0000b8d0       ?GetCurrentLayer@CLayer@@UAEIXZ 1000c8d0 f i Dlg_StLA.obj
 0001:0000b900       ?SetCurrentLayer@CLayer@@UAEXI@Z 1000c900 f i Dlg_StLA.obj
 0001:0000b930       ?GetCurrentLayerOld@CLayer@@UAEIXZ 1000c930 f i Dlg_StLA.obj
 0001:0000b960       ?SetCurrentLayerOld@CLayer@@UAEXI@Z 1000c960 f i Dlg_StLA.obj
 0001:0000b990       ?GetCurrentLayerDefault@CLayer@@UAEIXZ 1000c990 f i Dlg_StLA.obj
 0001:0000b9c0       ?SetCurrentLayerDefault@CLayer@@UAEXI@Z 1000c9c0 f i Dlg_StLA.obj
 0001:0000b9f0       ??1CLayer@@UAE@XZ          1000c9f0 f i Dlg_StLA.obj
 0001:0000ba20       ??_GCLayer@@UAEPAXI@Z      1000ca20 f i Dlg_StLA.obj
 0001:0000ba60       ??_ECLayer@@UAEPAXI@Z      1000ca60 f i Dlg_StLA.obj
 0001:0000bb00       ?GetObjectType@CPatchMnu@@UAEHXZ 1000cb00 f i Dlg_StLA.obj
 0001:0000bb30       ?SetObjectType@CPatchMnu@@UAEXH@Z 1000cb30 f i Dlg_StLA.obj
 0001:0000bb60       ?GetElemType@CPatchMnu@@UAEHXZ 1000cb60 f i Dlg_StLA.obj
 0001:0000bb90       ?SetElemType@CPatchMnu@@UAEXH@Z 1000cb90 f i Dlg_StLA.obj
 0001:0000bbc0       ?GetObjectNo@CPatchMnu@@UAEJXZ 1000cbc0 f i Dlg_StLA.obj
 0001:0000bbf0       ?SetObjectNo@CPatchMnu@@UAEXJ@Z 1000cbf0 f i Dlg_StLA.obj
 0001:0000bc20       ?GetCurrentPatchMnu@CPatchMnu@@UAEIXZ 1000cc20 f i Dlg_StLA.obj
 0001:0000bc50       ?SetCurrentPatchMnu@CPatchMnu@@UAEXI@Z 1000cc50 f i Dlg_StLA.obj
 0001:0000bc80       ?GetCurrentPatchMnuOld@CPatchMnu@@UAEIXZ 1000cc80 f i Dlg_StLA.obj
 0001:0000bcb0       ?SetCurrentPatchMnuOld@CPatchMnu@@UAEXI@Z 1000ccb0 f i Dlg_StLA.obj
 0001:0000bce0       ?GetCurrentPatchMnuDefault@CPatchMnu@@UAEIXZ 1000cce0 f i Dlg_StLA.obj
 0001:0000bd10       ?SetCurrentPatchMnuDefault@CPatchMnu@@UAEXI@Z 1000cd10 f i Dlg_StLA.obj
 0001:0000bd40       ?GetPatchMnuID@CPatchMnu@@UAE?AVCString@@I@Z 1000cd40 f i Dlg_StLA.obj
 0001:0000bd90       ?SetPatchMnuID@CPatchMnu@@UAEXVCString@@I@Z 1000cd90 f i Dlg_StLA.obj
 0001:0000be10       ?GetCurrentID@CPatchMnu@@UAE?AVCString@@XZ 1000ce10 f i Dlg_StLA.obj
 0001:0000be60       ?SetCurrentID@CPatchMnu@@UAEXVCString@@@Z 1000ce60 f i Dlg_StLA.obj
 0001:0000bee0       ??1CPatchMnu@@UAE@XZ       1000cee0 f i Dlg_StLA.obj
 0001:0000bfa0       ??_GCPatchMnu@@UAEPAXI@Z   1000cfa0 f i Dlg_StLA.obj
 0001:0000bfe0       ??_ECPatchMnu@@UAEPAXI@Z   1000cfe0 f i Dlg_StLA.obj
 0001:0000c080       ?GetObjectType@CObj3DMnu@@UAEHXZ 1000d080 f i Dlg_StLA.obj
 0001:0000c0b0       ?SetObjectType@CObj3DMnu@@UAEXH@Z 1000d0b0 f i Dlg_StLA.obj
 0001:0000c0e0       ?GetElemType@CObj3DMnu@@UAEHXZ 1000d0e0 f i Dlg_StLA.obj
 0001:0000c110       ?SetElemType@CObj3DMnu@@UAEXH@Z 1000d110 f i Dlg_StLA.obj
 0001:0000c140       ?GetObjectNo@CObj3DMnu@@UAEJXZ 1000d140 f i Dlg_StLA.obj
 0001:0000c170       ?SetObjectNo@CObj3DMnu@@UAEXJ@Z 1000d170 f i Dlg_StLA.obj
 0001:0000c1a0       ?GetCurrentObj3DMnu@CObj3DMnu@@UAEIXZ 1000d1a0 f i Dlg_StLA.obj
 0001:0000c1d0       ?SetCurrentObj3DMnu@CObj3DMnu@@UAEXI@Z 1000d1d0 f i Dlg_StLA.obj
 0001:0000c200       ?GetCurrentObj3DMnuOld@CObj3DMnu@@UAEIXZ 1000d200 f i Dlg_StLA.obj
 0001:0000c230       ?SetCurrentObj3DMnuOld@CObj3DMnu@@UAEXI@Z 1000d230 f i Dlg_StLA.obj
 0001:0000c260       ?GetCurrentObj3DMnuDefault@CObj3DMnu@@UAEIXZ 1000d260 f i Dlg_StLA.obj
 0001:0000c290       ?SetCurrentObj3DMnuDefault@CObj3DMnu@@UAEXI@Z 1000d290 f i Dlg_StLA.obj
 0001:0000c2c0       ?GetObj3DMnuID@CObj3DMnu@@UAE?AVCString@@I@Z 1000d2c0 f i Dlg_StLA.obj
 0001:0000c310       ?SetObj3DMnuID@CObj3DMnu@@UAEXVCString@@I@Z 1000d310 f i Dlg_StLA.obj
 0001:0000c390       ?GetCurrentID@CObj3DMnu@@UAE?AVCString@@XZ 1000d390 f i Dlg_StLA.obj
 0001:0000c3e0       ?SetCurrentID@CObj3DMnu@@UAEXVCString@@@Z 1000d3e0 f i Dlg_StLA.obj
 0001:0000c460       ??1CObj3DMnu@@UAE@XZ       1000d460 f i Dlg_StLA.obj
 0001:0000c520       ??_GCObj3DMnu@@UAEPAXI@Z   1000d520 f i Dlg_StLA.obj
 0001:0000c560       ??_ECObj3DMnu@@UAEPAXI@Z   1000d560 f i Dlg_StLA.obj
 0001:0000c600       ?GetObjectType@CMapFactor@@UAEHXZ 1000d600 f i Dlg_StLA.obj
 0001:0000c630       ?SetObjectType@CMapFactor@@UAEXH@Z 1000d630 f i Dlg_StLA.obj
 0001:0000c660       ?GetElemType@CMapFactor@@UAEHXZ 1000d660 f i Dlg_StLA.obj
 0001:0000c690       ?SetElemType@CMapFactor@@UAEXH@Z 1000d690 f i Dlg_StLA.obj
 0001:0000c6c0       ?GetObjectNo@CMapFactor@@UAEJXZ 1000d6c0 f i Dlg_StLA.obj
 0001:0000c6f0       ?SetObjectNo@CMapFactor@@UAEXJ@Z 1000d6f0 f i Dlg_StLA.obj
 0001:0000c720       ?GetMapFactor@CMapFactor@@UAENXZ 1000d720 f i Dlg_StLA.obj
 0001:0000c750       ?SetMapFactor@CMapFactor@@UAEXN@Z 1000d750 f i Dlg_StLA.obj
 0001:0000c790       ?GetMapModeIndex@CMapFactor@@UAEHXZ 1000d790 f i Dlg_StLA.obj
 0001:0000c7c0       ?SetMapModeIndex@CMapFactor@@UAEXH@Z 1000d7c0 f i Dlg_StLA.obj
 0001:0000c7f0       ??1CMapFactor@@UAE@XZ      1000d7f0 f i Dlg_StLA.obj
 0001:0000c820       ??_GCMapFactor@@UAEPAXI@Z  1000d820 f i Dlg_StLA.obj
 0001:0000c860       ??_ECMapFactor@@UAEPAXI@Z  1000d860 f i Dlg_StLA.obj
 0001:0000c900       ?GetObjectType@CPrecision@@UAEHXZ 1000d900 f i Dlg_StLA.obj
 0001:0000c930       ?SetObjectType@CPrecision@@UAEXH@Z 1000d930 f i Dlg_StLA.obj
 0001:0000c960       ?GetElemType@CPrecision@@UAEHXZ 1000d960 f i Dlg_StLA.obj
 0001:0000c990       ?SetElemType@CPrecision@@UAEXH@Z 1000d990 f i Dlg_StLA.obj
 0001:0000c9c0       ?GetObjectNo@CPrecision@@UAEJXZ 1000d9c0 f i Dlg_StLA.obj
 0001:0000c9f0       ?SetObjectNo@CPrecision@@UAEXJ@Z 1000d9f0 f i Dlg_StLA.obj
 0001:0000ca20       ?GetPrecision@CPrecision@@UAEIXZ 1000da20 f i Dlg_StLA.obj
 0001:0000ca50       ?SetPrecision@CPrecision@@UAEXI@Z 1000da50 f i Dlg_StLA.obj
 0001:0000ca80       ?GetPrecisionOld@CPrecision@@UAEIXZ 1000da80 f i Dlg_StLA.obj
 0001:0000cab0       ?SetPrecisionOld@CPrecision@@UAEXI@Z 1000dab0 f i Dlg_StLA.obj
 0001:0000cae0       ?GetPrecisionDefault@CPrecision@@UAEIXZ 1000dae0 f i Dlg_StLA.obj
 0001:0000cb10       ?SetPrecisionDefault@CPrecision@@UAEXI@Z 1000db10 f i Dlg_StLA.obj
 0001:0000cb40       ?GetWorldBase@CPrecision@@UAEJXZ 1000db40 f i Dlg_StLA.obj
 0001:0000cb70       ?SetWorldBase@CPrecision@@UAEXJ@Z 1000db70 f i Dlg_StLA.obj
 0001:0000cba0       ?GetWorldBaseOld@CPrecision@@UAEJXZ 1000dba0 f i Dlg_StLA.obj
 0001:0000cbd0       ?SetWorldBaseOld@CPrecision@@UAEXJ@Z 1000dbd0 f i Dlg_StLA.obj
 0001:0000cc00       ?GetWorldBaseDefault@CPrecision@@UAEJXZ 1000dc00 f i Dlg_StLA.obj
 0001:0000cc30       ?SetWorldBaseDefault@CPrecision@@UAEXJ@Z 1000dc30 f i Dlg_StLA.obj
 0001:0000cc60       ??1CPrecision@@UAE@XZ      1000dc60 f i Dlg_StLA.obj
 0001:0000cc90       ??_GCPrecision@@UAEPAXI@Z  1000dc90 f i Dlg_StLA.obj
 0001:0000ccd0       ??_ECPrecision@@UAEPAXI@Z  1000dcd0 f i Dlg_StLA.obj
 0001:0000cd70       ?GetObjectType@CScaleFactor@@UAEHXZ 1000dd70 f i Dlg_StLA.obj
 0001:0000cda0       ?SetObjectType@CScaleFactor@@UAEXH@Z 1000dda0 f i Dlg_StLA.obj
 0001:0000cdd0       ?GetElemType@CScaleFactor@@UAEHXZ 1000ddd0 f i Dlg_StLA.obj
 0001:0000ce00       ?SetElemType@CScaleFactor@@UAEXH@Z 1000de00 f i Dlg_StLA.obj
 0001:0000ce30       ?GetObjectNo@CScaleFactor@@UAEJXZ 1000de30 f i Dlg_StLA.obj
 0001:0000ce60       ?SetObjectNo@CScaleFactor@@UAEXJ@Z 1000de60 f i Dlg_StLA.obj
 0001:0000ce90       ?GetScaleFactor@CScaleFactor@@UAENXZ 1000de90 f i Dlg_StLA.obj
 0001:0000cec0       ?SetScaleFactor@CScaleFactor@@UAEXN@Z 1000dec0 f i Dlg_StLA.obj
 0001:0000cf00       ?GetScaleFactorOld@CScaleFactor@@UAENXZ 1000df00 f i Dlg_StLA.obj
 0001:0000cf30       ?SetScaleFactorOld@CScaleFactor@@UAEXN@Z 1000df30 f i Dlg_StLA.obj
 0001:0000cf70       ?GetScaleFactorDefault@CScaleFactor@@UAENXZ 1000df70 f i Dlg_StLA.obj
 0001:0000cfa0       ?SetScaleFactorDefault@CScaleFactor@@UAEXN@Z 1000dfa0 f i Dlg_StLA.obj
 0001:0000cfe0       ??1CScaleFactor@@UAE@XZ    1000dfe0 f i Dlg_StLA.obj
 0001:0000d010       ??_GCScaleFactor@@UAEPAXI@Z 1000e010 f i Dlg_StLA.obj
 0001:0000d050       ??_ECScaleFactor@@UAEPAXI@Z 1000e050 f i Dlg_StLA.obj
 0001:0000d0f0       ?GetObjectType@CUnit@@UAEHXZ 1000e0f0 f i Dlg_StLA.obj
 0001:0000d120       ?SetObjectType@CUnit@@UAEXH@Z 1000e120 f i Dlg_StLA.obj
 0001:0000d150       ?GetElemType@CUnit@@UAEHXZ 1000e150 f i Dlg_StLA.obj
 0001:0000d180       ?SetElemType@CUnit@@UAEXH@Z 1000e180 f i Dlg_StLA.obj
 0001:0000d1b0       ?GetObjectNo@CUnit@@UAEJXZ 1000e1b0 f i Dlg_StLA.obj
 0001:0000d1e0       ?SetObjectNo@CUnit@@UAEXJ@Z 1000e1e0 f i Dlg_StLA.obj
 0001:0000d210       ?GetUnitName@CUnit@@UAE?AVCString@@I@Z 1000e210 f i Dlg_StLA.obj
 0001:0000d260       ?GetUnitIndex@CUnit@@UAEIXZ 1000e260 f i Dlg_StLA.obj
 0001:0000d290       ?SetUnitIndex@CUnit@@UAEXI@Z 1000e290 f i Dlg_StLA.obj
 0001:0000d2c0       ?GetUnitIndexOld@CUnit@@UAEIXZ 1000e2c0 f i Dlg_StLA.obj
 0001:0000d2f0       ?SetUnitIndexOld@CUnit@@UAEXI@Z 1000e2f0 f i Dlg_StLA.obj
 0001:0000d320       ?GetUnitIndexDefault@CUnit@@UAEIXZ 1000e320 f i Dlg_StLA.obj
 0001:0000d350       ?SetUnitIndexDefault@CUnit@@UAEXI@Z 1000e350 f i Dlg_StLA.obj
 0001:0000d380       ?GetUnitNameCount@CUnit@@UAEIXZ 1000e380 f i Dlg_StLA.obj
 0001:0000d3b0       ?SetUnitNameCount@CUnit@@UAEXI@Z 1000e3b0 f i Dlg_StLA.obj
 0001:0000d3e0       ??1CUnit@@UAE@XZ           1000e3e0 f i Dlg_StLA.obj
 0001:0000d470       ??_GCUnit@@UAEPAXI@Z       1000e470 f i Dlg_StLA.obj
 0001:0000d4b0       ??_ECUnit@@UAEPAXI@Z       1000e4b0 f i Dlg_StLA.obj
 0001:0000d550       ??1CDataRowHint@@UAE@XZ    1000e550 f i Dlg_StLA.obj
 0001:0000d580       ?GetMapFactor@CObjectMgr@@UAEPAVCMapFactor@@XZ 1000e580 f i Dlg_StLA.obj
 0001:0000d5b0       ?GetPrecision@CObjectMgr@@UAEPAVCPrecision@@XZ 1000e5b0 f i Dlg_StLA.obj
 0001:0000d5e0       ?GetScaleFactor@CObjectMgr@@UAEPAVCScaleFactor@@XZ 1000e5e0 f i Dlg_StLA.obj
 0001:0000d610       ?GetUnit@CObjectMgr@@UAEPAVCUnit@@XZ 1000e610 f i Dlg_StLA.obj
 0001:0000d640       ?GetObjectListFromIndex@CObjectMgr@@UAEPAVCDListMgr@@H@Z 1000e640 f i Dlg_StLA.obj
 0001:0000d690       ?IsSceneChanged@CObjectMgr@@UAEHXZ 1000e690 f i Dlg_StLA.obj
 0001:0000d6c0       ?SetSceneChanged@CObjectMgr@@UAEXH@Z 1000e6c0 f i Dlg_StLA.obj
 0001:0000d6f0       ?IsViewChanged@CObjectMgr@@UAEHXZ 1000e6f0 f i Dlg_StLA.obj
 0001:0000d720       ?SetViewChanged@CObjectMgr@@UAEXH@Z 1000e720 f i Dlg_StLA.obj
 0001:0000d750       ?GetMasterLastObjectNo@CObjectMgr@@UAEIXZ 1000e750 f i Dlg_StLA.obj
 0001:0000d780       ?SetMasterLastObjectNo@CObjectMgr@@UAEXI@Z 1000e780 f i Dlg_StLA.obj
 0001:0000d7b0       ?GetActiveObjectNo@CObjectMgr@@UAEIXZ 1000e7b0 f i Dlg_StLA.obj
 0001:0000d7e0       ?SetActiveObjectNo@CObjectMgr@@UAEXI@Z 1000e7e0 f i Dlg_StLA.obj
 0001:0000d810       ?GetActiveListIndex@CObjectMgr@@UAEHXZ 1000e810 f i Dlg_StLA.obj
 0001:0000d840       ?SetActiveListIndex@CObjectMgr@@UAEXH@Z 1000e840 f i Dlg_StLA.obj
 0001:0000d870       ?GetActiveObjectIndex@CObjectMgr@@UAEHXZ 1000e870 f i Dlg_StLA.obj
 0001:0000d8a0       ?SetActiveObjectIndex@CObjectMgr@@UAEXH@Z 1000e8a0 f i Dlg_StLA.obj
 0001:0000d8d0       ?GetActiveObjectType@CObjectMgr@@UAEHXZ 1000e8d0 f i Dlg_StLA.obj
 0001:0000d900       ?SetActiveObjectType@CObjectMgr@@UAEXH@Z 1000e900 f i Dlg_StLA.obj
 0001:0000d930       ?GetRowList@CObjectMgr@@QAEPAV?$CList@JJ@@XZ 1000e930 f i Dlg_StLA.obj
 0001:0000d960       ?GetRowCount@CObjectMgr@@QAEHXZ 1000e960 f i Dlg_StLA.obj
 0001:0000d990       ?GetActiveRowIndex@CObjectMgr@@QAEHXZ 1000e990 f i Dlg_StLA.obj
 0001:0000d9c0       ?SetActiveRowIndex@CObjectMgr@@QAEXH@Z 1000e9c0 f i Dlg_StLA.obj
 0001:0000d9f0       ?GetFormat@CObjectMgr@@UAE?AVCString@@XZ 1000e9f0 f i Dlg_StLA.obj
 0001:0000da40       ?IsMeshGenOn@CObjectMgr@@UAEHXZ 1000ea40 f i Dlg_StLA.obj
 0001:0000da70       ?SetMeshGenOn@CObjectMgr@@UAEXH@Z 1000ea70 f i Dlg_StLA.obj
 0001:0000daa0       ?GetMeshType@CObjectMgr@@UAEIXZ 1000eaa0 f i Dlg_StLA.obj
 0001:0000dad0       ?SetMeshType@CObjectMgr@@UAEXI@Z 1000ead0 f i Dlg_StLA.obj
 0001:0000db00       ?GetCurrentTopLevel@CObjectMgr@@UAEHXZ 1000eb00 f i Dlg_StLA.obj
 0001:0000db30       ?SetCurrentTopLevel@CObjectMgr@@UAEXH@Z 1000eb30 f i Dlg_StLA.obj
 0001:0000db60       ?GetObjectType@CElemInfo@@UAEHXZ 1000eb60 f i Dlg_StLA.obj
 0001:0000db90       ?SetObjectType@CElemInfo@@UAEXH@Z 1000eb90 f i Dlg_StLA.obj
 0001:0000dbc0       ?GetElemType@CElemInfo@@UAEHXZ 1000ebc0 f i Dlg_StLA.obj
 0001:0000dbf0       ?SetElemType@CElemInfo@@UAEXH@Z 1000ebf0 f i Dlg_StLA.obj
 0001:0000dc20       ?GetObjectNo@CElemInfo@@UAEJXZ 1000ec20 f i Dlg_StLA.obj
 0001:0000dc50       ?SetObjectNo@CElemInfo@@UAEXJ@Z 1000ec50 f i Dlg_StLA.obj
 0001:0000dc80       ?GetInfoList@CElemInfo@@UAEPAVCDListMgr@@H@Z 1000ec80 f i Dlg_StLA.obj
 0001:0000dcb0       ??1CElemInfo@@UAE@XZ       1000ecb0 f i Dlg_StLA.obj
 0001:0000dd40       ??_GCElemInfo@@UAEPAXI@Z   1000ed40 f i Dlg_StLA.obj
 0001:0000dd80       ??_ECElemInfo@@UAEPAXI@Z   1000ed80 f i Dlg_StLA.obj
 0001:0000de20       ??1CMeshRowHint@@UAE@XZ    1000ee20 f i Dlg_StLA.obj
 0001:0000de50       ?GetRowList@CMsObjMgr@@QAEPAV?$CList@JJ@@XZ 1000ee50 f i Dlg_StLA.obj
 0001:0000de80       ?GetRowCount@CMsObjMgr@@QAEHXZ 1000ee80 f i Dlg_StLA.obj
 0001:0000deb0       ?GetActiveRowIndex@CMsObjMgr@@QAEHXZ 1000eeb0 f i Dlg_StLA.obj
 0001:0000dee0       ?SetActiveRowIndex@CMsObjMgr@@QAEXH@Z 1000eee0 f i Dlg_StLA.obj
 0001:0000df10       ??1CBaseRowHint@@UAE@XZ    1000ef10 f i Dlg_StLA.obj
 0001:0000df40       ?GetCurrentItem@CDbObjMgr@@QAEAAVCString@@XZ 1000ef40 f i Dlg_StLA.obj
 0001:0000df60       ?SetCurrentItem@CDbObjMgr@@QAEXAAVCString@@@Z 1000ef60 f i Dlg_StLA.obj
 0001:0000df90       ?GetCurrentParent@CDbObjMgr@@QAEAAVCString@@XZ 1000ef90 f i Dlg_StLA.obj
 0001:0000dfb0       ?SetCurrentParent@CDbObjMgr@@QAEXAAVCString@@@Z 1000efb0 f i Dlg_StLA.obj
 0001:0000dfe0       ??1CAxDataRowHint@@UAE@XZ  1000efe0 f i Dlg_StLA.obj
 0001:0000e010       ?GetMapFactor@CAxObjMgr@@UAEPAVCMapFactor@@XZ 1000f010 f i Dlg_StLA.obj
 0001:0000e040       ?GetPrecision@CAxObjMgr@@UAEPAVCPrecision@@XZ 1000f040 f i Dlg_StLA.obj
 0001:0000e070       ?GetScaleFactor@CAxObjMgr@@UAEPAVCScaleFactor@@XZ 1000f070 f i Dlg_StLA.obj
 0001:0000e0a0       ?GetUnit@CAxObjMgr@@UAEPAVCUnit@@XZ 1000f0a0 f i Dlg_StLA.obj
 0001:0000e0d0       ?GetObjectListFromIndex@CAxObjMgr@@UAEPAVCDListMgr@@H@Z 1000f0d0 f i Dlg_StLA.obj
 0001:0000e120       ?IsSceneChanged@CAxObjMgr@@UAEHXZ 1000f120 f i Dlg_StLA.obj
 0001:0000e150       ?SetSceneChanged@CAxObjMgr@@UAEXH@Z 1000f150 f i Dlg_StLA.obj
 0001:0000e180       ?IsViewChanged@CAxObjMgr@@UAEHXZ 1000f180 f i Dlg_StLA.obj
 0001:0000e1b0       ?SetViewChanged@CAxObjMgr@@UAEXH@Z 1000f1b0 f i Dlg_StLA.obj
 0001:0000e1e0       ?GetMasterLastObjectNo@CAxObjMgr@@UAEIXZ 1000f1e0 f i Dlg_StLA.obj
 0001:0000e210       ?SetMasterLastObjectNo@CAxObjMgr@@UAEXI@Z 1000f210 f i Dlg_StLA.obj
 0001:0000e240       ?GetActiveObjectNo@CAxObjMgr@@UAEIXZ 1000f240 f i Dlg_StLA.obj
 0001:0000e270       ?SetActiveObjectNo@CAxObjMgr@@UAEXI@Z 1000f270 f i Dlg_StLA.obj
 0001:0000e2a0       ?GetActiveListIndex@CAxObjMgr@@UAEHXZ 1000f2a0 f i Dlg_StLA.obj
 0001:0000e2d0       ?SetActiveListIndex@CAxObjMgr@@UAEXH@Z 1000f2d0 f i Dlg_StLA.obj
 0001:0000e300       ?GetActiveObjectIndex@CAxObjMgr@@UAEHXZ 1000f300 f i Dlg_StLA.obj
 0001:0000e330       ?SetActiveObjectIndex@CAxObjMgr@@UAEXH@Z 1000f330 f i Dlg_StLA.obj
 0001:0000e360       ?GetActiveObjectType@CAxObjMgr@@UAEHXZ 1000f360 f i Dlg_StLA.obj
 0001:0000e390       ?SetActiveObjectType@CAxObjMgr@@UAEXH@Z 1000f390 f i Dlg_StLA.obj
 0001:0000e3c0       ?GetRowList@CAxObjMgr@@QAEPAV?$CList@JJ@@XZ 1000f3c0 f i Dlg_StLA.obj
 0001:0000e3f0       ?GetRowCount@CAxObjMgr@@QAEHXZ 1000f3f0 f i Dlg_StLA.obj
 0001:0000e420       ?GetActiveRowIndex@CAxObjMgr@@QAEHXZ 1000f420 f i Dlg_StLA.obj
 0001:0000e450       ?SetActiveRowIndex@CAxObjMgr@@QAEXH@Z 1000f450 f i Dlg_StLA.obj
 0001:0000e480       ?GetFormat@CAxObjMgr@@UAE?AVCString@@XZ 1000f480 f i Dlg_StLA.obj
 0001:0000e4d0       ?IsMeshGenOn@CAxObjMgr@@UAEHXZ 1000f4d0 f i Dlg_StLA.obj
 0001:0000e500       ?SetMeshGenOn@CAxObjMgr@@UAEXH@Z 1000f500 f i Dlg_StLA.obj
 0001:0000e530       ?GetMeshType@CAxObjMgr@@UAEIXZ 1000f530 f i Dlg_StLA.obj
 0001:0000e560       ?SetMeshType@CAxObjMgr@@UAEXI@Z 1000f560 f i Dlg_StLA.obj
 0001:0000e590       ?GetCurrentTopLevel@CAxObjMgr@@UAEHXZ 1000f590 f i Dlg_StLA.obj
 0001:0000e5c0       ?SetCurrentTopLevel@CAxObjMgr@@UAEXH@Z 1000f5c0 f i Dlg_StLA.obj
 0001:0000e5f0       ?Parse_drPipe@CDrNode@@UAEPAUnodecard@@PAVCString@@@Z 1000f5f0 f i Dlg_StLA.obj
 0001:0000e610       ?GetNodeCard@CDrNode@@UAEPAUnodecard@@XZ 1000f610 f i Dlg_StLA.obj
 0001:0000e640       ?GetCardNo@CDrNode@@UAEHXZ 1000f640 f i Dlg_StLA.obj
 0001:0000e670       ?SetCardNo@CDrNode@@UAEXH@Z 1000f670 f i Dlg_StLA.obj
 0001:0000e6a0       ?DoFormattedCardView@CDrNode@@UAEXPAVCString@@AAV2@@Z 1000f6a0 f i Dlg_StLA.obj
 0001:0000e6c0       ?DoUnFormattedCardView@CDrNode@@UAEXPAVCString@@@Z 1000f6c0 f i Dlg_StLA.obj
 0001:0000e6e0       ?GetMaxCorners@CDrNode@@UAEHXZ 1000f6e0 f i Dlg_StLA.obj
 0001:0000e700       ?GetCategory@CDrNode@@UAE?AW4CATEGORY@@XZ 1000f700 f i Dlg_StLA.obj
 0001:0000e720       ?SetCategory@CDrNode@@UAEXW4CATEGORY@@@Z 1000f720 f i Dlg_StLA.obj
 0001:0000e750       ?GetPrecision@CDrNode@@UAEHXZ 1000f750 f i Dlg_StLA.obj
 0001:0000e780       ?SetPrecision@CDrNode@@UAEXH@Z 1000f780 f i Dlg_StLA.obj
 0001:0000e7b0       ?GetFormat@CDrNode@@QAE?AVCString@@XZ 1000f7b0 f i Dlg_StLA.obj
 0001:0000e800       ?SetFormat@CDrNode@@QAEXVCString@@@Z 1000f800 f i Dlg_StLA.obj
 0001:0000e880       ?GetMapFactor@CDrNode@@QAENXZ 1000f880 f i Dlg_StLA.obj
 0001:0000e8b0       ?SetMapFactor@CDrNode@@QAEXN@Z 1000f8b0 f i Dlg_StLA.obj
 0001:0000e8f0       ?GetScaleFactor@CDrNode@@QAENXZ 1000f8f0 f i Dlg_StLA.obj
 0001:0000e920       ?SetScaleFactor@CDrNode@@QAEXN@Z 1000f920 f i Dlg_StLA.obj
 0001:0000e960       ?GetMasterMultFac@CDrNode@@QAEJXZ 1000f960 f i Dlg_StLA.obj
 0001:0000e990       ?SetMasterMultFac@CDrNode@@QAEXJ@Z 1000f990 f i Dlg_StLA.obj
 0001:0000e9c0       ?GetLocalPos@CDrNode@@UAEPAUWORLD@@XZ 1000f9c0 f i Dlg_StLA.obj
 0001:0000e9f0       ?SetLocalPos@CDrNode@@UAEXUWORLD@@@Z 1000f9f0 f i Dlg_StLA.obj
 0001:0000ea30       ?GetWorldPos@CDrNode@@UAEPAUWORLD@@XZ 1000fa30 f i Dlg_StLA.obj
 0001:0000ea60       ?SetWorldPos@CDrNode@@UAEXUWORLD@@@Z 1000fa60 f i Dlg_StLA.obj
 0001:0000eaa0       ?GetEyePos@CDrNode@@UAEPAUWORLD@@XZ 1000faa0 f i Dlg_StLA.obj
 0001:0000ead0       ?SetEyePos@CDrNode@@UAEXUWORLD@@@Z 1000fad0 f i Dlg_StLA.obj
 0001:0000eb10       ?GetScreenPos3D@CDrNode@@UAEPAUWORLD@@XZ 1000fb10 f i Dlg_StLA.obj
 0001:0000eb40       ?SetScreenPos3D@CDrNode@@UAEXUWORLD@@@Z 1000fb40 f i Dlg_StLA.obj
 0001:0000eb80       ?GetScreenPos2D@CDrNode@@UAEPAUtagPOINT@@XZ 1000fb80 f i Dlg_StLA.obj
 0001:0000ebb0       ?SetScreenPos2D@CDrNode@@UAEXUtagPOINT@@@Z 1000fbb0 f i Dlg_StLA.obj
 0001:0000ebf0       ?GetNormalWorld@CDrNode@@UAEPAUWORLD@@XZ 1000fbf0 f i Dlg_StLA.obj
 0001:0000ec20       ?SetNormalWorld@CDrNode@@UAEXUWORLD@@@Z 1000fc20 f i Dlg_StLA.obj
 0001:0000ec60       ?GetNormalEye@CDrNode@@UAEPAUWORLD@@XZ 1000fc60 f i Dlg_StLA.obj
 0001:0000ec90       ?SetNormalEye@CDrNode@@UAEXUWORLD@@@Z 1000fc90 f i Dlg_StLA.obj
 0001:0000ecd0       ?GetNormalScreen3D@CDrNode@@UAEPAUWORLD@@XZ 1000fcd0 f i Dlg_StLA.obj
 0001:0000ed00       ?SetNormalScreen3D@CDrNode@@UAEXUWORLD@@@Z 1000fd00 f i Dlg_StLA.obj
 0001:0000ed40       ?GetNormalScreen2D@CDrNode@@UAEPAUtagPOINT@@XZ 1000fd40 f i Dlg_StLA.obj
 0001:0000ed70       ?SetNormalScreen2D@CDrNode@@UAEXUtagPOINT@@@Z 1000fd70 f i Dlg_StLA.obj
 0001:0000edb0       ?GetLabelNo@CDrNode@@QAEJXZ 1000fdb0 f i Dlg_StLA.obj
 0001:0000ede0       ?SetLabelNo@CDrNode@@QAEXJ@Z 1000fde0 f i Dlg_StLA.obj
 0001:0000ee10       ?IsMeshNode@CDrNode@@QAEHXZ 1000fe10 f i Dlg_StLA.obj
 0001:0000ee40       ?SetMeshNode@CDrNode@@QAEXH@Z 1000fe40 f i Dlg_StLA.obj
 0001:0000ee70       ?IsGenerated@CDrNode@@QAEHXZ 1000fe70 f i Dlg_StLA.obj
 0001:0000eea0       ?SetGenerated@CDrNode@@QAEXH@Z 1000fea0 f i Dlg_StLA.obj
 0001:0000eed0       ?IsControlNode@CDrNode@@QAEHXZ 1000fed0 f i Dlg_StLA.obj
 0001:0000ef00       ?SetControlNode@CDrNode@@QAEXH@Z 1000ff00 f i Dlg_StLA.obj
 0001:0000ef40       ?GetInputMode@CDrNode@@QAEHXZ 1000ff40 f i Dlg_StLA.obj
 0001:0000ef70       ?SetInputMode@CDrNode@@QAEXH@Z 1000ff70 f i Dlg_StLA.obj
 0001:0000efa0       ?GetLength@CDrNode@@QAENXZ 1000ffa0 f i Dlg_StLA.obj
 0001:0000efd0       ?SetLength@CDrNode@@QAEXN@Z 1000ffd0 f i Dlg_StLA.obj
 0001:0000f010       ?GetDelta@CDrNode@@QAEPAUWORLD@@XZ 10010010 f i Dlg_StLA.obj
 0001:0000f040       ?SetDelta@CDrNode@@QAEXUWORLD@@@Z 10010040 f i Dlg_StLA.obj
 0001:0000f080       ?GetFromID@CDrNode@@QAE?AVCString@@XZ 10010080 f i Dlg_StLA.obj
 0001:0000f0d0       ?SetFromID@CDrNode@@QAEXVCString@@@Z 100100d0 f i Dlg_StLA.obj
 0001:0000f150       ?GetToID@CDrNode@@QAE?AVCString@@XZ 10010150 f i Dlg_StLA.obj
 0001:0000f1a0       ?SetToID@CDrNode@@QAEXVCString@@@Z 100101a0 f i Dlg_StLA.obj
 0001:0000f220       ?IsRefCN@CDrNode@@QAEHXZ   10010220 f i Dlg_StLA.obj
 0001:0000f250       ?SetRefCN@CDrNode@@QAEXH@Z 10010250 f i Dlg_StLA.obj
 0001:0000f280       ?IsFromCN@CDrNode@@QAEHXZ  10010280 f i Dlg_StLA.obj
 0001:0000f2b0       ?SetFromCN@CDrNode@@QAEXH@Z 100102b0 f i Dlg_StLA.obj
 0001:0000f2e0       ?IsToCN@CDrNode@@QAEHXZ    100102e0 f i Dlg_StLA.obj
 0001:0000f310       ?SetToCN@CDrNode@@QAEXH@Z  10010310 f i Dlg_StLA.obj
 0001:0000f340       ?IsSkewed@CDrNode@@UAEHXZ  10010340 f i Dlg_StLA.obj
 0001:0000f370       ?SetSkewed@CDrNode@@UAEXH@Z 10010370 f i Dlg_StLA.obj
 0001:0000f3a0       ?IsLinSpr@CDrNode@@UAEHXZ  100103a0 f i Dlg_StLA.obj
 0001:0000f3d0       ?SetLinSpr@CDrNode@@UAEXH@Z 100103d0 f i Dlg_StLA.obj
 0001:0000f400       ?IsLinSnu@CDrNode@@UAEHXZ  10010400 f i Dlg_StLA.obj
 0001:0000f430       ?SetLinSnu@CDrNode@@UAEXH@Z 10010430 f i Dlg_StLA.obj
 0001:0000f460       ?GetSuppCardList@CDrNode@@QAEPAV?$CList@Usupportcard@@U1@@@XZ 10010460 f i Dlg_StLA.obj
 0001:0000f490       ?GetStaLCardList@CDrNode@@QAEPAV?$CList@UstaLcard@@U1@@@XZ 10010490 f i Dlg_StLA.obj
 0001:0000f4c0       ??1CDlg_StLA@@UAE@XZ       100104c0 f i Dlg_StLA.obj
 0001:0000f570       ??_FCDlg_StLA@@QAEXXZ      10010570 f i Dlg_StLA.obj
 0001:0000f5a0       ??0CDlg_StLA@@QAE@PAVCWnd@@@Z 100105a0 f   Dlg_StLA.obj
 0001:0000f710       ??_GCDlg_StLA@@UAEPAXI@Z   10010710 f i Dlg_StLA.obj
 0001:0000f750       ??_ECDlg_StLA@@UAEPAXI@Z   10010750 f i Dlg_StLA.obj
 0001:0000f7f0       ?DoDataExchange@CDlg_StLA@@MAEXPAVCDataExchange@@@Z 100107f0 f   Dlg_StLA.obj
 0001:0000f880       ?_GetBaseMessageMap@CDlg_StLA@@KGPBUAFX_MSGMAP@@XZ 10010880 f   Dlg_StLA.obj
 0001:0000f8a0       ?GetMessageMap@CDlg_StLA@@MBEPBUAFX_MSGMAP@@XZ 100108a0 f   Dlg_StLA.obj
 0001:0000f8c0       ?OnInitDialog@CDlg_StLA@@MAEHXZ 100108c0 f   Dlg_StLA.obj
 0001:0000faf0       ?GetDocument@CDrGrafApp@@QAEPAVCDrGrafDoc@@XZ 10010af0 f i Dlg_StLA.obj
 0001:0000fb20       ?GetObjectMgr@CDrGrafDoc@@QAEPAVCObjectMgr@@XZ 10010b20 f i Dlg_StLA.obj
 0001:0000fb50       ?OnSelchangeNid@CDlg_StLA@@IAEXXZ 10010b50 f   Dlg_StLA.obj
 0001:0000fb70       ?OnTangent@CDlg_StLA@@IAEXXZ 10010b70 f   Dlg_StLA.obj
 0001:0000fcb0       ?OnOK@CDlg_StLA@@MAEXXZ    10010cb0 f   Dlg_StLA.obj
 0001:0000fce0       ?OnCancel@CDlg_StLA@@MAEXXZ 10010ce0 f   Dlg_StLA.obj
 0001:0000fd10       ?FillListAllNodeIDs@CDlg_StLA@@IAEXXZ 10010d10 f   Dlg_StLA.obj
 0001:0000fef0       ?GetCount@?$CList@JJ@@QBEHXZ 10010ef0 f i Dlg_StLA.obj
 0001:0000ff10       ?IsDirty@CDrCurve@@UAEHXZ  10010f10 f i Dlg_StLC.obj
 0001:0000ff40       ?SetDirty@CDrCurve@@UAEXH@Z 10010f40 f i Dlg_StLC.obj
 0001:0000ff70       ?IsControlShapeNeeded@CDrCurve@@UAEHXZ 10010f70 f i Dlg_StLC.obj
 0001:0000ffa0       ?SetControlShapeNeed@CDrCurve@@UAEXH@Z 10010fa0 f i Dlg_StLC.obj
 0001:0000ffd0       ?IsPosted@CDrCurve@@UAEHXZ 10010fd0 f i Dlg_StLC.obj
 0001:00010000       ?SetPosted@CDrCurve@@UAEXH@Z 10011000 f i Dlg_StLC.obj
 0001:00010030       ?GetCN_BSList@CDrCurve@@QAEPAVCDListMgr@@XZ 10011030 f i Dlg_StLC.obj
 0001:00010060       ?GetVNodeList@CDrCurve@@QAEPAVCDListMgr@@XZ 10011060 f i Dlg_StLC.obj
 0001:00010090       ?GetMeshElemDim@CDrCurve@@QAEHXZ 10011090 f i Dlg_StLC.obj
 0001:000100c0       ?SetMeshElemDim@CDrCurve@@QAEXH@Z 100110c0 f i Dlg_StLC.obj
 0001:000100f0       ?IsIso@CDrCurve@@QAEHXZ    100110f0 f i Dlg_StLC.obj
 0001:00010120       ?SetIso@CDrCurve@@QAEXH@Z  10011120 f i Dlg_StLC.obj
 0001:00010150       ?GetIsoToID@CDrCurve@@QAEAAVCString@@XZ 10011150 f i Dlg_StLC.obj
 0001:00010180       ?SetIsoToID@CDrCurve@@QAEXAAVCString@@@Z 10011180 f i Dlg_StLC.obj
 0001:000101b0       ?GetCompoType@CDrCurve@@QAEHXZ 100111b0 f i Dlg_StLC.obj
 0001:000101e0       ?SetCompoType@CDrCurve@@QAEXH@Z 100111e0 f i Dlg_StLC.obj
 0001:00010210       ?GetCompoID@CDrCurve@@QAEAAVCString@@XZ 10011210 f i Dlg_StLC.obj
 0001:00010240       ?SetCompoID@CDrCurve@@QAEXAAVCString@@@Z 10011240 f i Dlg_StLC.obj
 0001:00010270       ?GetClass_S@CDrCurve@@QAEHXZ 10011270 f i Dlg_StLC.obj
 0001:000102a0       ?SetClass_S@CDrCurve@@QAEXH@Z 100112a0 f i Dlg_StLC.obj
 0001:000102d0       ?GetOutSegUnif_S@CDrCurve@@QAEHXZ 100112d0 f i Dlg_StLC.obj
 0001:00010300       ?SetOutSegUnif_S@CDrCurve@@QAEXH@Z 10011300 f i Dlg_StLC.obj
 0001:00010330       ?IsClosed_S@CDrCurve@@QAEHXZ 10011330 f i Dlg_StLC.obj
 0001:00010360       ?SetClosed_S@CDrCurve@@QAEXH@Z 10011360 f i Dlg_StLC.obj
 0001:00010390       ?GetCurveObjectType@CDrCurve@@QAEHXZ 10011390 f i Dlg_StLC.obj
 0001:000103c0       ?SetCurveObjectType@CDrCurve@@QAEXH@Z 100113c0 f i Dlg_StLC.obj
 0001:000103f0       ?GetMaxINodes_S@CDrCurve@@QAEHXZ 100113f0 f i Dlg_StLC.obj
 0001:00010420       ?SetMaxINodes_S@CDrCurve@@QAEXH@Z 10011420 f i Dlg_StLC.obj
 0001:00010450       ?GetMaxCNodes_S@CDrCurve@@QAEHXZ 10011450 f i Dlg_StLC.obj
 0001:00010480       ?SetMaxCNodes_S@CDrCurve@@QAEXH@Z 10011480 f i Dlg_StLC.obj
 0001:000104b0       ?GetMaxBezSegments_S@CDrCurve@@QAEHXZ 100114b0 f i Dlg_StLC.obj
 0001:000104e0       ?SetMaxBezSegments_S@CDrCurve@@QAEXH@Z 100114e0 f i Dlg_StLC.obj
 0001:00010510       ?GetMaxOutPts_S@CDrCurve@@QAEHXZ 10011510 f i Dlg_StLC.obj
 0001:00010540       ?SetMaxOutPts_S@CDrCurve@@QAEXH@Z 10011540 f i Dlg_StLC.obj
 0001:00010570       ?GetLongOutPts@CDrCurve@@QAEJXZ 10011570 f i Dlg_StLC.obj
 0001:000105a0       ?SetLongOutPts@CDrCurve@@QAEXJ@Z 100115a0 f i Dlg_StLC.obj
 0001:000105d0       ?GetCurveType_S@CDrCurve@@QAE?AW4CURVEPROC@@XZ 100115d0 f i Dlg_StLC.obj
 0001:00010600       ?SetCurveType_S@CDrCurve@@QAEXW4CURVEPROC@@@Z 10011600 f i Dlg_StLC.obj
 0001:00010630       ?GetOutMethod@CDrCurve@@QAE?AW4CURVEOUTPUT@@XZ 10011630 f i Dlg_StLC.obj
 0001:00010660       ?GetAlfa@CDrCurve@@QAENXZ  10011660 f i Dlg_StLC.obj
 0001:00010690       ?GetBias@CDrCurve@@QAENXZ  10011690 f i Dlg_StLC.obj
 0001:000106c0       ?GetTension@CDrCurve@@QAENXZ 100116c0 f i Dlg_StLC.obj
 0001:000106f0       ?IsUniform_S@CDrCurve@@QAEHXZ 100116f0 f i Dlg_StLC.obj
 0001:00010720       ?SetUniform_S@CDrCurve@@QAEXH@Z 10011720 f i Dlg_StLC.obj
 0001:00010750       ?SetOutMethod_S@CDrCurve@@QAEXW4CURVEOUTPUT@@@Z 10011750 f i Dlg_StLC.obj
 0001:00010780       ?GetMaxOutSeg_S@CDrCurve@@QAEHXZ 10011780 f i Dlg_StLC.obj
 0001:000107b0       ?SetMaxOutSeg_S@CDrCurve@@QAEXH@Z 100117b0 f i Dlg_StLC.obj
 0001:000107e0       ?GetDis_AngPointer_S@CDrCurve@@QAEPANXZ 100117e0 f i Dlg_StLC.obj
 0001:00010810       ?SetDis_AngPointer_S@CDrCurve@@QAEXPAN@Z 10011810 f i Dlg_StLC.obj
 0001:00010840       ?GetNum_tPointer_S@CDrCurve@@QAEPAHXZ 10011840 f i Dlg_StLC.obj
 0001:00010870       ?SetNum_tPointer_S@CDrCurve@@QAEXPAH@Z 10011870 f i Dlg_StLC.obj
 0001:000108a0       ?GetDis_tPointer_S@CDrCurve@@QAEPANXZ 100118a0 f i Dlg_StLC.obj
 0001:000108d0       ?SetDis_tPointer_S@CDrCurve@@QAEXPAN@Z 100118d0 f i Dlg_StLC.obj
 0001:00010900       ?GetNum_tPointer_Ex_S@CDrCurve@@QAEPAHXZ 10011900 f i Dlg_StLC.obj
 0001:00010930       ?SetNum_tPointer_Ex_S@CDrCurve@@QAEXPAH@Z 10011930 f i Dlg_StLC.obj
 0001:00010960       ?GetnBSeg_Ex_S@CDrCurve@@QAEHXZ 10011960 f i Dlg_StLC.obj
 0001:00010990       ?SetnBSeg_Ex_S@CDrCurve@@QAEXH@Z 10011990 f i Dlg_StLC.obj
 0001:000109c0       ?GetBSegPointer_Ex_S@CDrCurve@@QAEPAHXZ 100119c0 f i Dlg_StLC.obj
 0001:000109f0       ?SetBSegPointer_Ex_S@CDrCurve@@QAEXPAH@Z 100119f0 f i Dlg_StLC.obj
 0001:00010a20       ?SetAlfa@CDrCurve@@QAEXN@Z 10011a20 f i Dlg_StLC.obj
 0001:00010a60       ?SetBias@CDrCurve@@QAEXN@Z 10011a60 f i Dlg_StLC.obj
 0001:00010aa0       ?SetTension@CDrCurve@@QAEXN@Z 10011aa0 f i Dlg_StLC.obj
 0001:00010ae0       ?GetMemIn@CDrCurve@@QAEPAUWORLD@@XZ 10011ae0 f i Dlg_StLC.obj
 0001:00010b10       ?GetMemInWts@CDrCurve@@QAEPANXZ 10011b10 f i Dlg_StLC.obj
 0001:00010b40       ?GetMemInDP@CDrCurve@@QAEPAUtagPOINT@@XZ 10011b40 f i Dlg_StLC.obj
 0001:00010b70       ?GetMemOut@CDrCurve@@QAEPAUWORLD@@XZ 10011b70 f i Dlg_StLC.obj
 0001:00010ba0       ?GetMemOutWts@CDrCurve@@QAEPANXZ 10011ba0 f i Dlg_StLC.obj
 0001:00010bd0       ?GetMemOutDP@CDrCurve@@QAEPAUtagPOINT@@XZ 10011bd0 f i Dlg_StLC.obj
 0001:00010c00       ?SetMemIn@CDrCurve@@QAEXPAUWORLD@@@Z 10011c00 f i Dlg_StLC.obj
 0001:00010c30       ?SetMemInWts@CDrCurve@@QAEXPAN@Z 10011c30 f i Dlg_StLC.obj
 0001:00010c60       ?SetMemInDP@CDrCurve@@QAEXPAUtagPOINT@@@Z 10011c60 f i Dlg_StLC.obj
 0001:00010c90       ?SetMemOut@CDrCurve@@QAEXPAUWORLD@@@Z 10011c90 f i Dlg_StLC.obj
 0001:00010cc0       ?SetMemOutWts@CDrCurve@@QAEXPAN@Z 10011cc0 f i Dlg_StLC.obj
 0001:00010cf0       ?SetMemOutDP@CDrCurve@@QAEXPAUtagPOINT@@@Z 10011cf0 f i Dlg_StLC.obj
 0001:00010d20       ?FixMemD@CDrCurve@@QAEPANJ@Z 10011d20 f i Dlg_StLC.obj
 0001:00010d70       ?FreeMemD@CDrCurve@@QAEXPAN@Z 10011d70 f i Dlg_StLC.obj
 0001:00010da0       ?FixMem@CDrCurve@@QAEPAUWORLD@@J@Z 10011da0 f i Dlg_StLC.obj
 0001:00010df0       ?FreeMem@CDrCurve@@QAEXPAUWORLD@@@Z 10011df0 f i Dlg_StLC.obj
 0001:00010e20       ?FixMemDP@CDrCurve@@QAEPAUtagPOINT@@J@Z 10011e20 f i Dlg_StLC.obj
 0001:00010e70       ?FreeMemDP@CDrCurve@@QAEXPAUtagPOINT@@@Z 10011e70 f i Dlg_StLC.obj
 0001:00010ea0       ?GetData_S@CDrCurve@@QAEHXZ 10011ea0 f i Dlg_StLC.obj
 0001:00010ed0       ?SetData_S@CDrCurve@@QAEXH@Z 10011ed0 f i Dlg_StLC.obj
 0001:00010f00       ?GetOrder_S@CDrCurve@@QAEHXZ 10011f00 f i Dlg_StLC.obj
 0001:00010f30       ?SetOrder_S@CDrCurve@@QAEXH@Z 10011f30 f i Dlg_StLC.obj
 0001:00010f60       ?GetKnotType_S@CDrCurve@@QAE?AW4KNOT@@XZ 10011f60 f i Dlg_StLC.obj
 0001:00010f90       ?SetKnotType_S@CDrCurve@@QAEXW4KNOT@@@Z 10011f90 f i Dlg_StLC.obj
 0001:00010fc0       ?GetWtType_S@CDrCurve@@QAE?AW4WEIGHT@@XZ 10011fc0 f i Dlg_StLC.obj
 0001:00010ff0       ?SetWtType_S@CDrCurve@@QAEXW4WEIGHT@@@Z 10011ff0 f i Dlg_StLC.obj
 0001:00011020       ?GetBCL_S@CDrCurve@@QAE?AW4BOUNDARY@@XZ 10012020 f i Dlg_StLC.obj
 0001:00011050       ?SetBCL_S@CDrCurve@@QAEXW4BOUNDARY@@@Z 10012050 f i Dlg_StLC.obj
 0001:00011080       ?GetBCR_S@CDrCurve@@QAE?AW4BOUNDARY@@XZ 10012080 f i Dlg_StLC.obj
 0001:000110b0       ?SetBCR_S@CDrCurve@@QAEXW4BOUNDARY@@@Z 100120b0 f i Dlg_StLC.obj
 0001:000110e0       ?GetTanL_S@CDrCurve@@QAE?AUVECTOR@@XZ 100120e0 f i Dlg_StLC.obj
 0001:00011120       ?SetTanL_S@CDrCurve@@QAEXUVECTOR@@@Z 10012120 f i Dlg_StLC.obj
 0001:00011160       ?GetTanR_S@CDrCurve@@QAE?AUVECTOR@@XZ 10012160 f i Dlg_StLC.obj
 0001:000111a0       ?SetTanR_S@CDrCurve@@QAEXUVECTOR@@@Z 100121a0 f i Dlg_StLC.obj
 0001:000111e0       ?GetnCon_BS_S@CDrCurve@@QAEHXZ 100121e0 f i Dlg_StLC.obj
 0001:00011210       ?SetnCon_BS_S@CDrCurve@@QAEXH@Z 10012210 f i Dlg_StLC.obj
 0001:00011240       ?GetnCon_BZ_S@CDrCurve@@QAEHXZ 10012240 f i Dlg_StLC.obj
 0001:00011270       ?SetnCon_BZ_S@CDrCurve@@QAEXH@Z 10012270 f i Dlg_StLC.obj
 0001:000112a0       ?GetnMKnots_S@CDrCurve@@QAEHXZ 100122a0 f i Dlg_StLC.obj
 0001:000112d0       ?SetnMKnots_S@CDrCurve@@QAEXH@Z 100122d0 f i Dlg_StLC.obj
 0001:00011300       ?GetnKnots_S@CDrCurve@@QAEHXZ 10012300 f i Dlg_StLC.obj
 0001:00011330       ?SetnKnots_S@CDrCurve@@QAEXH@Z 10012330 f i Dlg_StLC.obj
 0001:00011360       ?GetnDim_S@CDrCurve@@QAEHXZ 10012360 f i Dlg_StLC.obj
 0001:00011390       ?SetnDim_S@CDrCurve@@QAEXH@Z 10012390 f i Dlg_StLC.obj
 0001:000113c0       ?GetpMKnots_S@CDrCurve@@QAEPANXZ 100123c0 f i Dlg_StLC.obj
 0001:000113f0       ?SetpMKnots_S@CDrCurve@@QAEXPAN@Z 100123f0 f i Dlg_StLC.obj
 0001:00011420       ?GetpWts_BS_S@CDrCurve@@QAEPANXZ 10012420 f i Dlg_StLC.obj
 0001:00011450       ?SetpWts_BS_S@CDrCurve@@QAEXPAN@Z 10012450 f i Dlg_StLC.obj
 0001:00011480       ?GetpKnots_S@CDrCurve@@QAEPANXZ 10012480 f i Dlg_StLC.obj
 0001:000114b0       ?SetpKnots_S@CDrCurve@@QAEXPAN@Z 100124b0 f i Dlg_StLC.obj
 0001:000114e0       ?GetpWts_DT_S@CDrCurve@@QAEPANXZ 100124e0 f i Dlg_StLC.obj
 0001:00011510       ?SetpWts_DT_S@CDrCurve@@QAEXPAN@Z 10012510 f i Dlg_StLC.obj
 0001:00011540       ?GetpWts_BZ_S@CDrCurve@@QAEPANXZ 10012540 f i Dlg_StLC.obj
 0001:00011570       ?SetpWts_BZ_S@CDrCurve@@QAEXPAN@Z 10012570 f i Dlg_StLC.obj
 0001:000115a0       ?GetFromIDNode_S@CDrCurve@@QAEPAVCDrNode@@XZ 100125a0 f i Dlg_StLC.obj
 0001:000115d0       ?SetFromIDNode_S@CDrCurve@@QAEXPAVCDrNode@@@Z 100125d0 f i Dlg_StLC.obj
 0001:00011600       ?GetToIDNode_S@CDrCurve@@QAEPAVCDrNode@@XZ 10012600 f i Dlg_StLC.obj
 0001:00011630       ?SetToIDNode_S@CDrCurve@@QAEXPAVCDrNode@@@Z 10012630 f i Dlg_StLC.obj
 0001:00011660       ?GetData_Ex_S@CDrCurve@@QAEHXZ 10012660 f i Dlg_StLC.obj
 0001:00011690       ?SetData_Ex_S@CDrCurve@@QAEXH@Z 10012690 f i Dlg_StLC.obj
 0001:000116c0       ?IsExpanded_S@CDrCurve@@QAEHXZ 100126c0 f i Dlg_StLC.obj
 0001:000116f0       ?SetExpanded_S@CDrCurve@@QAEXH@Z 100126f0 f i Dlg_StLC.obj
 0001:00011720       ?GetMaxENodes_S@CDrCurve@@QAEHXZ 10012720 f i Dlg_StLC.obj
 0001:00011750       ?SetMaxENodes_S@CDrCurve@@QAEXH@Z 10012750 f i Dlg_StLC.obj
 0001:00011780       ?GetRadius_S@CDrCurve@@QAENXZ 10012780 f i Dlg_StLC.obj
 0001:000117b0       ?SetRadius_S@CDrCurve@@QAEXN@Z 100127b0 f i Dlg_StLC.obj
 0001:000117f0       ?GetTheta_S@CDrCurve@@QAENXZ 100127f0 f i Dlg_StLC.obj
 0001:00011820       ?SetTheta_S@CDrCurve@@QAEXN@Z 10012820 f i Dlg_StLC.obj
 0001:00011860       ?GetCenter_S@CDrCurve@@QAE?AUWORLD@@XZ 10012860 f i Dlg_StLC.obj
 0001:000118a0       ?SetCenter_S@CDrCurve@@QAEXUWORLD@@@Z 100128a0 f i Dlg_StLC.obj
 0001:00011910       ?GetNormal_S@CDrCurve@@QAE?AUWORLD@@XZ 10012910 f i Dlg_StLC.obj
 0001:00011950       ?SetNormal_S@CDrCurve@@QAEXUWORLD@@@Z 10012950 f i Dlg_StLC.obj
 0001:000119c0       ?GetSegAngle_S@CDrCurve@@QAENXZ 100129c0 f i Dlg_StLC.obj
 0001:000119f0       ?SetSegAngle_S@CDrCurve@@QAEXN@Z 100129f0 f i Dlg_StLC.obj
 0001:00011a30       ?GetCNode_CC@CDrCurve@@QAEPAVCDrNode@@XZ 10012a30 f i Dlg_StLC.obj
 0001:00011a60       ?SetCNode_CC@CDrCurve@@QAEXPAVCDrNode@@@Z 10012a60 f i Dlg_StLC.obj
 0001:00011a90       ?GetCNode_TI@CDrCurve@@QAEPAVCDrNode@@XZ 10012a90 f i Dlg_StLC.obj
 0001:00011ac0       ?SetCNode_TI@CDrCurve@@QAEXPAVCDrNode@@@Z 10012ac0 f i Dlg_StLC.obj
 0001:00011af0       ?GetCNode_CA@CDrCurve@@QAEPAVCDrNode@@XZ 10012af0 f i Dlg_StLC.obj
 0001:00011b20       ?SetCNode_CA@CDrCurve@@QAEXPAVCDrNode@@@Z 10012b20 f i Dlg_StLC.obj
 0001:00011b50       ?GetCNode_CB@CDrCurve@@QAEPAVCDrNode@@XZ 10012b50 f i Dlg_StLC.obj
 0001:00011b80       ?SetCNode_CB@CDrCurve@@QAEXPAVCDrNode@@@Z 10012b80 f i Dlg_StLC.obj
 0001:00011bb0       ?IsHole_S@CDrCurve@@QAEHXZ 10012bb0 f i Dlg_StLC.obj
 0001:00011be0       ?SetHole_S@CDrCurve@@QAEXH@Z 10012be0 f i Dlg_StLC.obj
 0001:00011c10       ?GetpTangents_S@CDrCurve@@QAEPAUWORLD@@XZ 10012c10 f i Dlg_StLC.obj
 0001:00011c40       ?SetpTangents_S@CDrCurve@@QAEXPAUWORLD@@@Z 10012c40 f i Dlg_StLC.obj
 0001:00011c70       ?GetpCurvatures_S@CDrCurve@@QAEPANXZ 10012c70 f i Dlg_StLC.obj
 0001:00011ca0       ?SetpCurvatures_S@CDrCurve@@QAEXPAN@Z 10012ca0 f i Dlg_StLC.obj
 0001:00011cd0       ?GetRatio_S@CDrCurve@@QAENXZ 10012cd0 f i Dlg_StLC.obj
 0001:00011d00       ?SetRatio_S@CDrCurve@@QAEXN@Z 10012d00 f i Dlg_StLC.obj
 0001:00011d40       ?IsAxisInput@CDrCurve@@QAEHXZ 10012d40 f i Dlg_StLC.obj
 0001:00011d70       ?SetAxisInput@CDrCurve@@QAEXH@Z 10012d70 f i Dlg_StLC.obj
 0001:00011da0       ?GetAxis@CDrCurve@@QAEHXZ  10012da0 f i Dlg_StLC.obj
 0001:00011dd0       ?SetAxis@CDrCurve@@QAEXH@Z 10012dd0 f i Dlg_StLC.obj
 0001:00011e00       ?IsNegative@CDrCurve@@QAEHXZ 10012e00 f i Dlg_StLC.obj
 0001:00011e30       ?SetNegative@CDrCurve@@QAEXH@Z 10012e30 f i Dlg_StLC.obj
 0001:00011e60       ?GetCircleType@CDrCurve@@QAE?AW4CIRCLETYPE@@XZ 10012e60 f i Dlg_StLC.obj
 0001:00011e90       ?SetCircleType@CDrCurve@@QAEXW4CIRCLETYPE@@@Z 10012e90 f i Dlg_StLC.obj
 0001:00011ec0       ?GetInputType@CDrCurve@@QAEHXZ 10012ec0 f i Dlg_StLC.obj
 0001:00011ef0       ?SetInputType@CDrCurve@@QAEXH@Z 10012ef0 f i Dlg_StLC.obj
 0001:00011f20       ?IsArcType@CDrCurve@@QAEHXZ 10012f20 f i Dlg_StLC.obj
 0001:00011f50       ?SetArcType@CDrCurve@@QAEXH@Z 10012f50 f i Dlg_StLC.obj
 0001:00011f80       ?GetElperSegList_S@CDrCurve@@QAEPAV?$CList@HH@@XZ 10012f80 f i Dlg_StLC.obj
 0001:00011fb0       ?IsSkewed@CDrCurve@@UAEHXZ 10012fb0 f i Dlg_StLC.obj
 0001:00011fe0       ?SetSkewed@CDrCurve@@UAEXH@Z 10012fe0 f i Dlg_StLC.obj
 0001:00012010       ?IsLinSpr@CDrCurve@@UAEHXZ 10013010 f i Dlg_StLC.obj
 0001:00012040       ?SetLinSpr@CDrCurve@@UAEXH@Z 10013040 f i Dlg_StLC.obj
 0001:00012070       ?IsLinSnu@CDrCurve@@UAEHXZ 10013070 f i Dlg_StLC.obj
 0001:000120a0       ?SetLinSnu@CDrCurve@@UAEXH@Z 100130a0 f i Dlg_StLC.obj
 0001:000120d0       ?CullWorld@CDrCurve@@UAEHUWORLD@@@Z 100130d0 f i Dlg_StLC.obj
 0001:000120f0       ?CullScreen@CDrCurve@@UAEHPAUMATRIX@@@Z 100130f0 f i Dlg_StLC.obj
 0001:00012110       ?Calc_CentroidWorld@CDrCurve@@UAEXXZ 10013110 f i Dlg_StLC.obj
 0001:00012130       ?Calc_CentroidEye@CDrCurve@@UAEXXZ 10013130 f i Dlg_StLC.obj
 0001:00012150       ?Calc_CentroidScreen3D@CDrCurve@@UAEXNN@Z 10013150 f i Dlg_StLC.obj
 0001:00012170       ?Calc_NormalWorld@CDrCurve@@UAEXXZ 10013170 f i Dlg_StLC.obj
 0001:00012190       ?TransformNormalToEye@CDrCurve@@UAEXPAUMATRIX@@@Z 10013190 f i Dlg_StLC.obj
 0001:000121b0       ?ProjectNormalToScreen3D@CDrCurve@@UAEXPAUMATRIX@@NN@Z 100131b0 f i Dlg_StLC.obj
 0001:000121d0       ?GetNormalWorld@CDrCurve@@UAEPAUWORLD@@XZ 100131d0 f i Dlg_StLC.obj
 0001:000121f0       ?SetNormalWorld@CDrCurve@@UAEXUWORLD@@@Z 100131f0 f i Dlg_StLC.obj
 0001:00012210       ?GetNormalEye@CDrCurve@@UAEPAUWORLD@@XZ 10013210 f i Dlg_StLC.obj
 0001:00012230       ?SetNormalEye@CDrCurve@@UAEXUWORLD@@@Z 10013230 f i Dlg_StLC.obj
 0001:00012250       ?GetNormalScreen3D@CDrCurve@@UAEPAUWORLD@@XZ 10013250 f i Dlg_StLC.obj
 0001:00012270       ?SetNormalScreen3D@CDrCurve@@UAEXUWORLD@@@Z 10013270 f i Dlg_StLC.obj
 0001:00012290       ?GetNormalScreen2D@CDrCurve@@UAEPAUtagPOINT@@XZ 10013290 f i Dlg_StLC.obj
 0001:000122b0       ?SetNormalScreen2D@CDrCurve@@UAEXUtagPOINT@@@Z 100132b0 f i Dlg_StLC.obj
 0001:000122d0       ?GetNodTopoList@CDrCurve@@QAEPAVCDListMgr@@XZ 100132d0 f i Dlg_StLC.obj
 0001:00012300       ?GetSuppCardList@CDrCurve@@QAEPAV?$CList@Usupportcard@@U1@@@XZ 10013300 f i Dlg_StLC.obj
 0001:00012330       ?GetStaLCardList@CDrCurve@@QAEPAV?$CList@UstaLcard@@U1@@@XZ 10013330 f i Dlg_StLC.obj
 0001:00012360       ?GetBndryPtList@CDrCurve@@QAEPAV?$CList@UWORLD@@U1@@@XZ 10013360 f i Dlg_StLC.obj
 0001:00012390       ?GetBezierType@CDrCurve@@QAE?AW4BEZIERTYPE@@XZ 10013390 f i Dlg_StLC.obj
 0001:000123c0       ?SetBezierType@CDrCurve@@QAEXW4BEZIERTYPE@@@Z 100133c0 f i Dlg_StLC.obj
 0001:000123f0       ??1CDlg_StLC@@UAE@XZ       100133f0 f i Dlg_StLC.obj
 0001:000124a0       ??_FCDlg_StLC@@QAEXXZ      100134a0 f i Dlg_StLC.obj
 0001:000124d0       ??0CDlg_StLC@@QAE@PAVCWnd@@@Z 100134d0 f   Dlg_StLC.obj
 0001:00012680       ??_GCDlg_StLC@@UAEPAXI@Z   10013680 f i Dlg_StLC.obj
 0001:000126c0       ??_ECDlg_StLC@@UAEPAXI@Z   100136c0 f i Dlg_StLC.obj
 0001:00012760       ?DoDataExchange@CDlg_StLC@@MAEXPAVCDataExchange@@@Z 10013760 f   Dlg_StLC.obj
 0001:00012840       ?_GetBaseMessageMap@CDlg_StLC@@KGPBUAFX_MSGMAP@@XZ 10013840 f   Dlg_StLC.obj
 0001:00012860       ?GetMessageMap@CDlg_StLC@@MBEPBUAFX_MSGMAP@@XZ 10013860 f   Dlg_StLC.obj
 0001:00012880       ?OnInitDialog@CDlg_StLC@@MAEHXZ 10013880 f   Dlg_StLC.obj
 0001:00012990       ?EnableControls@CDlg_StLC@@IAEXXZ 10013990 f   Dlg_StLC.obj
 0001:00012bd0       ?OnIncrement@CDlg_StLC@@IAEXXZ 10013bd0 f   Dlg_StLC.obj
 0001:00012c30       ?OnOK@CDlg_StLC@@MAEXXZ    10013c30 f   Dlg_StLC.obj
 0001:00012cf0       ?OnCancel@CDlg_StLC@@MAEXXZ 10013cf0 f   Dlg_StLC.obj
 0001:00012d20       ?FillListAllCurveIDs@CDlg_StLC@@IAEXXZ 10013d20 f   Dlg_StLC.obj
 0001:00012ed0       ?IsSubDivided@CTriangle@@UAEHXZ 10013ed0 f i dlg_StLI.obj
 0001:00012ef0       ?SetSubDivided@CTriangle@@UAEXH@Z 10013ef0 f i dlg_StLI.obj
 0001:00012f20       ?GetSubTriangleIndex@CTriangle@@UAEHH@Z 10013f20 f i dlg_StLI.obj
 0001:00012f50       ?SetSubTriangleIndex@CTriangle@@UAEXHH@Z 10013f50 f i dlg_StLI.obj
 0001:00012f80       ?GetType@CTriangle@@UAEHXZ 10013f80 f i dlg_StLI.obj
 0001:00012fa0       ?SetType@CTriangle@@UAEXH@Z 10013fa0 f i dlg_StLI.obj
 0001:00012fd0       ?GetCNIndexList@CTriangle@@UAEPAV?$CList@HH@@XZ 10013fd0 f i dlg_StLI.obj
 0001:00012ff0       ?GetPatIndex@CTriangle@@UAEHXZ 10013ff0 f i dlg_StLI.obj
 0001:00013010       ?SetPatIndex@CTriangle@@UAEXH@Z 10014010 f i dlg_StLI.obj
 0001:00013040       ?GetDegree@CTriangle@@UAEHXZ 10014040 f i dlg_StLI.obj
 0001:00013060       ?SetDegree@CTriangle@@UAEXH@Z 10014060 f i dlg_StLI.obj
 0001:00013090       ?GetVertexIndex@CTriangle@@UAEHH@Z 10014090 f i dlg_StLI.obj
 0001:000130c0       ?SetVertexIndex@CTriangle@@UAEXHH@Z 100140c0 f i dlg_StLI.obj
 0001:000130f0       ?GetVertexIndex@CTriangle@@UAEPAHXZ 100140f0 f i dlg_StLI.obj
 0001:00013110       ?GetNebrVertexIndex@CTriangle@@UAEHH@Z 10014110 f i dlg_StLI.obj
 0001:00013140       ?SetNebrVertexIndex@CTriangle@@UAEXHH@Z 10014140 f i dlg_StLI.obj
 0001:00013170       ?GetNebrVertexIndex@CTriangle@@UAEPAHXZ 10014170 f i dlg_StLI.obj
 0001:00013190       ?GetNebrTriangleIndex@CTriangle@@UAEHH@Z 10014190 f i dlg_StLI.obj
 0001:000131c0       ?SetNebrTriangleIndex@CTriangle@@UAEXHH@Z 100141c0 f i dlg_StLI.obj
 0001:000131f0       ?GetNebrTriangleIndex@CTriangle@@UAEPAHXZ 100141f0 f i dlg_StLI.obj
 0001:00013210       ?GetOutSeg@CTriangle@@UAEHXZ 10014210 f i dlg_StLI.obj
[...]
 0004:00001080       __imp_?GoDoIt@CMP_Sweep@@QAEHHHHAAVCString@@PAVCDrPatch@@PAVCDListMgr@@2PAV?$CList@W4CURVELATCH@@W41@@@PAV?$CList@NN@@NHN4NHNPAVCView@@@Z 100ac080     MPat_D32:MPat_D32.dll
 0004:00001084       __imp_??1CMP_Sweep@@UAE@XZ 100ac084     MPat_D32:MPat_D32.dll
 0004:00001088       __imp_??0CMP_Duct@@QAE@XZ  100ac088     MPat_D32:MPat_D32.dll
 0004:0000108c       __imp_?GoDoIt@CMP_Duct@@QAEHHHAAVCString@@PAVCDrPatch@@PAVCDListMgr@@2PAV?$CList@W4CURVELATCH@@W41@@@PAV?$CList@NN@@NHNPAVCView@@@Z 100ac08c     MPat_D32:MPat_D32.dll
 0004:00001090       __imp_??1CMP_Duct@@UAE@XZ  100ac090     MPat_D32:MPat_D32.dll
 0004:00001094       __imp_??0CMP_Xtrud@@QAE@XZ 100ac094     MPat_D32:MPat_D32.dll
 0004:00001098       __imp_?GoDoIt@CMP_Xtrud@@QAEHHHAAVCString@@PAVCDrPatch@@PAVCDListMgr@@2PAV?$CList@W4CURVELATCH@@W41@@@AAV?$CList@HH@@UWORLD@@NNPAVCView@@@Z 100ac098     MPat_D32:MPat_D32.dll
 0004:0000109c       __imp_?FillMeshTangentsPatch@CMI_GangP@@QAEHPAVCDrPatch@@PAUWORLD@@1@Z 100ac09c     MPat_D32:MPat_D32.dll
 0004:000010a0       __imp_?FillMeshNodesPatch@CMI_GangP@@QAEHPAVCDrPatch@@PAUWORLD@@PAN@Z 100ac0a0     MPat_D32:MPat_D32.dll
 0004:000010a4       __imp_??1CMP_Xtrud@@UAE@XZ 100ac0a4     MPat_D32:MPat_D32.dll
 0004:000010a8       \177MPat_D32_NULL_THUNK_DATA 100ac0a8     MPat_D32:MPat_D32.dll
 0004:000010e0       __imp___adjust_fdiv        100ac0e0     msvcrtd:MSVCRTD.dll
 0004:000010e4       __imp___malloc_dbg         100ac0e4     msvcrtd:MSVCRTD.dll
 0004:000010e8       __imp___initterm           100ac0e8     msvcrtd:MSVCRTD.dll
 0004:000010ec       __imp___free_dbg           100ac0ec     msvcrtd:MSVCRTD.dll
 0004:000010f0       __imp_?terminate@@YAXXZ    100ac0f0     msvcrtd:MSVCRTD.dll
 0004:000010f4       __imp___except_handler3    100ac0f4     msvcrtd:MSVCRTD.dll
 0004:000010f8       __imp___onexit             100ac0f8     msvcrtd:MSVCRTD.dll
 0004:000010fc       __imp____dllonexit         100ac0fc     msvcrtd:MSVCRTD.dll
 0004:00001100       __imp___ftol               100ac100     msvcrtd:MSVCRTD.dll
 0004:00001104       __imp__sprintf             100ac104     msvcrtd:MSVCRTD.dll
 0004:00001108       __imp__fabs                100ac108     msvcrtd:MSVCRTD.dll
 0004:0000110c       __imp__memset              100ac10c     msvcrtd:MSVCRTD.dll
 0004:00001110       __imp__sqrt                100ac110     msvcrtd:MSVCRTD.dll
 0004:00001114       __imp____CxxFrameHandler   100ac114     msvcrtd:MSVCRTD.dll
 0004:00001118       \177MSVCRTD_NULL_THUNK_DATA 100ac118     msvcrtd:MSVCRTD.dll
 0004:0000114c       __imp_??1CMI_GangS@@UAE@XZ 100ac14c     MSol_d32:MSol_D32.dll
 0004:00001150       __imp_??0CMI_GangS@@QAE@XZ 100ac150     MSol_d32:MSol_D32.dll
 0004:00001154       __imp_?Serialize@CMI_GangS@@UAEXAAVCArchive@@@Z 100ac154     MSol_d32:MSol_D32.dll
 0004:00001158       __imp_?classCMI_GangS@CMI_GangS@@2UCRuntimeClass@@A 100ac158     MSol_d32:MSol_D32.dll
 0004:0000115c       \177MSol_D32_NULL_THUNK_DATA 100ac15c     MSol_d32:MSol_D32.dll
 0004:00001188       __imp_?Get_Tan_N_NorAtaNode_3@CDrPatch@@QAEHUWORLD@@AAU2@11N@Z 100ac188     OGen_D32:OGEN_D32.dll
 0004:0000118c       __imp_?Get_Tan_N_NorAtaNode_4@CDrPatch@@QAEHUWORLD@@AAU2@11N@Z 100ac18c     OGen_D32:OGEN_D32.dll
 0004:00001190       __imp_?GetRuntimeClass@CTriangle@@UBEPAUCRuntimeClass@@XZ 100ac190     OGen_D32:OGEN_D32.dll
 0004:00001194       __imp_?Get_TangentAtaNode@CDrCurve@@QAEHUWORLD@@AAU2@N@Z 100ac194     OGen_D32:OGEN_D32.dll
 0004:00001198       \177OGEN_D32_NULL_THUNK_DATA 100ac198     OGen_D32:OGEN_D32.dll
 0004:000011c4       __imp_?ShowObject_On_Off@CObjectMgr@@QAEHPAVCDrObject@@IH@Z 100ac1c4     OMgr_D32:OMgr_D32.dll
 0004:000011c8       __imp_?GetSpecObject@CObjectMgr@@QAEPAVCDrObject@@H@Z 100ac1c8     OMgr_D32:OMgr_D32.dll
 0004:000011cc       __imp_?GetObjectIndexfromKey@CObjectMgr@@QAEHHVCString@@I@Z 100ac1cc     OMgr_D32:OMgr_D32.dll
 0004:000011d0       \177OMgr_D32_NULL_THUNK_DATA 100ac1d0     OMgr_D32:OMgr_D32.dll
 0004:000011fc       __imp_??0CDListMgr@@QAE@XZ 100ac1fc     Spec_d32:Spec_D32.dll
 0004:00001200       __imp_?GetObjectIndex@CDListMgr@@QAEHPAVCObject@@@Z 100ac200     Spec_d32:Spec_D32.dll
 0004:00001204       __imp_?GetObjectIndex@CDListMgr@@QAEHIVCString@@@Z 100ac204     Spec_d32:Spec_D32.dll
 0004:00001208       __imp_?GetObjectA@CDListMgr@@QAEPAVCObject@@H@Z 100ac208     Spec_d32:Spec_D32.dll
 0004:0000120c       __imp_?InsertObject@CDListMgr@@QAEHPAVCObject@@@Z 100ac20c     Spec_d32:Spec_D32.dll
 0004:00001210       __imp_?GetFirstObjectPos@CDListMgr@@QAEPAU__POSITION@@XZ 100ac210     Spec_d32:Spec_D32.dll
 0004:00001214       __imp_?GetNextObject@CDListMgr@@QAEPAVCObject@@AAPAU__POSITION@@@Z 100ac214     Spec_d32:Spec_D32.dll
 0004:00001218       __imp_?GetSpecificObjectCount@CDListMgr@@QAEHH@Z 100ac218     Spec_d32:Spec_D32.dll
 0004:0000121c       __imp_??1CDListMgr@@UAE@XZ 100ac21c     Spec_d32:Spec_D32.dll
 0004:00001220       __imp_?GetRuntimeClass@CUnit@@UBEPAUCRuntimeClass@@XZ 100ac220     Spec_d32:Spec_D32.dll
 0004:00001224       __imp_?Serialize@CUnit@@UAEXAAVCArchive@@@Z 100ac224     Spec_d32:Spec_D32.dll
 0004:00001228       __imp_?DoDataView@CUnit@@UAEXPAVCDC@@H@Z 100ac228     Spec_d32:Spec_D32.dll
 0004:0000122c       __imp_?Pack_drPipe@CUnit@@UAEXPAVCString@@@Z 100ac22c     Spec_d32:Spec_D32.dll
 0004:00001230       __imp_?GetObjectInfo@CUnit@@UAEXPAVCDrObject@@@Z 100ac230     Spec_d32:Spec_D32.dll
 0004:00001234       __imp_?SetObjectInfo@CUnit@@UAEXPAVCDrObject@@@Z 100ac234     Spec_d32:Spec_D32.dll
 0004:00001238       __imp_?ReadDefaultUnit@CUnit@@UAEXXZ 100ac238     Spec_d32:Spec_D32.dll
 0004:0000123c       __imp_?InitUnit@CUnit@@UAEXXZ 100ac23c     Spec_d32:Spec_D32.dll
 0004:00001240       __imp_?GetRuntimeClass@CScaleFactor@@UBEPAUCRuntimeClass@@XZ 100ac240     Spec_d32:Spec_D32.dll
 0004:00001244       __imp_?Serialize@CScaleFactor@@UAEXAAVCArchive@@@Z 100ac244     Spec_d32:Spec_D32.dll
 0004:00001248       __imp_?DoDataView@CScaleFactor@@UAEXPAVCDC@@H@Z 100ac248     Spec_d32:Spec_D32.dll
 0004:0000124c       __imp_?Pack_drPipe@CScaleFactor@@UAEXPAVCString@@@Z 100ac24c     Spec_d32:Spec_D32.dll
 0004:00001250       __imp_?GetObjectInfo@CScaleFactor@@UAEXPAVCDrObject@@@Z 100ac250     Spec_d32:Spec_D32.dll
 0004:00001254       __imp_?SetObjectInfo@CScaleFactor@@UAEXPAVCDrObject@@@Z 100ac254     Spec_d32:Spec_D32.dll
 0004:00001258       __imp_?ReadDefaultScaleFactor@CScaleFactor@@UAEXXZ 100ac258     Spec_d32:Spec_D32.dll
 0004:0000125c       __imp_?InitScaleFactor@CScaleFactor@@UAEXXZ 100ac25c     Spec_d32:Spec_D32.dll
 0004:00001260       __imp_?GetRuntimeClass@CPrecision@@UBEPAUCRuntimeClass@@XZ 100ac260     Spec_d32:Spec_D32.dll
 0004:00001264       __imp_?Serialize@CPrecision@@UAEXAAVCArchive@@@Z 100ac264     Spec_d32:Spec_D32.dll
 0004:00001268       __imp_?DoDataView@CPrecision@@UAEXPAVCDC@@H@Z 100ac268     Spec_d32:Spec_D32.dll
 0004:0000126c       __imp_?Pack_drPipe@CPrecision@@UAEXPAVCString@@@Z 100ac26c     Spec_d32:Spec_D32.dll
 0004:00001270       __imp_?GetObjectInfo@CPrecision@@UAEXPAVCDrObject@@@Z 100ac270     Spec_d32:Spec_D32.dll
 0004:00001274       __imp_?SetObjectInfo@CPrecision@@UAEXPAVCDrObject@@@Z 100ac274     Spec_d32:Spec_D32.dll
 0004:00001278       __imp_?ReadDefaultPrecision@CPrecision@@UAEXXZ 100ac278     Spec_d32:Spec_D32.dll
 0004:0000127c       __imp_?InitPrecision@CPrecision@@UAEXXZ 100ac27c     Spec_d32:Spec_D32.dll
 0004:00001280       __imp_?GetRuntimeClass@CMapFactor@@UBEPAUCRuntimeClass@@XZ 100ac280     Spec_d32:Spec_D32.dll
 0004:00001284       __imp_?Serialize@CMapFactor@@UAEXAAVCArchive@@@Z 100ac284     Spec_d32:Spec_D32.dll
 0004:00001288       __imp_?DoDataView@CMapFactor@@UAEXPAVCDC@@H@Z 100ac288     Spec_d32:Spec_D32.dll
 0004:0000128c       __imp_?Pack_drPipe@CMapFactor@@UAEXPAVCString@@@Z 100ac28c     Spec_d32:Spec_D32.dll
 0004:00001290       __imp_?GetObjectInfo@CMapFactor@@UAEXPAVCDrObject@@@Z 100ac290     Spec_d32:Spec_D32.dll
 0004:00001294       __imp_?SetObjectInfo@CMapFactor@@UAEXPAVCDrObject@@@Z 100ac294     Spec_d32:Spec_D32.dll
 0004:00001298       __imp_?ReadDefaultMapFactor@CMapFactor@@UAEXXZ 100ac298     Spec_d32:Spec_D32.dll
 0004:0000129c       __imp_?InitMapFactor@CMapFactor@@UAEXXZ 100ac29c     Spec_d32:Spec_D32.dll
 0004:000012a0       __imp_?GetRuntimeClass@CObj3DMnu@@UBEPAUCRuntimeClass@@XZ 100ac2a0     Spec_d32:Spec_D32.dll
 0004:000012a4       __imp_?Serialize@CObj3DMnu@@UAEXAAVCArchive@@@Z 100ac2a4     Spec_d32:Spec_D32.dll
 0004:000012a8       __imp_?DoDataView@CObj3DMnu@@UAEXPAVCDC@@H@Z 100ac2a8     Spec_d32:Spec_D32.dll
 0004:000012ac       __imp_?Pack_drPipe@CObj3DMnu@@UAEXPAVCString@@@Z 100ac2ac     Spec_d32:Spec_D32.dll
 0004:000012b0       __imp_?GetObjectInfo@CObj3DMnu@@UAEXPAVCDrObject@@@Z 100ac2b0     Spec_d32:Spec_D32.dll
 0004:000012b4       __imp_?SetObjectInfo@CObj3DMnu@@UAEXPAVCDrObject@@@Z 100ac2b4     Spec_d32:Spec_D32.dll
 0004:000012b8       __imp_?GetObj3DMnuInfo@CObj3DMnu@@UAE?AVCString@@I@Z 100ac2b8     Spec_d32:Spec_D32.dll
 0004:000012bc       __imp_?SetObj3DMnuInfo@CObj3DMnu@@UAEXII@Z 100ac2bc     Spec_d32:Spec_D32.dll
 0004:000012c0       __imp_?GetObj3DMnuIDArray@CObj3DMnu@@UAEXQAVCString@@@Z 100ac2c0     Spec_d32:Spec_D32.dll
 0004:000012c4       __imp_?SetObj3DMnuIDArray@CObj3DMnu@@UAEXQAVCString@@@Z 100ac2c4     Spec_d32:Spec_D32.dll
 0004:000012c8       __imp_?GetObj3DMnuArray@CObj3DMnu@@UAEXQAY01I@Z 100ac2c8     Spec_d32:Spec_D32.dll
 0004:000012cc       __imp_?SetObj3DMnuArray@CObj3DMnu@@UAEXQAY01I@Z 100ac2cc     Spec_d32:Spec_D32.dll
 0004:000012d0       __imp_?GetObj3DMnuOldArray@CObj3DMnu@@UAEXQAY01I@Z 100ac2d0     Spec_d32:Spec_D32.dll
 0004:000012d4       __imp_?SetObj3DMnuOldArray@CObj3DMnu@@UAEXQAY01I@Z 100ac2d4     Spec_d32:Spec_D32.dll
 0004:000012d8       __imp_?GetObj3DMnuDefaultArray@CObj3DMnu@@UAEXQAY01I@Z 100ac2d8     Spec_d32:Spec_D32.dll
 0004:000012dc       __imp_?SetObj3DMnuDefaultArray@CObj3DMnu@@UAEXQAY01I@Z 100ac2dc     Spec_d32:Spec_D32.dll
 0004:000012e0       __imp_?ReadDefaultObj3DMnu@CObj3DMnu@@UAEXXZ 100ac2e0     Spec_d32:Spec_D32.dll
 0004:000012e4       __imp_?InitObj3DMnu@CObj3DMnu@@UAEXXZ 100ac2e4     Spec_d32:Spec_D32.dll
 0004:000012e8       __imp_?GetRuntimeClass@CPatchMnu@@UBEPAUCRuntimeClass@@XZ 100ac2e8     Spec_d32:Spec_D32.dll
 0004:000012ec       __imp_?Serialize@CPatchMnu@@UAEXAAVCArchive@@@Z 100ac2ec     Spec_d32:Spec_D32.dll
 0004:000012f0       __imp_?DoDataView@CPatchMnu@@UAEXPAVCDC@@H@Z 100ac2f0     Spec_d32:Spec_D32.dll
 0004:000012f4       __imp_?Pack_drPipe@CPatchMnu@@UAEXPAVCString@@@Z 100ac2f4     Spec_d32:Spec_D32.dll
 0004:000012f8       __imp_?GetObjectInfo@CPatchMnu@@UAEXPAVCDrObject@@@Z 100ac2f8     Spec_d32:Spec_D32.dll
 0004:000012fc       __imp_?SetObjectInfo@CPatchMnu@@UAEXPAVCDrObject@@@Z 100ac2fc     Spec_d32:Spec_D32.dll
 0004:00001300       __imp_?GetPatchMnuInfo@CPatchMnu@@UAE?AVCString@@I@Z 100ac300     Spec_d32:Spec_D32.dll
 0004:00001304       __imp_?SetPatchMnuInfo@CPatchMnu@@UAEXII@Z 100ac304     Spec_d32:Spec_D32.dll
 0004:00001308       __imp_?GetPatchMnuIDArray@CPatchMnu@@UAEXQAVCString@@@Z 100ac308     Spec_d32:Spec_D32.dll
 0004:0000130c       __imp_?SetPatchMnuIDArray@CPatchMnu@@UAEXQAVCString@@@Z 100ac30c     Spec_d32:Spec_D32.dll
 0004:00001310       __imp_?GetRuntimeClass@CMatObj@@UBEPAUCRuntimeClass@@XZ 100ac310     Spec_d32:Spec_D32.dll
 0004:00001314       __imp_?SetPatchMnuArray@CPatchMnu@@UAEXQAY01I@Z 100ac314     Spec_d32:Spec_D32.dll
 0004:00001318       __imp_?GetPatchMnuOldArray@CPatchMnu@@UAEXQAY01I@Z 100ac318     Spec_d32:Spec_D32.dll
 0004:0000131c       __imp_?SetPatchMnuOldArray@CPatchMnu@@UAEXQAY01I@Z 100ac31c     Spec_d32:Spec_D32.dll
 0004:00001320       __imp_?GetPatchMnuDefaultArray@CPatchMnu@@UAEXQAY01I@Z 100ac320     Spec_d32:Spec_D32.dll
 0004:00001324       __imp_?SetPatchMnuDefaultArray@CPatchMnu@@UAEXQAY01I@Z 100ac324     Spec_d32:Spec_D32.dll
 0004:00001328       __imp_?ReadDefaultPatchMnu@CPatchMnu@@UAEXXZ 100ac328     Spec_d32:Spec_D32.dll
 0004:0000132c       __imp_?InitPatchMnu@CPatchMnu@@UAEXXZ 100ac32c     Spec_d32:Spec_D32.dll
 0004:00001330       __imp_?GetRuntimeClass@CLayer@@UBEPAUCRuntimeClass@@XZ 100ac330     Spec_d32:Spec_D32.dll
 0004:00001334       __imp_?Serialize@CLayer@@UAEXAAVCArchive@@@Z 100ac334     Spec_d32:Spec_D32.dll
 0004:00001338       __imp_?DoDataView@CLayer@@UAEXPAVCDC@@H@Z 100ac338     Spec_d32:Spec_D32.dll
 0004:0000133c       __imp_?Pack_drPipe@CLayer@@UAEXPAVCString@@@Z 100ac33c     Spec_d32:Spec_D32.dll
 0004:00001340       __imp_?GetObjectInfo@CLayer@@UAEXPAVCDrObject@@@Z 100ac340     Spec_d32:Spec_D32.dll
 0004:00001344       __imp_?SetObjectInfo@CLayer@@UAEXPAVCDrObject@@@Z 100ac344     Spec_d32:Spec_D32.dll
 0004:00001348       __imp_?GetLayerInfo@CLayer@@UAE?AVCString@@I@Z 100ac348     Spec_d32:Spec_D32.dll
 0004:0000134c       __imp_?SetLayerInfo@CLayer@@UAEXII@Z 100ac34c     Spec_d32:Spec_D32.dll
 0004:00001350       __imp_?GetLayerArray@CLayer@@UAEXQAY01I@Z 100ac350     Spec_d32:Spec_D32.dll
 0004:00001354       __imp_?SetLayerArray@CLayer@@UAEXQAY01I@Z 100ac354     Spec_d32:Spec_D32.dll
 0004:00001358       __imp_?GetLayerOldArray@CLayer@@UAEXQAY01I@Z 100ac358     Spec_d32:Spec_D32.dll
 0004:0000135c       __imp_?SetLayerOldArray@CLayer@@UAEXQAY01I@Z 100ac35c     Spec_d32:Spec_D32.dll
 0004:00001360       __imp_?GetLayerDefaultArray@CLayer@@UAEXQAY01I@Z 100ac360     Spec_d32:Spec_D32.dll
 0004:00001364       __imp_?SetLayerDefaultArray@CLayer@@UAEXQAY01I@Z 100ac364     Spec_d32:Spec_D32.dll
 0004:00001368       __imp_?ReadDefaultLayer@CLayer@@UAEXXZ 100ac368     Spec_d32:Spec_D32.dll
 0004:0000136c       __imp_?InitLayer@CLayer@@UAEXXZ 100ac36c     Spec_d32:Spec_D32.dll
 0004:00001370       __imp_?GetRuntimeClass@CHitNet@@UBEPAUCRuntimeClass@@XZ 100ac370     Spec_d32:Spec_D32.dll
 0004:00001374       __imp_?Serialize@CHitNet@@UAEXAAVCArchive@@@Z 100ac374     Spec_d32:Spec_D32.dll
 0004:00001378       __imp_?DoDataView@CHitNet@@UAEXPAVCDC@@H@Z 100ac378     Spec_d32:Spec_D32.dll
 0004:0000137c       __imp_?Pack_drPipe@CHitNet@@UAEXPAVCString@@@Z 100ac37c     Spec_d32:Spec_D32.dll
 0004:00001380       __imp_?GetObjectInfo@CHitNet@@UAEXPAVCDrObject@@@Z 100ac380     Spec_d32:Spec_D32.dll
 0004:00001384       __imp_?SetObjectInfo@CHitNet@@UAEXPAVCDrObject@@@Z 100ac384     Spec_d32:Spec_D32.dll
 0004:00001388       __imp_?GetRuntimeClass@CDrPen@@UBEPAUCRuntimeClass@@XZ 100ac388     Spec_d32:Spec_D32.dll
 0004:0000138c       __imp_?Serialize@CDrPen@@UAEXAAVCArchive@@@Z 100ac38c     Spec_d32:Spec_D32.dll
 0004:00001390       __imp_?DoDataView@CDrPen@@UAEXPAVCDC@@H@Z 100ac390     Spec_d32:Spec_D32.dll
 0004:00001394       __imp_?Pack_drPipe@CDrPen@@UAEXPAVCString@@@Z 100ac394     Spec_d32:Spec_D32.dll
 0004:00001398       __imp_?GetObjectInfo@CDrPen@@UAEXPAVCDrObject@@@Z 100ac398     Spec_d32:Spec_D32.dll
 0004:0000139c       __imp_?SetObjectInfo@CDrPen@@UAEXPAVCDrObject@@@Z 100ac39c     Spec_d32:Spec_D32.dll
 0004:000013a0       __imp_?ReplacePen@CDrPen@@UAEXXZ 100ac3a0     Spec_d32:Spec_D32.dll
 0004:000013a4       __imp_?ReadDefaultDrPen@CDrPen@@UAEXXZ 100ac3a4     Spec_d32:Spec_D32.dll
 0004:000013a8       __imp_?InitDrPen@CDrPen@@UAEXXZ 100ac3a8     Spec_d32:Spec_D32.dll
 0004:000013ac       __imp_?GetRuntimeClass@CDrFont@@UBEPAUCRuntimeClass@@XZ 100ac3ac     Spec_d32:Spec_D32.dll
 0004:000013b0       __imp_?Serialize@CDrFont@@UAEXAAVCArchive@@@Z 100ac3b0     Spec_d32:Spec_D32.dll
 0004:000013b4       __imp_?DoDataView@CDrFont@@UAEXPAVCDC@@H@Z 100ac3b4     Spec_d32:Spec_D32.dll
 0004:000013b8       __imp_?Pack_drPipe@CDrFont@@UAEXPAVCString@@@Z 100ac3b8     Spec_d32:Spec_D32.dll
 0004:000013bc       __imp_?GetObjectInfo@CDrFont@@UAEXPAVCDrObject@@@Z 100ac3bc     Spec_d32:Spec_D32.dll
 0004:000013c0       __imp_?SetObjectInfo@CDrFont@@UAEXPAVCDrObject@@@Z 100ac3c0     Spec_d32:Spec_D32.dll
 0004:000013c4       __imp_?DoTextFont@CDrFont@@UAEXXZ 100ac3c4     Spec_d32:Spec_D32.dll
 0004:000013c8       __imp_?ReadDefaultDrFont@CDrFont@@UAEXXZ 100ac3c8     Spec_d32:Spec_D32.dll
 0004:000013cc       __imp_?InitDrFont@CDrFont@@UAEXXZ 100ac3cc     Spec_d32:Spec_D32.dll
 0004:000013d0       __imp_?GetRuntimeClass@CDataWindow@@UBEPAUCRuntimeClass@@XZ 100ac3d0     Spec_d32:Spec_D32.dll
 0004:000013d4       __imp_?Serialize@CDataWindow@@UAEXAAVCArchive@@@Z 100ac3d4     Spec_d32:Spec_D32.dll
 0004:000013d8       __imp_?DoDataView@CDataWindow@@UAEXPAVCDC@@H@Z 100ac3d8     Spec_d32:Spec_D32.dll
 0004:000013dc       __imp_?Pack_drPipe@CDataWindow@@UAEXPAVCString@@@Z 100ac3dc     Spec_d32:Spec_D32.dll
 0004:000013e0       __imp_?GetObjectInfo@CDataWindow@@UAEXPAVCDrObject@@@Z 100ac3e0     Spec_d32:Spec_D32.dll
 0004:000013e4       __imp_?SetObjectInfo@CDataWindow@@UAEXPAVCDrObject@@@Z 100ac3e4     Spec_d32:Spec_D32.dll
 0004:000013e8       __imp_?SetWinMinMaxWIC@CDataWindow@@UAEXULPOINT3@@@Z 100ac3e8     Spec_d32:Spec_D32.dll
 0004:000013ec       __imp_?SetWinExtWIC@CDataWindow@@UAEXXZ 100ac3ec     Spec_d32:Spec_D32.dll
 0004:000013f0       __imp_?ReadDefaultDataWindow@CDataWindow@@UAEXXZ 100ac3f0     Spec_d32:Spec_D32.dll
 0004:000013f4       __imp_?InitDataWindow@CDataWindow@@UAEXXZ 100ac3f4     Spec_d32:Spec_D32.dll
 0004:000013f8       __imp_??1CDrObject@@UAE@XZ 100ac3f8     Spec_d32:Spec_D32.dll
 0004:000013fc       __imp_?GetRuntimeClass@CBooleans@@UBEPAUCRuntimeClass@@XZ 100ac3fc     Spec_d32:Spec_D32.dll
 0004:00001400       __imp_?Serialize@CBooleans@@UAEXAAVCArchive@@@Z 100ac400     Spec_d32:Spec_D32.dll
 0004:00001404       __imp_?DoDataView@CBooleans@@UAEXPAVCDC@@H@Z 100ac404     Spec_d32:Spec_D32.dll
 0004:00001408       __imp_?GetLocalCorner@CDrObject@@UAEXPAUWORLD@@H@Z 100ac408     Spec_d32:Spec_D32.dll
 0004:0000140c       __imp_?SetLocalCorner@CDrObject@@UAEXPAUWORLD@@H@Z 100ac40c     Spec_d32:Spec_D32.dll
 0004:00001410       __imp_?GetWorldCorner@CDrObject@@UAEXPAUWORLD@@H@Z 100ac410     Spec_d32:Spec_D32.dll
 0004:00001414       __imp_?SetWorldCorner@CDrObject@@UAEXPAUWORLD@@H@Z 100ac414     Spec_d32:Spec_D32.dll
 0004:00001418       __imp_?GetEyeCorner@CDrObject@@UAEXPAUWORLD@@H@Z 100ac418     Spec_d32:Spec_D32.dll
 0004:0000141c       __imp_?SetEyeCorner@CDrObject@@UAEXPAUWORLD@@H@Z 100ac41c     Spec_d32:Spec_D32.dll
 0004:00001420       __imp_?GetScreen3DCorner@CDrObject@@UAEXPAUWORLD@@H@Z 100ac420     Spec_d32:Spec_D32.dll
 0004:00001424       __imp_?SetScreen3DCorner@CDrObject@@UAEXPAUWORLD@@H@Z 100ac424     Spec_d32:Spec_D32.dll
 0004:00001428       __imp_?Pack_drPipe@CBooleans@@UAEXPAVCString@@@Z 100ac428     Spec_d32:Spec_D32.dll
 0004:0000142c       __imp_?GetObjectInfo@CBooleans@@UAEXPAVCDrObject@@@Z 100ac42c     Spec_d32:Spec_D32.dll
 0004:00001430       __imp_?SetObjectInfo@CBooleans@@UAEXPAVCDrObject@@@Z 100ac430     Spec_d32:Spec_D32.dll
 0004:00001434       __imp_?IsZoomEnabled@CBooleans@@UAEHH@Z 100ac434     Spec_d32:Spec_D32.dll
 0004:00001438       __imp_?SetZoomEnabled@CBooleans@@UAEXHH@Z 100ac438     Spec_d32:Spec_D32.dll
 0004:0000143c       __imp_?IsZoomOn@CBooleans@@UAEHHH@Z 100ac43c     Spec_d32:Spec_D32.dll
 0004:00001440       __imp_?ToggleZoom@CBooleans@@UAEHHH@Z 100ac440     Spec_d32:Spec_D32.dll
 0004:00001444       __imp_?ReadDefaultBooleans@CBooleans@@UAEXXZ 100ac444     Spec_d32:Spec_D32.dll
 0004:00001448       __imp_?InitBooleans@CBooleans@@UAEXXZ 100ac448     Spec_d32:Spec_D32.dll
 0004:0000144c       __imp_?GetPatchMnuArray@CPatchMnu@@UAEXQAY01I@Z 100ac44c     Spec_d32:Spec_D32.dll
 0004:00001450       \177Spec_D32_NULL_THUNK_DATA 100ac450     Spec_d32:Spec_D32.dll
 0004:000014f0       __imp_?SetStaLCard@CDrStatic@@QAEXUstaLcard@@@Z 100ac4f0     StaL_D32:StaL_D32.dll
 0004:000014f4       __imp_??0CDrStatic@@QAE@XZ 100ac4f4     StaL_D32:StaL_D32.dll
 0004:000014f8       __imp_?InitRawData@CDrStatic@@QAEXW4STALPROC@@@Z 100ac4f8     StaL_D32:StaL_D32.dll
 0004:000014fc       \177StaL_D32_NULL_THUNK_DATA 100ac4fc     StaL_D32:StaL_D32.dll

 entry point at        0001:00038f30

