 MSol_D32

 Timestamp is 4035647e (Thu Feb 19 17:35:58 2004)

 Preferred load address is 10000000

 Start         Length     Name                   Class
 0001:00000000 0003ca74H .text                   CODE
 0001:0003ca80 00000019H .text$AFX_COL1          CODE
 0001:0003caa0 00002933H .text$x                 CODE
 0002:00000000 0000072cH .idata$5                DATA
 0002:00000730 00005ebdH .rdata                  DATA
 0002:000065f0 00002cc8H .xdata$x                DATA
 0002:000092b8 000000f0H .idata$2                DATA
 0002:000093a8 00000014H .idata$3                DATA
 0002:000093bc 0000072cH .idata$4                DATA
 0002:00009ae8 00002812H .idata$6                DATA
 0002:0000c300 000166daH .edata                  DATA
 0003:00000000 00000004H .CRT$XCA                DATA
 0003:00000004 0000003cH .CRT$XCU                DATA
 0003:00000040 00000004H .CRT$XCZ                DATA
 0003:00000044 00000004H .CRT$XIA                DATA
 0003:00000048 00000004H .CRT$XIZ                DATA
 0003:00000050 00000ff0H .data                   DATA
 0003:00001040 000000c0H .bss                    DATA
 0004:00000000 0000076cH .rsrc$01                DATA
 0004:00000770 00007038H .rsrc$02                DATA

  Address         Publics by Value              Rva+Base     Lib:Object

 0001:00000000       ?Set3DPts@C3DMath@@QAEXPAULPOINT3@@JJJ@Z 10001000 f i Dlg_lmat.obj
 0001:00000030       ?Set3DPts@C3DMath@@QAEXPAUWORLD@@NNN@Z 10001030 f i Dlg_lmat.obj
 0001:00000080       ?Len3DPts@C3DMath@@QAENPAUWORLD@@@Z 10001080 f i Dlg_lmat.obj
 0001:000000d0       ??1C3DMath@@UAE@XZ         100010d0 f i Dlg_lmat.obj
 0001:00000100       ??_GC3DMath@@UAEPAXI@Z     10001100 f i Dlg_lmat.obj
 0001:00000140       ??_EC3DMath@@UAEPAXI@Z     10001140 f i Dlg_lmat.obj
 0001:000001c0       ?GetMatrix@CMatObj@@UAEPAUMATRIX@@XZ 100011c0 f i Dlg_lmat.obj
 0001:000001e0       ?SetMatrix@CMatObj@@UAEXPAUMATRIX@@@Z 100011e0 f i Dlg_lmat.obj
 0001:00000250       ?GetCurveLatch@CMatObj@@UAE?AW4CURVELATCH@@XZ 10001250 f i Dlg_lmat.obj
 0001:00000270       ?SetCurveLatch@CMatObj@@UAEXW4CURVELATCH@@@Z 10001270 f i Dlg_lmat.obj
 0001:00000290       ?IsInstanced_Prof@CMatObj@@UAEHXZ 10001290 f i Dlg_lmat.obj
 0001:000002b0       ?SetInstanced_Prof@CMatObj@@UAEXH@Z 100012b0 f i Dlg_lmat.obj
 0001:000002d0       ?GetFromID@CMatObj@@UAE?AVCString@@XZ 100012d0 f i Dlg_lmat.obj
 0001:00000310       ?SetFromID@CMatObj@@UAEXVCString@@@Z 10001310 f i Dlg_lmat.obj
 0001:00000370       ?GetFromPt@CMatObj@@UAE?AUWORLD@@XZ 10001370 f i Dlg_lmat.obj
 0001:000003a0       ?SetFromPt@CMatObj@@UAEXUWORLD@@@Z 100013a0 f i Dlg_lmat.obj
 0001:000003d0       ?GetToID@CMatObj@@UAE?AVCString@@XZ 100013d0 f i Dlg_lmat.obj
 0001:00000410       ?SetToID@CMatObj@@UAEXVCString@@@Z 10001410 f i Dlg_lmat.obj
 0001:00000470       ?GetToPt@CMatObj@@UAE?AUWORLD@@XZ 10001470 f i Dlg_lmat.obj
 0001:000004a0       ?SetToPt@CMatObj@@UAEXUWORLD@@@Z 100014a0 f i Dlg_lmat.obj
 0001:000004d0       ?GetRotPtID@CMatObj@@UAE?AVCString@@XZ 100014d0 f i Dlg_lmat.obj
 0001:00000510       ?SetRotPtID@CMatObj@@UAEXVCString@@@Z 10001510 f i Dlg_lmat.obj
 0001:00000570       ?GetRotPt@CMatObj@@UAE?AUWORLD@@XZ 10001570 f i Dlg_lmat.obj
 0001:000005a0       ?SetRotPt@CMatObj@@UAEXUWORLD@@@Z 100015a0 f i Dlg_lmat.obj
 0001:000005d0       ?IsCoordIn@CMatObj@@UAEHXZ 100015d0 f i Dlg_lmat.obj
 0001:000005f0       ?SetCoordIn@CMatObj@@UAEXH@Z 100015f0 f i Dlg_lmat.obj
 0001:00000620       ?GetTranPtID@CMatObj@@UAE?AVCString@@XZ 10001620 f i Dlg_lmat.obj
 0001:00000660       ?SetTranPtID@CMatObj@@UAEXVCString@@@Z 10001660 f i Dlg_lmat.obj
 0001:000006c0       ?GetTranslation@CMatObj@@UAE?AUWORLD@@XZ 100016c0 f i Dlg_lmat.obj
 0001:000006f0       ?SetTranslation@CMatObj@@UAEXUWORLD@@@Z 100016f0 f i Dlg_lmat.obj
 0001:00000720       ?IsAngleIn@CMatObj@@UAEHXZ 10001720 f i Dlg_lmat.obj
 0001:00000740       ?SetAngleIn@CMatObj@@UAEXH@Z 10001740 f i Dlg_lmat.obj
 0001:00000770       ?IsDirCos@CMatObj@@UAEHXZ  10001770 f i Dlg_lmat.obj
 0001:00000790       ?SetDirCos@CMatObj@@UAEXH@Z 10001790 f i Dlg_lmat.obj
 0001:000007c0       ?GetDirCosDirect@CMatObj@@UAE?AUWORLD@@XZ 100017c0 f i Dlg_lmat.obj
 0001:000007f0       ?SetDirCosDirect@CMatObj@@UAEXUWORLD@@@Z 100017f0 f i Dlg_lmat.obj
 0001:00000820       ?GetRotation@CMatObj@@UAE?AUWORLD@@XZ 10001820 f i Dlg_lmat.obj
 0001:00000850       ?SetRotation@CMatObj@@UAEXUWORLD@@@Z 10001850 f i Dlg_lmat.obj
 0001:00000880       ?GetScale@CMatObj@@UAE?AUWORLD@@XZ 10001880 f i Dlg_lmat.obj
 0001:000008b0       ?SetScale@CMatObj@@UAEXUWORLD@@@Z 100018b0 f i Dlg_lmat.obj
 0001:000008e0       ?GetShear@CMatObj@@UAE?AUWORLD@@XZ 100018e0 f i Dlg_lmat.obj
 0001:00000910       ?SetShear@CMatObj@@UAEXUWORLD@@@Z 10001910 f i Dlg_lmat.obj
 0001:00000940       ?IsNoRot@CMatObj@@UAEHXZ   10001940 f i Dlg_lmat.obj
 0001:00000960       ?SetNoRot@CMatObj@@UAEXH@Z 10001960 f i Dlg_lmat.obj
 0001:00000990       ?IsNoTran@CMatObj@@UAEHXZ  10001990 f i Dlg_lmat.obj
 0001:000009b0       ?SetNoTran@CMatObj@@UAEXH@Z 100019b0 f i Dlg_lmat.obj
 0001:000009e0       ?IsNoScale@CMatObj@@UAEHXZ 100019e0 f i Dlg_lmat.obj
 0001:00000a00       ?SetNoScale@CMatObj@@UAEXH@Z 10001a00 f i Dlg_lmat.obj
 0001:00000a30       ?IsNoShear@CMatObj@@UAEHXZ 10001a30 f i Dlg_lmat.obj
 0001:00000a50       ?SetNoShear@CMatObj@@UAEXH@Z 10001a50 f i Dlg_lmat.obj
 0001:00000a80       ?GetXformType@CMatObj@@UAE?AW4XFORMTYPE@@XZ 10001a80 f i Dlg_lmat.obj
 0001:00000aa0       ?SetXformType@CMatObj@@UAEXW4XFORMTYPE@@@Z 10001aa0 f i Dlg_lmat.obj
 0001:00000ad0       ?GetSpawnType@CMatObj@@UAE?AW4SPAWNTYPE@@XZ 10001ad0 f i Dlg_lmat.obj
 0001:00000af0       ?SetSpawnType@CMatObj@@UAEXW4SPAWNTYPE@@@Z 10001af0 f i Dlg_lmat.obj
 0001:00000b20       ?GetCreOp@CMatObj@@UAEIXZ  10001b20 f i Dlg_lmat.obj
 0001:00000b40       ?SetCreOp@CMatObj@@UAEXI@Z 10001b40 f i Dlg_lmat.obj
 0001:00000b70       ??1CMatObj@@UAE@XZ         10001b70 f i Dlg_lmat.obj
 0001:00000c10       ??_GCMatObj@@UAEPAXI@Z     10001c10 f i Dlg_lmat.obj
 0001:00000c50       ??_ECMatObj@@UAEPAXI@Z     10001c50 f i Dlg_lmat.obj
 0001:00000cd0       ?ReadyToDelete@CDrObject@@UAEXXZ 10001cd0 f i Dlg_lmat.obj
 0001:00000cf0       ?DoFormattedCardView@CDrObject@@UAEXPAVCString@@AAV2@@Z 10001cf0 f i Dlg_lmat.obj
 0001:00000d10       ?DoUnFormattedCardView@CDrObject@@UAEXPAVCString@@@Z 10001d10 f i Dlg_lmat.obj
 0001:00000d30       ?DoDataView@CDrObject@@UAEXPAVCDC@@H@Z 10001d30 f i Dlg_lmat.obj
 0001:00000d50       ?InitDraw@CDrObject@@UAEXPAVCDC@@HHPAUMATRIX@@1NNN@Z 10001d50 f i Dlg_lmat.obj
 0001:00000d70       ?InitDraw@CDrObject@@UAEXPAVCDC@@HHPAUMATRIX@@1NNNN@Z 10001d70 f i Dlg_lmat.obj
 0001:00000d90       ?Corner_3Dto2D@CDrObject@@UAEXXZ 10001d90 f i Dlg_lmat.obj
 0001:00000db0       ?DoDrawView@CDrObject@@UAEXPAVCDC@@@Z 10001db0 f i Dlg_lmat.obj
 0001:00000dd0       ?DoDrawView@CDrObject@@UAEXPAVCDC@@H@Z 10001dd0 f i Dlg_lmat.obj
 0001:00000df0       ?DoDrawView@CDrObject@@UAEXPAVCDC@@HH@Z 10001df0 f i Dlg_lmat.obj
 0001:00000e10       ?DealObjectDialog@CDrObject@@UAEHXZ 10001e10 f i Dlg_lmat.obj
 0001:00000e30       ?TransformObjectToWorld@CDrObject@@UAEXPAUMATRIX@@H@Z 10001e30 f i Dlg_lmat.obj
 0001:00000e50       ?TransformObjectToView@CDrObject@@UAEXPAUMATRIX@@@Z 10001e50 f i Dlg_lmat.obj
 0001:00000e70       ?TransformObjectToViewDirect@CDrObject@@UAEXPAUMATRIX@@00H@Z 10001e70 f i Dlg_lmat.obj
 0001:00000e90       ?RemoveHiddenObject@CDrObject@@UAEHPAUMATRIX@@UWORLD@@H@Z 10001e90 f i Dlg_lmat.obj
 0001:00000eb0       ?ProjectObject@CDrObject@@UAEXPAUMATRIX@@NN@Z 10001eb0 f i Dlg_lmat.obj
 0001:00000ed0       ?Calc_2DBoundsScreen@CDrObject@@UAEHXZ 10001ed0 f i Dlg_lmat.obj
 0001:00000ef0       ?Calc_3DBoundsLocal@CDrObject@@UAEHXZ 10001ef0 f i Dlg_lmat.obj
 0001:00000f10       ?FinishObject@CDrObject@@UAEXPAVCClientDC@@H@Z 10001f10 f i Dlg_lmat.obj
 0001:00000f30       ?FinishObject@CDrObject@@UAEXH@Z 10001f30 f i Dlg_lmat.obj
 0001:00000f50       ?FinishObject@CDrObject@@UAEXXZ 10001f50 f i Dlg_lmat.obj
 0001:00000f70       ?GetMaxCorners@CDrObject@@UAEHXZ 10001f70 f i Dlg_lmat.obj
 0001:00000f90       ?GetRawCoords@CDrObject@@UAEXPAJPAHH@Z 10001f90 f i Dlg_lmat.obj
 0001:00000fb0       ?SetProjectedCoords@CDrObject@@UAEXUtagPOINT@@H@Z 10001fb0 f i Dlg_lmat.obj
 0001:00000fd0       ?RearrangeProjectedCoords@CDrObject@@UAEXXZ 10001fd0 f i Dlg_lmat.obj
 0001:00000ff0       ?IsObjectHit@CDrObject@@UAEHNUWORLD@@@Z 10001ff0 f i Dlg_lmat.obj
 0001:00001010       ?IsObjectHit@CDrObject@@UAEHHUtagPOINT@@H@Z 10002010 f i Dlg_lmat.obj
 0001:00001030       ?IsObjectHit@CDrObject@@UAEHHUtagPOINT@@@Z 10002030 f i Dlg_lmat.obj
 0001:00001050       ?IsObjectHit@CDrObject@@UAEHPAVCClientDC@@HUtagPOINT@@PAVCRect@@H@Z 10002050 f i Dlg_lmat.obj
 0001:00001070       ?IsKeyMatch@CDrObject@@UAEHPAV1@VCString@@I@Z 10002070 f i Dlg_lmat.obj
 0001:000010a0       ?IsKeyMatch@CDrObject@@UAEHVCString@@I@Z 100020a0 f i Dlg_lmat.obj
 0001:000010d0       ?IsControlShapeNeeded@CDrObject@@UAEHXZ 100020d0 f i Dlg_lmat.obj
 0001:000010f0       ?SetControlShapeNeed@CDrObject@@UAEXH@Z 100020f0 f i Dlg_lmat.obj
 0001:00001110       ?IsNormalNeeded@CDrObject@@UAEHXZ 10002110 f i Dlg_lmat.obj
 0001:00001130       ?SetNormalNeed@CDrObject@@UAEXH@Z 10002130 f i Dlg_lmat.obj
 0001:00001150       ?IsCulled@CDrObject@@UAEHXZ 10002150 f i Dlg_lmat.obj
 0001:00001170       ?SetCulled@CDrObject@@UAEXH@Z 10002170 f i Dlg_lmat.obj
 0001:00001190       ?IsSkewed@CDrObject@@UAEHXZ 10002190 f i Dlg_lmat.obj
 0001:000011b0       ?SetSkewed@CDrObject@@UAEXH@Z 100021b0 f i Dlg_lmat.obj
 0001:000011d0       ?IsLinSpr@CDrObject@@UAEHXZ 100021d0 f i Dlg_lmat.obj
 0001:000011f0       ?SetLinSpr@CDrObject@@UAEXH@Z 100021f0 f i Dlg_lmat.obj
 0001:00001210       ?IsLinSnu@CDrObject@@UAEHXZ 10002210 f i Dlg_lmat.obj
 0001:00001230       ?SetLinSnu@CDrObject@@UAEXH@Z 10002230 f i Dlg_lmat.obj
 0001:00001250       ?CullWorld@CDrObject@@UAEHUWORLD@@@Z 10002250 f i Dlg_lmat.obj
 0001:00001270       ?CullScreen@CDrObject@@UAEHPAUMATRIX@@@Z 10002270 f i Dlg_lmat.obj
 0001:00001290       ?Calc_CentroidWorld@CDrObject@@UAEXXZ 10002290 f i Dlg_lmat.obj
 0001:000012b0       ?Calc_CentroidEye@CDrObject@@UAEXXZ 100022b0 f i Dlg_lmat.obj
 0001:000012d0       ?Calc_CentroidScreen3D@CDrObject@@UAEXNN@Z 100022d0 f i Dlg_lmat.obj
 0001:000012f0       ?Calc_NormalWorld@CDrObject@@UAEXXZ 100022f0 f i Dlg_lmat.obj
 0001:00001310       ?TransformNormalToEye@CDrObject@@UAEXPAUMATRIX@@@Z 10002310 f i Dlg_lmat.obj
 0001:00001330       ?ProjectNormalToScreen3D@CDrObject@@UAEXPAUMATRIX@@NN@Z 10002330 f i Dlg_lmat.obj
 0001:00001350       ?GetNormalWorld@CDrObject@@UAEPAUWORLD@@XZ 10002350 f i Dlg_lmat.obj
 0001:00001370       ?SetNormalWorld@CDrObject@@UAEXUWORLD@@@Z 10002370 f i Dlg_lmat.obj
 0001:00001390       ?GetNormalEye@CDrObject@@UAEPAUWORLD@@XZ 10002390 f i Dlg_lmat.obj
 0001:000013b0       ?SetNormalEye@CDrObject@@UAEXUWORLD@@@Z 100023b0 f i Dlg_lmat.obj
 0001:000013d0       ?GetNormalScreen3D@CDrObject@@UAEPAUWORLD@@XZ 100023d0 f i Dlg_lmat.obj
 0001:000013f0       ?SetNormalScreen3D@CDrObject@@UAEXUWORLD@@@Z 100023f0 f i Dlg_lmat.obj
 0001:00001410       ?GetNormalScreen2D@CDrObject@@UAEPAUtagPOINT@@XZ 10002410 f i Dlg_lmat.obj
 0001:00001430       ?SetNormalScreen2D@CDrObject@@UAEXUtagPOINT@@@Z 10002430 f i Dlg_lmat.obj
 0001:00001450       ?GetObjectList@CDrObject@@UAEPAVCDListMgr@@XZ 10002450 f i Dlg_lmat.obj
 0001:00001470       ?GetBoundingRect@CDrObject@@QAE?AVCRect@@XZ 10002470 f i Dlg_lmat.obj
 0001:000014b0       ?GetRInfo@CDrObject@@QAEPAURENDINFO@@XZ 100024b0 f i Dlg_lmat.obj
 0001:000014d0       ?IsParallel@CDrObject@@QAEHXZ 100024d0 f i Dlg_lmat.obj
 0001:000014f0       ?GetnView@CDrObject@@QAEHXZ 100024f0 f i Dlg_lmat.obj
 0001:00001510       ?GetdzMin@CDrObject@@QAENXZ 10002510 f i Dlg_lmat.obj
 0001:00001530       ?GetdScale_U@CDrObject@@QAENXZ 10002530 f i Dlg_lmat.obj
 0001:00001550       ?GetdScale_V@CDrObject@@QAENXZ 10002550 f i Dlg_lmat.obj
 0001:00001570       ?GetpViewM@CDrObject@@QAEPAUMATRIX@@XZ 10002570 f i Dlg_lmat.obj
 0001:00001590       ?Getpvv3DM@CDrObject@@QAEPAUMATRIX@@XZ 10002590 f i Dlg_lmat.obj
 0001:000015b0       ?GetpComposedM@CDrObject@@QAEPAUMATRIX@@XZ 100025b0 f i Dlg_lmat.obj
 0001:000015d0       ?SetParallel@CDrObject@@QAEXH@Z 100025d0 f i Dlg_lmat.obj
 0001:00001600       ?SetnView@CDrObject@@QAEXH@Z 10002600 f i Dlg_lmat.obj
 0001:00001630       ?SetdzMin@CDrObject@@QAEXN@Z 10002630 f i Dlg_lmat.obj
 0001:00001660       ?SetdScale_U@CDrObject@@QAEXN@Z 10002660 f i Dlg_lmat.obj
 0001:00001690       ?SetdScale_V@CDrObject@@QAEXN@Z 10002690 f i Dlg_lmat.obj
 0001:000016c0       ?SetpViewM@CDrObject@@QAEXPAUMATRIX@@@Z 100026c0 f i Dlg_lmat.obj
 0001:000016f0       ?Setpvv3DM@CDrObject@@QAEXPAUMATRIX@@@Z 100026f0 f i Dlg_lmat.obj
 0001:00001720       ?SetpComposedM@CDrObject@@QAEXPAUMATRIX@@@Z 10002720 f i Dlg_lmat.obj
 0001:00001750       ?GetLevelType@CDrObject@@QAEHXZ 10002750 f i Dlg_lmat.obj
 0001:00001770       ?SetLevelType@CDrObject@@QAEXH@Z 10002770 f i Dlg_lmat.obj
 0001:000017a0       ?GetObjectID@CDrObject@@QAE?AVCString@@XZ 100027a0 f i Dlg_lmat.obj
 0001:000017e0       ?SetObjectID@CDrObject@@QAEXVCString@@@Z 100027e0 f i Dlg_lmat.obj
 0001:00001840       ?GetObjectNo@CDrObject@@QAEJXZ 10002840 f i Dlg_lmat.obj
 0001:00001860       ?SetObjectNo@CDrObject@@QAEXJ@Z 10002860 f i Dlg_lmat.obj
 0001:00001890       ?GetObjectType@CDrObject@@QAEHXZ 10002890 f i Dlg_lmat.obj
 0001:000018b0       ?SetObjectType@CDrObject@@QAEXH@Z 100028b0 f i Dlg_lmat.obj
 0001:000018e0       ?GetElemType@CDrObject@@QAEHXZ 100028e0 f i Dlg_lmat.obj
 0001:00001900       ?SetElemType@CDrObject@@QAEXH@Z 10002900 f i Dlg_lmat.obj
 0001:00001930       ?GetPenInfo@CDrObject@@QAEXAAIAAK0@Z 10002930 f i Dlg_lmat.obj
 0001:00001970       ?SetPenInfo@CDrObject@@QAEXIKI@Z 10002970 f i Dlg_lmat.obj
 0001:000019b0       ?GetPenInfoHi@CDrObject@@QAEXAAIAAK0@Z 100029b0 f i Dlg_lmat.obj
 0001:000019f0       ?SetPenInfoHi@CDrObject@@QAEXIKI@Z 100029f0 f i Dlg_lmat.obj
 0001:00001a30       ?GetLayer@CDrObject@@QAEIXZ 10002a30 f i Dlg_lmat.obj
 0001:00001a50       ?SetLayer@CDrObject@@QAEXI@Z 10002a50 f i Dlg_lmat.obj
 0001:00001a80       ?IsClipped@CDrObject@@QAEHXZ 10002a80 f i Dlg_lmat.obj
 0001:00001aa0       ?SetClipped@CDrObject@@QAEXH@Z 10002aa0 f i Dlg_lmat.obj
 0001:00001ad0       ?IsVirtual@CDrObject@@QAEHXZ 10002ad0 f i Dlg_lmat.obj
 0001:00001af0       ?SetVirtual@CDrObject@@QAEXH@Z 10002af0 f i Dlg_lmat.obj
 0001:00001b10       ?IsShow@CDrObject@@QAEHXZ  10002b10 f i Dlg_lmat.obj
 0001:00001b30       ?SetShow@CDrObject@@QAEXH@Z 10002b30 f i Dlg_lmat.obj
 0001:00001b60       ?GetParentID@CDrObject@@QAEAAVCString@@XZ 10002b60 f i Dlg_lmat.obj
 0001:00001b80       ?SetParentID@CDrObject@@QAEXAAVCString@@@Z 10002b80 f i Dlg_lmat.obj
 0001:00001bb0       ?GetParentType@CDrObject@@QAEIXZ 10002bb0 f i Dlg_lmat.obj
 0001:00001bd0       ?SetParentType@CDrObject@@QAEXI@Z 10002bd0 f i Dlg_lmat.obj
 0001:00001bf0       ?IsInstanced@CDrObject@@QAEHXZ 10002bf0 f i Dlg_lmat.obj
 0001:00001c10       ?SetInstanced@CDrObject@@QAEXH@Z 10002c10 f i Dlg_lmat.obj
 0001:00001c30       ?GetMatObj@CDrObject@@QAEPAVCMatObj@@XZ 10002c30 f i Dlg_lmat.obj
 0001:00001c50       ?SetMatObj@CDrObject@@QAEXPAVCMatObj@@@Z 10002c50 f i Dlg_lmat.obj
 0001:00001c70       ?GetSpeLList@CDrObject@@QAEPAVCDListMgr@@XZ 10002c70 f i Dlg_lmat.obj
 0001:00001c90       ?GetDynLList@CDrObject@@QAEPAVCDListMgr@@XZ 10002c90 f i Dlg_lmat.obj
 0001:00001cb0       ?GetStaLList@CDrObject@@QAEPAVCDListMgr@@XZ 10002cb0 f i Dlg_lmat.obj
 0001:00001cd0       ?GetSuppList@CDrObject@@QAEPAVCDListMgr@@XZ 10002cd0 f i Dlg_lmat.obj
 0001:00001cf0       ?GetElemList@CDrObject@@QAEPAVCDListMgr@@XZ 10002cf0 f i Dlg_lmat.obj
 0001:00001d10       ?GetCurveList@CDrObject@@QAEPAVCDListMgr@@XZ 10002d10 f i Dlg_lmat.obj
 0001:00001d30       ?GetCProfList@CDrObject@@QAEPAVCDListMgr@@XZ 10002d30 f i Dlg_lmat.obj
 0001:00001d50       ?GetPatchList@CDrObject@@QAEPAVCDListMgr@@XZ 10002d50 f i Dlg_lmat.obj
 0001:00001d70       ?GetSolidList@CDrObject@@QAEPAVCDListMgr@@XZ 10002d70 f i Dlg_lmat.obj
 0001:00001d90       ?GetObj3DList@CDrObject@@QAEPAVCDListMgr@@XZ 10002d90 f i Dlg_lmat.obj
 0001:00001db0       ?GetCNodeList@CDrObject@@QAEPAVCDListMgr@@XZ 10002db0 f i Dlg_lmat.obj
 0001:00001dd0       ?GetINodeList@CDrObject@@QAEPAVCDListMgr@@XZ 10002dd0 f i Dlg_lmat.obj
 0001:00001df0       ?GetNodeList@CDrObject@@QAEPAVCDListMgr@@XZ 10002df0 f i Dlg_lmat.obj
 0001:00001e10       ?GetLabelList@CDrObject@@QAEPAVCDListMgr@@XZ 10002e10 f i Dlg_lmat.obj
 0001:00001e30       ?GetFE0DList@CDrObject@@QAEPAVCDListMgr@@XZ 10002e30 f i Dlg_lmat.obj
 0001:00001e50       ?GetFE1DList@CDrObject@@QAEPAVCDListMgr@@XZ 10002e50 f i Dlg_lmat.obj
 0001:00001e70       ?GetFE2DList@CDrObject@@QAEPAVCDListMgr@@XZ 10002e70 f i Dlg_lmat.obj
 0001:00001e90       ?GetFE3DList@CDrObject@@QAEPAVCDListMgr@@XZ 10002e90 f i Dlg_lmat.obj
 0001:00001eb0       ?GetMs0List@CDrObject@@QAEPAVCDListMgr@@XZ 10002eb0 f i Dlg_lmat.obj
 0001:00001ed0       ?GetMs1List@CDrObject@@QAEPAVCDListMgr@@XZ 10002ed0 f i Dlg_lmat.obj
 0001:00001ef0       ?GetMs2List@CDrObject@@QAEPAVCDListMgr@@XZ 10002ef0 f i Dlg_lmat.obj
 0001:00001f10       ?GetMs3List@CDrObject@@QAEPAVCDListMgr@@XZ 10002f10 f i Dlg_lmat.obj
 0001:00001f30       ?GetMbj3DList@CDrObject@@QAEPAVCDListMgr@@XZ 10002f30 f i Dlg_lmat.obj
 0001:00001f50       ?GetM2DProfList@CDrObject@@QAEPAVCDListMgr@@XZ 10002f50 f i Dlg_lmat.obj
 0001:00001f70       ?GetM3DProfList@CDrObject@@QAEPAVCDListMgr@@XZ 10002f70 f i Dlg_lmat.obj
 0001:00001f90       ?GetMbjProfList@CDrObject@@QAEPAVCDListMgr@@XZ 10002f90 f i Dlg_lmat.obj
 0001:00001fb0       ?GetScreen2DCorner@CDrObject@@UAE?AUtagPOINT@@H@Z 10002fb0 f i Dlg_lmat.obj
 0001:00001ff0       ?SetScreen2DCorner@CDrObject@@UAEXUtagPOINT@@H@Z 10002ff0 f i Dlg_lmat.obj
 0001:00002020       ?GetSpawnType@CDrObject@@QAE?AW4SPAWNTYPE@@XZ 10003020 f i Dlg_lmat.obj
 0001:00002040       ?SetSpawnType@CDrObject@@QAEXW4SPAWNTYPE@@@Z 10003040 f i Dlg_lmat.obj
 0001:00002060       ?GetCategory@CDrObject@@QAE?AW4CATEGORY@@XZ 10003060 f i Dlg_lmat.obj
 0001:00002080       ?SetCategory@CDrObject@@QAEXW4CATEGORY@@@Z 10003080 f i Dlg_lmat.obj
 0001:000020a0       ?GetSubCat@CDrObject@@QAE?AW4SUBCAT@@XZ 100030a0 f i Dlg_lmat.obj
 0001:000020c0       ?SetSubCat@CDrObject@@QAEXW4SUBCAT@@@Z 100030c0 f i Dlg_lmat.obj
 0001:000020e0       ?GetElemDimLim@CDrObject@@QAE?AW4ELEMDIMLIM@@XZ 100030e0 f i Dlg_lmat.obj
 0001:00002100       ?SetElemDimLim@CDrObject@@QAEXW4ELEMDIMLIM@@@Z 10003100 f i Dlg_lmat.obj
 0001:00002120       ?IsDirty@CDrObject@@QAEHXZ 10003120 f i Dlg_lmat.obj
 0001:00002150       ?SetDirty@CDrObject@@QAEXH@Z 10003150 f i Dlg_lmat.obj
 0001:00002180       ?IsMoved@CDrObject@@QAEHXZ 10003180 f i Dlg_lmat.obj
 0001:000021a0       ?SetMoved@CDrObject@@QAEXH@Z 100031a0 f i Dlg_lmat.obj
 0001:000021d0       ?IsEdited@CDrObject@@QAEHXZ 100031d0 f i Dlg_lmat.obj
 0001:000021f0       ?SetEdited@CDrObject@@QAEXH@Z 100031f0 f i Dlg_lmat.obj
 0001:00002220       ?IsPosted@CDrObject@@QAEHXZ 10003220 f i Dlg_lmat.obj
 0001:00002240       ?SetPosted@CDrObject@@QAEXH@Z 10003240 f i Dlg_lmat.obj
 0001:00002270       ?IsDeleted@CDrObject@@QAEHXZ 10003270 f i Dlg_lmat.obj
 0001:00002290       ?SetDeleted@CDrObject@@QAEXH@Z 10003290 f i Dlg_lmat.obj
 0001:000022c0       ?IsToBeMoved@CDrObject@@QAEHXZ 100032c0 f i Dlg_lmat.obj
 0001:000022e0       ?SetToBeMoved@CDrObject@@QAEXH@Z 100032e0 f i Dlg_lmat.obj
 0001:00002300       ?IsToBeEdited@CDrObject@@QAEHXZ 10003300 f i Dlg_lmat.obj
 0001:00002320       ?SetToBeEdited@CDrObject@@QAEXH@Z 10003320 f i Dlg_lmat.obj
 0001:00002340       ?IsToBePosted@CDrObject@@QAEHXZ 10003340 f i Dlg_lmat.obj
 0001:00002360       ?SetToBePosted@CDrObject@@QAEXH@Z 10003360 f i Dlg_lmat.obj
 0001:00002380       ?IsToBeUnPosted@CDrObject@@QAEHXZ 10003380 f i Dlg_lmat.obj
 0001:000023a0       ?SetToBeUnPosted@CDrObject@@QAEXH@Z 100033a0 f i Dlg_lmat.obj
 0001:000023c0       ?IsToBeDeleted@CDrObject@@QAEHXZ 100033c0 f i Dlg_lmat.obj
 0001:000023e0       ?SetToBeDeleted@CDrObject@@QAEXH@Z 100033e0 f i Dlg_lmat.obj
 0001:00002400       ?IsFormatted@CDrObject@@QAEHXZ 10003400 f i Dlg_lmat.obj
 0001:00002420       ?SetFormatted@CDrObject@@QAEXH@Z 10003420 f i Dlg_lmat.obj
 0001:00002440       ?GetObjectType@CBooleans@@UAEHXZ 10003440 f i Dlg_lmat.obj
 0001:00002460       ?SetObjectType@CBooleans@@UAEXH@Z 10003460 f i Dlg_lmat.obj
 0001:00002490       ?GetElemType@CBooleans@@UAEHXZ 10003490 f i Dlg_lmat.obj
 0001:000024b0       ?SetElemType@CBooleans@@UAEXH@Z 100034b0 f i Dlg_lmat.obj
 0001:000024e0       ?GetObjectNo@CBooleans@@UAEJXZ 100034e0 f i Dlg_lmat.obj
 0001:00002500       ?SetObjectNo@CBooleans@@UAEXJ@Z 10003500 f i Dlg_lmat.obj
 0001:00002530       ?IsSoundOn@CBooleans@@UAEHXZ 10003530 f i Dlg_lmat.obj
 0001:00002550       ?ToggleSoundOn@CBooleans@@UAEXXZ 10003550 f i Dlg_lmat.obj
 0001:00002580       ?IsCoonSocksOff@CBooleans@@UAEHXZ 10003580 f i Dlg_lmat.obj
 0001:000025a0       ?ToggleCoonSocksOff@CBooleans@@UAEXXZ 100035a0 f i Dlg_lmat.obj
 0001:000025d0       ?IsSnapOn@CBooleans@@UAEHXZ 100035d0 f i Dlg_lmat.obj
 0001:000025f0       ?ToggleSnapOn@CBooleans@@UAEXXZ 100035f0 f i Dlg_lmat.obj
 0001:00002620       ?IsHorSnapOn@CBooleans@@UAEHXZ 10003620 f i Dlg_lmat.obj
 0001:00002640       ?ToggleHorSnapOn@CBooleans@@UAEXXZ 10003640 f i Dlg_lmat.obj
 0001:00002670       ?IsVerSnapOn@CBooleans@@UAEHXZ 10003670 f i Dlg_lmat.obj
 0001:00002690       ?ToggleVerSnapOn@CBooleans@@UAEXXZ 10003690 f i Dlg_lmat.obj
 0001:000026c0       ?IsSpawnOn@CBooleans@@UAEHXZ 100036c0 f i Dlg_lmat.obj
 0001:000026e0       ?ToggleSpawnOn@CBooleans@@UAEXXZ 100036e0 f i Dlg_lmat.obj
 0001:00002710       ?IsBLineOn@CBooleans@@UAEHXZ 10003710 f i Dlg_lmat.obj
 0001:00002730       ?ToggleBLineOn@CBooleans@@UAEXXZ 10003730 f i Dlg_lmat.obj
 0001:00002760       ?IsSingleSegOn@CBooleans@@UAEHXZ 10003760 f i Dlg_lmat.obj
 0001:00002780       ?ToggleSingleSegOn@CBooleans@@UAEXXZ 10003780 f i Dlg_lmat.obj
 0001:000027b0       ?IsAutoAcceptOn@CBooleans@@UAEHXZ 100037b0 f i Dlg_lmat.obj
 0001:000027d0       ?ToggleAutoAcceptOn@CBooleans@@UAEXXZ 100037d0 f i Dlg_lmat.obj
 0001:00002800       ?IsDialogOn@CBooleans@@UAEHXZ 10003800 f i Dlg_lmat.obj
 0001:00002820       ?ToggleDialogOn@CBooleans@@UAEXXZ 10003820 f i Dlg_lmat.obj
 0001:00002850       ?IsElementOn@CBooleans@@UAEHXZ 10003850 f i Dlg_lmat.obj
 0001:00002870       ?ToggleElementOn@CBooleans@@UAEXXZ 10003870 f i Dlg_lmat.obj
 0001:000028a0       ?IsDragOn@CBooleans@@UAEHXZ 100038a0 f i Dlg_lmat.obj
 0001:000028c0       ?ToggleDragOn@CBooleans@@UAEXXZ 100038c0 f i Dlg_lmat.obj
 0001:000028f0       ?IsRefreshOn@CBooleans@@UAEHXZ 100038f0 f i Dlg_lmat.obj
 0001:00002910       ?ToggleRefreshOn@CBooleans@@UAEXXZ 10003910 f i Dlg_lmat.obj
 0001:00002940       ?IsRubberBandOn@CBooleans@@UAEHXZ 10003940 f i Dlg_lmat.obj
 0001:00002960       ?ToggleRubberBandOn@CBooleans@@UAEXXZ 10003960 f i Dlg_lmat.obj
 0001:00002990       ?IsStViewActive@CBooleans@@UAEHXZ 10003990 f i Dlg_lmat.obj
 0001:000029b0       ?ToggleStViewActive@CBooleans@@UAEXXZ 100039b0 f i Dlg_lmat.obj
 0001:000029e0       ?IsSpViewActive@CBooleans@@UAEHXZ 100039e0 f i Dlg_lmat.obj
 0001:00002a00       ?ToggleSpViewActive@CBooleans@@UAEXXZ 10003a00 f i Dlg_lmat.obj
 0001:00002a30       ?IsHsViewActive@CBooleans@@UAEHXZ 10003a30 f i Dlg_lmat.obj
 0001:00002a50       ?ToggleHsViewActive@CBooleans@@UAEXXZ 10003a50 f i Dlg_lmat.obj
 0001:00002a80       ?Is12ViewActive@CBooleans@@UAEHXZ 10003a80 f i Dlg_lmat.obj
 0001:00002aa0       ?Toggle12ViewActive@CBooleans@@UAEXXZ 10003aa0 f i Dlg_lmat.obj
 0001:00002ad0       ?Is23ViewActive@CBooleans@@UAEHXZ 10003ad0 f i Dlg_lmat.obj
 0001:00002af0       ?Toggle23ViewActive@CBooleans@@UAEXXZ 10003af0 f i Dlg_lmat.obj
 0001:00002b20       ?Is31ViewActive@CBooleans@@UAEHXZ 10003b20 f i Dlg_lmat.obj
 0001:00002b40       ?Toggle31ViewActive@CBooleans@@UAEXXZ 10003b40 f i Dlg_lmat.obj
 0001:00002b70       ?IsIsoViewActive@CBooleans@@UAEHXZ 10003b70 f i Dlg_lmat.obj
 0001:00002b90       ?ToggleIsoViewActive@CBooleans@@UAEXXZ 10003b90 f i Dlg_lmat.obj
 0001:00002bc0       ?IsDataViewActive@CBooleans@@UAEHXZ 10003bc0 f i Dlg_lmat.obj
 0001:00002be0       ?ToggleDataViewActive@CBooleans@@UAEXXZ 10003be0 f i Dlg_lmat.obj
 0001:00002c10       ?IsMeshDataViewActive@CBooleans@@UAEHXZ 10003c10 f i Dlg_lmat.obj
 0001:00002c30       ?ToggleMeshDataViewActive@CBooleans@@UAEXXZ 10003c30 f i Dlg_lmat.obj
 0001:00002c60       ?IsDeckViewActive@CBooleans@@UAEHXZ 10003c60 f i Dlg_lmat.obj
 0001:00002c80       ?ToggleDeckViewActive@CBooleans@@UAEXXZ 10003c80 f i Dlg_lmat.obj
 0001:00002cb0       ?IsFormDataViewActive@CBooleans@@UAEHXZ 10003cb0 f i Dlg_lmat.obj
 0001:00002cd0       ?ToggleFormDataViewActive@CBooleans@@UAEXXZ 10003cd0 f i Dlg_lmat.obj
 0001:00002d00       ?IsInputMode@CBooleans@@UAEHXZ 10003d00 f i Dlg_lmat.obj
 0001:00002d20       ?SetInputMode@CBooleans@@UAEXH@Z 10003d20 f i Dlg_lmat.obj
 0001:00002d50       ?IsOutputMode@CBooleans@@UAEHXZ 10003d50 f i Dlg_lmat.obj
 0001:00002d70       ?SetOutputMode@CBooleans@@UAEXH@Z 10003d70 f i Dlg_lmat.obj
 0001:00002da0       ??1CBooleans@@UAE@XZ       10003da0 f i Dlg_lmat.obj
 0001:00002dd0       ??_GCBooleans@@UAEPAXI@Z   10003dd0 f i Dlg_lmat.obj
 0001:00002e10       ??_ECBooleans@@UAEPAXI@Z   10003e10 f i Dlg_lmat.obj
 0001:00002e90       ?GetObjectType@CDataWindow@@UAEHXZ 10003e90 f i Dlg_lmat.obj
 0001:00002eb0       ?SetObjectType@CDataWindow@@UAEXH@Z 10003eb0 f i Dlg_lmat.obj
 0001:00002ee0       ?GetElemType@CDataWindow@@UAEHXZ 10003ee0 f i Dlg_lmat.obj
 0001:00002f00       ?SetElemType@CDataWindow@@UAEXH@Z 10003f00 f i Dlg_lmat.obj
 0001:00002f30       ?GetObjectNo@CDataWindow@@UAEJXZ 10003f30 f i Dlg_lmat.obj
 0001:00002f50       ?SetObjectNo@CDataWindow@@UAEXJ@Z 10003f50 f i Dlg_lmat.obj
 0001:00002f80       ?GetWinOrgWIC@CDataWindow@@UAE?AULPOINT3@@XZ 10003f80 f i Dlg_lmat.obj
 0001:00002fc0       ?GetWinMinWIC@CDataWindow@@UAE?AULPOINT3@@XZ 10003fc0 f i Dlg_lmat.obj
 0001:00003000       ?GetWinMaxWIC@CDataWindow@@UAE?AULPOINT3@@XZ 10004000 f i Dlg_lmat.obj
 0001:00003040       ?GetWinExtWIC@CDataWindow@@UAE?AULPOINT3@@XZ 10004040 f i Dlg_lmat.obj
 0001:00003080       ??1CDataWindow@@UAE@XZ     10004080 f i Dlg_lmat.obj
 0001:000030b0       ??_GCDataWindow@@UAEPAXI@Z 100040b0 f i Dlg_lmat.obj
 0001:000030f0       ??_ECDataWindow@@UAEPAXI@Z 100040f0 f i Dlg_lmat.obj
 0001:00003170       ?GetObjectType@CDrFont@@UAEHXZ 10004170 f i Dlg_lmat.obj
 0001:00003190       ?SetObjectType@CDrFont@@UAEXH@Z 10004190 f i Dlg_lmat.obj
 0001:000031c0       ?GetElemType@CDrFont@@UAEHXZ 100041c0 f i Dlg_lmat.obj
 0001:000031e0       ?SetElemType@CDrFont@@UAEXH@Z 100041e0 f i Dlg_lmat.obj
 0001:00003210       ?GetObjectNo@CDrFont@@UAEJXZ 10004210 f i Dlg_lmat.obj
 0001:00003230       ?SetObjectNo@CDrFont@@UAEXJ@Z 10004230 f i Dlg_lmat.obj
 0001:00003260       ?IsFontSelected@CDrFont@@UAEHXZ 10004260 f i Dlg_lmat.obj
 0001:00003280       ?GetTextColor@CDrFont@@UAEKXZ 10004280 f i Dlg_lmat.obj
 0001:000032a0       ?SetTextColor@CDrFont@@UAEXK@Z 100042a0 f i Dlg_lmat.obj
 0001:000032d0       ?GetCurrentLogFont@CDrFont@@UAE?AUtagLOGFONTA@@XZ 100042d0 f i Dlg_lmat.obj
 0001:00003300       ?SetCurrentLogFont@CDrFont@@UAEXUtagLOGFONTA@@@Z 10004300 f i Dlg_lmat.obj
 0001:00003330       ??1CDrFont@@UAE@XZ         10004330 f i Dlg_lmat.obj
 0001:00003360       ??_GCDrFont@@UAEPAXI@Z     10004360 f i Dlg_lmat.obj
 0001:000033a0       ??_ECDrFont@@UAEPAXI@Z     100043a0 f i Dlg_lmat.obj
 0001:00003420       ?GetObjectType@CDrPen@@UAEHXZ 10004420 f i Dlg_lmat.obj
 0001:00003440       ?SetObjectType@CDrPen@@UAEXH@Z 10004440 f i Dlg_lmat.obj
 0001:00003470       ?GetElemType@CDrPen@@UAEHXZ 10004470 f i Dlg_lmat.obj
 0001:00003490       ?SetElemType@CDrPen@@UAEXH@Z 10004490 f i Dlg_lmat.obj
 0001:000034c0       ?GetObjectNo@CDrPen@@UAEJXZ 100044c0 f i Dlg_lmat.obj
 0001:000034e0       ?SetObjectNo@CDrPen@@UAEXJ@Z 100044e0 f i Dlg_lmat.obj
 0001:00003510       ?GetCurrentPen@CDrPen@@UAEPAVCPen@@XZ 10004510 f i Dlg_lmat.obj
 0001:00003530       ?GetStyle@CDrPen@@UAEHXZ   10004530 f i Dlg_lmat.obj
 0001:00003550       ?SetStyle@CDrPen@@UAEXH@Z  10004550 f i Dlg_lmat.obj
 0001:00003580       ?GetStyleOld@CDrPen@@UAEHXZ 10004580 f i Dlg_lmat.obj
 0001:000035a0       ?SetStyleOld@CDrPen@@UAEXH@Z 100045a0 f i Dlg_lmat.obj
 0001:000035d0       ?GetStyleDefault@CDrPen@@UAEHXZ 100045d0 f i Dlg_lmat.obj
 0001:000035f0       ?SetStyleDefault@CDrPen@@UAEXH@Z 100045f0 f i Dlg_lmat.obj
 0001:00003620       ?GetWidth@CDrPen@@UAEHXZ   10004620 f i Dlg_lmat.obj
 0001:00003640       ?SetWidth@CDrPen@@UAEXH@Z  10004640 f i Dlg_lmat.obj
 0001:00003670       ?GetWidthOld@CDrPen@@UAEHXZ 10004670 f i Dlg_lmat.obj
 0001:00003690       ?SetWidthOld@CDrPen@@UAEXH@Z 10004690 f i Dlg_lmat.obj
 0001:000036c0       ?GetWidthDefault@CDrPen@@UAEHXZ 100046c0 f i Dlg_lmat.obj
 0001:000036e0       ?SetWidthDefault@CDrPen@@UAEXH@Z 100046e0 f i Dlg_lmat.obj
 0001:00003710       ?GetColor@CDrPen@@UAEKXZ   10004710 f i Dlg_lmat.obj
 0001:00003730       ?SetColor@CDrPen@@UAEXK@Z  10004730 f i Dlg_lmat.obj
 0001:00003760       ?GetColorOld@CDrPen@@UAEKXZ 10004760 f i Dlg_lmat.obj
 0001:00003780       ?SetColorOld@CDrPen@@UAEXK@Z 10004780 f i Dlg_lmat.obj
 0001:000037b0       ?GetColorDefault@CDrPen@@UAEKXZ 100047b0 f i Dlg_lmat.obj
 0001:000037d0       ?SetColorDefault@CDrPen@@UAEXK@Z 100047d0 f i Dlg_lmat.obj
 0001:00003800       ?GetIndex@CDrPen@@UAEIXZ   10004800 f i Dlg_lmat.obj
 0001:00003820       ?SetIndex@CDrPen@@UAEXI@Z  10004820 f i Dlg_lmat.obj
 0001:00003850       ?GetIndexOld@CDrPen@@UAEIXZ 10004850 f i Dlg_lmat.obj
 0001:00003870       ?SetIndexOld@CDrPen@@UAEXI@Z 10004870 f i Dlg_lmat.obj
 0001:000038a0       ?GetIndexDefault@CDrPen@@UAEIXZ 100048a0 f i Dlg_lmat.obj
 0001:000038c0       ?SetIndexDefault@CDrPen@@UAEXI@Z 100048c0 f i Dlg_lmat.obj
 0001:000038f0       ?GetStyleNameCount@CDrPen@@UAEIXZ 100048f0 f i Dlg_lmat.obj
 0001:00003910       ?SetStyleNameCount@CDrPen@@UAEXI@Z 10004910 f i Dlg_lmat.obj
 0001:00003940       ?GetStyleName@CDrPen@@UAE?AVCString@@I@Z 10004940 f i Dlg_lmat.obj
 0001:00003980       ?GetStyleConstant@CDrPen@@UAEII@Z 10004980 f i Dlg_lmat.obj
 0001:000039b0       ??1CDrPen@@UAE@XZ          100049b0 f i Dlg_lmat.obj
 0001:00003a30       ??_GCDrPen@@UAEPAXI@Z      10004a30 f i Dlg_lmat.obj
 0001:00003a70       ??_ECDrPen@@UAEPAXI@Z      10004a70 f i Dlg_lmat.obj
 0001:00003af0       ?GetObjectType@CHitNet@@UAEHXZ 10004af0 f i Dlg_lmat.obj
 0001:00003b10       ?SetObjectType@CHitNet@@UAEXH@Z 10004b10 f i Dlg_lmat.obj
 0001:00003b40       ?GetElemType@CHitNet@@UAEHXZ 10004b40 f i Dlg_lmat.obj
 0001:00003b60       ?SetElemType@CHitNet@@UAEXH@Z 10004b60 f i Dlg_lmat.obj
 0001:00003b90       ?GetObjectNo@CHitNet@@UAEJXZ 10004b90 f i Dlg_lmat.obj
 0001:00003bb0       ?SetObjectNo@CHitNet@@UAEXJ@Z 10004bb0 f i Dlg_lmat.obj
 0001:00003be0       ?GetSearchNet@CHitNet@@QAEHXZ 10004be0 f i Dlg_lmat.obj
 0001:00003c00       ?SetSearchNet@CHitNet@@QAEXH@Z 10004c00 f i Dlg_lmat.obj
 0001:00003c30       ?GetSearchNetOld@CHitNet@@QAEHXZ 10004c30 f i Dlg_lmat.obj
 0001:00003c50       ?SetSearchNetOld@CHitNet@@QAEXH@Z 10004c50 f i Dlg_lmat.obj
 0001:00003c80       ?GetSearchNetDefault@CHitNet@@QAEHXZ 10004c80 f i Dlg_lmat.obj
 0001:00003ca0       ?SetSearchNetDefault@CHitNet@@QAEXH@Z 10004ca0 f i Dlg_lmat.obj
 0001:00003cd0       ?GetSearchDet@CHitNet@@QAENXZ 10004cd0 f i Dlg_lmat.obj
 0001:00003cf0       ?SetSearchDet@CHitNet@@QAEXN@Z 10004cf0 f i Dlg_lmat.obj
 0001:00003d20       ?GetSearchDetOld@CHitNet@@QAENXZ 10004d20 f i Dlg_lmat.obj
 0001:00003d40       ?SetSearchDetOld@CHitNet@@QAEXN@Z 10004d40 f i Dlg_lmat.obj
 0001:00003d70       ?GetSearchDetDefault@CHitNet@@QAENXZ 10004d70 f i Dlg_lmat.obj
 0001:00003d90       ?SetSearchDetDefault@CHitNet@@QAEXN@Z 10004d90 f i Dlg_lmat.obj
 0001:00003dc0       ?GetDblRatio@CHitNet@@QAENXZ 10004dc0 f i Dlg_lmat.obj
 0001:00003de0       ?SetDblRatio@CHitNet@@QAEXN@Z 10004de0 f i Dlg_lmat.obj
 0001:00003e10       ?GetDblRatioOld@CHitNet@@QAENXZ 10004e10 f i Dlg_lmat.obj
 0001:00003e30       ?SetDblRatioOld@CHitNet@@QAEXN@Z 10004e30 f i Dlg_lmat.obj
 0001:00003e60       ?GetDblRatioDefault@CHitNet@@QAENXZ 10004e60 f i Dlg_lmat.obj
 0001:00003e80       ?SetDblRatioDefault@CHitNet@@QAEXN@Z 10004e80 f i Dlg_lmat.obj
 0001:00003eb0       ?GetCoLinear@CHitNet@@QAENXZ 10004eb0 f i Dlg_lmat.obj
 0001:00003ed0       ?SetCoLinear@CHitNet@@QAEXN@Z 10004ed0 f i Dlg_lmat.obj
 0001:00003f00       ?GetCoLinearOld@CHitNet@@QAENXZ 10004f00 f i Dlg_lmat.obj
 0001:00003f20       ?SetCoLinearOld@CHitNet@@QAEXN@Z 10004f20 f i Dlg_lmat.obj
 0001:00003f50       ?GetCoLinearDefault@CHitNet@@QAENXZ 10004f50 f i Dlg_lmat.obj
 0001:00003f70       ?SetCoLinearDefault@CHitNet@@QAEXN@Z 10004f70 f i Dlg_lmat.obj
 0001:00003fa0       ?GetCoPlanar@CHitNet@@QAENXZ 10004fa0 f i Dlg_lmat.obj
 0001:00003fc0       ?SetCoPlanar@CHitNet@@QAEXN@Z 10004fc0 f i Dlg_lmat.obj
 0001:00003ff0       ?GetCoPlanarOld@CHitNet@@QAENXZ 10004ff0 f i Dlg_lmat.obj
 0001:00004010       ?SetCoPlanarOld@CHitNet@@QAEXN@Z 10005010 f i Dlg_lmat.obj
 0001:00004040       ?GetCoPlanarDefault@CHitNet@@QAENXZ 10005040 f i Dlg_lmat.obj
 0001:00004060       ?SetCoPlanarDefault@CHitNet@@QAEXN@Z 10005060 f i Dlg_lmat.obj
 0001:00004090       ?GetMergeNode_X@CHitNet@@QAENXZ 10005090 f i Dlg_lmat.obj
 0001:000040b0       ?SetMergeNode_X@CHitNet@@QAEXN@Z 100050b0 f i Dlg_lmat.obj
 0001:000040e0       ?GetMergeNode_XOld@CHitNet@@QAENXZ 100050e0 f i Dlg_lmat.obj
 0001:00004100       ?SetMergeNode_XOld@CHitNet@@QAEXN@Z 10005100 f i Dlg_lmat.obj
 0001:00004130       ?GetMergeNode_XDefault@CHitNet@@QAENXZ 10005130 f i Dlg_lmat.obj
 0001:00004150       ?SetMergeNode_XDefault@CHitNet@@QAEXN@Z 10005150 f i Dlg_lmat.obj
 0001:00004180       ?GetMergeNode_Y@CHitNet@@QAENXZ 10005180 f i Dlg_lmat.obj
 0001:000041a0       ?SetMergeNode_Y@CHitNet@@QAEXN@Z 100051a0 f i Dlg_lmat.obj
 0001:000041d0       ?GetMergeNode_YOld@CHitNet@@QAENXZ 100051d0 f i Dlg_lmat.obj
 0001:000041f0       ?SetMergeNode_YOld@CHitNet@@QAEXN@Z 100051f0 f i Dlg_lmat.obj
 0001:00004220       ?GetMergeNode_YDefault@CHitNet@@QAENXZ 10005220 f i Dlg_lmat.obj
 0001:00004240       ?SetMergeNode_YDefault@CHitNet@@QAEXN@Z 10005240 f i Dlg_lmat.obj
 0001:00004270       ?GetMergeNode_Z@CHitNet@@QAENXZ 10005270 f i Dlg_lmat.obj
 0001:00004290       ?SetMergeNode_Z@CHitNet@@QAEXN@Z 10005290 f i Dlg_lmat.obj
 0001:000042c0       ?GetMergeNode_ZOld@CHitNet@@QAENXZ 100052c0 f i Dlg_lmat.obj
 0001:000042e0       ?SetMergeNode_ZOld@CHitNet@@QAEXN@Z 100052e0 f i Dlg_lmat.obj
 0001:00004310       ?GetMergeNode_ZDefault@CHitNet@@QAENXZ 10005310 f i Dlg_lmat.obj
 0001:00004330       ?SetMergeNode_ZDefault@CHitNet@@QAEXN@Z 10005330 f i Dlg_lmat.obj
 0001:00004360       ??1CHitNet@@UAE@XZ         10005360 f i Dlg_lmat.obj
 0001:00004390       ??_GCHitNet@@UAEPAXI@Z     10005390 f i Dlg_lmat.obj
 0001:000043d0       ??_ECHitNet@@UAEPAXI@Z     100053d0 f i Dlg_lmat.obj
 0001:00004450       ?GetObjectType@CLayer@@UAEHXZ 10005450 f i Dlg_lmat.obj
 0001:00004470       ?SetObjectType@CLayer@@UAEXH@Z 10005470 f i Dlg_lmat.obj
 0001:000044a0       ?GetElemType@CLayer@@UAEHXZ 100054a0 f i Dlg_lmat.obj
 0001:000044c0       ?SetElemType@CLayer@@UAEXH@Z 100054c0 f i Dlg_lmat.obj
 0001:000044f0       ?GetObjectNo@CLayer@@UAEJXZ 100054f0 f i Dlg_lmat.obj
 0001:00004510       ?SetObjectNo@CLayer@@UAEXJ@Z 10005510 f i Dlg_lmat.obj
 0001:00004540       ?GetCurrentLayer@CLayer@@UAEIXZ 10005540 f i Dlg_lmat.obj
 0001:00004560       ?SetCurrentLayer@CLayer@@UAEXI@Z 10005560 f i Dlg_lmat.obj
 0001:00004590       ?GetCurrentLayerOld@CLayer@@UAEIXZ 10005590 f i Dlg_lmat.obj
 0001:000045b0       ?SetCurrentLayerOld@CLayer@@UAEXI@Z 100055b0 f i Dlg_lmat.obj
 0001:000045e0       ?GetCurrentLayerDefault@CLayer@@UAEIXZ 100055e0 f i Dlg_lmat.obj
 0001:00004600       ?SetCurrentLayerDefault@CLayer@@UAEXI@Z 10005600 f i Dlg_lmat.obj
 0001:00004630       ??1CLayer@@UAE@XZ          10005630 f i Dlg_lmat.obj
 0001:00004660       ??_GCLayer@@UAEPAXI@Z      10005660 f i Dlg_lmat.obj
 0001:000046a0       ??_ECLayer@@UAEPAXI@Z      100056a0 f i Dlg_lmat.obj
 0001:00004720       ?GetObjectType@CPatchMnu@@UAEHXZ 10005720 f i Dlg_lmat.obj
 0001:00004740       ?SetObjectType@CPatchMnu@@UAEXH@Z 10005740 f i Dlg_lmat.obj
 0001:00004770       ?GetElemType@CPatchMnu@@UAEHXZ 10005770 f i Dlg_lmat.obj
 0001:00004790       ?SetElemType@CPatchMnu@@UAEXH@Z 10005790 f i Dlg_lmat.obj
 0001:000047c0       ?GetObjectNo@CPatchMnu@@UAEJXZ 100057c0 f i Dlg_lmat.obj
 0001:000047e0       ?SetObjectNo@CPatchMnu@@UAEXJ@Z 100057e0 f i Dlg_lmat.obj
 0001:00004810       ?GetCurrentPatchMnu@CPatchMnu@@UAEIXZ 10005810 f i Dlg_lmat.obj
 0001:00004830       ?SetCurrentPatchMnu@CPatchMnu@@UAEXI@Z 10005830 f i Dlg_lmat.obj
 0001:00004860       ?GetCurrentPatchMnuOld@CPatchMnu@@UAEIXZ 10005860 f i Dlg_lmat.obj
 0001:00004880       ?SetCurrentPatchMnuOld@CPatchMnu@@UAEXI@Z 10005880 f i Dlg_lmat.obj
 0001:000048b0       ?GetCurrentPatchMnuDefault@CPatchMnu@@UAEIXZ 100058b0 f i Dlg_lmat.obj
 0001:000048d0       ?SetCurrentPatchMnuDefault@CPatchMnu@@UAEXI@Z 100058d0 f i Dlg_lmat.obj
 0001:00004900       ?GetPatchMnuID@CPatchMnu@@UAE?AVCString@@I@Z 10005900 f i Dlg_lmat.obj
 0001:00004940       ?SetPatchMnuID@CPatchMnu@@UAEXVCString@@I@Z 10005940 f i Dlg_lmat.obj
 0001:000049a0       ?GetCurrentID@CPatchMnu@@UAE?AVCString@@XZ 100059a0 f i Dlg_lmat.obj
 0001:000049e0       ?SetCurrentID@CPatchMnu@@UAEXVCString@@@Z 100059e0 f i Dlg_lmat.obj
 0001:00004a40       ??1CPatchMnu@@UAE@XZ       10005a40 f i Dlg_lmat.obj
 0001:00004ad0       ??_GCPatchMnu@@UAEPAXI@Z   10005ad0 f i Dlg_lmat.obj
 0001:00004b10       ??_ECPatchMnu@@UAEPAXI@Z   10005b10 f i Dlg_lmat.obj
 0001:00004b90       ?GetObjectType@CObj3DMnu@@UAEHXZ 10005b90 f i Dlg_lmat.obj
 0001:00004bb0       ?SetObjectType@CObj3DMnu@@UAEXH@Z 10005bb0 f i Dlg_lmat.obj
 0001:00004be0       ?GetElemType@CObj3DMnu@@UAEHXZ 10005be0 f i Dlg_lmat.obj
 0001:00004c00       ?SetElemType@CObj3DMnu@@UAEXH@Z 10005c00 f i Dlg_lmat.obj
 0001:00004c30       ?GetObjectNo@CObj3DMnu@@UAEJXZ 10005c30 f i Dlg_lmat.obj
 0001:00004c50       ?SetObjectNo@CObj3DMnu@@UAEXJ@Z 10005c50 f i Dlg_lmat.obj
 0001:00004c80       ?GetCurrentObj3DMnu@CObj3DMnu@@UAEIXZ 10005c80 f i Dlg_lmat.obj
 0001:00004ca0       ?SetCurrentObj3DMnu@CObj3DMnu@@UAEXI@Z 10005ca0 f i Dlg_lmat.obj
 0001:00004cd0       ?GetCurrentObj3DMnuOld@CObj3DMnu@@UAEIXZ 10005cd0 f i Dlg_lmat.obj
 0001:00004cf0       ?SetCurrentObj3DMnuOld@CObj3DMnu@@UAEXI@Z 10005cf0 f i Dlg_lmat.obj
 0001:00004d20       ?GetCurrentObj3DMnuDefault@CObj3DMnu@@UAEIXZ 10005d20 f i Dlg_lmat.obj
 0001:00004d40       ?SetCurrentObj3DMnuDefault@CObj3DMnu@@UAEXI@Z 10005d40 f i Dlg_lmat.obj
 0001:00004d70       ?GetObj3DMnuID@CObj3DMnu@@UAE?AVCString@@I@Z 10005d70 f i Dlg_lmat.obj
 0001:00004db0       ?SetObj3DMnuID@CObj3DMnu@@UAEXVCString@@I@Z 10005db0 f i Dlg_lmat.obj
 0001:00004e10       ?GetCurrentID@CObj3DMnu@@UAE?AVCString@@XZ 10005e10 f i Dlg_lmat.obj
 0001:00004e50       ?SetCurrentID@CObj3DMnu@@UAEXVCString@@@Z 10005e50 f i Dlg_lmat.obj
 0001:00004eb0       ??1CObj3DMnu@@UAE@XZ       10005eb0 f i Dlg_lmat.obj
 0001:00004f40       ??_GCObj3DMnu@@UAEPAXI@Z   10005f40 f i Dlg_lmat.obj
 0001:00004f80       ??_ECObj3DMnu@@UAEPAXI@Z   10005f80 f i Dlg_lmat.obj
 0001:00005000       ?GetObjectType@CMapFactor@@UAEHXZ 10006000 f i Dlg_lmat.obj
 0001:00005020       ?SetObjectType@CMapFactor@@UAEXH@Z 10006020 f i Dlg_lmat.obj
 0001:00005050       ?GetElemType@CMapFactor@@UAEHXZ 10006050 f i Dlg_lmat.obj
 0001:00005070       ?SetElemType@CMapFactor@@UAEXH@Z 10006070 f i Dlg_lmat.obj
 0001:000050a0       ?GetObjectNo@CMapFactor@@UAEJXZ 100060a0 f i Dlg_lmat.obj
 0001:000050c0       ?SetObjectNo@CMapFactor@@UAEXJ@Z 100060c0 f i Dlg_lmat.obj
 0001:000050f0       ?GetMapFactor@CMapFactor@@UAENXZ 100060f0 f i Dlg_lmat.obj
 0001:00005110       ?SetMapFactor@CMapFactor@@UAEXN@Z 10006110 f i Dlg_lmat.obj
 0001:00005140       ?GetMapModeIndex@CMapFactor@@UAEHXZ 10006140 f i Dlg_lmat.obj
 0001:00005160       ?SetMapModeIndex@CMapFactor@@UAEXH@Z 10006160 f i Dlg_lmat.obj
 0001:00005190       ??1CMapFactor@@UAE@XZ      10006190 f i Dlg_lmat.obj
 0001:000051c0       ??_GCMapFactor@@UAEPAXI@Z  100061c0 f i Dlg_lmat.obj
 0001:00005200       ??_ECMapFactor@@UAEPAXI@Z  10006200 f i Dlg_lmat.obj
 0001:00005280       ?GetObjectType@CPrecision@@UAEHXZ 10006280 f i Dlg_lmat.obj
 0001:000052a0       ?SetObjectType@CPrecision@@UAEXH@Z 100062a0 f i Dlg_lmat.obj
 0001:000052d0       ?GetElemType@CPrecision@@UAEHXZ 100062d0 f i Dlg_lmat.obj
 0001:000052f0       ?SetElemType@CPrecision@@UAEXH@Z 100062f0 f i Dlg_lmat.obj
 0001:00005320       ?GetObjectNo@CPrecision@@UAEJXZ 10006320 f i Dlg_lmat.obj
 0001:00005340       ?SetObjectNo@CPrecision@@UAEXJ@Z 10006340 f i Dlg_lmat.obj
 0001:00005370       ?GetPrecision@CPrecision@@UAEIXZ 10006370 f i Dlg_lmat.obj
 0001:00005390       ?SetPrecision@CPrecision@@UAEXI@Z 10006390 f i Dlg_lmat.obj
 0001:000053c0       ?GetPrecisionOld@CPrecision@@UAEIXZ 100063c0 f i Dlg_lmat.obj
 0001:000053e0       ?SetPrecisionOld@CPrecision@@UAEXI@Z 100063e0 f i Dlg_lmat.obj
 0001:00005410       ?GetPrecisionDefault@CPrecision@@UAEIXZ 10006410 f i Dlg_lmat.obj
 0001:00005430       ?SetPrecisionDefault@CPrecision@@UAEXI@Z 10006430 f i Dlg_lmat.obj
 0001:00005460       ?GetWorldBase@CPrecision@@UAEJXZ 10006460 f i Dlg_lmat.obj
 0001:00005480       ?SetWorldBase@CPrecision@@UAEXJ@Z 10006480 f i Dlg_lmat.obj
 0001:000054b0       ?GetWorldBaseOld@CPrecision@@UAEJXZ 100064b0 f i Dlg_lmat.obj
 0001:000054d0       ?SetWorldBaseOld@CPrecision@@UAEXJ@Z 100064d0 f i Dlg_lmat.obj
 0001:00005500       ?GetWorldBaseDefault@CPrecision@@UAEJXZ 10006500 f i Dlg_lmat.obj
 0001:00005520       ?SetWorldBaseDefault@CPrecision@@UAEXJ@Z 10006520 f i Dlg_lmat.obj
 0001:00005550       ??1CPrecision@@UAE@XZ      10006550 f i Dlg_lmat.obj
 0001:00005580       ??_GCPrecision@@UAEPAXI@Z  10006580 f i Dlg_lmat.obj
 0001:000055c0       ??_ECPrecision@@UAEPAXI@Z  100065c0 f i Dlg_lmat.obj
 0001:00005640       ?GetObjectType@CScaleFactor@@UAEHXZ 10006640 f i Dlg_lmat.obj
 0001:00005660       ?SetObjectType@CScaleFactor@@UAEXH@Z 10006660 f i Dlg_lmat.obj
 0001:00005690       ?GetElemType@CScaleFactor@@UAEHXZ 10006690 f i Dlg_lmat.obj
 0001:000056b0       ?SetElemType@CScaleFactor@@UAEXH@Z 100066b0 f i Dlg_lmat.obj
 0001:000056e0       ?GetObjectNo@CScaleFactor@@UAEJXZ 100066e0 f i Dlg_lmat.obj
 0001:00005700       ?SetObjectNo@CScaleFactor@@UAEXJ@Z 10006700 f i Dlg_lmat.obj
 0001:00005730       ?GetScaleFactor@CScaleFactor@@UAENXZ 10006730 f i Dlg_lmat.obj
 0001:00005750       ?SetScaleFactor@CScaleFactor@@UAEXN@Z 10006750 f i Dlg_lmat.obj
 0001:00005780       ?GetScaleFactorOld@CScaleFactor@@UAENXZ 10006780 f i Dlg_lmat.obj
 0001:000057a0       ?SetScaleFactorOld@CScaleFactor@@UAEXN@Z 100067a0 f i Dlg_lmat.obj
 0001:000057d0       ?GetScaleFactorDefault@CScaleFactor@@UAENXZ 100067d0 f i Dlg_lmat.obj
 0001:000057f0       ?SetScaleFactorDefault@CScaleFactor@@UAEXN@Z 100067f0 f i Dlg_lmat.obj
 0001:00005820       ??1CScaleFactor@@UAE@XZ    10006820 f i Dlg_lmat.obj
 0001:00005850       ??_GCScaleFactor@@UAEPAXI@Z 10006850 f i Dlg_lmat.obj
 0001:00005890       ??_ECScaleFactor@@UAEPAXI@Z 10006890 f i Dlg_lmat.obj
 0001:00005910       ?GetObjectType@CUnit@@UAEHXZ 10006910 f i Dlg_lmat.obj
 0001:00005930       ?SetObjectType@CUnit@@UAEXH@Z 10006930 f i Dlg_lmat.obj
 0001:00005960       ?GetElemType@CUnit@@UAEHXZ 10006960 f i Dlg_lmat.obj
 0001:00005980       ?SetElemType@CUnit@@UAEXH@Z 10006980 f i Dlg_lmat.obj
 0001:000059b0       ?GetObjectNo@CUnit@@UAEJXZ 100069b0 f i Dlg_lmat.obj
 0001:000059d0       ?SetObjectNo@CUnit@@UAEXJ@Z 100069d0 f i Dlg_lmat.obj
 0001:00005a00       ?GetUnitName@CUnit@@UAE?AVCString@@I@Z 10006a00 f i Dlg_lmat.obj
 0001:00005a40       ?GetUnitIndex@CUnit@@UAEIXZ 10006a40 f i Dlg_lmat.obj
 0001:00005a60       ?SetUnitIndex@CUnit@@UAEXI@Z 10006a60 f i Dlg_lmat.obj
 0001:00005a90       ?GetUnitIndexOld@CUnit@@UAEIXZ 10006a90 f i Dlg_lmat.obj
 0001:00005ab0       ?SetUnitIndexOld@CUnit@@UAEXI@Z 10006ab0 f i Dlg_lmat.obj
 0001:00005ae0       ?GetUnitIndexDefault@CUnit@@UAEIXZ 10006ae0 f i Dlg_lmat.obj
 0001:00005b00       ?SetUnitIndexDefault@CUnit@@UAEXI@Z 10006b00 f i Dlg_lmat.obj
 0001:00005b30       ?GetUnitNameCount@CUnit@@UAEIXZ 10006b30 f i Dlg_lmat.obj
 0001:00005b50       ?SetUnitNameCount@CUnit@@UAEXI@Z 10006b50 f i Dlg_lmat.obj
 0001:00005b80       ??1CUnit@@UAE@XZ           10006b80 f i Dlg_lmat.obj
 0001:00005bf0       ??_GCUnit@@UAEPAXI@Z       10006bf0 f i Dlg_lmat.obj
 0001:00005c30       ??_ECUnit@@UAEPAXI@Z       10006c30 f i Dlg_lmat.obj
 0001:00005cb0       ??1CDataRowHint@@UAE@XZ    10006cb0 f i Dlg_lmat.obj
 0001:00005cd0       ?GetMapFactor@CObjectMgr@@UAEPAVCMapFactor@@XZ 10006cd0 f i Dlg_lmat.obj
 0001:00005cf0       ?GetPrecision@CObjectMgr@@UAEPAVCPrecision@@XZ 10006cf0 f i Dlg_lmat.obj
 0001:00005d10       ?GetScaleFactor@CObjectMgr@@UAEPAVCScaleFactor@@XZ 10006d10 f i Dlg_lmat.obj
 0001:00005d30       ?GetUnit@CObjectMgr@@UAEPAVCUnit@@XZ 10006d30 f i Dlg_lmat.obj
 0001:00005d50       ?GetObjectListFromIndex@CObjectMgr@@UAEPAVCDListMgr@@H@Z 10006d50 f i Dlg_lmat.obj
 0001:00005d90       ?IsSceneChanged@CObjectMgr@@UAEHXZ 10006d90 f i Dlg_lmat.obj
 0001:00005db0       ?SetSceneChanged@CObjectMgr@@UAEXH@Z 10006db0 f i Dlg_lmat.obj
 0001:00005de0       ?IsViewChanged@CObjectMgr@@UAEHXZ 10006de0 f i Dlg_lmat.obj
 0001:00005e00       ?SetViewChanged@CObjectMgr@@UAEXH@Z 10006e00 f i Dlg_lmat.obj
 0001:00005e30       ?GetMasterLastObjectNo@CObjectMgr@@UAEIXZ 10006e30 f i Dlg_lmat.obj
 0001:00005e50       ?SetMasterLastObjectNo@CObjectMgr@@UAEXI@Z 10006e50 f i Dlg_lmat.obj
 0001:00005e80       ?GetActiveObjectNo@CObjectMgr@@UAEIXZ 10006e80 f i Dlg_lmat.obj
 0001:00005ea0       ?SetActiveObjectNo@CObjectMgr@@UAEXI@Z 10006ea0 f i Dlg_lmat.obj
 0001:00005ed0       ?GetActiveListIndex@CObjectMgr@@UAEHXZ 10006ed0 f i Dlg_lmat.obj
 0001:00005ef0       ?SetActiveListIndex@CObjectMgr@@UAEXH@Z 10006ef0 f i Dlg_lmat.obj
 0001:00005f20       ?GetActiveObjectIndex@CObjectMgr@@UAEHXZ 10006f20 f i Dlg_lmat.obj
 0001:00005f40       ?SetActiveObjectIndex@CObjectMgr@@UAEXH@Z 10006f40 f i Dlg_lmat.obj
 0001:00005f70       ?GetActiveObjectType@CObjectMgr@@UAEHXZ 10006f70 f i Dlg_lmat.obj
 0001:00005f90       ?SetActiveObjectType@CObjectMgr@@UAEXH@Z 10006f90 f i Dlg_lmat.obj
 0001:00005fc0       ?GetRowList@CObjectMgr@@QAEPAV?$CList@JJ@@XZ 10006fc0 f i Dlg_lmat.obj
 0001:00005fe0       ?GetRowCount@CObjectMgr@@QAEHXZ 10006fe0 f i Dlg_lmat.obj
 0001:00006010       ?GetActiveRowIndex@CObjectMgr@@QAEHXZ 10007010 f i Dlg_lmat.obj
 0001:00006030       ?SetActiveRowIndex@CObjectMgr@@QAEXH@Z 10007030 f i Dlg_lmat.obj
 0001:00006060       ?GetFormat@CObjectMgr@@UAE?AVCString@@XZ 10007060 f i Dlg_lmat.obj
 0001:000060a0       ?IsMeshGenOn@CObjectMgr@@UAEHXZ 100070a0 f i Dlg_lmat.obj
 0001:000060c0       ?SetMeshGenOn@CObjectMgr@@UAEXH@Z 100070c0 f i Dlg_lmat.obj
 0001:000060f0       ?GetMeshType@CObjectMgr@@UAEIXZ 100070f0 f i Dlg_lmat.obj
 0001:00006110       ?SetMeshType@CObjectMgr@@UAEXI@Z 10007110 f i Dlg_lmat.obj
 0001:00006140       ?GetCurrentTopLevel@CObjectMgr@@UAEHXZ 10007140 f i Dlg_lmat.obj
 0001:00006160       ?SetCurrentTopLevel@CObjectMgr@@UAEXH@Z 10007160 f i Dlg_lmat.obj
 0001:00006190       ?GetObjectType@CElemInfo@@UAEHXZ 10007190 f i Dlg_lmat.obj
 0001:000061b0       ?SetObjectType@CElemInfo@@UAEXH@Z 100071b0 f i Dlg_lmat.obj
 0001:000061e0       ?GetElemType@CElemInfo@@UAEHXZ 100071e0 f i Dlg_lmat.obj
 0001:00006200       ?SetElemType@CElemInfo@@UAEXH@Z 10007200 f i Dlg_lmat.obj
 0001:00006230       ?GetObjectNo@CElemInfo@@UAEJXZ 10007230 f i Dlg_lmat.obj
 0001:00006250       ?SetObjectNo@CElemInfo@@UAEXJ@Z 10007250 f i Dlg_lmat.obj
 0001:00006280       ?GetInfoList@CElemInfo@@UAEPAVCDListMgr@@H@Z 10007280 f i Dlg_lmat.obj
 0001:000062b0       ??1CElemInfo@@UAE@XZ       100072b0 f i Dlg_lmat.obj
 0001:00006320       ??_GCElemInfo@@UAEPAXI@Z   10007320 f i Dlg_lmat.obj
 0001:00006360       ??_ECElemInfo@@UAEPAXI@Z   10007360 f i Dlg_lmat.obj
 0001:000063e0       ??1CMeshRowHint@@UAE@XZ    100073e0 f i Dlg_lmat.obj
 0001:00006400       ?GetRowList@CMsObjMgr@@QAEPAV?$CList@JJ@@XZ 10007400 f i Dlg_lmat.obj
 0001:00006420       ?GetRowCount@CMsObjMgr@@QAEHXZ 10007420 f i Dlg_lmat.obj
 0001:00006450       ?GetActiveRowIndex@CMsObjMgr@@QAEHXZ 10007450 f i Dlg_lmat.obj
 0001:00006470       ?SetActiveRowIndex@CMsObjMgr@@QAEXH@Z 10007470 f i Dlg_lmat.obj
 0001:000064a0       ??1CBaseRowHint@@UAE@XZ    100074a0 f i Dlg_lmat.obj
 0001:000064c0       ?GetCurrentItem@CDbObjMgr@@QAEAAVCString@@XZ 100074c0 f i Dlg_lmat.obj
 0001:000064e0       ?SetCurrentItem@CDbObjMgr@@QAEXAAVCString@@@Z 100074e0 f i Dlg_lmat.obj
 0001:00006510       ?GetCurrentParent@CDbObjMgr@@QAEAAVCString@@XZ 10007510 f i Dlg_lmat.obj
 0001:00006530       ?SetCurrentParent@CDbObjMgr@@QAEXAAVCString@@@Z 10007530 f i Dlg_lmat.obj
 0001:00006560       ??1CAxDataRowHint@@UAE@XZ  10007560 f i Dlg_lmat.obj
 0001:00006580       ?GetMapFactor@CAxObjMgr@@UAEPAVCMapFactor@@XZ 10007580 f i Dlg_lmat.obj
 0001:000065a0       ?GetPrecision@CAxObjMgr@@UAEPAVCPrecision@@XZ 100075a0 f i Dlg_lmat.obj
 0001:000065c0       ?GetScaleFactor@CAxObjMgr@@UAEPAVCScaleFactor@@XZ 100075c0 f i Dlg_lmat.obj
 0001:000065e0       ?GetUnit@CAxObjMgr@@UAEPAVCUnit@@XZ 100075e0 f i Dlg_lmat.obj
 0001:00006600       ?GetObjectListFromIndex@CAxObjMgr@@UAEPAVCDListMgr@@H@Z 10007600 f i Dlg_lmat.obj
 0001:00006640       ?IsSceneChanged@CAxObjMgr@@UAEHXZ 10007640 f i Dlg_lmat.obj
 0001:00006660       ?SetSceneChanged@CAxObjMgr@@UAEXH@Z 10007660 f i Dlg_lmat.obj
 0001:00006690       ?IsViewChanged@CAxObjMgr@@UAEHXZ 10007690 f i Dlg_lmat.obj
 0001:000066b0       ?SetViewChanged@CAxObjMgr@@UAEXH@Z 100076b0 f i Dlg_lmat.obj
 0001:000066e0       ?GetMasterLastObjectNo@CAxObjMgr@@UAEIXZ 100076e0 f i Dlg_lmat.obj
 0001:00006700       ?SetMasterLastObjectNo@CAxObjMgr@@UAEXI@Z 10007700 f i Dlg_lmat.obj
 0001:00006730       ?GetActiveObjectNo@CAxObjMgr@@UAEIXZ 10007730 f i Dlg_lmat.obj
 0001:00006750       ?SetActiveObjectNo@CAxObjMgr@@UAEXI@Z 10007750 f i Dlg_lmat.obj
 0001:00006780       ?GetActiveListIndex@CAxObjMgr@@UAEHXZ 10007780 f i Dlg_lmat.obj
 0001:000067a0       ?SetActiveListIndex@CAxObjMgr@@UAEXH@Z 100077a0 f i Dlg_lmat.obj
 0001:000067d0       ?GetActiveObjectIndex@CAxObjMgr@@UAEHXZ 100077d0 f i Dlg_lmat.obj
 0001:000067f0       ?SetActiveObjectIndex@CAxObjMgr@@UAEXH@Z 100077f0 f i Dlg_lmat.obj
 0001:00006820       ?GetActiveObjectType@CAxObjMgr@@UAEHXZ 10007820 f i Dlg_lmat.obj
 0001:00006840       ?SetActiveObjectType@CAxObjMgr@@UAEXH@Z 10007840 f i Dlg_lmat.obj
 0001:00006870       ?GetRowList@CAxObjMgr@@QAEPAV?$CList@JJ@@XZ 10007870 f i Dlg_lmat.obj
 0001:00006890       ?GetRowCount@CAxObjMgr@@QAEHXZ 10007890 f i Dlg_lmat.obj
 0001:000068c0       ?GetActiveRowIndex@CAxObjMgr@@QAEHXZ 100078c0 f i Dlg_lmat.obj
 0001:000068e0       ?SetActiveRowIndex@CAxObjMgr@@QAEXH@Z 100078e0 f i Dlg_lmat.obj
 0001:00006910       ?GetFormat@CAxObjMgr@@UAE?AVCString@@XZ 10007910 f i Dlg_lmat.obj
 0001:00006950       ?IsMeshGenOn@CAxObjMgr@@UAEHXZ 10007950 f i Dlg_lmat.obj
 0001:00006970       ?SetMeshGenOn@CAxObjMgr@@UAEXH@Z 10007970 f i Dlg_lmat.obj
 0001:000069a0       ?GetMeshType@CAxObjMgr@@UAEIXZ 100079a0 f i Dlg_lmat.obj
 0001:000069c0       ?SetMeshType@CAxObjMgr@@UAEXI@Z 100079c0 f i Dlg_lmat.obj
 0001:000069f0       ?GetCurrentTopLevel@CAxObjMgr@@UAEHXZ 100079f0 f i Dlg_lmat.obj
 0001:00006a10       ?SetCurrentTopLevel@CAxObjMgr@@UAEXH@Z 10007a10 f i Dlg_lmat.obj
 0001:00006a40       ?Parse_drPipe@CDrNode@@UAEPAUnodecard@@PAVCString@@@Z 10007a40 f i Dlg_lmat.obj
 0001:00006a60       ?GetNodeCard@CDrNode@@UAEPAUnodecard@@XZ 10007a60 f i Dlg_lmat.obj
 0001:00006a80       ?GetCardNo@CDrNode@@UAEHXZ 10007a80 f i Dlg_lmat.obj
 0001:00006aa0       ?SetCardNo@CDrNode@@UAEXH@Z 10007aa0 f i Dlg_lmat.obj
 0001:00006ad0       ?DoFormattedCardView@CDrNode@@UAEXPAVCString@@AAV2@@Z 10007ad0 f i Dlg_lmat.obj
 0001:00006af0       ?DoUnFormattedCardView@CDrNode@@UAEXPAVCString@@@Z 10007af0 f i Dlg_lmat.obj
 0001:00006b10       ?GetMaxCorners@CDrNode@@UAEHXZ 10007b10 f i Dlg_lmat.obj
 0001:00006b30       ?GetCategory@CDrNode@@UAE?AW4CATEGORY@@XZ 10007b30 f i Dlg_lmat.obj
 0001:00006b50       ?SetCategory@CDrNode@@UAEXW4CATEGORY@@@Z 10007b50 f i Dlg_lmat.obj
 0001:00006b70       ?GetPrecision@CDrNode@@UAEHXZ 10007b70 f i Dlg_lmat.obj
 0001:00006b90       ?SetPrecision@CDrNode@@UAEXH@Z 10007b90 f i Dlg_lmat.obj
 0001:00006bc0       ?GetFormat@CDrNode@@QAE?AVCString@@XZ 10007bc0 f i Dlg_lmat.obj
 0001:00006c00       ?SetFormat@CDrNode@@QAEXVCString@@@Z 10007c00 f i Dlg_lmat.obj
 0001:00006c60       ?GetMapFactor@CDrNode@@QAENXZ 10007c60 f i Dlg_lmat.obj
 0001:00006c80       ?SetMapFactor@CDrNode@@QAEXN@Z 10007c80 f i Dlg_lmat.obj
 0001:00006cb0       ?GetScaleFactor@CDrNode@@QAENXZ 10007cb0 f i Dlg_lmat.obj
 0001:00006cd0       ?SetScaleFactor@CDrNode@@QAEXN@Z 10007cd0 f i Dlg_lmat.obj
 0001:00006d00       ?GetMasterMultFac@CDrNode@@QAEJXZ 10007d00 f i Dlg_lmat.obj
 0001:00006d20       ?SetMasterMultFac@CDrNode@@QAEXJ@Z 10007d20 f i Dlg_lmat.obj
 0001:00006d50       ?GetLocalPos@CDrNode@@UAEPAUWORLD@@XZ 10007d50 f i Dlg_lmat.obj
 0001:00006d70       ?SetLocalPos@CDrNode@@UAEXUWORLD@@@Z 10007d70 f i Dlg_lmat.obj
 0001:00006da0       ?GetWorldPos@CDrNode@@UAEPAUWORLD@@XZ 10007da0 f i Dlg_lmat.obj
 0001:00006dc0       ?SetWorldPos@CDrNode@@UAEXUWORLD@@@Z 10007dc0 f i Dlg_lmat.obj
 0001:00006df0       ?GetEyePos@CDrNode@@UAEPAUWORLD@@XZ 10007df0 f i Dlg_lmat.obj
 0001:00006e10       ?SetEyePos@CDrNode@@UAEXUWORLD@@@Z 10007e10 f i Dlg_lmat.obj
 0001:00006e40       ?GetScreenPos3D@CDrNode@@UAEPAUWORLD@@XZ 10007e40 f i Dlg_lmat.obj
 0001:00006e60       ?SetScreenPos3D@CDrNode@@UAEXUWORLD@@@Z 10007e60 f i Dlg_lmat.obj
 0001:00006e90       ?GetScreenPos2D@CDrNode@@UAEPAUtagPOINT@@XZ 10007e90 f i Dlg_lmat.obj
 0001:00006eb0       ?SetScreenPos2D@CDrNode@@UAEXUtagPOINT@@@Z 10007eb0 f i Dlg_lmat.obj
 0001:00006ee0       ?GetNormalWorld@CDrNode@@UAEPAUWORLD@@XZ 10007ee0 f i Dlg_lmat.obj
 0001:00006f00       ?SetNormalWorld@CDrNode@@UAEXUWORLD@@@Z 10007f00 f i Dlg_lmat.obj
 0001:00006f30       ?GetNormalEye@CDrNode@@UAEPAUWORLD@@XZ 10007f30 f i Dlg_lmat.obj
 0001:00006f50       ?SetNormalEye@CDrNode@@UAEXUWORLD@@@Z 10007f50 f i Dlg_lmat.obj
 0001:00006f80       ?GetNormalScreen3D@CDrNode@@UAEPAUWORLD@@XZ 10007f80 f i Dlg_lmat.obj
 0001:00006fa0       ?SetNormalScreen3D@CDrNode@@UAEXUWORLD@@@Z 10007fa0 f i Dlg_lmat.obj
 0001:00006fd0       ?GetNormalScreen2D@CDrNode@@UAEPAUtagPOINT@@XZ 10007fd0 f i Dlg_lmat.obj
 0001:00006ff0       ?SetNormalScreen2D@CDrNode@@UAEXUtagPOINT@@@Z 10007ff0 f i Dlg_lmat.obj
 0001:00007020       ?GetLabelNo@CDrNode@@QAEJXZ 10008020 f i Dlg_lmat.obj
 0001:00007040       ?SetLabelNo@CDrNode@@QAEXJ@Z 10008040 f i Dlg_lmat.obj
 0001:00007070       ?IsMeshNode@CDrNode@@QAEHXZ 10008070 f i Dlg_lmat.obj
 0001:00007090       ?SetMeshNode@CDrNode@@QAEXH@Z 10008090 f i Dlg_lmat.obj
 0001:000070c0       ?IsGenerated@CDrNode@@QAEHXZ 100080c0 f i Dlg_lmat.obj
 0001:000070e0       ?SetGenerated@CDrNode@@QAEXH@Z 100080e0 f i Dlg_lmat.obj
 0001:00007110       ?IsControlNode@CDrNode@@QAEHXZ 10008110 f i Dlg_lmat.obj
 0001:00007140       ?SetControlNode@CDrNode@@QAEXH@Z 10008140 f i Dlg_lmat.obj
 0001:00007170       ?GetInputMode@CDrNode@@QAEHXZ 10008170 f i Dlg_lmat.obj
 0001:00007190       ?SetInputMode@CDrNode@@QAEXH@Z 10008190 f i Dlg_lmat.obj
 0001:000071c0       ?GetLength@CDrNode@@QAENXZ 100081c0 f i Dlg_lmat.obj
 0001:000071e0       ?SetLength@CDrNode@@QAEXN@Z 100081e0 f i Dlg_lmat.obj
 0001:00007210       ?GetDelta@CDrNode@@QAEPAUWORLD@@XZ 10008210 f i Dlg_lmat.obj
 0001:00007230       ?SetDelta@CDrNode@@QAEXUWORLD@@@Z 10008230 f i Dlg_lmat.obj
 0001:00007260       ?GetFromID@CDrNode@@QAE?AVCString@@XZ 10008260 f i Dlg_lmat.obj
 0001:000072a0       ?SetFromID@CDrNode@@QAEXVCString@@@Z 100082a0 f i Dlg_lmat.obj
 0001:00007300       ?GetToID@CDrNode@@QAE?AVCString@@XZ 10008300 f i Dlg_lmat.obj
 0001:00007340       ?SetToID@CDrNode@@QAEXVCString@@@Z 10008340 f i Dlg_lmat.obj
 0001:000073a0       ?IsRefCN@CDrNode@@QAEHXZ   100083a0 f i Dlg_lmat.obj
 0001:000073c0       ?SetRefCN@CDrNode@@QAEXH@Z 100083c0 f i Dlg_lmat.obj
 0001:000073f0       ?IsFromCN@CDrNode@@QAEHXZ  100083f0 f i Dlg_lmat.obj
 0001:00007410       ?SetFromCN@CDrNode@@QAEXH@Z 10008410 f i Dlg_lmat.obj
 0001:00007440       ?IsToCN@CDrNode@@QAEHXZ    10008440 f i Dlg_lmat.obj
 0001:00007460       ?SetToCN@CDrNode@@QAEXH@Z  10008460 f i Dlg_lmat.obj
 0001:00007490       ?IsSkewed@CDrNode@@UAEHXZ  10008490 f i Dlg_lmat.obj
 0001:000074b0       ?SetSkewed@CDrNode@@UAEXH@Z 100084b0 f i Dlg_lmat.obj
 0001:000074e0       ?IsLinSpr@CDrNode@@UAEHXZ  100084e0 f i Dlg_lmat.obj
 0001:00007500       ?SetLinSpr@CDrNode@@UAEXH@Z 10008500 f i Dlg_lmat.obj
 0001:00007530       ?IsLinSnu@CDrNode@@UAEHXZ  10008530 f i Dlg_lmat.obj
 0001:00007550       ?SetLinSnu@CDrNode@@UAEXH@Z 10008550 f i Dlg_lmat.obj
 0001:00007580       ?GetSuppCardList@CDrNode@@QAEPAV?$CList@Usupportcard@@U1@@@XZ 10008580 f i Dlg_lmat.obj
 0001:000075a0       ?GetStaLCardList@CDrNode@@QAEPAV?$CList@UstaLcard@@U1@@@XZ 100085a0 f i Dlg_lmat.obj
 0001:000075c0       ?IsSubDivided@CTriangle@@UAEHXZ 100085c0 f i Dlg_lmat.obj
 0001:000075e0       ?SetSubDivided@CTriangle@@UAEXH@Z 100085e0 f i Dlg_lmat.obj
 0001:00007600       ?GetSubTriangleIndex@CTriangle@@UAEHH@Z 10008600 f i Dlg_lmat.obj
 0001:00007620       ?SetSubTriangleIndex@CTriangle@@UAEXHH@Z 10008620 f i Dlg_lmat.obj
 0001:00007650       ?GetType@CTriangle@@UAEHXZ 10008650 f i Dlg_lmat.obj
 0001:00007670       ?SetType@CTriangle@@UAEXH@Z 10008670 f i Dlg_lmat.obj
 0001:00007690       ?GetCNIndexList@CTriangle@@UAEPAV?$CList@HH@@XZ 10008690 f i Dlg_lmat.obj
 0001:000076b0       ?GetPatIndex@CTriangle@@UAEHXZ 100086b0 f i Dlg_lmat.obj
 0001:000076d0       ?SetPatIndex@CTriangle@@UAEXH@Z 100086d0 f i Dlg_lmat.obj
 0001:000076f0       ?GetDegree@CTriangle@@UAEHXZ 100086f0 f i Dlg_lmat.obj
 0001:00007710       ?SetDegree@CTriangle@@UAEXH@Z 10008710 f i Dlg_lmat.obj
 0001:00007730       ?GetVertexIndex@CTriangle@@UAEHH@Z 10008730 f i Dlg_lmat.obj
 0001:00007750       ?SetVertexIndex@CTriangle@@UAEXHH@Z 10008750 f i Dlg_lmat.obj
 0001:00007780       ?GetVertexIndex@CTriangle@@UAEPAHXZ 10008780 f i Dlg_lmat.obj
 0001:000077a0       ?GetNebrVertexIndex@CTriangle@@UAEHH@Z 100087a0 f i Dlg_lmat.obj
 0001:000077c0       ?SetNebrVertexIndex@CTriangle@@UAEXHH@Z 100087c0 f i Dlg_lmat.obj
 0001:000077f0       ?GetNebrVertexIndex@CTriangle@@UAEPAHXZ 100087f0 f i Dlg_lmat.obj
 0001:00007810       ?GetNebrTriangleIndex@CTriangle@@UAEHH@Z 10008810 f i Dlg_lmat.obj
 0001:00007830       ?SetNebrTriangleIndex@CTriangle@@UAEXHH@Z 10008830 f i Dlg_lmat.obj
 0001:00007860       ?GetNebrTriangleIndex@CTriangle@@UAEPAHXZ 10008860 f i Dlg_lmat.obj
 0001:00007880       ?GetOutSeg@CTriangle@@UAEHXZ 10008880 f i Dlg_lmat.obj
 0001:000078a0       ?SetOutSeg@CTriangle@@UAEXH@Z 100088a0 f i Dlg_lmat.obj
 0001:000078c0       ?GetiOutGlo@CTriangle@@UAEHXZ 100088c0 f i Dlg_lmat.obj
 0001:000078e0       ?SetiOutGlo@CTriangle@@UAEXH@Z 100088e0 f i Dlg_lmat.obj
 0001:00007910       ?GetjOutGlo@CTriangle@@UAEHXZ 10008910 f i Dlg_lmat.obj
 0001:00007930       ?SetjOutGlo@CTriangle@@UAEXH@Z 10008930 f i Dlg_lmat.obj
 0001:00007960       ??1CTriangle@@UAE@XZ       10008960 f i Dlg_lmat.obj
 0001:000079c0       ??_GCTriangle@@UAEPAXI@Z   100089c0 f i Dlg_lmat.obj
 0001:00007a00       ??_ECTriangle@@UAEPAXI@Z   10008a00 f i Dlg_lmat.obj
 0001:00007a80       ?IsDirty@CDrCurve@@UAEHXZ  10008a80 f i Dlg_lmat.obj
 0001:00007aa0       ?SetDirty@CDrCurve@@UAEXH@Z 10008aa0 f i Dlg_lmat.obj
 0001:00007ad0       ?IsControlShapeNeeded@CDrCurve@@UAEHXZ 10008ad0 f i Dlg_lmat.obj
 0001:00007af0       ?SetControlShapeNeed@CDrCurve@@UAEXH@Z 10008af0 f i Dlg_lmat.obj
 0001:00007b20       ?IsPosted@CDrCurve@@UAEHXZ 10008b20 f i Dlg_lmat.obj
 0001:00007b40       ?SetPosted@CDrCurve@@UAEXH@Z 10008b40 f i Dlg_lmat.obj
 0001:00007b70       ?GetCN_BSList@CDrCurve@@QAEPAVCDListMgr@@XZ 10008b70 f i Dlg_lmat.obj
 0001:00007b90       ?GetVNodeList@CDrCurve@@QAEPAVCDListMgr@@XZ 10008b90 f i Dlg_lmat.obj
 0001:00007bb0       ?GetMeshElemDim@CDrCurve@@QAEHXZ 10008bb0 f i Dlg_lmat.obj
 0001:00007bd0       ?SetMeshElemDim@CDrCurve@@QAEXH@Z 10008bd0 f i Dlg_lmat.obj
 0001:00007c00       ?IsIso@CDrCurve@@QAEHXZ    10008c00 f i Dlg_lmat.obj
 0001:00007c20       ?SetIso@CDrCurve@@QAEXH@Z  10008c20 f i Dlg_lmat.obj
 0001:00007c50       ?GetIsoToID@CDrCurve@@QAEAAVCString@@XZ 10008c50 f i Dlg_lmat.obj
 0001:00007c70       ?SetIsoToID@CDrCurve@@QAEXAAVCString@@@Z 10008c70 f i Dlg_lmat.obj
 0001:00007ca0       ?GetCompoType@CDrCurve@@QAEHXZ 10008ca0 f i Dlg_lmat.obj
 0001:00007cc0       ?SetCompoType@CDrCurve@@QAEXH@Z 10008cc0 f i Dlg_lmat.obj
 0001:00007cf0       ?GetCompoID@CDrCurve@@QAEAAVCString@@XZ 10008cf0 f i Dlg_lmat.obj
 0001:00007d10       ?SetCompoID@CDrCurve@@QAEXAAVCString@@@Z 10008d10 f i Dlg_lmat.obj
 0001:00007d40       ?GetClass_S@CDrCurve@@QAEHXZ 10008d40 f i Dlg_lmat.obj
 0001:00007d60       ?SetClass_S@CDrCurve@@QAEXH@Z 10008d60 f i Dlg_lmat.obj
 0001:00007d90       ?GetOutSegUnif_S@CDrCurve@@QAEHXZ 10008d90 f i Dlg_lmat.obj
 0001:00007db0       ?SetOutSegUnif_S@CDrCurve@@QAEXH@Z 10008db0 f i Dlg_lmat.obj
 0001:00007de0       ?IsClosed_S@CDrCurve@@QAEHXZ 10008de0 f i Dlg_lmat.obj
 0001:00007e00       ?SetClosed_S@CDrCurve@@QAEXH@Z 10008e00 f i Dlg_lmat.obj
 0001:00007e30       ?GetCurveObjectType@CDrCurve@@QAEHXZ 10008e30 f i Dlg_lmat.obj
 0001:00007e50       ?SetCurveObjectType@CDrCurve@@QAEXH@Z 10008e50 f i Dlg_lmat.obj
 0001:00007e80       ?GetMaxINodes_S@CDrCurve@@QAEHXZ 10008e80 f i Dlg_lmat.obj
 0001:00007ea0       ?SetMaxINodes_S@CDrCurve@@QAEXH@Z 10008ea0 f i Dlg_lmat.obj
 0001:00007ed0       ?GetMaxCNodes_S@CDrCurve@@QAEHXZ 10008ed0 f i Dlg_lmat.obj
 0001:00007ef0       ?SetMaxCNodes_S@CDrCurve@@QAEXH@Z 10008ef0 f i Dlg_lmat.obj
 0001:00007f20       ?GetMaxBezSegments_S@CDrCurve@@QAEHXZ 10008f20 f i Dlg_lmat.obj
 0001:00007f40       ?SetMaxBezSegments_S@CDrCurve@@QAEXH@Z 10008f40 f i Dlg_lmat.obj
 0001:00007f70       ?GetMaxOutPts_S@CDrCurve@@QAEHXZ 10008f70 f i Dlg_lmat.obj
 0001:00007f90       ?SetMaxOutPts_S@CDrCurve@@QAEXH@Z 10008f90 f i Dlg_lmat.obj
 0001:00007fc0       ?GetLongOutPts@CDrCurve@@QAEJXZ 10008fc0 f i Dlg_lmat.obj
 0001:00007fe0       ?SetLongOutPts@CDrCurve@@QAEXJ@Z 10008fe0 f i Dlg_lmat.obj
 0001:00008010       ?GetCurveType_S@CDrCurve@@QAE?AW4CURVEPROC@@XZ 10009010 f i Dlg_lmat.obj
 0001:00008030       ?SetCurveType_S@CDrCurve@@QAEXW4CURVEPROC@@@Z 10009030 f i Dlg_lmat.obj
 0001:00008060       ?GetOutMethod@CDrCurve@@QAE?AW4CURVEOUTPUT@@XZ 10009060 f i Dlg_lmat.obj
 0001:00008080       ?GetAlfa@CDrCurve@@QAENXZ  10009080 f i Dlg_lmat.obj
 0001:000080a0       ?GetBias@CDrCurve@@QAENXZ  100090a0 f i Dlg_lmat.obj
 0001:000080c0       ?GetTension@CDrCurve@@QAENXZ 100090c0 f i Dlg_lmat.obj
 0001:000080e0       ?IsUniform_S@CDrCurve@@QAEHXZ 100090e0 f i Dlg_lmat.obj
 0001:00008100       ?SetUniform_S@CDrCurve@@QAEXH@Z 10009100 f i Dlg_lmat.obj
 0001:00008130       ?SetOutMethod_S@CDrCurve@@QAEXW4CURVEOUTPUT@@@Z 10009130 f i Dlg_lmat.obj
 0001:00008160       ?GetMaxOutSeg_S@CDrCurve@@QAEHXZ 10009160 f i Dlg_lmat.obj
 0001:00008180       ?SetMaxOutSeg_S@CDrCurve@@QAEXH@Z 10009180 f i Dlg_lmat.obj
 0001:000081b0       ?GetDis_AngPointer_S@CDrCurve@@QAEPANXZ 100091b0 f i Dlg_lmat.obj
 0001:000081d0       ?SetDis_AngPointer_S@CDrCurve@@QAEXPAN@Z 100091d0 f i Dlg_lmat.obj
 0001:00008200       ?GetNum_tPointer_S@CDrCurve@@QAEPAHXZ 10009200 f i Dlg_lmat.obj
 0001:00008220       ?SetNum_tPointer_S@CDrCurve@@QAEXPAH@Z 10009220 f i Dlg_lmat.obj
 0001:00008250       ?GetDis_tPointer_S@CDrCurve@@QAEPANXZ 10009250 f i Dlg_lmat.obj
 0001:00008270       ?SetDis_tPointer_S@CDrCurve@@QAEXPAN@Z 10009270 f i Dlg_lmat.obj
 0001:000082a0       ?GetNum_tPointer_Ex_S@CDrCurve@@QAEPAHXZ 100092a0 f i Dlg_lmat.obj
 0001:000082c0       ?SetNum_tPointer_Ex_S@CDrCurve@@QAEXPAH@Z 100092c0 f i Dlg_lmat.obj
 0001:000082f0       ?GetnBSeg_Ex_S@CDrCurve@@QAEHXZ 100092f0 f i Dlg_lmat.obj
 0001:00008310       ?SetnBSeg_Ex_S@CDrCurve@@QAEXH@Z 10009310 f i Dlg_lmat.obj
 0001:00008340       ?GetBSegPointer_Ex_S@CDrCurve@@QAEPAHXZ 10009340 f i Dlg_lmat.obj
 0001:00008360       ?SetBSegPointer_Ex_S@CDrCurve@@QAEXPAH@Z 10009360 f i Dlg_lmat.obj
 0001:00008390       ?SetAlfa@CDrCurve@@QAEXN@Z 10009390 f i Dlg_lmat.obj
 0001:000083c0       ?SetBias@CDrCurve@@QAEXN@Z 100093c0 f i Dlg_lmat.obj
 0001:000083f0       ?SetTension@CDrCurve@@QAEXN@Z 100093f0 f i Dlg_lmat.obj
 0001:00008420       ?GetMemIn@CDrCurve@@QAEPAUWORLD@@XZ 10009420 f i Dlg_lmat.obj
 0001:00008440       ?GetMemInWts@CDrCurve@@QAEPANXZ 10009440 f i Dlg_lmat.obj
 0001:00008460       ?GetMemInDP@CDrCurve@@QAEPAUtagPOINT@@XZ 10009460 f i Dlg_lmat.obj
 0001:00008480       ?GetMemOut@CDrCurve@@QAEPAUWORLD@@XZ 10009480 f i Dlg_lmat.obj
 0001:000084a0       ?GetMemOutWts@CDrCurve@@QAEPANXZ 100094a0 f i Dlg_lmat.obj
 0001:000084c0       ?GetMemOutDP@CDrCurve@@QAEPAUtagPOINT@@XZ 100094c0 f i Dlg_lmat.obj
 0001:000084e0       ?SetMemIn@CDrCurve@@QAEXPAUWORLD@@@Z 100094e0 f i Dlg_lmat.obj
 0001:00008510       ?SetMemInWts@CDrCurve@@QAEXPAN@Z 10009510 f i Dlg_lmat.obj
 0001:00008540       ?SetMemInDP@CDrCurve@@QAEXPAUtagPOINT@@@Z 10009540 f i Dlg_lmat.obj
 0001:00008570       ?SetMemOut@CDrCurve@@QAEXPAUWORLD@@@Z 10009570 f i Dlg_lmat.obj
 0001:000085a0       ?SetMemOutWts@CDrCurve@@QAEXPAN@Z 100095a0 f i Dlg_lmat.obj
 0001:000085d0       ?SetMemOutDP@CDrCurve@@QAEXPAUtagPOINT@@@Z 100095d0 f i Dlg_lmat.obj
 0001:00008600       ?FixMemD@CDrCurve@@QAEPANJ@Z 10009600 f i Dlg_lmat.obj
 0001:00008640       ?FreeMemD@CDrCurve@@QAEXPAN@Z 10009640 f i Dlg_lmat.obj
 0001:00008670       ?FixMem@CDrCurve@@QAEPAUWORLD@@J@Z 10009670 f i Dlg_lmat.obj
 0001:000086b0       ?FreeMem@CDrCurve@@QAEXPAUWORLD@@@Z 100096b0 f i Dlg_lmat.obj
 0001:000086e0       ?FixMemDP@CDrCurve@@QAEPAUtagPOINT@@J@Z 100096e0 f i Dlg_lmat.obj
 0001:00008720       ?FreeMemDP@CDrCurve@@QAEXPAUtagPOINT@@@Z 10009720 f i Dlg_lmat.obj
 0001:00008750       ?GetData_S@CDrCurve@@QAEHXZ 10009750 f i Dlg_lmat.obj
 0001:00008770       ?SetData_S@CDrCurve@@QAEXH@Z 10009770 f i Dlg_lmat.obj
 0001:000087a0       ?GetOrder_S@CDrCurve@@QAEHXZ 100097a0 f i Dlg_lmat.obj
 0001:000087c0       ?SetOrder_S@CDrCurve@@QAEXH@Z 100097c0 f i Dlg_lmat.obj
 0001:000087f0       ?GetKnotType_S@CDrCurve@@QAE?AW4KNOT@@XZ 100097f0 f i Dlg_lmat.obj
 0001:00008810       ?SetKnotType_S@CDrCurve@@QAEXW4KNOT@@@Z 10009810 f i Dlg_lmat.obj
 0001:00008840       ?GetWtType_S@CDrCurve@@QAE?AW4WEIGHT@@XZ 10009840 f i Dlg_lmat.obj
 0001:00008860       ?SetWtType_S@CDrCurve@@QAEXW4WEIGHT@@@Z 10009860 f i Dlg_lmat.obj
 0001:00008890       ?GetBCL_S@CDrCurve@@QAE?AW4BOUNDARY@@XZ 10009890 f i Dlg_lmat.obj
 0001:000088b0       ?SetBCL_S@CDrCurve@@QAEXW4BOUNDARY@@@Z 100098b0 f i Dlg_lmat.obj
 0001:000088e0       ?GetBCR_S@CDrCurve@@QAE?AW4BOUNDARY@@XZ 100098e0 f i Dlg_lmat.obj
 0001:00008900       ?SetBCR_S@CDrCurve@@QAEXW4BOUNDARY@@@Z 10009900 f i Dlg_lmat.obj
 0001:00008930       ?GetTanL_S@CDrCurve@@QAE?AUVECTOR@@XZ 10009930 f i Dlg_lmat.obj
 0001:00008960       ?SetTanL_S@CDrCurve@@QAEXUVECTOR@@@Z 10009960 f i Dlg_lmat.obj
 0001:00008990       ?GetTanR_S@CDrCurve@@QAE?AUVECTOR@@XZ 10009990 f i Dlg_lmat.obj
 0001:000089c0       ?SetTanR_S@CDrCurve@@QAEXUVECTOR@@@Z 100099c0 f i Dlg_lmat.obj
 0001:000089f0       ?GetnCon_BS_S@CDrCurve@@QAEHXZ 100099f0 f i Dlg_lmat.obj
 0001:00008a10       ?SetnCon_BS_S@CDrCurve@@QAEXH@Z 10009a10 f i Dlg_lmat.obj
 0001:00008a40       ?GetnCon_BZ_S@CDrCurve@@QAEHXZ 10009a40 f i Dlg_lmat.obj
 0001:00008a60       ?SetnCon_BZ_S@CDrCurve@@QAEXH@Z 10009a60 f i Dlg_lmat.obj
 0001:00008a90       ?GetnMKnots_S@CDrCurve@@QAEHXZ 10009a90 f i Dlg_lmat.obj
 0001:00008ab0       ?SetnMKnots_S@CDrCurve@@QAEXH@Z 10009ab0 f i Dlg_lmat.obj
 0001:00008ae0       ?GetnKnots_S@CDrCurve@@QAEHXZ 10009ae0 f i Dlg_lmat.obj
 0001:00008b00       ?SetnKnots_S@CDrCurve@@QAEXH@Z 10009b00 f i Dlg_lmat.obj
 0001:00008b30       ?GetnDim_S@CDrCurve@@QAEHXZ 10009b30 f i Dlg_lmat.obj
 0001:00008b50       ?SetnDim_S@CDrCurve@@QAEXH@Z 10009b50 f i Dlg_lmat.obj
 0001:00008b80       ?GetpMKnots_S@CDrCurve@@QAEPANXZ 10009b80 f i Dlg_lmat.obj
 0001:00008ba0       ?SetpMKnots_S@CDrCurve@@QAEXPAN@Z 10009ba0 f i Dlg_lmat.obj
 0001:00008bd0       ?GetpWts_BS_S@CDrCurve@@QAEPANXZ 10009bd0 f i Dlg_lmat.obj
 0001:00008bf0       ?SetpWts_BS_S@CDrCurve@@QAEXPAN@Z 10009bf0 f i Dlg_lmat.obj
 0001:00008c20       ?GetpKnots_S@CDrCurve@@QAEPANXZ 10009c20 f i Dlg_lmat.obj
 0001:00008c40       ?SetpKnots_S@CDrCurve@@QAEXPAN@Z 10009c40 f i Dlg_lmat.obj
 0001:00008c70       ?GetpWts_DT_S@CDrCurve@@QAEPANXZ 10009c70 f i Dlg_lmat.obj
 0001:00008c90       ?SetpWts_DT_S@CDrCurve@@QAEXPAN@Z 10009c90 f i Dlg_lmat.obj
 0001:00008cc0       ?GetpWts_BZ_S@CDrCurve@@QAEPANXZ 10009cc0 f i Dlg_lmat.obj
 0001:00008ce0       ?SetpWts_BZ_S@CDrCurve@@QAEXPAN@Z 10009ce0 f i Dlg_lmat.obj
 0001:00008d10       ?GetFromIDNode_S@CDrCurve@@QAEPAVCDrNode@@XZ 10009d10 f i Dlg_lmat.obj
 0001:00008d30       ?SetFromIDNode_S@CDrCurve@@QAEXPAVCDrNode@@@Z 10009d30 f i Dlg_lmat.obj
 0001:00008d60       ?GetToIDNode_S@CDrCurve@@QAEPAVCDrNode@@XZ 10009d60 f i Dlg_lmat.obj
 0001:00008d80       ?SetToIDNode_S@CDrCurve@@QAEXPAVCDrNode@@@Z 10009d80 f i Dlg_lmat.obj
 0001:00008db0       ?GetData_Ex_S@CDrCurve@@QAEHXZ 10009db0 f i Dlg_lmat.obj
 0001:00008dd0       ?SetData_Ex_S@CDrCurve@@QAEXH@Z 10009dd0 f i Dlg_lmat.obj
 0001:00008e00       ?IsExpanded_S@CDrCurve@@QAEHXZ 10009e00 f i Dlg_lmat.obj
 0001:00008e20       ?SetExpanded_S@CDrCurve@@QAEXH@Z 10009e20 f i Dlg_lmat.obj
 0001:00008e50       ?GetMaxENodes_S@CDrCurve@@QAEHXZ 10009e50 f i Dlg_lmat.obj
 0001:00008e70       ?SetMaxENodes_S@CDrCurve@@QAEXH@Z 10009e70 f i Dlg_lmat.obj
 0001:00008ea0       ?GetRadius_S@CDrCurve@@QAENXZ 10009ea0 f i Dlg_lmat.obj
 0001:00008ec0       ?SetRadius_S@CDrCurve@@QAEXN@Z 10009ec0 f i Dlg_lmat.obj
 0001:00008ef0       ?GetTheta_S@CDrCurve@@QAENXZ 10009ef0 f i Dlg_lmat.obj
 0001:00008f10       ?SetTheta_S@CDrCurve@@QAEXN@Z 10009f10 f i Dlg_lmat.obj
 0001:00008f40       ?GetCenter_S@CDrCurve@@QAE?AUWORLD@@XZ 10009f40 f i Dlg_lmat.obj
 0001:00008f70       ?SetCenter_S@CDrCurve@@QAEXUWORLD@@@Z 10009f70 f i Dlg_lmat.obj
 0001:00008fd0       ?GetNormal_S@CDrCurve@@QAE?AUWORLD@@XZ 10009fd0 f i Dlg_lmat.obj
 0001:00009000       ?SetNormal_S@CDrCurve@@QAEXUWORLD@@@Z 1000a000 f i Dlg_lmat.obj
 0001:00009060       ?GetSegAngle_S@CDrCurve@@QAENXZ 1000a060 f i Dlg_lmat.obj
 0001:00009080       ?SetSegAngle_S@CDrCurve@@QAEXN@Z 1000a080 f i Dlg_lmat.obj
 0001:000090b0       ?GetCNode_CC@CDrCurve@@QAEPAVCDrNode@@XZ 1000a0b0 f i Dlg_lmat.obj
 0001:000090d0       ?SetCNode_CC@CDrCurve@@QAEXPAVCDrNode@@@Z 1000a0d0 f i Dlg_lmat.obj
 0001:00009100       ?GetCNode_TI@CDrCurve@@QAEPAVCDrNode@@XZ 1000a100 f i Dlg_lmat.obj
 0001:00009120       ?SetCNode_TI@CDrCurve@@QAEXPAVCDrNode@@@Z 1000a120 f i Dlg_lmat.obj
 0001:00009150       ?GetCNode_CA@CDrCurve@@QAEPAVCDrNode@@XZ 1000a150 f i Dlg_lmat.obj
 0001:00009170       ?SetCNode_CA@CDrCurve@@QAEXPAVCDrNode@@@Z 1000a170 f i Dlg_lmat.obj
 0001:000091a0       ?GetCNode_CB@CDrCurve@@QAEPAVCDrNode@@XZ 1000a1a0 f i Dlg_lmat.obj
 0001:000091c0       ?SetCNode_CB@CDrCurve@@QAEXPAVCDrNode@@@Z 1000a1c0 f i Dlg_lmat.obj
 0001:000091f0       ?IsHole_S@CDrCurve@@QAEHXZ 1000a1f0 f i Dlg_lmat.obj
 0001:00009210       ?SetHole_S@CDrCurve@@QAEXH@Z 1000a210 f i Dlg_lmat.obj
 0001:00009240       ?GetpTangents_S@CDrCurve@@QAEPAUWORLD@@XZ 1000a240 f i Dlg_lmat.obj
 0001:00009260       ?SetpTangents_S@CDrCurve@@QAEXPAUWORLD@@@Z 1000a260 f i Dlg_lmat.obj
 0001:00009290       ?GetpCurvatures_S@CDrCurve@@QAEPANXZ 1000a290 f i Dlg_lmat.obj
 0001:000092b0       ?SetpCurvatures_S@CDrCurve@@QAEXPAN@Z 1000a2b0 f i Dlg_lmat.obj
 0001:000092e0       ?GetRatio_S@CDrCurve@@QAENXZ 1000a2e0 f i Dlg_lmat.obj
 0001:00009300       ?SetRatio_S@CDrCurve@@QAEXN@Z 1000a300 f i Dlg_lmat.obj
 0001:00009330       ?IsAxisInput@CDrCurve@@QAEHXZ 1000a330 f i Dlg_lmat.obj
 0001:00009350       ?SetAxisInput@CDrCurve@@QAEXH@Z 1000a350 f i Dlg_lmat.obj
 0001:00009380       ?GetAxis@CDrCurve@@QAEHXZ  1000a380 f i Dlg_lmat.obj
 0001:000093a0       ?SetAxis@CDrCurve@@QAEXH@Z 1000a3a0 f i Dlg_lmat.obj
 0001:000093d0       ?IsNegative@CDrCurve@@QAEHXZ 1000a3d0 f i Dlg_lmat.obj
 0001:000093f0       ?SetNegative@CDrCurve@@QAEXH@Z 1000a3f0 f i Dlg_lmat.obj
 0001:00009420       ?GetCircleType@CDrCurve@@QAE?AW4CIRCLETYPE@@XZ 1000a420 f i Dlg_lmat.obj
 0001:00009440       ?SetCircleType@CDrCurve@@QAEXW4CIRCLETYPE@@@Z 1000a440 f i Dlg_lmat.obj
 0001:00009470       ?GetInputType@CDrCurve@@QAEHXZ 1000a470 f i Dlg_lmat.obj
 0001:00009490       ?SetInputType@CDrCurve@@QAEXH@Z 1000a490 f i Dlg_lmat.obj
 0001:000094c0       ?IsArcType@CDrCurve@@QAEHXZ 1000a4c0 f i Dlg_lmat.obj
 0001:000094e0       ?SetArcType@CDrCurve@@QAEXH@Z 1000a4e0 f i Dlg_lmat.obj
 0001:00009510       ?GetElperSegList_S@CDrCurve@@QAEPAV?$CList@HH@@XZ 1000a510 f i Dlg_lmat.obj
 0001:00009530       ?IsSkewed@CDrCurve@@UAEHXZ 1000a530 f i Dlg_lmat.obj
 0001:00009550       ?SetSkewed@CDrCurve@@UAEXH@Z 1000a550 f i Dlg_lmat.obj
 0001:00009580       ?IsLinSpr@CDrCurve@@UAEHXZ 1000a580 f i Dlg_lmat.obj
 0001:000095a0       ?SetLinSpr@CDrCurve@@UAEXH@Z 1000a5a0 f i Dlg_lmat.obj
 0001:000095d0       ?IsLinSnu@CDrCurve@@UAEHXZ 1000a5d0 f i Dlg_lmat.obj
 0001:000095f0       ?SetLinSnu@CDrCurve@@UAEXH@Z 1000a5f0 f i Dlg_lmat.obj
 0001:00009620       ?CullWorld@CDrCurve@@UAEHUWORLD@@@Z 1000a620 f i Dlg_lmat.obj
 0001:00009640       ?CullScreen@CDrCurve@@UAEHPAUMATRIX@@@Z 1000a640 f i Dlg_lmat.obj
 0001:00009660       ?Calc_CentroidWorld@CDrCurve@@UAEXXZ 1000a660 f i Dlg_lmat.obj
 0001:00009680       ?Calc_CentroidEye@CDrCurve@@UAEXXZ 1000a680 f i Dlg_lmat.obj
 0001:000096a0       ?Calc_CentroidScreen3D@CDrCurve@@UAEXNN@Z 1000a6a0 f i Dlg_lmat.obj
 0001:000096c0       ?Calc_NormalWorld@CDrCurve@@UAEXXZ 1000a6c0 f i Dlg_lmat.obj
 0001:000096e0       ?TransformNormalToEye@CDrCurve@@UAEXPAUMATRIX@@@Z 1000a6e0 f i Dlg_lmat.obj
 0001:00009700       ?ProjectNormalToScreen3D@CDrCurve@@UAEXPAUMATRIX@@NN@Z 1000a700 f i Dlg_lmat.obj
 0001:00009720       ?GetNormalWorld@CDrCurve@@UAEPAUWORLD@@XZ 1000a720 f i Dlg_lmat.obj
 0001:00009740       ?SetNormalWorld@CDrCurve@@UAEXUWORLD@@@Z 1000a740 f i Dlg_lmat.obj
 0001:00009760       ?GetNormalEye@CDrCurve@@UAEPAUWORLD@@XZ 1000a760 f i Dlg_lmat.obj
 0001:00009780       ?SetNormalEye@CDrCurve@@UAEXUWORLD@@@Z 1000a780 f i Dlg_lmat.obj
 0001:000097a0       ?GetNormalScreen3D@CDrCurve@@UAEPAUWORLD@@XZ 1000a7a0 f i Dlg_lmat.obj
 0001:000097c0       ?SetNormalScreen3D@CDrCurve@@UAEXUWORLD@@@Z 1000a7c0 f i Dlg_lmat.obj
 0001:000097e0       ?GetNormalScreen2D@CDrCurve@@UAEPAUtagPOINT@@XZ 1000a7e0 f i Dlg_lmat.obj
 0001:00009800       ?SetNormalScreen2D@CDrCurve@@UAEXUtagPOINT@@@Z 1000a800 f i Dlg_lmat.obj
 0001:00009820       ?GetNodTopoList@CDrCurve@@QAEPAVCDListMgr@@XZ 1000a820 f i Dlg_lmat.obj
 0001:00009840       ?GetSuppCardList@CDrCurve@@QAEPAV?$CList@Usupportcard@@U1@@@XZ 1000a840 f i Dlg_lmat.obj
 0001:00009860       ?GetStaLCardList@CDrCurve@@QAEPAV?$CList@UstaLcard@@U1@@@XZ 1000a860 f i Dlg_lmat.obj
 0001:00009880       ?GetBndryPtList@CDrCurve@@QAEPAV?$CList@UWORLD@@U1@@@XZ 1000a880 f i Dlg_lmat.obj
 0001:000098a0       ?GetBezierType@CDrCurve@@QAE?AW4BEZIERTYPE@@XZ 1000a8a0 f i Dlg_lmat.obj
 0001:000098c0       ?SetBezierType@CDrCurve@@QAEXW4BEZIERTYPE@@@Z 1000a8c0 f i Dlg_lmat.obj
 0001:000098f0       ?GetCategory@CDrPatch@@UAE?AW4CATEGORY@@XZ 1000a8f0 f i Dlg_lmat.obj
 0001:00009910       ?SetCategory@CDrPatch@@UAEXW4CATEGORY@@@Z 1000a910 f i Dlg_lmat.obj
 0001:00009930       ?IsNormalNeeded@CDrPatch@@UAEHXZ 1000a930 f i Dlg_lmat.obj
 0001:00009950       ?SetNormalNeed@CDrPatch@@UAEXH@Z 1000a950 f i Dlg_lmat.obj
 0001:00009980       ?GetCurveType_T@CDrPatch@@QAE?AW4CURVEPROC@@XZ 1000a980 f i Dlg_lmat.obj
 0001:000099a0       ?SetCurveType_T@CDrPatch@@QAEXW4CURVEPROC@@@Z 1000a9a0 f i Dlg_lmat.obj
 0001:000099d0       ?GetOutSegUnif_T@CDrPatch@@QAEHXZ 1000a9d0 f i Dlg_lmat.obj
 0001:000099f0       ?SetOutSegUnif_T@CDrPatch@@QAEXH@Z 1000a9f0 f i Dlg_lmat.obj
 0001:00009a20       ?IsClosed_T@CDrPatch@@QAEHXZ 1000aa20 f i Dlg_lmat.obj
 0001:00009a40       ?SetClosed_T@CDrPatch@@QAEXH@Z 1000aa40 f i Dlg_lmat.obj
 0001:00009a70       ?GetMaxBezSegments_T@CDrPatch@@QAEHXZ 1000aa70 f i Dlg_lmat.obj
 0001:00009a90       ?SetMaxBezSegments_T@CDrPatch@@QAEXH@Z 1000aa90 f i Dlg_lmat.obj
 0001:00009ac0       ?GetMaxCNodes_T@CDrPatch@@QAEHXZ 1000aac0 f i Dlg_lmat.obj
 0001:00009ae0       ?SetMaxCNodes_T@CDrPatch@@QAEXH@Z 1000aae0 f i Dlg_lmat.obj
 0001:00009b10       ?GetMaxOutPts_T@CDrPatch@@QAEHXZ 1000ab10 f i Dlg_lmat.obj
 0001:00009b30       ?SetMaxOutPts_T@CDrPatch@@QAEXH@Z 1000ab30 f i Dlg_lmat.obj
 0001:00009b60       ?GetNodes_S@CDrPatch@@QAEHXZ 1000ab60 f i Dlg_lmat.obj
 0001:00009b80       ?SetNodes_S@CDrPatch@@QAEXH@Z 1000ab80 f i Dlg_lmat.obj
 0001:00009bb0       ?GetNodes_T@CDrPatch@@QAEHXZ 1000abb0 f i Dlg_lmat.obj
 0001:00009bd0       ?SetNodes_T@CDrPatch@@QAEXH@Z 1000abd0 f i Dlg_lmat.obj
 0001:00009c00       ?GetPrimaryDir@CDrPatch@@QAEHXZ 1000ac00 f i Dlg_lmat.obj
 0001:00009c20       ?SetPrimaryDir@CDrPatch@@QAEXH@Z 1000ac20 f i Dlg_lmat.obj
 0001:00009c50       ?GetBlendCurve@CDrPatch@@QAEPAVCDrCurve@@XZ 1000ac50 f i Dlg_lmat.obj
 0001:00009c70       ?SetBlendCurve@CDrPatch@@QAEXPAVCDrCurve@@@Z 1000ac70 f i Dlg_lmat.obj
 0001:00009ca0       ?GetBlendCurve_U@CDrPatch@@QAEPAVCDrCurve@@XZ 1000aca0 f i Dlg_lmat.obj
 0001:00009cc0       ?SetBlendCurve_U@CDrPatch@@QAEXPAVCDrCurve@@@Z 1000acc0 f i Dlg_lmat.obj
 0001:00009cf0       ?GetBlendCurve_V@CDrPatch@@QAEPAVCDrCurve@@XZ 1000acf0 f i Dlg_lmat.obj
 0001:00009d10       ?SetBlendCurve_V@CDrPatch@@QAEXPAVCDrCurve@@@Z 1000ad10 f i Dlg_lmat.obj
 0001:00009d40       ?GetBlendCurve_W@CDrPatch@@QAEPAVCDrCurve@@XZ 1000ad40 f i Dlg_lmat.obj
 0001:00009d60       ?SetBlendCurve_W@CDrPatch@@QAEXPAVCDrCurve@@@Z 1000ad60 f i Dlg_lmat.obj
 0001:00009d90       ?GetVCurveList@CDrPatch@@QAEPAVCDListMgr@@XZ 1000ad90 f i Dlg_lmat.obj
 0001:00009db0       ?GetCurveList_U@CDrPatch@@QAEPAVCDListMgr@@XZ 1000adb0 f i Dlg_lmat.obj
 0001:00009dd0       ?GetCurveList_V@CDrPatch@@QAEPAVCDListMgr@@XZ 1000add0 f i Dlg_lmat.obj
 0001:00009df0       ?GetCurveList_W@CDrPatch@@QAEPAVCDListMgr@@XZ 1000adf0 f i Dlg_lmat.obj
 0001:00009e10       ?GetCurveLatchList_U@CDrPatch@@QAEPAV?$CList@W4CURVELATCH@@W41@@@XZ 1000ae10 f i Dlg_lmat.obj
 0001:00009e30       ?GetCurveLatchList_V@CDrPatch@@QAEPAV?$CList@W4CURVELATCH@@W41@@@XZ 1000ae30 f i Dlg_lmat.obj
 0001:00009e50       ?GetCurveLatchList_W@CDrPatch@@QAEPAV?$CList@W4CURVELATCH@@W41@@@XZ 1000ae50 f i Dlg_lmat.obj
 0001:00009e70       ?IsAdvancedEnd_U@CDrPatch@@QAEHXZ 1000ae70 f i Dlg_lmat.obj
 0001:00009e90       ?SetAdvancedEnd_U@CDrPatch@@QAEXH@Z 1000ae90 f i Dlg_lmat.obj
 0001:00009ec0       ?GetCornerTwist_U@CDrPatch@@QAEPAY01UWORLD@@XZ 1000aec0 f i Dlg_lmat.obj
 0001:00009ee0       ?SetCornerTwist_U@CDrPatch@@QAEXPAY01UWORLD@@@Z 1000aee0 f i Dlg_lmat.obj
 0001:00009f10       ?GetTwistMethod_U@CDrPatch@@QAE?AW4TWIST@@XZ 1000af10 f i Dlg_lmat.obj
 0001:00009f30       ?SetTwistMethod_U@CDrPatch@@QAEXW4TWIST@@@Z 1000af30 f i Dlg_lmat.obj
 0001:00009f60       ?IsAdvancedEnd_V@CDrPatch@@QAEHXZ 1000af60 f i Dlg_lmat.obj
 0001:00009f80       ?SetAdvancedEnd_V@CDrPatch@@QAEXH@Z 1000af80 f i Dlg_lmat.obj
 0001:00009fb0       ?GetCornerTwist_V@CDrPatch@@QAEPAY01UWORLD@@XZ 1000afb0 f i Dlg_lmat.obj
[...]
 0002:00006018       ??_C@_0N@DAL@UNPOST?5Curve?$AA@ 10047018     MSolMgr.obj
 0002:00006028       ??_C@_0L@PFOO@POST?5Curve?$AA@ 10047028     MSolMgr.obj
 0002:00006034       ??_C@_0L@GIEI@MOVE?5Curve?$AA@ 10047034     MSolMgr.obj
 0002:00006040       ??_C@_0L@LOFI@EDIT?5Curve?$AA@ 10047040     MSolMgr.obj
 0002:0000604c       ??_C@_0BA@PMJH@OPERATION?5Curve?$AA@ 1004704c     MSolMgr.obj
 0002:0000605c       ??_C@_0L@KDAP@NURB?5Curve?$AA@ 1004705c     MSolMgr.obj
 0002:00006068       ??_C@_0P@FGGO@B?9SPLINE?5Curve?$AA@ 10047068     MSolMgr.obj
 0002:00006078       ??_C@_0N@IOIN@BEZIER?5Curve?$AA@ 10047078     MSolMgr.obj
 0002:00006088       ??_C@_0O@NLEA@HERMITE?5Curve?$AA@ 10047088     MSolMgr.obj
 0002:00006098       ??_C@_0BA@OMIE@QUADRATIC?5Curve?$AA@ 10047098     MSolMgr.obj
 0002:000060a8       ??_C@_0N@ILBB@LINEAR?5Curve?$AA@ 100470a8     MSolMgr.obj
 0002:000060b8       ??_C@_0P@HNHI@PARABOLA?5Curve?$AA@ 100470b8     MSolMgr.obj
 0002:000060c8       ??_C@_0P@OJDG@ELLIPTIC?5Curve?$AA@ 100470c8     MSolMgr.obj
 0002:000060d8       ??_C@_0P@GAFK@CIRCULAR?5Curve?$AA@ 100470d8     MSolMgr.obj
 0002:000060e8       ??_C@_05EKJA@CURVE?$AA@    100470e8     MSolMgr.obj
 0002:000060f0       ??_7CMSolMgr@@6B@          100470f0     MSolMgr.obj
 0002:00006104       ??_C@_0BD@LCCB@?5MSolMgr?7?3Loading?6?$AA@ 10047104     MSolMgr.obj
 0002:00006118       ??_C@_0BD@HFHH@?5MSolMgr?7?3Storing?6?$AA@ 10047118     MSolMgr.obj
 0002:00006130       ?classCSasePage@CSasePage@@2UCRuntimeClass@@B 10047130     SasePage.obj
 0002:00006148       ?messageMap@CSasePage@@1UAFX_MSGMAP@@B 10047148     SasePage.obj
 0002:00006150       ?_messageEntries@CSasePage@@0QBUAFX_MSGMAP_ENTRY@@B 10047150     SasePage.obj
 0002:00006168       ??_C@_09LEIA@CSasePage?$AA@ 10047168     SasePage.obj
 0002:00006174       ??_7CSasePage@@6B@         10047174     SasePage.obj
 0002:00006278       ?classCSheet_SOLI@CSheet_SOLI@@2UCRuntimeClass@@B 10047278     Sheet_SOLI.obj
 0002:00006290       ?messageMap@CSheet_SOLI@@1UAFX_MSGMAP@@B 10047290     Sheet_SOLI.obj
 0002:00006298       ?_messageEntries@CSheet_SOLI@@0QBUAFX_MSGMAP_ENTRY@@B 10047298     Sheet_SOLI.obj
 0002:000062c8       ??_C@_0M@CNOF@CSheet_SOLI?$AA@ 100472c8     Sheet_SOLI.obj
 0002:000062d4       ??_7CSheet_SOLI@@6B@       100472d4     Sheet_SOLI.obj
 0002:000063a0       ??_C@_0BC@OFAL@Gordon?5Solid?5Data?$AA@ 100473a0     Sheet_SOLI.obj
 0002:000063b4       ??_C@_0L@IOPH@Patch?5Data?$AA@ 100473b4     Sheet_SOLI.obj
 0002:000063c0       ??_C@_0BP@NJJD@Bndry?5Conditions?3?5Gordon?5Solid?$AA@ 100473c0     Sheet_SOLI.obj
 0002:000063e0       ??_C@_0BK@PBGM@Tensor?5Product?5Solid?5Data?$AA@ 100473e0     Sheet_SOLI.obj
 0002:000063fc       ??_C@_0L@DKPP@Nodal?5Data?$AA@ 100473fc     Sheet_SOLI.obj
 0002:00006408       ??_C@_0CH@HFMF@Bndry?5Conditions?3?5Tensor?5Product@ 10047408     Sheet_SOLI.obj
 0002:00006430       ??_C@_0BB@CODJ@End?5Conditions_V?$AA@ 10047430     Sheet_SOLI.obj
 0002:00006444       ??_C@_0BB@NBIA@End?5Conditions_U?$AA@ 10047444     Sheet_SOLI.obj
 0002:00006458       ??_C@_05FLN@Twist?$AA@     10047458     Sheet_SOLI.obj
 0002:00006460       ??_C@_0BB@LPFK@Coons?5Solid?5Data?$AA@ 10047460     Sheet_SOLI.obj
 0002:00006474       ??_C@_0L@MPAH@Coons?5Data?$AA@ 10047474     Sheet_SOLI.obj
 0002:00006480       ??_C@_0BE@KCPC@Sweeping?5Solid?5Data?$AA@ 10047480     Sheet_SOLI.obj
 0002:00006494       ??_C@_0L@GNDK@Sweep?5Data?$AA@ 10047494     Sheet_SOLI.obj
 0002:000064a0       ??_C@_0BC@NIFF@Ducted?5Solid?5Data?$AA@ 100474a0     Sheet_SOLI.obj
 0002:000064b4       ??_C@_09OJIB@Duct?5Data?$AA@ 100474b4     Sheet_SOLI.obj
 0002:000064c0       ??_C@_0BC@OAMA@Lofted?5Solid?5Data?$AA@ 100474c0     Sheet_SOLI.obj
 0002:000064d4       ??_C@_09DMMD@Loft?5Data?$AA@ 100474d4     Sheet_SOLI.obj
 0002:000064e0       ??_C@_0BG@HOLM@Revolution?5Solid?5Data?$AA@ 100474e0     Sheet_SOLI.obj
 0002:000064f8       ??_C@_0BA@CLJB@Revolution?5Data?$AA@ 100474f8     Sheet_SOLI.obj
 0002:00006508       ??_C@_0BF@JJKC@Extrusion?5Solid?5Data?$AA@ 10047508     Sheet_SOLI.obj
 0002:00006520       ??_C@_0P@IBHH@Extrusion?5Data?$AA@ 10047520     Sheet_SOLI.obj
 0002:00006530       ?classCSO_Xtrud@CSO_Xtrud@@2UCRuntimeClass@@B 10047530     So_xtrud.obj
 0002:00006548       ??_C@_09JIDE@CSO_Xtrud?$AA@ 10047548     So_xtrud.obj
 0002:00006558       _IID_IDocHostUIHandlerDispatch 10047558     mfcs42d:stdafx.obj
 0002:00006568       _IID_IInternalConnection   10047568     mfcs42d:stdafx.obj
 0002:00006578       _IID_IAxWinAmbientDispatch 10047578     mfcs42d:stdafx.obj
 0002:00006588       _IID_IAxWinHostWindow      10047588     mfcs42d:stdafx.obj
 0002:00006598       _IID_IRegistrar            10047598     mfcs42d:stdafx.obj
 0002:000065a8       _CLSID_Registrar           100475a8     mfcs42d:stdafx.obj
 0002:000065b8       _LIBID_ATLLib              100475b8     mfcs42d:stdafx.obj
 0002:000065e4       ??_C@_08JKC@crtdll?4c?$AA@ 100475e4     msvcrtd:crtdll.obj
 0002:000092b8       __IMPORT_DESCRIPTOR_OMgr_D32 1004a2b8     OMgr_D32:OMgr_D32.dll
 0002:000092cc       __IMPORT_DESCRIPTOR_Spec_D32 1004a2cc     Spec_d32:Spec_D32.dll
 0002:000092e0       __IMPORT_DESCRIPTOR_Draw_D32 1004a2e0     Draw_D32:Draw_D32.dll
 0002:000092f4       __IMPORT_DESCRIPTOR_Elem_D32 1004a2f4     Elem_D32:Elem_D32.dll
 0002:00009308       __IMPORT_DESCRIPTOR_OGEN_D32 1004a308     OGen_D32:OGEN_D32.dll
 0002:0000931c       __IMPORT_DESCRIPTOR_Dr3D_D32 1004a31c     Dr3D_D32:Dr3D_D32.dll
 0002:00009330       __IMPORT_DESCRIPTOR_MNod_D32 1004a330     MNod_D32:MNod_D32.dll
 0002:00009344       __IMPORT_DESCRIPTOR_MCur_D32 1004a344     MCur_D32:MCur_D32.dll
 0002:00009358       __IMPORT_DESCRIPTOR_MPat_D32 1004a358     MPat_D32:MPat_D32.dll
 0002:0000936c       __IMPORT_DESCRIPTOR_MFC42D 1004a36c     mfc42d:MFC42D.DLL
 0002:00009380       __IMPORT_DESCRIPTOR_MSVCRTD 1004a380     msvcrtd:MSVCRTD.dll
 0002:00009394       __IMPORT_DESCRIPTOR_USER32 1004a394     user32:USER32.dll
 0002:000093a8       __NULL_IMPORT_DESCRIPTOR   1004a3a8     OMgr_D32:OMgr_D32.dll
 0003:00000000       ___xc_a                    10064000     msvcrtd:cinitexe.obj
 0003:00000040       ___xc_z                    10064040     msvcrtd:cinitexe.obj
 0003:00000044       ___xi_a                    10064044     msvcrtd:cinitexe.obj
 0003:00000048       ___xi_z                    10064048     msvcrtd:cinitexe.obj
 0003:000002bc       ?__LINE__Var@?1??SetInfoForDataBase@CDlg_Loft_S@@QAEXPAVCDrSolid@@@Z@4FA 100642bc     Dlg_slof.obj
 0003:00000320       ?__LINE__Var@?1??SetInfoForDataBase@CDlg_RotP_S@@QAEXPAVCDrSolid@@@Z@4FA 10064320     Dlg_srot.obj
 0003:00000384       ?__LINE__Var@?1??SetInfoForDataBase@CDlg_Xtrd_S@@QAEXPAVCDrSolid@@@Z@4FA 10064384     Dlg_sxtr.obj
 0003:000003f0       ?classCMI_GangS@CMI_GangS@@2UCRuntimeClass@@A 100643f0     mi_gangs.obj
 0003:00000438       ?classCMS_Duc3@CMS_Duc3@@2UCRuntimeClass@@A 10064438     ms_duc3.obj
 0003:00000450       ?__LINE__Var@?1??GoDoIt@CMS_Duc3@@QAEHHHHAAVCString@@PAVCDrSolid@@PAVCDListMgr@@2PAV?$CList@W4CURVELATCH@@W41@@@2PAV?$CList@W4PATCHLATCH@@W41@@@PAV?$CList@NN@@NHNPAVCView@@@Z@4FA 10064450     ms_duc3.obj
 0003:00000454       ?__LINE__Var@?1??SetSolidDataFromPatch@CMS_Duc3@@IAEHPAVCDrPatch@@@Z@4FA 10064454     ms_duc3.obj
 0003:00000458       ?__LINE__Var@?1??GetSolidInfoFromSpine_R@CMS_Duc3@@IAEHPAVCDrCurve@@@Z@4FA 10064458     ms_duc3.obj
 0003:0000045c       ?__LINE__Var@?1??PostSolBezInfoUsingBlendingInfo@CMS_Duc3@@IAEHPAVCDrSolid@@PAVCDrCurve@@PAUWORLD@@PANHHHH@Z@4FA 1006445c     ms_duc3.obj
 0003:00000460       ?__LINE__Var@?1??PostPatBezInfo@CMS_Duc3@@IAEHPAVCDrSolid@@AAVCDListMgr@@PANHHH@Z@4FA 10064460     ms_duc3.obj
 0003:00000464       ?__LINE__Var@?1??TempPostSolBezJunctionPtsInINodeList@CMS_Duc3@@IAEHPAUWORLD@@HHHPAVCDListMgr@@@Z@4FA 10064464     ms_duc3.obj
 0003:00000468       ?__LINE__Var@?1??Copy_N_TransferBezControlInfo@CMS_Duc3@@IAEHPAVCDrCurve@@PAVCDListMgr@@AAVCString@@H@Z@4FA 10064468     ms_duc3.obj
 0003:000004a0       ?classCMS_Duct@CMS_Duct@@2UCRuntimeClass@@A 100644a0     ms_duct.obj
 0003:000004b8       ?__LINE__Var@?1??GoDoIt@CMS_Duct@@QAEHHHHAAVCString@@PAVCDrSolid@@PAVCDListMgr@@2PAV?$CList@W4CURVELATCH@@W41@@@2PAV?$CList@W4PATCHLATCH@@W41@@@PAV?$CList@NN@@NHNPAVCView@@@Z@4FA 100644b8     ms_duct.obj
 0003:000004bc       ?__LINE__Var@?1??SetSolidDataFromPatch@CMS_Duct@@IAEHPAVCDrPatch@@@Z@4FA 100644bc     ms_duct.obj
 0003:000004c0       ?__LINE__Var@?1??GetSolidInfoFromSpine_R@CMS_Duct@@IAEHPAVCDrCurve@@@Z@4FA 100644c0     ms_duct.obj
 0003:000004c4       ?__LINE__Var@?1??PostSolBezInfoUsingBlendingInfo@CMS_Duct@@IAEHPAVCDrSolid@@PAVCDrCurve@@PAUWORLD@@PANHHHH@Z@4FA 100644c4     ms_duct.obj
 0003:000004c8       ?__LINE__Var@?1??PostPatBezInfo@CMS_Duct@@IAEHPAVCDrSolid@@AAVCDListMgr@@PANHHH@Z@4FA 100644c8     ms_duct.obj
 0003:000004cc       ?__LINE__Var@?1??TempPostSolBezJunctionPtsInINodeList@CMS_Duct@@IAEHPAUWORLD@@HHHPAVCDListMgr@@@Z@4FA 100644cc     ms_duct.obj
 0003:000004d0       ?__LINE__Var@?1??Copy_N_TransferBezControlInfo@CMS_Duct@@IAEHPAVCDrCurve@@PAVCDListMgr@@AAVCString@@H@Z@4FA 100644d0     ms_duct.obj
 0003:00000508       ?classCMS_Lof32@CMS_Lof32@@2UCRuntimeClass@@A 10064508     ms_lof32.obj
 0003:00000550       ?classCMS_Lof42@CMS_Lof42@@2UCRuntimeClass@@A 10064550     ms_lof42.obj
 0003:00000598       ?classCMS_Rota3@CMS_Rota3@@2UCRuntimeClass@@A 10064598     ms_rota3.obj
 0003:000005b0       ?__LINE__Var@?1??GoDoIt@CMS_Rota3@@QAEHHHAAVCString@@PAVCDrSolid@@PAVCDListMgr@@2PAV?$CList@W4PATCHLATCH@@W41@@@AAV?$CList@HH@@NNHHHPAVCView@@@Z@4FA 100645b0     ms_rota3.obj
 0003:000005b4       ?__LINE__Var@?1??SetSolidDataFromPatch@CMS_Rota3@@IAEHPAVCDrPatch@@@Z@4FA 100645b4     ms_rota3.obj
 0003:000005b8       ?__LINE__Var@?1??PostSolCNodes_N_Wts@CMS_Rota3@@IAEHPAVCDrSolid@@PAUWORLD@@PANHHH@Z@4FA 100645b8     ms_rota3.obj
 0003:000005bc       ?__LINE__Var@?1??GetSolidInfo_R@CMS_Rota3@@IAEHPAV?$CList@HH@@NN@Z@4FA 100645bc     ms_rota3.obj
 0003:000005f0       ?classCMS_Rotat@CMS_Rotat@@2UCRuntimeClass@@A 100645f0     ms_rotat.obj
 0003:00000608       ?__LINE__Var@?1??GoDoIt@CMS_Rotat@@QAEHHHAAVCString@@PAVCDrSolid@@PAVCDListMgr@@2PAV?$CList@W4PATCHLATCH@@W41@@@AAV?$CList@HH@@NNHHHPAVCView@@@Z@4FA 10064608     ms_rotat.obj
 0003:0000060c       ?__LINE__Var@?1??SetSolidDataFromPatch@CMS_Rotat@@IAEHPAVCDrPatch@@@Z@4FA 1006460c     ms_rotat.obj
 0003:00000610       ?__LINE__Var@?1??PostSolCNodes_N_Wts@CMS_Rotat@@IAEHPAVCDrSolid@@PAUWORLD@@PANHHH@Z@4FA 10064610     ms_rotat.obj
 0003:00000614       ?__LINE__Var@?1??GetSolidInfo_R@CMS_Rotat@@IAEHPAV?$CList@HH@@NN@Z@4FA 10064614     ms_rotat.obj
 0003:00000648       ?classCMS_Swee3@CMS_Swee3@@2UCRuntimeClass@@A 10064648     ms_Swee3.obj
 0003:00000660       ?__LINE__Var@?1??GoDoIt@CMS_Swee3@@QAEHHHHHAAVCString@@PAVCDrSolid@@PAVCDListMgr@@2PAV?$CList@W4CURVELATCH@@W41@@@2PAV?$CList@W4PATCHLATCH@@W41@@@PAV?$CList@NN@@NHN5NHNPAVCView@@@Z@4FA 10064660     ms_Swee3.obj
 0003:00000664       ?__LINE__Var@?1??SetSolidDataFromPatch@CMS_Swee3@@IAEHPAVCDrPatch@@@Z@4FA 10064664     ms_Swee3.obj
 0003:00000668       ?__LINE__Var@?1??GetSolidInfoFromSpine_R@CMS_Swee3@@IAEHPAVCDrCurve@@@Z@4FA 10064668     ms_Swee3.obj
 0003:0000066c       ?__LINE__Var@?1??PostSolBezInfoUsingBlendingInfo@CMS_Swee3@@IAEHPAVCDrSolid@@PAVCDrCurve@@PAUWORLD@@PANHHHH@Z@4FA 1006466c     ms_Swee3.obj
 0003:00000670       ?__LINE__Var@?1??PostPatBezInfo@CMS_Swee3@@IAEHPAVCDrSolid@@AAVCDListMgr@@PANHHH@Z@4FA 10064670     ms_Swee3.obj
 0003:00000674       ?__LINE__Var@?1??TempPostSolBezJunctionPtsInINodeList@CMS_Swee3@@IAEHPAUWORLD@@HHHPAVCDListMgr@@@Z@4FA 10064674     ms_Swee3.obj
 0003:00000678       ?__LINE__Var@?1??Copy_N_TransferBezControlInfo@CMS_Swee3@@IAEHPAVCDrCurve@@PAVCDListMgr@@AAVCString@@H@Z@4FA 10064678     ms_Swee3.obj
 0003:000006b0       ?classCMS_Sweep@CMS_Sweep@@2UCRuntimeClass@@A 100646b0     ms_Sweep.obj
 0003:000006c8       ?__LINE__Var@?1??GoDoIt@CMS_Sweep@@QAEHHHHHAAVCString@@PAVCDrSolid@@PAVCDListMgr@@2PAV?$CList@W4CURVELATCH@@W41@@@2PAV?$CList@W4PATCHLATCH@@W41@@@PAV?$CList@NN@@NHN5NHNPAVCView@@@Z@4FA 100646c8     ms_Sweep.obj
 0003:000006cc       ?__LINE__Var@?1??SetSolidDataFromPatch@CMS_Sweep@@IAEHPAVCDrPatch@@@Z@4FA 100646cc     ms_Sweep.obj
 0003:000006d0       ?__LINE__Var@?1??GetSolidInfoFromSpine_R@CMS_Sweep@@IAEHPAVCDrCurve@@@Z@4FA 100646d0     ms_Sweep.obj
 0003:000006d4       ?__LINE__Var@?1??PostSolBezInfoUsingBlendingInfo@CMS_Sweep@@IAEHPAVCDrSolid@@PAVCDrCurve@@PAUWORLD@@PANHHHH@Z@4FA 100646d4     ms_Sweep.obj
 0003:000006d8       ?__LINE__Var@?1??PostPatBezInfo@CMS_Sweep@@IAEHPAVCDrSolid@@AAVCDListMgr@@PANHHH@Z@4FA 100646d8     ms_Sweep.obj
 0003:000006dc       ?__LINE__Var@?1??TempPostSolBezJunctionPtsInINodeList@CMS_Sweep@@IAEHPAUWORLD@@HHHPAVCDListMgr@@@Z@4FA 100646dc     ms_Sweep.obj
 0003:000006e0       ?__LINE__Var@?1??Copy_N_TransferBezControlInfo@CMS_Sweep@@IAEHPAVCDrCurve@@PAVCDListMgr@@AAVCString@@H@Z@4FA 100646e0     ms_Sweep.obj
 0003:00000718       ?classCMS_Xtru3@CMS_Xtru3@@2UCRuntimeClass@@A 10064718     Ms_xtru3.obj
 0003:00000730       ?__LINE__Var@?1??GoDoIt@CMS_Xtru3@@QAEHHHHAAVCString@@PAVCDrSolid@@PAVCDListMgr@@2PAV?$CList@W4PATCHLATCH@@W41@@@AAV?$CList@HH@@UWORLD@@NNPAVCView@@@Z@4FA 10064730     Ms_xtru3.obj
 0003:00000734       ?__LINE__Var@?1??SetSolidDataFromPatch@CMS_Xtru3@@IAEHPAVCDrPatch@@@Z@4FA 10064734     Ms_xtru3.obj
 0003:00000738       ?__LINE__Var@?1??PostSolCNodes_N_Wts@CMS_Xtru3@@IAEHPAVCDrSolid@@PAUWORLD@@PANHHH@Z@4FA 10064738     Ms_xtru3.obj
 0003:0000073c       ?__LINE__Var@?1??GetSolidInfo_R@CMS_Xtru3@@IAEHPAV?$CList@HH@@N@Z@4FA 1006473c     Ms_xtru3.obj
 0003:00000770       ?classCMS_Xtrud@CMS_Xtrud@@2UCRuntimeClass@@A 10064770     Ms_xtrud.obj
 0003:00000788       ?__LINE__Var@?1??GoDoIt@CMS_Xtrud@@QAEHHHHAAVCString@@PAVCDrSolid@@PAVCDListMgr@@2PAV?$CList@W4PATCHLATCH@@W41@@@AAV?$CList@HH@@UWORLD@@NNPAVCView@@@Z@4FA 10064788     Ms_xtrud.obj
 0003:0000078c       ?__LINE__Var@?1??SetSolidDataFromPatch@CMS_Xtrud@@IAEHPAVCDrPatch@@@Z@4FA 1006478c     Ms_xtrud.obj
 0003:00000790       ?__LINE__Var@?1??PostSolCNodes_N_Wts@CMS_Xtrud@@IAEHPAVCDrSolid@@PAUWORLD@@PANHHH@Z@4FA 10064790     Ms_xtrud.obj
 0003:00000794       ?__LINE__Var@?1??GetSolidInfo_R@CMS_Xtrud@@IAEHPAV?$CList@HH@@N@Z@4FA 10064794     Ms_xtrud.obj
 0003:000007bc       __pRawDllMain              100647bc     MSoldll.obj
 0003:000007d0       ?CuTypes@@3PAUcutypes@@A   100647d0     MSolMgr.obj
 0003:0000094c       ?nMax_CurveTypes@@3HA      1006494c     MSolMgr.obj
 0003:00000950       ?PaTypes@@3PAUpatypes@@A   10064950     MSolMgr.obj
 0003:00000ab8       ?nMax_PatchTypes@@3HA      10064ab8     MSolMgr.obj
 0003:00000ac0       ?SoTypes@@3PAUsotypes@@A   10064ac0     MSolMgr.obj
 0003:00000c28       ?nMax_SolidTypes@@3HA      10064c28     MSolMgr.obj
 0003:00000c30       ?ElTypes@@3PAUeltypes@@A   10064c30     MSolMgr.obj
 0003:00000f60       ?nMax_ElemTypes@@3HA       10064f60     MSolMgr.obj
 0003:00000f88       ?classCMSolMgr@CMSolMgr@@2UCRuntimeClass@@A 10064f88     MSolMgr.obj
 0003:00001000       ?__LINE__Var@?1??ConstructPages@CSheet_SOLI@@IAEXPAVCWnd@@@Z@4FA 10065000     Sheet_SOLI.obj
 0003:00001028       ?GUID_ATLVer30@ATL@@3U_GUID@@A 10065028     mfcs42d:stdafx.obj
 0003:00001080       ?_init_CMI_GangS@@3UAFX_CLASSINIT@@A 10065080     mi_gangs.obj
 0003:00001084       ?_init_CMS_Duc3@@3UAFX_CLASSINIT@@A 10065084     ms_duc3.obj
 0003:00001088       ?_init_CMS_Duct@@3UAFX_CLASSINIT@@A 10065088     ms_duct.obj
 0003:0000108c       ?_init_CMS_Lof32@@3UAFX_CLASSINIT@@A 1006508c     ms_lof32.obj
 0003:00001090       ?_init_CMS_Lof42@@3UAFX_CLASSINIT@@A 10065090     ms_lof42.obj
 0003:00001094       ?_init_CMS_Rota3@@3UAFX_CLASSINIT@@A 10065094     ms_rota3.obj
 0003:00001098       ?_init_CMS_Rotat@@3UAFX_CLASSINIT@@A 10065098     ms_rotat.obj
 0003:0000109c       ?_init_CMS_Swee3@@3UAFX_CLASSINIT@@A 1006509c     ms_Swee3.obj
 0003:000010a0       ?_init_CMS_Sweep@@3UAFX_CLASSINIT@@A 100650a0     ms_Sweep.obj
 0003:000010a4       ?_init_CMS_Xtru3@@3UAFX_CLASSINIT@@A 100650a4     Ms_xtru3.obj
 0003:000010a8       ?_init_CMS_Xtrud@@3UAFX_CLASSINIT@@A 100650a8     Ms_xtrud.obj
 0003:000010b0       __afxForceEXTDLL           100650b0     MSoldll.obj
 0003:000010b8       ?extensionMSol_DLL@@3UAFX_EXTENSION_MODULE@@A 100650b8     MSoldll.obj
 0003:000010cc       ?_init_CMSolMgr@@3UAFX_CLASSINIT@@A 100650cc     MSolMgr.obj
 0003:000010d0       __afxForceEXCLUDE          100650d0     mfcs42d:nolib.obj
 0003:000010d4       ?ATL_CREATE_OBJECT@CComApartment@ATL@@2IA 100650d4     mfcs42d:stdafx.obj
 0003:000010d8       ?m_libid@CComModule@ATL@@2U_GUID@@A 100650d8     mfcs42d:stdafx.obj
 0003:000010e8       ?_pModule@ATL@@3PAVCComModule@1@A 100650e8     mfcs42d:stdafx.obj
 0003:000010ec       __afxForceSTDAFX           100650ec     mfcs42d:stdafx.obj
 0003:000010f4       __adjust_fdiv              100650f4     <common>
 0003:000010f8       ___onexitend               100650f8     <common>
 0003:000010fc       ___onexitbegin             100650fc     <common>

 entry point at        0001:0003c950

 Static symbols

 0001:00039a70       _$E319                     1003aa70 f   MSolMgr.obj
 0001:00039a90       _$E318                     1003aa90 f   MSolMgr.obj
 0001:00037a20       _$E300                     10038a20 f   Ms_xtrud.obj
 0001:00037a40       _$E299                     10038a40 f   Ms_xtrud.obj
 0001:00035d50       _$E300                     10036d50 f   Ms_xtru3.obj
 0001:00035d70       _$E299                     10036d70 f   Ms_xtru3.obj
 0001:00032ed0       _$E307                     10033ed0 f   ms_Sweep.obj
 0001:00032ef0       _$E306                     10033ef0 f   ms_Sweep.obj
 0001:00030300       _$E307                     10031300 f   ms_Swee3.obj
 0001:00030320       _$E306                     10031320 f   ms_Swee3.obj
 0001:0002e5d0       _$E300                     1002f5d0 f   ms_rotat.obj
 0001:0002e5f0       _$E299                     1002f5f0 f   ms_rotat.obj
 0001:0002cc40       _$E300                     1002dc40 f   ms_rota3.obj
 0001:0002cc60       _$E299                     1002dc60 f   ms_rota3.obj
 0001:0002b810       _$E300                     1002c810 f   ms_lof42.obj
 0001:0002b830       _$E299                     1002c830 f   ms_lof42.obj
 0001:0002a720       _$E300                     1002b720 f   ms_lof32.obj
 0001:0002a740       _$E299                     1002b740 f   ms_lof32.obj
 0001:00027990       _$E307                     10028990 f   ms_duct.obj
 0001:000279b0       _$E306                     100289b0 f   ms_duct.obj
 0001:00023780       _$E307                     10024780 f   ms_duc3.obj
 0001:000237a0       _$E306                     100247a0 f   ms_duc3.obj
 0001:00021620       _$E298                     10022620 f   mi_gangs.obj
 0001:00021640       _$E297                     10022640 f   mi_gangs.obj
 0001:00010ec0       _$E299                     10011ec0 f   dlg_SI_EndCond.obj
 0001:00010ee0       _$E296                     10011ee0 f   dlg_SI_EndCond.obj
 0001:00010f10       _$E298                     10011f10 f   dlg_SI_EndCond.obj
 0001:00010f30       _$E297                     10011f30 f   dlg_SI_EndCond.obj
 0001:00010f60       _$E304                     10011f60 f   dlg_SI_EndCond.obj
 0001:00010f80       _$E301                     10011f80 f   dlg_SI_EndCond.obj
 0001:00011000       _$E303                     10012000 f   dlg_SI_EndCond.obj
 0001:00011020       _$E302                     10012020 f   dlg_SI_EndCond.obj
 0001:00011050       _$E309                     10012050 f   dlg_SI_EndCond.obj
 0001:00011070       _$E306                     10012070 f   dlg_SI_EndCond.obj
 0001:000110f0       _$E308                     100120f0 f   dlg_SI_EndCond.obj
 0001:00011110       _$E307                     10012110 f   dlg_SI_EndCond.obj
 0001:0003c790       ?ArrayUnwindFilter@@YAHPAU_EXCEPTION_POINTERS@@@Z 1003d790 f   msvcrtd:ehvecdtr.obj
