 Mdit_d32

 Timestamp is 444d81ad (Mon Apr 24 18:55:57 2006)

 Preferred load address is 10000000

 Start         Length     Name                   Class
 0001:00000000 0002c21eH .text                   CODE
 0001:0002c220 0000101fH .text$AFX_COL1          CODE
 0001:0002d240 000027efH .text$x                 CODE
 0001:0002fa2f 00062101H .textbss                CODE
 0002:00000000 00003274H .rdata                  DATA
 0002:00003278 00000e1dH .rdata$r                DATA
 0002:00004098 00001ecdH .xdata$x                DATA
 0002:00005f70 00018887H .edata                  DATA
 0003:00000000 00000104H .CRT$XCA                DATA
 0003:00000104 0000012bH .CRT$XCU                DATA
 0003:00000230 00000104H .CRT$XCZ                DATA
 0003:00000334 00000104H .CRT$XIA                DATA
 0003:00000438 00000104H .CRT$XIZ                DATA
 0003:00000540 0000099aH .data                   DATA
 0003:00000ee0 0000008cH .bss                    DATA
 0004:00000000 000000f0H .idata$2                DATA
 0004:000000f0 00000014H .idata$3                DATA
 0004:00000104 000009bcH .idata$4                DATA
 0004:00000ac0 000009bcH .idata$5                DATA
 0004:0000147c 00003015H .idata$6                DATA
 0005:00000000 00000666H .rsrc$01                DATA
 0005:00000670 00006160H .rsrc$02                DATA

  Address         Publics by Value              Rva+Base     Lib:Object

 0001:00004d40       ?GetProbLim@CMouse@@QAE?AW4PROBDIMLIM@@XZ 10005d40 f i CurMdit.obj
 0001:00004d60       ?SetProbLim@CMouse@@QAEXW4PROBDIMLIM@@@Z 10005d60 f i CurMdit.obj
 0001:00004d90       ?GetElemLim@CMouse@@QAE?AW4ELEMDIMLIM@@XZ 10005d90 f i CurMdit.obj
 0001:00004db0       ?SetElemLim@CMouse@@QAEXW4ELEMDIMLIM@@@Z 10005db0 f i CurMdit.obj
 0001:00004de0       ?GetCurrentThirdCoord@CMouse@@QAENXZ 10005de0 f i CurMdit.obj
 0001:00004e00       ?SetCurrentThirdCoord@CMouse@@QAEXN@Z 10005e00 f i CurMdit.obj
 0001:00004e30       ?GetMouseWIC@CMouse@@QAE?AULPOINT3@@XZ 10005e30 f i CurMdit.obj
 0001:00004e70       ?GetMouseOldWIC@CMouse@@QAE?AULPOINT3@@XZ 10005e70 f i CurMdit.obj
 0001:00004eb0       ?GetScrolledMouseWIC2D@CMouse@@IAE?AULPOINT@@XZ 10005eb0 f i CurMdit.obj
 0001:00004ef0       ?SetScrolledMouseWIC2D@CMouse@@IAEXULPOINT@@@Z 10005ef0 f i CurMdit.obj
 0001:00004f20       ??1CDlg_NodI@@UAE@XZ       10005f20 f i CurMdit.obj
 0001:00004fa0       ?Set3DPts@C3DMath@@QAEXPAULPOINT3@@JJJ@Z 10005fa0 f i CurMdit.obj
 0001:00004fe0       ?Set3DPts@C3DMath@@QAEXPAUWORLD@@NNN@Z 10005fe0 f i CurMdit.obj
 0001:00005040       ?Len3DPts@C3DMath@@QAENPAUWORLD@@@Z 10006040 f i CurMdit.obj
 0001:000050a0       ??1C3DMath@@UAE@XZ         100060a0 f i CurMdit.obj
 0001:000050d0       ??_GC3DMath@@UAEPAXI@Z     100060d0 f i CurMdit.obj
 0001:00005110       ??_EC3DMath@@UAEPAXI@Z     10006110 f i CurMdit.obj
 0001:000051b0       ?GetMatrix@CMatObj@@UAEPAUMATRIX@@XZ 100061b0 f i CurMdit.obj
 0001:000051d0       ?SetMatrix@CMatObj@@UAEXPAUMATRIX@@@Z 100061d0 f i CurMdit.obj
 0001:00005260       ?GetCurveLatch@CMatObj@@UAE?AW4CURVELATCH@@XZ 10006260 f i CurMdit.obj
 0001:00005280       ?SetCurveLatch@CMatObj@@UAEXW4CURVELATCH@@@Z 10006280 f i CurMdit.obj
 0001:000052b0       ?IsInstanced_Prof@CMatObj@@UAEHXZ 100062b0 f i CurMdit.obj
 0001:000052d0       ?SetInstanced_Prof@CMatObj@@UAEXH@Z 100062d0 f i CurMdit.obj
 0001:00005300       ?GetFromID@CMatObj@@UAE?AVCString@@XZ 10006300 f i CurMdit.obj
 0001:00005350       ?SetFromID@CMatObj@@UAEXVCString@@@Z 10006350 f i CurMdit.obj
 0001:000053d0       ?GetFromPt@CMatObj@@UAE?AUWORLD@@XZ 100063d0 f i CurMdit.obj
 0001:00005410       ?SetFromPt@CMatObj@@UAEXUWORLD@@@Z 10006410 f i CurMdit.obj
 0001:00005450       ?GetToID@CMatObj@@UAE?AVCString@@XZ 10006450 f i CurMdit.obj
 0001:000054a0       ?SetToID@CMatObj@@UAEXVCString@@@Z 100064a0 f i CurMdit.obj
 0001:00005520       ?GetToPt@CMatObj@@UAE?AUWORLD@@XZ 10006520 f i CurMdit.obj
 0001:00005560       ?SetToPt@CMatObj@@UAEXUWORLD@@@Z 10006560 f i CurMdit.obj
 0001:000055a0       ?GetRotPtID@CMatObj@@UAE?AVCString@@XZ 100065a0 f i CurMdit.obj
 0001:000055f0       ?SetRotPtID@CMatObj@@UAEXVCString@@@Z 100065f0 f i CurMdit.obj
 0001:00005670       ?GetRotPt@CMatObj@@UAE?AUWORLD@@XZ 10006670 f i CurMdit.obj
 0001:000056b0       ?SetRotPt@CMatObj@@UAEXUWORLD@@@Z 100066b0 f i CurMdit.obj
 0001:000056f0       ?IsCoordIn@CMatObj@@UAEHXZ 100066f0 f i CurMdit.obj
 0001:00005720       ?SetCoordIn@CMatObj@@UAEXH@Z 10006720 f i CurMdit.obj
 0001:00005750       ?GetTranPtID@CMatObj@@UAE?AVCString@@XZ 10006750 f i CurMdit.obj
 0001:000057a0       ?SetTranPtID@CMatObj@@UAEXVCString@@@Z 100067a0 f i CurMdit.obj
 0001:00005820       ?GetTranslation@CMatObj@@UAE?AUWORLD@@XZ 10006820 f i CurMdit.obj
 0001:00005860       ?SetTranslation@CMatObj@@UAEXUWORLD@@@Z 10006860 f i CurMdit.obj
 0001:000058a0       ?IsAngleIn@CMatObj@@UAEHXZ 100068a0 f i CurMdit.obj
 0001:000058d0       ?SetAngleIn@CMatObj@@UAEXH@Z 100068d0 f i CurMdit.obj
 0001:00005900       ?IsDirCos@CMatObj@@UAEHXZ  10006900 f i CurMdit.obj
 0001:00005930       ?SetDirCos@CMatObj@@UAEXH@Z 10006930 f i CurMdit.obj
 0001:00005960       ?GetDirCosDirect@CMatObj@@UAE?AUWORLD@@XZ 10006960 f i CurMdit.obj
 0001:000059a0       ?SetDirCosDirect@CMatObj@@UAEXUWORLD@@@Z 100069a0 f i CurMdit.obj
 0001:000059e0       ?GetRotation@CMatObj@@UAE?AUWORLD@@XZ 100069e0 f i CurMdit.obj
 0001:00005a20       ?SetRotation@CMatObj@@UAEXUWORLD@@@Z 10006a20 f i CurMdit.obj
 0001:00005a60       ?GetScale@CMatObj@@UAE?AUWORLD@@XZ 10006a60 f i CurMdit.obj
 0001:00005aa0       ?SetScale@CMatObj@@UAEXUWORLD@@@Z 10006aa0 f i CurMdit.obj
 0001:00005ae0       ?GetShear@CMatObj@@UAE?AUWORLD@@XZ 10006ae0 f i CurMdit.obj
 0001:00005b20       ?SetShear@CMatObj@@UAEXUWORLD@@@Z 10006b20 f i CurMdit.obj
 0001:00005b60       ?IsNoRot@CMatObj@@UAEHXZ   10006b60 f i CurMdit.obj
 0001:00005b90       ?SetNoRot@CMatObj@@UAEXH@Z 10006b90 f i CurMdit.obj
 0001:00005bc0       ?IsNoTran@CMatObj@@UAEHXZ  10006bc0 f i CurMdit.obj
 0001:00005bf0       ?SetNoTran@CMatObj@@UAEXH@Z 10006bf0 f i CurMdit.obj
 0001:00005c20       ?IsNoScale@CMatObj@@UAEHXZ 10006c20 f i CurMdit.obj
 0001:00005c50       ?SetNoScale@CMatObj@@UAEXH@Z 10006c50 f i CurMdit.obj
 0001:00005c80       ?IsNoShear@CMatObj@@UAEHXZ 10006c80 f i CurMdit.obj
 0001:00005cb0       ?SetNoShear@CMatObj@@UAEXH@Z 10006cb0 f i CurMdit.obj
 0001:00005ce0       ?GetXformType@CMatObj@@UAE?AW4XFORMTYPE@@XZ 10006ce0 f i CurMdit.obj
 0001:00005d10       ?SetXformType@CMatObj@@UAEXW4XFORMTYPE@@@Z 10006d10 f i CurMdit.obj
 0001:00005d40       ?GetSpawnType@CMatObj@@UAE?AW4SPAWNTYPE@@XZ 10006d40 f i CurMdit.obj
 0001:00005d70       ?SetSpawnType@CMatObj@@UAEXW4SPAWNTYPE@@@Z 10006d70 f i CurMdit.obj
 0001:00005da0       ?GetCreOp@CMatObj@@UAEIXZ  10006da0 f i CurMdit.obj
 0001:00005dd0       ?SetCreOp@CMatObj@@UAEXI@Z 10006dd0 f i CurMdit.obj
 0001:00005e00       ??1CMatObj@@UAE@XZ         10006e00 f i CurMdit.obj
 0001:00005ec0       ??_GCMatObj@@UAEPAXI@Z     10006ec0 f i CurMdit.obj
 0001:00005f00       ??_ECMatObj@@UAEPAXI@Z     10006f00 f i CurMdit.obj
 0001:00005fa0       ?ReadyToDelete@CDrObject@@UAEXXZ 10006fa0 f i CurMdit.obj
 0001:00005fc0       ?DoFormattedCardView@CDrObject@@UAEXPAVCString@@AAV2@@Z 10006fc0 f i CurMdit.obj
 0001:00005fe0       ?DoUnFormattedCardView@CDrObject@@UAEXPAVCString@@@Z 10006fe0 f i CurMdit.obj
 0001:00006000       ?DoDataView@CDrObject@@UAEXPAVCDC@@H@Z 10007000 f i CurMdit.obj
 0001:00006020       ?InitDraw@CDrObject@@UAEXPAVCDC@@HHPAUMATRIX@@1NNN@Z 10007020 f i CurMdit.obj
 0001:00006040       ?InitDraw@CDrObject@@UAEXPAVCDC@@HHPAUMATRIX@@1NNNN@Z 10007040 f i CurMdit.obj
 0001:00006060       ?Corner_3Dto2D@CDrObject@@UAEXXZ 10007060 f i CurMdit.obj
 0001:00006080       ?DoDrawView@CDrObject@@UAEXPAVCDC@@@Z 10007080 f i CurMdit.obj
 0001:000060a0       ?DoDrawView@CDrObject@@UAEXPAVCDC@@H@Z 100070a0 f i CurMdit.obj
 0001:000060c0       ?DoDrawView@CDrObject@@UAEXPAVCDC@@HH@Z 100070c0 f i CurMdit.obj
 0001:000060e0       ?DealObjectDialog@CDrObject@@UAEHXZ 100070e0 f i CurMdit.obj
 0001:00006100       ?TransformObjectToWorld@CDrObject@@UAEXPAUMATRIX@@H@Z 10007100 f i CurMdit.obj
 0001:00006120       ?TransformObjectToView@CDrObject@@UAEXPAUMATRIX@@@Z 10007120 f i CurMdit.obj
 0001:00006140       ?TransformObjectToViewDirect@CDrObject@@UAEXPAUMATRIX@@00H@Z 10007140 f i CurMdit.obj
 0001:00006160       ?RemoveHiddenObject@CDrObject@@UAEHPAUMATRIX@@UWORLD@@H@Z 10007160 f i CurMdit.obj
 0001:00006180       ?ProjectObject@CDrObject@@UAEXPAUMATRIX@@NN@Z 10007180 f i CurMdit.obj
 0001:000061a0       ?Calc_2DBoundsScreen@CDrObject@@UAEHXZ 100071a0 f i CurMdit.obj
 0001:000061c0       ?Calc_3DBoundsLocal@CDrObject@@UAEHXZ 100071c0 f i CurMdit.obj
 0001:000061e0       ?FinishObject@CDrObject@@UAEXPAVCClientDC@@H@Z 100071e0 f i CurMdit.obj
 0001:00006200       ?FinishObject@CDrObject@@UAEXH@Z 10007200 f i CurMdit.obj
 0001:00006220       ?FinishObject@CDrObject@@UAEXXZ 10007220 f i CurMdit.obj
 0001:00006240       ?GetMaxCorners@CDrObject@@UAEHXZ 10007240 f i CurMdit.obj
 0001:00006260       ?GetRawCoords@CDrObject@@UAEXPAJPAHH@Z 10007260 f i CurMdit.obj
 0001:00006280       ?SetProjectedCoords@CDrObject@@UAEXUtagPOINT@@H@Z 10007280 f i CurMdit.obj
 0001:000062a0       ?RearrangeProjectedCoords@CDrObject@@UAEXXZ 100072a0 f i CurMdit.obj
 0001:000062c0       ?IsObjectHit@CDrObject@@UAEHNUWORLD@@@Z 100072c0 f i CurMdit.obj
 0001:000062e0       ?IsObjectHit@CDrObject@@UAEHHUtagPOINT@@H@Z 100072e0 f i CurMdit.obj
 0001:00006300       ?IsObjectHit@CDrObject@@UAEHHUtagPOINT@@@Z 10007300 f i CurMdit.obj
 0001:00006320       ?IsObjectHit@CDrObject@@UAEHPAVCClientDC@@HUtagPOINT@@PAVCRect@@H@Z 10007320 f i CurMdit.obj
 0001:00006340       ?IsKeyMatch@CDrObject@@UAEHPAV1@VCString@@I@Z 10007340 f i CurMdit.obj
 0001:00006370       ?IsKeyMatch@CDrObject@@UAEHVCString@@I@Z 10007370 f i CurMdit.obj
 0001:000063a0       ?IsControlShapeNeeded@CDrObject@@UAEHXZ 100073a0 f i CurMdit.obj
 0001:000063c0       ?SetControlShapeNeed@CDrObject@@UAEXH@Z 100073c0 f i CurMdit.obj
 0001:000063e0       ?IsNormalNeeded@CDrObject@@UAEHXZ 100073e0 f i CurMdit.obj
 0001:00006400       ?SetNormalNeed@CDrObject@@UAEXH@Z 10007400 f i CurMdit.obj
 0001:00006420       ?IsCulled@CDrObject@@UAEHXZ 10007420 f i CurMdit.obj
 0001:00006440       ?SetCulled@CDrObject@@UAEXH@Z 10007440 f i CurMdit.obj
 0001:00006460       ?IsSkewed@CDrObject@@UAEHXZ 10007460 f i CurMdit.obj
 0001:00006480       ?SetSkewed@CDrObject@@UAEXH@Z 10007480 f i CurMdit.obj
 0001:000064a0       ?IsLinSpr@CDrObject@@UAEHXZ 100074a0 f i CurMdit.obj
 0001:000064c0       ?SetLinSpr@CDrObject@@UAEXH@Z 100074c0 f i CurMdit.obj
 0001:000064e0       ?IsLinSnu@CDrObject@@UAEHXZ 100074e0 f i CurMdit.obj
 0001:00006500       ?SetLinSnu@CDrObject@@UAEXH@Z 10007500 f i CurMdit.obj
 0001:00006520       ?CullWorld@CDrObject@@UAEHUWORLD@@@Z 10007520 f i CurMdit.obj
 0001:00006540       ?CullScreen@CDrObject@@UAEHPAUMATRIX@@@Z 10007540 f i CurMdit.obj
 0001:00006560       ?Calc_CentroidWorld@CDrObject@@UAEXXZ 10007560 f i CurMdit.obj
 0001:00006580       ?Calc_CentroidEye@CDrObject@@UAEXXZ 10007580 f i CurMdit.obj
 0001:000065a0       ?Calc_CentroidScreen3D@CDrObject@@UAEXNN@Z 100075a0 f i CurMdit.obj
 0001:000065c0       ?Calc_NormalWorld@CDrObject@@UAEXXZ 100075c0 f i CurMdit.obj
 0001:000065e0       ?TransformNormalToEye@CDrObject@@UAEXPAUMATRIX@@@Z 100075e0 f i CurMdit.obj
 0001:00006600       ?ProjectNormalToScreen3D@CDrObject@@UAEXPAUMATRIX@@NN@Z 10007600 f i CurMdit.obj
 0001:00006620       ?GetNormalWorld@CDrObject@@UAEPAUWORLD@@XZ 10007620 f i CurMdit.obj
 0001:00006640       ?SetNormalWorld@CDrObject@@UAEXUWORLD@@@Z 10007640 f i CurMdit.obj
 0001:00006660       ?GetNormalEye@CDrObject@@UAEPAUWORLD@@XZ 10007660 f i CurMdit.obj
 0001:00006680       ?SetNormalEye@CDrObject@@UAEXUWORLD@@@Z 10007680 f i CurMdit.obj
 0001:000066a0       ?GetNormalScreen3D@CDrObject@@UAEPAUWORLD@@XZ 100076a0 f i CurMdit.obj
 0001:000066c0       ?SetNormalScreen3D@CDrObject@@UAEXUWORLD@@@Z 100076c0 f i CurMdit.obj
 0001:000066e0       ?GetNormalScreen2D@CDrObject@@UAEPAUtagPOINT@@XZ 100076e0 f i CurMdit.obj
 0001:00006700       ?SetNormalScreen2D@CDrObject@@UAEXUtagPOINT@@@Z 10007700 f i CurMdit.obj
 0001:00006720       ?GetObjectList@CDrObject@@UAEPAVCDListMgr@@XZ 10007720 f i CurMdit.obj
 0001:00006740       ?GetBoundingRect@CDrObject@@QAE?AVCRect@@XZ 10007740 f i CurMdit.obj
 0001:00006790       ?GetRInfo@CDrObject@@QAEPAURENDINFO@@XZ 10007790 f i CurMdit.obj
 0001:000067b0       ?IsParallel@CDrObject@@QAEHXZ 100077b0 f i CurMdit.obj
 0001:000067e0       ?GetnView@CDrObject@@QAEHXZ 100077e0 f i CurMdit.obj
 0001:00006810       ?GetdzMin@CDrObject@@QAENXZ 10007810 f i CurMdit.obj
 0001:00006840       ?GetdScale_U@CDrObject@@QAENXZ 10007840 f i CurMdit.obj
 0001:00006870       ?GetdScale_V@CDrObject@@QAENXZ 10007870 f i CurMdit.obj
 0001:000068a0       ?GetpViewM@CDrObject@@QAEPAUMATRIX@@XZ 100078a0 f i CurMdit.obj
 0001:000068d0       ?Getpvv3DM@CDrObject@@QAEPAUMATRIX@@XZ 100078d0 f i CurMdit.obj
 0001:00006900       ?GetpComposedM@CDrObject@@QAEPAUMATRIX@@XZ 10007900 f i CurMdit.obj
 0001:00006930       ?SetParallel@CDrObject@@QAEXH@Z 10007930 f i CurMdit.obj
 0001:00006960       ?SetnView@CDrObject@@QAEXH@Z 10007960 f i CurMdit.obj
 0001:00006990       ?SetdzMin@CDrObject@@QAEXN@Z 10007990 f i CurMdit.obj
 0001:000069d0       ?SetdScale_U@CDrObject@@QAEXN@Z 100079d0 f i CurMdit.obj
 0001:00006a10       ?SetdScale_V@CDrObject@@QAEXN@Z 10007a10 f i CurMdit.obj
 0001:00006a50       ?SetpViewM@CDrObject@@QAEXPAUMATRIX@@@Z 10007a50 f i CurMdit.obj
 0001:00006a90       ?Setpvv3DM@CDrObject@@QAEXPAUMATRIX@@@Z 10007a90 f i CurMdit.obj
 0001:00006ad0       ?SetpComposedM@CDrObject@@QAEXPAUMATRIX@@@Z 10007ad0 f i CurMdit.obj
 0001:00006b10       ?GetLevelType@CDrObject@@QAEHXZ 10007b10 f i CurMdit.obj
 0001:00006b40       ?SetLevelType@CDrObject@@QAEXH@Z 10007b40 f i CurMdit.obj
 0001:00006b70       ?GetObjectID@CDrObject@@QAE?AVCString@@XZ 10007b70 f i CurMdit.obj
 0001:00006bc0       ?SetObjectID@CDrObject@@QAEXVCString@@@Z 10007bc0 f i CurMdit.obj
 0001:00006c40       ?GetObjectNo@CDrObject@@QAEJXZ 10007c40 f i CurMdit.obj
 0001:00006c70       ?SetObjectNo@CDrObject@@QAEXJ@Z 10007c70 f i CurMdit.obj
 0001:00006ca0       ?GetObjectType@CDrObject@@QAEHXZ 10007ca0 f i CurMdit.obj
 0001:00006cd0       ?SetObjectType@CDrObject@@QAEXH@Z 10007cd0 f i CurMdit.obj
 0001:00006d00       ?GetElemType@CDrObject@@QAEHXZ 10007d00 f i CurMdit.obj
 0001:00006d30       ?SetElemType@CDrObject@@QAEXH@Z 10007d30 f i CurMdit.obj
 0001:00006d60       ?GetPenInfo@CDrObject@@QAEXAAIAAK0@Z 10007d60 f i CurMdit.obj
 0001:00006db0       ?SetPenInfo@CDrObject@@QAEXIKI@Z 10007db0 f i CurMdit.obj
 0001:00006e00       ?GetPenInfoHi@CDrObject@@QAEXAAIAAK0@Z 10007e00 f i CurMdit.obj
 0001:00006e50       ?SetPenInfoHi@CDrObject@@QAEXIKI@Z 10007e50 f i CurMdit.obj
 0001:00006ea0       ?GetLayer@CDrObject@@QAEIXZ 10007ea0 f i CurMdit.obj
 0001:00006ed0       ?SetLayer@CDrObject@@QAEXI@Z 10007ed0 f i CurMdit.obj
 0001:00006f00       ?IsClipped@CDrObject@@QAEHXZ 10007f00 f i CurMdit.obj
 0001:00006f30       ?SetClipped@CDrObject@@QAEXH@Z 10007f30 f i CurMdit.obj
 0001:00006f60       ?IsVirtual@CDrObject@@QAEHXZ 10007f60 f i CurMdit.obj
 0001:00006f80       ?SetVirtual@CDrObject@@QAEXH@Z 10007f80 f i CurMdit.obj
 0001:00006fb0       ?IsShow@CDrObject@@QAEHXZ  10007fb0 f i CurMdit.obj
 0001:00006fe0       ?SetShow@CDrObject@@QAEXH@Z 10007fe0 f i CurMdit.obj
 0001:00007010       ?GetParentID@CDrObject@@QAEAAVCString@@XZ 10008010 f i CurMdit.obj
 0001:00007030       ?SetParentID@CDrObject@@QAEXAAVCString@@@Z 10008030 f i CurMdit.obj
 0001:00007060       ?GetParentType@CDrObject@@QAEIXZ 10008060 f i CurMdit.obj
 0001:00007080       ?SetParentType@CDrObject@@QAEXI@Z 10008080 f i CurMdit.obj
 0001:000070b0       ?IsInstanced@CDrObject@@QAEHXZ 100080b0 f i CurMdit.obj
 0001:000070d0       ?SetInstanced@CDrObject@@QAEXH@Z 100080d0 f i CurMdit.obj
 0001:00007100       ?GetMatObj@CDrObject@@QAEPAVCMatObj@@XZ 10008100 f i CurMdit.obj
 0001:00007120       ?SetMatObj@CDrObject@@QAEXPAVCMatObj@@@Z 10008120 f i CurMdit.obj
 0001:00007150       ?GetSpeLList@CDrObject@@QAEPAVCDListMgr@@XZ 10008150 f i CurMdit.obj
 0001:00007180       ?GetDynLList@CDrObject@@QAEPAVCDListMgr@@XZ 10008180 f i CurMdit.obj
 0001:000071b0       ?GetStaLList@CDrObject@@QAEPAVCDListMgr@@XZ 100081b0 f i CurMdit.obj
 0001:000071e0       ?GetSuppList@CDrObject@@QAEPAVCDListMgr@@XZ 100081e0 f i CurMdit.obj
 0001:00007210       ?GetElemList@CDrObject@@QAEPAVCDListMgr@@XZ 10008210 f i CurMdit.obj
 0001:00007240       ?GetCurveList@CDrObject@@QAEPAVCDListMgr@@XZ 10008240 f i CurMdit.obj
 0001:00007270       ?GetCProfList@CDrObject@@QAEPAVCDListMgr@@XZ 10008270 f i CurMdit.obj
 0001:000072a0       ?GetPatchList@CDrObject@@QAEPAVCDListMgr@@XZ 100082a0 f i CurMdit.obj
 0001:000072d0       ?GetSolidList@CDrObject@@QAEPAVCDListMgr@@XZ 100082d0 f i CurMdit.obj
 0001:00007300       ?GetObj3DList@CDrObject@@QAEPAVCDListMgr@@XZ 10008300 f i CurMdit.obj
 0001:00007330       ?GetCNodeList@CDrObject@@QAEPAVCDListMgr@@XZ 10008330 f i CurMdit.obj
 0001:00007360       ?GetINodeList@CDrObject@@QAEPAVCDListMgr@@XZ 10008360 f i CurMdit.obj
 0001:00007390       ?GetNodeList@CDrObject@@QAEPAVCDListMgr@@XZ 10008390 f i CurMdit.obj
 0001:000073c0       ?GetLabelList@CDrObject@@QAEPAVCDListMgr@@XZ 100083c0 f i CurMdit.obj
 0001:000073f0       ?GetFE0DList@CDrObject@@QAEPAVCDListMgr@@XZ 100083f0 f i CurMdit.obj
 0001:00007420       ?GetFE1DList@CDrObject@@QAEPAVCDListMgr@@XZ 10008420 f i CurMdit.obj
 0001:00007450       ?GetFE2DList@CDrObject@@QAEPAVCDListMgr@@XZ 10008450 f i CurMdit.obj
 0001:00007480       ?GetFE3DList@CDrObject@@QAEPAVCDListMgr@@XZ 10008480 f i CurMdit.obj
 0001:000074b0       ?GetMs0List@CDrObject@@QAEPAVCDListMgr@@XZ 100084b0 f i CurMdit.obj
 0001:000074e0       ?GetMs1List@CDrObject@@QAEPAVCDListMgr@@XZ 100084e0 f i CurMdit.obj
 0001:00007510       ?GetMs2List@CDrObject@@QAEPAVCDListMgr@@XZ 10008510 f i CurMdit.obj
 0001:00007540       ?GetMs3List@CDrObject@@QAEPAVCDListMgr@@XZ 10008540 f i CurMdit.obj
 0001:00007570       ?GetMbj3DList@CDrObject@@QAEPAVCDListMgr@@XZ 10008570 f i CurMdit.obj
 0001:000075a0       ?GetM2DProfList@CDrObject@@QAEPAVCDListMgr@@XZ 100085a0 f i CurMdit.obj
 0001:000075d0       ?GetM3DProfList@CDrObject@@QAEPAVCDListMgr@@XZ 100085d0 f i CurMdit.obj
 0001:00007600       ?GetMbjProfList@CDrObject@@QAEPAVCDListMgr@@XZ 10008600 f i CurMdit.obj
 0001:00007630       ?GetScreen2DCorner@CDrObject@@UAE?AUtagPOINT@@H@Z 10008630 f i CurMdit.obj
 0001:00007680       ?SetScreen2DCorner@CDrObject@@UAEXUtagPOINT@@H@Z 10008680 f i CurMdit.obj
 0001:000076c0       ?GetSpawnType@CDrObject@@QAE?AW4SPAWNTYPE@@XZ 100086c0 f i CurMdit.obj
 0001:000076e0       ?SetSpawnType@CDrObject@@QAEXW4SPAWNTYPE@@@Z 100086e0 f i CurMdit.obj
 0001:00007710       ?GetCategory@CDrObject@@QAE?AW4CATEGORY@@XZ 10008710 f i CurMdit.obj
 0001:00007730       ?SetCategory@CDrObject@@QAEXW4CATEGORY@@@Z 10008730 f i CurMdit.obj
 0001:00007760       ?GetSubCat@CDrObject@@QAE?AW4SUBCAT@@XZ 10008760 f i CurMdit.obj
 0001:00007780       ?SetSubCat@CDrObject@@QAEXW4SUBCAT@@@Z 10008780 f i CurMdit.obj
 0001:000077b0       ?GetElemDimLim@CDrObject@@QAE?AW4ELEMDIMLIM@@XZ 100087b0 f i CurMdit.obj
 0001:000077d0       ?SetElemDimLim@CDrObject@@QAEXW4ELEMDIMLIM@@@Z 100087d0 f i CurMdit.obj
 0001:00007800       ?IsDirty@CDrObject@@QAEHXZ 10008800 f i CurMdit.obj
 0001:00007830       ?SetDirty@CDrObject@@QAEXH@Z 10008830 f i CurMdit.obj
 0001:00007860       ?IsMoved@CDrObject@@QAEHXZ 10008860 f i CurMdit.obj
 0001:00007890       ?SetMoved@CDrObject@@QAEXH@Z 10008890 f i CurMdit.obj
 0001:000078c0       ?IsEdited@CDrObject@@QAEHXZ 100088c0 f i CurMdit.obj
 0001:000078f0       ?SetEdited@CDrObject@@QAEXH@Z 100088f0 f i CurMdit.obj
 0001:00007920       ?IsPosted@CDrObject@@QAEHXZ 10008920 f i CurMdit.obj
 0001:00007950       ?SetPosted@CDrObject@@QAEXH@Z 10008950 f i CurMdit.obj
 0001:00007980       ?IsDeleted@CDrObject@@QAEHXZ 10008980 f i CurMdit.obj
 0001:000079b0       ?SetDeleted@CDrObject@@QAEXH@Z 100089b0 f i CurMdit.obj
 0001:000079e0       ?IsToBeMoved@CDrObject@@QAEHXZ 100089e0 f i CurMdit.obj
 0001:00007a10       ?SetToBeMoved@CDrObject@@QAEXH@Z 10008a10 f i CurMdit.obj
 0001:00007a30       ?IsToBeEdited@CDrObject@@QAEHXZ 10008a30 f i CurMdit.obj
 0001:00007a60       ?SetToBeEdited@CDrObject@@QAEXH@Z 10008a60 f i CurMdit.obj
 0001:00007a80       ?IsToBePosted@CDrObject@@QAEHXZ 10008a80 f i CurMdit.obj
 0001:00007ab0       ?SetToBePosted@CDrObject@@QAEXH@Z 10008ab0 f i CurMdit.obj
 0001:00007ad0       ?IsToBeUnPosted@CDrObject@@QAEHXZ 10008ad0 f i CurMdit.obj
 0001:00007b00       ?SetToBeUnPosted@CDrObject@@QAEXH@Z 10008b00 f i CurMdit.obj
 0001:00007b20       ?IsToBeDeleted@CDrObject@@QAEHXZ 10008b20 f i CurMdit.obj
 0001:00007b50       ?SetToBeDeleted@CDrObject@@QAEXH@Z 10008b50 f i CurMdit.obj
 0001:00007b70       ?IsFormatted@CDrObject@@QAEHXZ 10008b70 f i CurMdit.obj
 0001:00007b90       ?SetFormatted@CDrObject@@QAEXH@Z 10008b90 f i CurMdit.obj
 0001:00007bc0       ?Parse_drPipe@CDrNode@@UAEPAUnodecard@@PAVCString@@@Z 10008bc0 f i CurMdit.obj
 0001:00007be0       ?GetNodeCard@CDrNode@@UAEPAUnodecard@@XZ 10008be0 f i CurMdit.obj
 0001:00007c10       ?GetCardNo@CDrNode@@UAEHXZ 10008c10 f i CurMdit.obj
 0001:00007c40       ?SetCardNo@CDrNode@@UAEXH@Z 10008c40 f i CurMdit.obj
 0001:00007c70       ?DoFormattedCardView@CDrNode@@UAEXPAVCString@@AAV2@@Z 10008c70 f i CurMdit.obj
 0001:00007c90       ?DoUnFormattedCardView@CDrNode@@UAEXPAVCString@@@Z 10008c90 f i CurMdit.obj
 0001:00007cb0       ?GetMaxCorners@CDrNode@@UAEHXZ 10008cb0 f i CurMdit.obj
 0001:00007cd0       ?GetCategory@CDrNode@@UAE?AW4CATEGORY@@XZ 10008cd0 f i CurMdit.obj
 0001:00007cf0       ?SetCategory@CDrNode@@UAEXW4CATEGORY@@@Z 10008cf0 f i CurMdit.obj
 0001:00007d20       ?GetPrecision@CDrNode@@UAEHXZ 10008d20 f i CurMdit.obj
 0001:00007d50       ?SetPrecision@CDrNode@@UAEXH@Z 10008d50 f i CurMdit.obj
 0001:00007d80       ?GetFormat@CDrNode@@QAE?AVCString@@XZ 10008d80 f i CurMdit.obj
 0001:00007dd0       ?SetFormat@CDrNode@@QAEXVCString@@@Z 10008dd0 f i CurMdit.obj
 0001:00007e50       ?GetMapFactor@CDrNode@@QAENXZ 10008e50 f i CurMdit.obj
 0001:00007e80       ?SetMapFactor@CDrNode@@QAEXN@Z 10008e80 f i CurMdit.obj
 0001:00007ec0       ?GetScaleFactor@CDrNode@@QAENXZ 10008ec0 f i CurMdit.obj
 0001:00007ef0       ?SetScaleFactor@CDrNode@@QAEXN@Z 10008ef0 f i CurMdit.obj
 0001:00007f30       ?GetMasterMultFac@CDrNode@@QAEJXZ 10008f30 f i CurMdit.obj
 0001:00007f60       ?SetMasterMultFac@CDrNode@@QAEXJ@Z 10008f60 f i CurMdit.obj
 0001:00007f90       ?GetLocalPos@CDrNode@@UAEPAUWORLD@@XZ 10008f90 f i CurMdit.obj
 0001:00007fc0       ?SetLocalPos@CDrNode@@UAEXUWORLD@@@Z 10008fc0 f i CurMdit.obj
 0001:00008000       ?GetWorldPos@CDrNode@@UAEPAUWORLD@@XZ 10009000 f i CurMdit.obj
 0001:00008030       ?SetWorldPos@CDrNode@@UAEXUWORLD@@@Z 10009030 f i CurMdit.obj
 0001:00008070       ?GetEyePos@CDrNode@@UAEPAUWORLD@@XZ 10009070 f i CurMdit.obj
 0001:000080a0       ?SetEyePos@CDrNode@@UAEXUWORLD@@@Z 100090a0 f i CurMdit.obj
 0001:000080e0       ?GetScreenPos3D@CDrNode@@UAEPAUWORLD@@XZ 100090e0 f i CurMdit.obj
 0001:00008110       ?SetScreenPos3D@CDrNode@@UAEXUWORLD@@@Z 10009110 f i CurMdit.obj
 0001:00008150       ?GetScreenPos2D@CDrNode@@UAEPAUtagPOINT@@XZ 10009150 f i CurMdit.obj
 0001:00008180       ?SetScreenPos2D@CDrNode@@UAEXUtagPOINT@@@Z 10009180 f i CurMdit.obj
 0001:000081c0       ?GetNormalWorld@CDrNode@@UAEPAUWORLD@@XZ 100091c0 f i CurMdit.obj
 0001:000081f0       ?SetNormalWorld@CDrNode@@UAEXUWORLD@@@Z 100091f0 f i CurMdit.obj
 0001:00008230       ?GetNormalEye@CDrNode@@UAEPAUWORLD@@XZ 10009230 f i CurMdit.obj
 0001:00008260       ?SetNormalEye@CDrNode@@UAEXUWORLD@@@Z 10009260 f i CurMdit.obj
 0001:000082a0       ?GetNormalScreen3D@CDrNode@@UAEPAUWORLD@@XZ 100092a0 f i CurMdit.obj
 0001:000082d0       ?SetNormalScreen3D@CDrNode@@UAEXUWORLD@@@Z 100092d0 f i CurMdit.obj
 0001:00008310       ?GetNormalScreen2D@CDrNode@@UAEPAUtagPOINT@@XZ 10009310 f i CurMdit.obj
 0001:00008340       ?SetNormalScreen2D@CDrNode@@UAEXUtagPOINT@@@Z 10009340 f i CurMdit.obj
 0001:00008380       ?GetLabelNo@CDrNode@@QAEJXZ 10009380 f i CurMdit.obj
 0001:000083b0       ?SetLabelNo@CDrNode@@QAEXJ@Z 100093b0 f i CurMdit.obj
 0001:000083e0       ?IsMeshNode@CDrNode@@QAEHXZ 100093e0 f i CurMdit.obj
 0001:00008410       ?SetMeshNode@CDrNode@@QAEXH@Z 10009410 f i CurMdit.obj
 0001:00008440       ?IsGenerated@CDrNode@@QAEHXZ 10009440 f i CurMdit.obj
 0001:00008470       ?SetGenerated@CDrNode@@QAEXH@Z 10009470 f i CurMdit.obj
 0001:000084a0       ?IsControlNode@CDrNode@@QAEHXZ 100094a0 f i CurMdit.obj
 0001:000084d0       ?SetControlNode@CDrNode@@QAEXH@Z 100094d0 f i CurMdit.obj
 0001:00008510       ?GetInputMode@CDrNode@@QAEHXZ 10009510 f i CurMdit.obj
 0001:00008540       ?SetInputMode@CDrNode@@QAEXH@Z 10009540 f i CurMdit.obj
 0001:00008570       ?GetLength@CDrNode@@QAENXZ 10009570 f i CurMdit.obj
 0001:000085a0       ?SetLength@CDrNode@@QAEXN@Z 100095a0 f i CurMdit.obj
 0001:000085e0       ?GetDelta@CDrNode@@QAEPAUWORLD@@XZ 100095e0 f i CurMdit.obj
 0001:00008610       ?SetDelta@CDrNode@@QAEXUWORLD@@@Z 10009610 f i CurMdit.obj
 0001:00008650       ?GetFromID@CDrNode@@QAE?AVCString@@XZ 10009650 f i CurMdit.obj
 0001:000086a0       ?SetFromID@CDrNode@@QAEXVCString@@@Z 100096a0 f i CurMdit.obj
 0001:00008720       ?GetToID@CDrNode@@QAE?AVCString@@XZ 10009720 f i CurMdit.obj
 0001:00008770       ?SetToID@CDrNode@@QAEXVCString@@@Z 10009770 f i CurMdit.obj
 0001:000087f0       ?IsRefCN@CDrNode@@QAEHXZ   100097f0 f i CurMdit.obj
 0001:00008820       ?SetRefCN@CDrNode@@QAEXH@Z 10009820 f i CurMdit.obj
 0001:00008850       ?IsFromCN@CDrNode@@QAEHXZ  10009850 f i CurMdit.obj
 0001:00008880       ?SetFromCN@CDrNode@@QAEXH@Z 10009880 f i CurMdit.obj
 0001:000088b0       ?IsToCN@CDrNode@@QAEHXZ    100098b0 f i CurMdit.obj
 0001:000088e0       ?SetToCN@CDrNode@@QAEXH@Z  100098e0 f i CurMdit.obj
 0001:00008910       ?IsSkewed@CDrNode@@UAEHXZ  10009910 f i CurMdit.obj
 0001:00008940       ?SetSkewed@CDrNode@@UAEXH@Z 10009940 f i CurMdit.obj
 0001:00008970       ?IsLinSpr@CDrNode@@UAEHXZ  10009970 f i CurMdit.obj
 0001:000089a0       ?SetLinSpr@CDrNode@@UAEXH@Z 100099a0 f i CurMdit.obj
 0001:000089d0       ?IsLinSnu@CDrNode@@UAEHXZ  100099d0 f i CurMdit.obj
 0001:00008a00       ?SetLinSnu@CDrNode@@UAEXH@Z 10009a00 f i CurMdit.obj
 0001:00008a30       ?GetSuppCardList@CDrNode@@QAEPAV?$CList@Usupportcard@@U1@@@XZ 10009a30 f i CurMdit.obj
 0001:00008a60       ?GetStaLCardList@CDrNode@@QAEPAV?$CList@UstaLcard@@U1@@@XZ 10009a60 f i CurMdit.obj
 0001:00008a90       ?GetMaxCorners@CDrLabel@@UAEHXZ 10009a90 f i CurMdit.obj
 0001:00008ab0       ?SetProjectedCoords@CDrLabel@@UAEXUtagPOINT@@H@Z 10009ab0 f i CurMdit.obj
 0001:00008af0       ?IsMoved@CDrLabel@@UAEHXZ  10009af0 f i CurMdit.obj
 0001:00008b20       ?SetMoved@CDrLabel@@UAEXH@Z 10009b20 f i CurMdit.obj
 0001:00008b50       ?GetNodePtr@CDrLabel@@UAEPAVCDrNode@@XZ 10009b50 f i CurMdit.obj
 0001:00008b80       ?SetNodePtr@CDrLabel@@UAEXPAVCDrNode@@@Z 10009b80 f i CurMdit.obj
 0001:00008bb0       ?GetContextObj@CDrLabel@@UAE?AW4CONTEXTOBJ@@XZ 10009bb0 f i CurMdit.obj
 0001:00008be0       ?SetContextObj@CDrLabel@@UAEXW4CONTEXTOBJ@@@Z 10009be0 f i CurMdit.obj
 0001:00008c10       ?GetMeshElemType@CDrLabel@@UAEIXZ 10009c10 f i CurMdit.obj
 0001:00008c40       ?SetMeshElemType@CDrLabel@@UAEXI@Z 10009c40 f i CurMdit.obj
 0001:00008c70       ?GetColor@CDrLabel@@UAEKXZ 10009c70 f i CurMdit.obj
 0001:00008ca0       ?SetColor@CDrLabel@@UAEXK@Z 10009ca0 f i CurMdit.obj
 0001:00008cd0       ?GetViewNum@CDrLabel@@UAEHXZ 10009cd0 f i CurMdit.obj
 0001:00008d00       ?SetViewNum@CDrLabel@@UAEXH@Z 10009d00 f i CurMdit.obj
 0001:00008d30       ?GetType@CDrLabel@@UAEHXZ  10009d30 f i CurMdit.obj
 0001:00008d60       ?SetType@CDrLabel@@UAEXH@Z 10009d60 f i CurMdit.obj
 0001:00008d90       ?GetText@CDrLabel@@UAE?AVCString@@XZ 10009d90 f i CurMdit.obj
 0001:00008de0       ?SetText@CDrLabel@@UAEXVCString@@@Z 10009de0 f i CurMdit.obj
 0001:00008e60       ?SetLogFont@CDrLabel@@UAEXUtagLOGFONTA@@@Z 10009e60 f i CurMdit.obj
 0001:00008ea0       ?GetLogFont@CDrLabel@@UAE?AUtagLOGFONTA@@XZ 10009ea0 f i CurMdit.obj
 0001:00008ee0       ?GetOtherCorner@CDrLabel@@UAE?AUtagPOINT@@XZ 10009ee0 f i CurMdit.obj
 0001:00008f20       ?SetOtherCorner@CDrLabel@@UAEXUtagPOINT@@@Z 10009f20 f i CurMdit.obj
 0001:00008f60       ?GetAngle@CDrLabel@@UAEHXZ 10009f60 f i CurMdit.obj
 0001:00008f90       ?SetAngle@CDrLabel@@UAEXH@Z 10009f90 f i CurMdit.obj
 0001:00008fc0       ??1CDrLabel@@UAE@XZ        10009fc0 f i CurMdit.obj
 0001:00009040       ??_GCDrLabel@@UAEPAXI@Z    1000a040 f i CurMdit.obj
 0001:00009080       ??_ECDrLabel@@UAEPAXI@Z    1000a080 f i CurMdit.obj
 0001:00009120       ??1CDlg_LQCI@@UAE@XZ       1000a120 f i CurMdit.obj
 0001:000091a0       ??1CDlg_CrcI@@UAE@XZ       1000a1a0 f i CurMdit.obj
 0001:00009220       ?IsDirty@CDrCurve@@UAEHXZ  1000a220 f i CurMdit.obj
 0001:00009250       ?SetDirty@CDrCurve@@UAEXH@Z 1000a250 f i CurMdit.obj
 0001:00009280       ?IsControlShapeNeeded@CDrCurve@@UAEHXZ 1000a280 f i CurMdit.obj
 0001:000092b0       ?SetControlShapeNeed@CDrCurve@@UAEXH@Z 1000a2b0 f i CurMdit.obj
 0001:000092e0       ?IsPosted@CDrCurve@@UAEHXZ 1000a2e0 f i CurMdit.obj
 0001:00009310       ?SetPosted@CDrCurve@@UAEXH@Z 1000a310 f i CurMdit.obj
 0001:00009340       ?GetCN_BSList@CDrCurve@@QAEPAVCDListMgr@@XZ 1000a340 f i CurMdit.obj
 0001:00009370       ?GetVNodeList@CDrCurve@@QAEPAVCDListMgr@@XZ 1000a370 f i CurMdit.obj
 0001:000093a0       ?GetMeshElemDim@CDrCurve@@QAEHXZ 1000a3a0 f i CurMdit.obj
 0001:000093d0       ?SetMeshElemDim@CDrCurve@@QAEXH@Z 1000a3d0 f i CurMdit.obj
 0001:00009400       ?IsIso@CDrCurve@@QAEHXZ    1000a400 f i CurMdit.obj
 0001:00009430       ?SetIso@CDrCurve@@QAEXH@Z  1000a430 f i CurMdit.obj
 0001:00009460       ?GetIsoToID@CDrCurve@@QAEAAVCString@@XZ 1000a460 f i CurMdit.obj
 0001:00009490       ?SetIsoToID@CDrCurve@@QAEXAAVCString@@@Z 1000a490 f i CurMdit.obj
 0001:000094c0       ?GetCompoType@CDrCurve@@QAEHXZ 1000a4c0 f i CurMdit.obj
 0001:000094f0       ?SetCompoType@CDrCurve@@QAEXH@Z 1000a4f0 f i CurMdit.obj
 0001:00009520       ?GetCompoID@CDrCurve@@QAEAAVCString@@XZ 1000a520 f i CurMdit.obj
 0001:00009550       ?SetCompoID@CDrCurve@@QAEXAAVCString@@@Z 1000a550 f i CurMdit.obj
 0001:00009580       ?GetClass_S@CDrCurve@@QAEHXZ 1000a580 f i CurMdit.obj
 0001:000095b0       ?SetClass_S@CDrCurve@@QAEXH@Z 1000a5b0 f i CurMdit.obj
 0001:000095e0       ?GetOutSegUnif_S@CDrCurve@@QAEHXZ 1000a5e0 f i CurMdit.obj
 0001:00009610       ?SetOutSegUnif_S@CDrCurve@@QAEXH@Z 1000a610 f i CurMdit.obj
 0001:00009640       ?IsClosed_S@CDrCurve@@QAEHXZ 1000a640 f i CurMdit.obj
 0001:00009670       ?SetClosed_S@CDrCurve@@QAEXH@Z 1000a670 f i CurMdit.obj
 0001:000096a0       ?GetCurveObjectType@CDrCurve@@QAEHXZ 1000a6a0 f i CurMdit.obj
 0001:000096d0       ?SetCurveObjectType@CDrCurve@@QAEXH@Z 1000a6d0 f i CurMdit.obj
 0001:00009700       ?GetMaxINodes_S@CDrCurve@@QAEHXZ 1000a700 f i CurMdit.obj
 0001:00009730       ?SetMaxINodes_S@CDrCurve@@QAEXH@Z 1000a730 f i CurMdit.obj
 0001:00009760       ?GetMaxCNodes_S@CDrCurve@@QAEHXZ 1000a760 f i CurMdit.obj
 0001:00009790       ?SetMaxCNodes_S@CDrCurve@@QAEXH@Z 1000a790 f i CurMdit.obj
 0001:000097c0       ?GetMaxBezSegments_S@CDrCurve@@QAEHXZ 1000a7c0 f i CurMdit.obj
 0001:000097f0       ?SetMaxBezSegments_S@CDrCurve@@QAEXH@Z 1000a7f0 f i CurMdit.obj
 0001:00009820       ?GetMaxOutPts_S@CDrCurve@@QAEHXZ 1000a820 f i CurMdit.obj
 0001:00009850       ?SetMaxOutPts_S@CDrCurve@@QAEXH@Z 1000a850 f i CurMdit.obj
 0001:00009880       ?GetLongOutPts@CDrCurve@@QAEJXZ 1000a880 f i CurMdit.obj
 0001:000098b0       ?SetLongOutPts@CDrCurve@@QAEXJ@Z 1000a8b0 f i CurMdit.obj
 0001:000098e0       ?GetCurveType_S@CDrCurve@@QAE?AW4CURVEPROC@@XZ 1000a8e0 f i CurMdit.obj
 0001:00009910       ?SetCurveType_S@CDrCurve@@QAEXW4CURVEPROC@@@Z 1000a910 f i CurMdit.obj
 0001:00009940       ?GetOutMethod@CDrCurve@@QAE?AW4CURVEOUTPUT@@XZ 1000a940 f i CurMdit.obj
 0001:00009970       ?GetAlfa@CDrCurve@@QAENXZ  1000a970 f i CurMdit.obj
 0001:000099a0       ?GetBias@CDrCurve@@QAENXZ  1000a9a0 f i CurMdit.obj
 0001:000099d0       ?GetTension@CDrCurve@@QAENXZ 1000a9d0 f i CurMdit.obj
 0001:00009a00       ?IsUniform_S@CDrCurve@@QAEHXZ 1000aa00 f i CurMdit.obj
 0001:00009a30       ?SetUniform_S@CDrCurve@@QAEXH@Z 1000aa30 f i CurMdit.obj
 0001:00009a60       ?SetOutMethod_S@CDrCurve@@QAEXW4CURVEOUTPUT@@@Z 1000aa60 f i CurMdit.obj
 0001:00009a90       ?GetMaxOutSeg_S@CDrCurve@@QAEHXZ 1000aa90 f i CurMdit.obj
 0001:00009ac0       ?SetMaxOutSeg_S@CDrCurve@@QAEXH@Z 1000aac0 f i CurMdit.obj
 0001:00009af0       ?GetDis_AngPointer_S@CDrCurve@@QAEPANXZ 1000aaf0 f i CurMdit.obj
 0001:00009b20       ?SetDis_AngPointer_S@CDrCurve@@QAEXPAN@Z 1000ab20 f i CurMdit.obj
 0001:00009b50       ?GetNum_tPointer_S@CDrCurve@@QAEPAHXZ 1000ab50 f i CurMdit.obj
 0001:00009b80       ?SetNum_tPointer_S@CDrCurve@@QAEXPAH@Z 1000ab80 f i CurMdit.obj
 0001:00009bb0       ?GetDis_tPointer_S@CDrCurve@@QAEPANXZ 1000abb0 f i CurMdit.obj
 0001:00009be0       ?SetDis_tPointer_S@CDrCurve@@QAEXPAN@Z 1000abe0 f i CurMdit.obj
 0001:00009c10       ?GetNum_tPointer_Ex_S@CDrCurve@@QAEPAHXZ 1000ac10 f i CurMdit.obj
 0001:00009c40       ?SetNum_tPointer_Ex_S@CDrCurve@@QAEXPAH@Z 1000ac40 f i CurMdit.obj
 0001:00009c70       ?GetnBSeg_Ex_S@CDrCurve@@QAEHXZ 1000ac70 f i CurMdit.obj
 0001:00009ca0       ?SetnBSeg_Ex_S@CDrCurve@@QAEXH@Z 1000aca0 f i CurMdit.obj
 0001:00009cd0       ?GetBSegPointer_Ex_S@CDrCurve@@QAEPAHXZ 1000acd0 f i CurMdit.obj
 0001:00009d00       ?SetBSegPointer_Ex_S@CDrCurve@@QAEXPAH@Z 1000ad00 f i CurMdit.obj
 0001:00009d30       ?SetAlfa@CDrCurve@@QAEXN@Z 1000ad30 f i CurMdit.obj
 0001:00009d70       ?SetBias@CDrCurve@@QAEXN@Z 1000ad70 f i CurMdit.obj
 0001:00009db0       ?SetTension@CDrCurve@@QAEXN@Z 1000adb0 f i CurMdit.obj
 0001:00009df0       ?GetMemIn@CDrCurve@@QAEPAUWORLD@@XZ 1000adf0 f i CurMdit.obj
 0001:00009e20       ?GetMemInWts@CDrCurve@@QAEPANXZ 1000ae20 f i CurMdit.obj
 0001:00009e50       ?GetMemInDP@CDrCurve@@QAEPAUtagPOINT@@XZ 1000ae50 f i CurMdit.obj
 0001:00009e80       ?GetMemOut@CDrCurve@@QAEPAUWORLD@@XZ 1000ae80 f i CurMdit.obj
 0001:00009eb0       ?GetMemOutWts@CDrCurve@@QAEPANXZ 1000aeb0 f i CurMdit.obj
 0001:00009ee0       ?GetMemOutDP@CDrCurve@@QAEPAUtagPOINT@@XZ 1000aee0 f i CurMdit.obj
 0001:00009f10       ?SetMemIn@CDrCurve@@QAEXPAUWORLD@@@Z 1000af10 f i CurMdit.obj
 0001:00009f40       ?SetMemInWts@CDrCurve@@QAEXPAN@Z 1000af40 f i CurMdit.obj
 0001:00009f70       ?SetMemInDP@CDrCurve@@QAEXPAUtagPOINT@@@Z 1000af70 f i CurMdit.obj
 0001:00009fa0       ?SetMemOut@CDrCurve@@QAEXPAUWORLD@@@Z 1000afa0 f i CurMdit.obj
 0001:00009fd0       ?SetMemOutWts@CDrCurve@@QAEXPAN@Z 1000afd0 f i CurMdit.obj
 0001:0000a000       ?SetMemOutDP@CDrCurve@@QAEXPAUtagPOINT@@@Z 1000b000 f i CurMdit.obj
 0001:0000a030       ?FixMemD@CDrCurve@@QAEPANJ@Z 1000b030 f i CurMdit.obj
 0001:0000a080       ?FreeMemD@CDrCurve@@QAEXPAN@Z 1000b080 f i CurMdit.obj
 0001:0000a0b0       ?FixMem@CDrCurve@@QAEPAUWORLD@@J@Z 1000b0b0 f i CurMdit.obj
 0001:0000a100       ?FreeMem@CDrCurve@@QAEXPAUWORLD@@@Z 1000b100 f i CurMdit.obj
 0001:0000a130       ?FixMemDP@CDrCurve@@QAEPAUtagPOINT@@J@Z 1000b130 f i CurMdit.obj
 0001:0000a180       ?FreeMemDP@CDrCurve@@QAEXPAUtagPOINT@@@Z 1000b180 f i CurMdit.obj
 0001:0000a1b0       ?GetData_S@CDrCurve@@QAEHXZ 1000b1b0 f i CurMdit.obj
 0001:0000a1e0       ?SetData_S@CDrCurve@@QAEXH@Z 1000b1e0 f i CurMdit.obj
 0001:0000a210       ?GetOrder_S@CDrCurve@@QAEHXZ 1000b210 f i CurMdit.obj
 0001:0000a240       ?SetOrder_S@CDrCurve@@QAEXH@Z 1000b240 f i CurMdit.obj
 0001:0000a270       ?GetKnotType_S@CDrCurve@@QAE?AW4KNOT@@XZ 1000b270 f i CurMdit.obj
 0001:0000a2a0       ?SetKnotType_S@CDrCurve@@QAEXW4KNOT@@@Z 1000b2a0 f i CurMdit.obj
 0001:0000a2d0       ?GetWtType_S@CDrCurve@@QAE?AW4WEIGHT@@XZ 1000b2d0 f i CurMdit.obj
 0001:0000a300       ?SetWtType_S@CDrCurve@@QAEXW4WEIGHT@@@Z 1000b300 f i CurMdit.obj
 0001:0000a330       ?GetBCL_S@CDrCurve@@QAE?AW4BOUNDARY@@XZ 1000b330 f i CurMdit.obj
 0001:0000a360       ?SetBCL_S@CDrCurve@@QAEXW4BOUNDARY@@@Z 1000b360 f i CurMdit.obj
 0001:0000a390       ?GetBCR_S@CDrCurve@@QAE?AW4BOUNDARY@@XZ 1000b390 f i CurMdit.obj
 0001:0000a3c0       ?SetBCR_S@CDrCurve@@QAEXW4BOUNDARY@@@Z 1000b3c0 f i CurMdit.obj
 0001:0000a3f0       ?GetTanL_S@CDrCurve@@QAE?AUVECTOR@@XZ 1000b3f0 f i CurMdit.obj
 0001:0000a430       ?SetTanL_S@CDrCurve@@QAEXUVECTOR@@@Z 1000b430 f i CurMdit.obj
 0001:0000a470       ?GetTanR_S@CDrCurve@@QAE?AUVECTOR@@XZ 1000b470 f i CurMdit.obj
 0001:0000a4b0       ?SetTanR_S@CDrCurve@@QAEXUVECTOR@@@Z 1000b4b0 f i CurMdit.obj
 0001:0000a4f0       ?GetnCon_BS_S@CDrCurve@@QAEHXZ 1000b4f0 f i CurMdit.obj
 0001:0000a520       ?SetnCon_BS_S@CDrCurve@@QAEXH@Z 1000b520 f i CurMdit.obj
 0001:0000a550       ?GetnCon_BZ_S@CDrCurve@@QAEHXZ 1000b550 f i CurMdit.obj
 0001:0000a580       ?SetnCon_BZ_S@CDrCurve@@QAEXH@Z 1000b580 f i CurMdit.obj
 0001:0000a5b0       ?GetnMKnots_S@CDrCurve@@QAEHXZ 1000b5b0 f i CurMdit.obj
 0001:0000a5e0       ?SetnMKnots_S@CDrCurve@@QAEXH@Z 1000b5e0 f i CurMdit.obj
 0001:0000a610       ?GetnKnots_S@CDrCurve@@QAEHXZ 1000b610 f i CurMdit.obj
 0001:0000a640       ?SetnKnots_S@CDrCurve@@QAEXH@Z 1000b640 f i CurMdit.obj
 0001:0000a670       ?GetnDim_S@CDrCurve@@QAEHXZ 1000b670 f i CurMdit.obj
 0001:0000a6a0       ?SetnDim_S@CDrCurve@@QAEXH@Z 1000b6a0 f i CurMdit.obj
 0001:0000a6d0       ?GetpMKnots_S@CDrCurve@@QAEPANXZ 1000b6d0 f i CurMdit.obj
 0001:0000a700       ?SetpMKnots_S@CDrCurve@@QAEXPAN@Z 1000b700 f i CurMdit.obj
 0001:0000a730       ?GetpWts_BS_S@CDrCurve@@QAEPANXZ 1000b730 f i CurMdit.obj
 0001:0000a760       ?SetpWts_BS_S@CDrCurve@@QAEXPAN@Z 1000b760 f i CurMdit.obj
 0001:0000a790       ?GetpKnots_S@CDrCurve@@QAEPANXZ 1000b790 f i CurMdit.obj
 0001:0000a7c0       ?SetpKnots_S@CDrCurve@@QAEXPAN@Z 1000b7c0 f i CurMdit.obj
 0001:0000a7f0       ?GetpWts_DT_S@CDrCurve@@QAEPANXZ 1000b7f0 f i CurMdit.obj
 0001:0000a820       ?SetpWts_DT_S@CDrCurve@@QAEXPAN@Z 1000b820 f i CurMdit.obj
 0001:0000a850       ?GetpWts_BZ_S@CDrCurve@@QAEPANXZ 1000b850 f i CurMdit.obj
 0001:0000a880       ?SetpWts_BZ_S@CDrCurve@@QAEXPAN@Z 1000b880 f i CurMdit.obj
 0001:0000a8b0       ?GetFromIDNode_S@CDrCurve@@QAEPAVCDrNode@@XZ 1000b8b0 f i CurMdit.obj
 0001:0000a8e0       ?SetFromIDNode_S@CDrCurve@@QAEXPAVCDrNode@@@Z 1000b8e0 f i CurMdit.obj
 0001:0000a910       ?GetToIDNode_S@CDrCurve@@QAEPAVCDrNode@@XZ 1000b910 f i CurMdit.obj
 0001:0000a940       ?SetToIDNode_S@CDrCurve@@QAEXPAVCDrNode@@@Z 1000b940 f i CurMdit.obj
 0001:0000a970       ?GetData_Ex_S@CDrCurve@@QAEHXZ 1000b970 f i CurMdit.obj
 0001:0000a9a0       ?SetData_Ex_S@CDrCurve@@QAEXH@Z 1000b9a0 f i CurMdit.obj
 0001:0000a9d0       ?IsExpanded_S@CDrCurve@@QAEHXZ 1000b9d0 f i CurMdit.obj
 0001:0000aa00       ?SetExpanded_S@CDrCurve@@QAEXH@Z 1000ba00 f i CurMdit.obj
 0001:0000aa30       ?GetMaxENodes_S@CDrCurve@@QAEHXZ 1000ba30 f i CurMdit.obj
 0001:0000aa60       ?SetMaxENodes_S@CDrCurve@@QAEXH@Z 1000ba60 f i CurMdit.obj
 0001:0000aa90       ?GetRadius_S@CDrCurve@@QAENXZ 1000ba90 f i CurMdit.obj
 0001:0000aac0       ?SetRadius_S@CDrCurve@@QAEXN@Z 1000bac0 f i CurMdit.obj
 0001:0000ab00       ?GetTheta_S@CDrCurve@@QAENXZ 1000bb00 f i CurMdit.obj
 0001:0000ab30       ?SetTheta_S@CDrCurve@@QAEXN@Z 1000bb30 f i CurMdit.obj
 0001:0000ab70       ?GetCenter_S@CDrCurve@@QAE?AUWORLD@@XZ 1000bb70 f i CurMdit.obj
 0001:0000abb0       ?SetCenter_S@CDrCurve@@QAEXUWORLD@@@Z 1000bbb0 f i CurMdit.obj
 0001:0000ac20       ?GetNormal_S@CDrCurve@@QAE?AUWORLD@@XZ 1000bc20 f i CurMdit.obj
 0001:0000ac60       ?SetNormal_S@CDrCurve@@QAEXUWORLD@@@Z 1000bc60 f i CurMdit.obj
 0001:0000acd0       ?GetSegAngle_S@CDrCurve@@QAENXZ 1000bcd0 f i CurMdit.obj
 0001:0000ad00       ?SetSegAngle_S@CDrCurve@@QAEXN@Z 1000bd00 f i CurMdit.obj
 0001:0000ad40       ?GetCNode_CC@CDrCurve@@QAEPAVCDrNode@@XZ 1000bd40 f i CurMdit.obj
 0001:0000ad70       ?SetCNode_CC@CDrCurve@@QAEXPAVCDrNode@@@Z 1000bd70 f i CurMdit.obj
 0001:0000ada0       ?GetCNode_TI@CDrCurve@@QAEPAVCDrNode@@XZ 1000bda0 f i CurMdit.obj
 0001:0000add0       ?SetCNode_TI@CDrCurve@@QAEXPAVCDrNode@@@Z 1000bdd0 f i CurMdit.obj
 0001:0000ae00       ?GetCNode_CA@CDrCurve@@QAEPAVCDrNode@@XZ 1000be00 f i CurMdit.obj
 0001:0000ae30       ?SetCNode_CA@CDrCurve@@QAEXPAVCDrNode@@@Z 1000be30 f i CurMdit.obj
 0001:0000ae60       ?GetCNode_CB@CDrCurve@@QAEPAVCDrNode@@XZ 1000be60 f i CurMdit.obj
 0001:0000ae90       ?SetCNode_CB@CDrCurve@@QAEXPAVCDrNode@@@Z 1000be90 f i CurMdit.obj
 0001:0000aec0       ?IsHole_S@CDrCurve@@QAEHXZ 1000bec0 f i CurMdit.obj
 0001:0000aef0       ?SetHole_S@CDrCurve@@QAEXH@Z 1000bef0 f i CurMdit.obj
 0001:0000af20       ?GetpTangents_S@CDrCurve@@QAEPAUWORLD@@XZ 1000bf20 f i CurMdit.obj
 0001:0000af50       ?SetpTangents_S@CDrCurve@@QAEXPAUWORLD@@@Z 1000bf50 f i CurMdit.obj
 0001:0000af80       ?GetpCurvatures_S@CDrCurve@@QAEPANXZ 1000bf80 f i CurMdit.obj
 0001:0000afb0       ?SetpCurvatures_S@CDrCurve@@QAEXPAN@Z 1000bfb0 f i CurMdit.obj
 0001:0000afe0       ?GetRatio_S@CDrCurve@@QAENXZ 1000bfe0 f i CurMdit.obj
 0001:0000b010       ?SetRatio_S@CDrCurve@@QAEXN@Z 1000c010 f i CurMdit.obj
 0001:0000b050       ?IsAxisInput@CDrCurve@@QAEHXZ 1000c050 f i CurMdit.obj
 0001:0000b080       ?SetAxisInput@CDrCurve@@QAEXH@Z 1000c080 f i CurMdit.obj
 0001:0000b0b0       ?GetAxis@CDrCurve@@QAEHXZ  1000c0b0 f i CurMdit.obj
 0001:0000b0e0       ?SetAxis@CDrCurve@@QAEXH@Z 1000c0e0 f i CurMdit.obj
 0001:0000b110       ?IsNegative@CDrCurve@@QAEHXZ 1000c110 f i CurMdit.obj
 0001:0000b140       ?SetNegative@CDrCurve@@QAEXH@Z 1000c140 f i CurMdit.obj
 0001:0000b170       ?GetCircleType@CDrCurve@@QAE?AW4CIRCLETYPE@@XZ 1000c170 f i CurMdit.obj
 0001:0000b1a0       ?SetCircleType@CDrCurve@@QAEXW4CIRCLETYPE@@@Z 1000c1a0 f i CurMdit.obj
 0001:0000b1d0       ?GetInputType@CDrCurve@@QAEHXZ 1000c1d0 f i CurMdit.obj
 0001:0000b200       ?SetInputType@CDrCurve@@QAEXH@Z 1000c200 f i CurMdit.obj
 0001:0000b230       ?IsArcType@CDrCurve@@QAEHXZ 1000c230 f i CurMdit.obj
 0001:0000b260       ?SetArcType@CDrCurve@@QAEXH@Z 1000c260 f i CurMdit.obj
 0001:0000b290       ?GetElperSegList_S@CDrCurve@@QAEPAV?$CList@HH@@XZ 1000c290 f i CurMdit.obj
 0001:0000b2c0       ?IsSkewed@CDrCurve@@UAEHXZ 1000c2c0 f i CurMdit.obj
 0001:0000b2f0       ?SetSkewed@CDrCurve@@UAEXH@Z 1000c2f0 f i CurMdit.obj
 0001:0000b320       ?IsLinSpr@CDrCurve@@UAEHXZ 1000c320 f i CurMdit.obj
 0001:0000b350       ?SetLinSpr@CDrCurve@@UAEXH@Z 1000c350 f i CurMdit.obj
 0001:0000b380       ?IsLinSnu@CDrCurve@@UAEHXZ 1000c380 f i CurMdit.obj
 0001:0000b3b0       ?SetLinSnu@CDrCurve@@UAEXH@Z 1000c3b0 f i CurMdit.obj
 0001:0000b3e0       ?CullWorld@CDrCurve@@UAEHUWORLD@@@Z 1000c3e0 f i CurMdit.obj
 0001:0000b400       ?CullScreen@CDrCurve@@UAEHPAUMATRIX@@@Z 1000c400 f i CurMdit.obj
 0001:0000b420       ?Calc_CentroidWorld@CDrCurve@@UAEXXZ 1000c420 f i CurMdit.obj
 0001:0000b440       ?Calc_CentroidEye@CDrCurve@@UAEXXZ 1000c440 f i CurMdit.obj
 0001:0000b460       ?Calc_CentroidScreen3D@CDrCurve@@UAEXNN@Z 1000c460 f i CurMdit.obj
 0001:0000b480       ?Calc_NormalWorld@CDrCurve@@UAEXXZ 1000c480 f i CurMdit.obj
 0001:0000b4a0       ?TransformNormalToEye@CDrCurve@@UAEXPAUMATRIX@@@Z 1000c4a0 f i CurMdit.obj
 0001:0000b4c0       ?ProjectNormalToScreen3D@CDrCurve@@UAEXPAUMATRIX@@NN@Z 1000c4c0 f i CurMdit.obj
 0001:0000b4e0       ?GetNormalWorld@CDrCurve@@UAEPAUWORLD@@XZ 1000c4e0 f i CurMdit.obj
 0001:0000b500       ?SetNormalWorld@CDrCurve@@UAEXUWORLD@@@Z 1000c500 f i CurMdit.obj
 0001:0000b520       ?GetNormalEye@CDrCurve@@UAEPAUWORLD@@XZ 1000c520 f i CurMdit.obj
 0001:0000b540       ?SetNormalEye@CDrCurve@@UAEXUWORLD@@@Z 1000c540 f i CurMdit.obj
 0001:0000b560       ?GetNormalScreen3D@CDrCurve@@UAEPAUWORLD@@XZ 1000c560 f i CurMdit.obj
 0001:0000b580       ?SetNormalScreen3D@CDrCurve@@UAEXUWORLD@@@Z 1000c580 f i CurMdit.obj
 0001:0000b5a0       ?GetNormalScreen2D@CDrCurve@@UAEPAUtagPOINT@@XZ 1000c5a0 f i CurMdit.obj
 0001:0000b5c0       ?SetNormalScreen2D@CDrCurve@@UAEXUtagPOINT@@@Z 1000c5c0 f i CurMdit.obj
 0001:0000b5e0       ?GetNodTopoList@CDrCurve@@QAEPAVCDListMgr@@XZ 1000c5e0 f i CurMdit.obj
 0001:0000b610       ?GetSuppCardList@CDrCurve@@QAEPAV?$CList@Usupportcard@@U1@@@XZ 1000c610 f i CurMdit.obj
 0001:0000b640       ?GetStaLCardList@CDrCurve@@QAEPAV?$CList@UstaLcard@@U1@@@XZ 1000c640 f i CurMdit.obj
 0001:0000b670       ?GetBndryPtList@CDrCurve@@QAEPAV?$CList@UWORLD@@U1@@@XZ 1000c670 f i CurMdit.obj
 0001:0000b6a0       ?GetBezierType@CDrCurve@@QAE?AW4BEZIERTYPE@@XZ 1000c6a0 f i CurMdit.obj
 0001:0000b6d0       ?SetBezierType@CDrCurve@@QAEXW4BEZIERTYPE@@@Z 1000c6d0 f i CurMdit.obj
 0001:0000b700       ?IsSubDivided@CTriangle@@UAEHXZ 1000c700 f i CurMdit.obj
 0001:0000b720       ?SetSubDivided@CTriangle@@UAEXH@Z 1000c720 f i CurMdit.obj
 0001:0000b750       ?GetSubTriangleIndex@CTriangle@@UAEHH@Z 1000c750 f i CurMdit.obj
 0001:0000b780       ?SetSubTriangleIndex@CTriangle@@UAEXHH@Z 1000c780 f i CurMdit.obj
 0001:0000b7b0       ?GetType@CTriangle@@UAEHXZ 1000c7b0 f i CurMdit.obj
 0001:0000b7d0       ?SetType@CTriangle@@UAEXH@Z 1000c7d0 f i CurMdit.obj
 0001:0000b800       ?GetCNIndexList@CTriangle@@UAEPAV?$CList@HH@@XZ 1000c800 f i CurMdit.obj
 0001:0000b820       ?GetPatIndex@CTriangle@@UAEHXZ 1000c820 f i CurMdit.obj
 0001:0000b840       ?SetPatIndex@CTriangle@@UAEXH@Z 1000c840 f i CurMdit.obj
 0001:0000b870       ?GetDegree@CTriangle@@UAEHXZ 1000c870 f i CurMdit.obj
 0001:0000b890       ?SetDegree@CTriangle@@UAEXH@Z 1000c890 f i CurMdit.obj
 0001:0000b8c0       ?GetVertexIndex@CTriangle@@UAEHH@Z 1000c8c0 f i CurMdit.obj
 0001:0000b8f0       ?SetVertexIndex@CTriangle@@UAEXHH@Z 1000c8f0 f i CurMdit.obj
 0001:0000b920       ?GetVertexIndex@CTriangle@@UAEPAHXZ 1000c920 f i CurMdit.obj
 0001:0000b940       ?GetNebrVertexIndex@CTriangle@@UAEHH@Z 1000c940 f i CurMdit.obj
 0001:0000b970       ?SetNebrVertexIndex@CTriangle@@UAEXHH@Z 1000c970 f i CurMdit.obj
 0001:0000b9a0       ?GetNebrVertexIndex@CTriangle@@UAEPAHXZ 1000c9a0 f i CurMdit.obj
 0001:0000b9c0       ?GetNebrTriangleIndex@CTriangle@@UAEHH@Z 1000c9c0 f i CurMdit.obj
 0001:0000b9f0       ?SetNebrTriangleIndex@CTriangle@@UAEXHH@Z 1000c9f0 f i CurMdit.obj
 0001:0000ba20       ?GetNebrTriangleIndex@CTriangle@@UAEPAHXZ 1000ca20 f i CurMdit.obj
 0001:0000ba40       ?GetOutSeg@CTriangle@@UAEHXZ 1000ca40 f i CurMdit.obj
 0001:0000ba60       ?SetOutSeg@CTriangle@@UAEXH@Z 1000ca60 f i CurMdit.obj
 0001:0000ba90       ?GetiOutGlo@CTriangle@@UAEHXZ 1000ca90 f i CurMdit.obj
 0001:0000bac0       ?SetiOutGlo@CTriangle@@UAEXH@Z 1000cac0 f i CurMdit.obj
 0001:0000baf0       ?GetjOutGlo@CTriangle@@UAEHXZ 1000caf0 f i CurMdit.obj
 0001:0000bb20       ?SetjOutGlo@CTriangle@@UAEXH@Z 1000cb20 f i CurMdit.obj
 0001:0000bb50       ??1CTriangle@@UAE@XZ       1000cb50 f i CurMdit.obj
 0001:0000bbd0       ??_GCTriangle@@UAEPAXI@Z   1000cbd0 f i CurMdit.obj
 0001:0000bc10       ??_ECTriangle@@UAEPAXI@Z   1000cc10 f i CurMdit.obj
 0001:0000bcb0       ?GetCategory@CDrPatch@@UAE?AW4CATEGORY@@XZ 1000ccb0 f i CurMdit.obj
 0001:0000bcd0       ?SetCategory@CDrPatch@@UAEXW4CATEGORY@@@Z 1000ccd0 f i CurMdit.obj
 0001:0000bd00       ?IsNormalNeeded@CDrPatch@@UAEHXZ 1000cd00 f i CurMdit.obj
 0001:0000bd30       ?SetNormalNeed@CDrPatch@@UAEXH@Z 1000cd30 f i CurMdit.obj
 0001:0000bd60       ?GetCurveType_T@CDrPatch@@QAE?AW4CURVEPROC@@XZ 1000cd60 f i CurMdit.obj
 0001:0000bd90       ?SetCurveType_T@CDrPatch@@QAEXW4CURVEPROC@@@Z 1000cd90 f i CurMdit.obj
 0001:0000bdc0       ?GetOutSegUnif_T@CDrPatch@@QAEHXZ 1000cdc0 f i CurMdit.obj
 0001:0000bdf0       ?SetOutSegUnif_T@CDrPatch@@QAEXH@Z 1000cdf0 f i CurMdit.obj
 0001:0000be20       ?IsClosed_T@CDrPatch@@QAEHXZ 1000ce20 f i CurMdit.obj
 0001:0000be50       ?SetClosed_T@CDrPatch@@QAEXH@Z 1000ce50 f i CurMdit.obj
 0001:0000be80       ?GetMaxBezSegments_T@CDrPatch@@QAEHXZ 1000ce80 f i CurMdit.obj
 0001:0000beb0       ?SetMaxBezSegments_T@CDrPatch@@QAEXH@Z 1000ceb0 f i CurMdit.obj
 0001:0000bee0       ?GetMaxCNodes_T@CDrPatch@@QAEHXZ 1000cee0 f i CurMdit.obj
 0001:0000bf10       ?SetMaxCNodes_T@CDrPatch@@QAEXH@Z 1000cf10 f i CurMdit.obj
 0001:0000bf40       ?GetMaxOutPts_T@CDrPatch@@QAEHXZ 1000cf40 f i CurMdit.obj
 0001:0000bf70       ?SetMaxOutPts_T@CDrPatch@@QAEXH@Z 1000cf70 f i CurMdit.obj
 0001:0000bfa0       ?GetNodes_S@CDrPatch@@QAEHXZ 1000cfa0 f i CurMdit.obj
 0001:0000bfd0       ?SetNodes_S@CDrPatch@@QAEXH@Z 1000cfd0 f i CurMdit.obj
 0001:0000c000       ?GetNodes_T@CDrPatch@@QAEHXZ 1000d000 f i CurMdit.obj
 0001:0000c030       ?SetNodes_T@CDrPatch@@QAEXH@Z 1000d030 f i CurMdit.obj
 0001:0000c060       ?GetPrimaryDir@CDrPatch@@QAEHXZ 1000d060 f i CurMdit.obj
 0001:0000c090       ?SetPrimaryDir@CDrPatch@@QAEXH@Z 1000d090 f i CurMdit.obj
 0001:0000c0c0       ?GetBlendCurve@CDrPatch@@QAEPAVCDrCurve@@XZ 1000d0c0 f i CurMdit.obj
 0001:0000c0f0       ?SetBlendCurve@CDrPatch@@QAEXPAVCDrCurve@@@Z 1000d0f0 f i CurMdit.obj
 0001:0000c120       ?GetBlendCurve_U@CDrPatch@@QAEPAVCDrCurve@@XZ 1000d120 f i CurMdit.obj
 0001:0000c150       ?SetBlendCurve_U@CDrPatch@@QAEXPAVCDrCurve@@@Z 1000d150 f i CurMdit.obj
 0001:0000c180       ?GetBlendCurve_V@CDrPatch@@QAEPAVCDrCurve@@XZ 1000d180 f i CurMdit.obj
 0001:0000c1b0       ?SetBlendCurve_V@CDrPatch@@QAEXPAVCDrCurve@@@Z 1000d1b0 f i CurMdit.obj
 0001:0000c1e0       ?GetBlendCurve_W@CDrPatch@@QAEPAVCDrCurve@@XZ 1000d1e0 f i CurMdit.obj
 0001:0000c210       ?SetBlendCurve_W@CDrPatch@@QAEXPAVCDrCurve@@@Z 1000d210 f i CurMdit.obj
 0001:0000c240       ?GetVCurveList@CDrPatch@@QAEPAVCDListMgr@@XZ 1000d240 f i CurMdit.obj
 0001:0000c270       ?GetCurveList_U@CDrPatch@@QAEPAVCDListMgr@@XZ 1000d270 f i CurMdit.obj
 0001:0000c2a0       ?GetCurveList_V@CDrPatch@@QAEPAVCDListMgr@@XZ 1000d2a0 f i CurMdit.obj
 0001:0000c2d0       ?GetCurveList_W@CDrPatch@@QAEPAVCDListMgr@@XZ 1000d2d0 f i CurMdit.obj
 0001:0000c300       ?GetCurveLatchList_U@CDrPatch@@QAEPAV?$CList@W4CURVELATCH@@W41@@@XZ 1000d300 f i CurMdit.obj
 0001:0000c330       ?GetCurveLatchList_V@CDrPatch@@QAEPAV?$CList@W4CURVELATCH@@W41@@@XZ 1000d330 f i CurMdit.obj
 0001:0000c360       ?GetCurveLatchList_W@CDrPatch@@QAEPAV?$CList@W4CURVELATCH@@W41@@@XZ 1000d360 f i CurMdit.obj
 0001:0000c390       ?IsAdvancedEnd_U@CDrPatch@@QAEHXZ 1000d390 f i CurMdit.obj
 0001:0000c3c0       ?SetAdvancedEnd_U@CDrPatch@@QAEXH@Z 1000d3c0 f i CurMdit.obj
 0001:0000c3f0       ?GetCornerTwist_U@CDrPatch@@QAEPAY01UWORLD@@XZ 1000d3f0 f i CurMdit.obj
 0001:0000c420       ?SetCornerTwist_U@CDrPatch@@QAEXPAY01UWORLD@@@Z 1000d420 f i CurMdit.obj
 0001:0000c450       ?GetTwistMethod_U@CDrPatch@@QAE?AW4TWIST@@XZ 1000d450 f i CurMdit.obj
 0001:0000c480       ?SetTwistMethod_U@CDrPatch@@QAEXW4TWIST@@@Z 1000d480 f i CurMdit.obj
 0001:0000c4b0       ?IsAdvancedEnd_V@CDrPatch@@QAEHXZ 1000d4b0 f i CurMdit.obj
 0001:0000c4e0       ?SetAdvancedEnd_V@CDrPatch@@QAEXH@Z 1000d4e0 f i CurMdit.obj
 0001:0000c510       ?GetCornerTwist_V@CDrPatch@@QAEPAY01UWORLD@@XZ 1000d510 f i CurMdit.obj
 0001:0000c540       ?SetCornerTwist_V@CDrPatch@@QAEXPAY01UWORLD@@@Z 1000d540 f i CurMdit.obj
 0001:0000c570       ?GetTwistMethod_V@CDrPatch@@QAE?AW4TWIST@@XZ 1000d570 f i CurMdit.obj
 0001:0000c5a0       ?SetTwistMethod_V@CDrPatch@@QAEXW4TWIST@@@Z 1000d5a0 f i CurMdit.obj
 0001:0000c5d0       ?GetEndList_U@CDrPatch@@QAEPAV?$CList@Ublendend@@U1@@@XZ 1000d5d0 f i CurMdit.obj
 0001:0000c600       ?GetEndList_V@CDrPatch@@QAEPAV?$CList@Ublendend@@U1@@@XZ 1000d600 f i CurMdit.obj
 0001:0000c630       ?GetElperSegList_T@CDrPatch@@QAEPAV?$CList@HH@@XZ 1000d630 f i CurMdit.obj
 0001:0000c660       ?GetCurveID@CDrPatch@@QAE?AVCString@@H@Z 1000d660 f i CurMdit.obj
 0001:0000c6b0       ?SetCurveID@CDrPatch@@QAEXVCString@@H@Z 1000d6b0 f i CurMdit.obj
 0001:0000c730       ?GetBndryCurve@CDrPatch@@QAEPAVCDrCurve@@H@Z 1000d730 f i CurMdit.obj
 0001:0000c760       ?SetCurve@CDrPatch@@QAEXPAVCDrCurve@@H@Z 1000d760 f i CurMdit.obj
 0001:0000c790       ?GetCurveLatch@CDrPatch@@QAE?AW4CURVELATCH@@H@Z 1000d790 f i CurMdit.obj
 0001:0000c7c0       ?SetCurveLatch@CDrPatch@@QAEXW4CURVELATCH@@H@Z 1000d7c0 f i CurMdit.obj
 0001:0000c7f0       ?GetFromIDNode_T@CDrPatch@@QAEPAVCDrNode@@XZ 1000d7f0 f i CurMdit.obj
 0001:0000c820       ?SetFromIDNode_T@CDrPatch@@QAEXPAVCDrNode@@@Z 1000d820 f i CurMdit.obj
 0001:0000c850       ?GetToIDNode_T@CDrPatch@@QAEPAVCDrNode@@XZ 1000d850 f i CurMdit.obj
 0001:0000c880       ?SetToIDNode_T@CDrPatch@@QAEXPAVCDrNode@@@Z 1000d880 f i CurMdit.obj
 0001:0000c8b0       ?GetFromPtLocal_T@CDrPatch@@QAEPAUWORLD@@XZ 1000d8b0 f i CurMdit.obj
 0001:0000c8e0       ?SetFromPtLocal_T@CDrPatch@@QAEXUWORLD@@@Z 1000d8e0 f i CurMdit.obj
 0001:0000c920       ?GetToPtLocal_T@CDrPatch@@QAEPAUWORLD@@XZ 1000d920 f i CurMdit.obj
 0001:0000c950       ?SetToPtLocal_T@CDrPatch@@QAEXUWORLD@@@Z 1000d950 f i CurMdit.obj
 0001:0000c990       ?GetFromPtWorld_T@CDrPatch@@QAEPAUWORLD@@XZ 1000d990 f i CurMdit.obj
 0001:0000c9c0       ?SetFromPtWorld_T@CDrPatch@@QAEXUWORLD@@@Z 1000d9c0 f i CurMdit.obj
 0001:0000ca00       ?GetToPtWorld_T@CDrPatch@@QAEPAUWORLD@@XZ 1000da00 f i CurMdit.obj
 0001:0000ca30       ?SetToPtWorld_T@CDrPatch@@QAEXUWORLD@@@Z 1000da30 f i CurMdit.obj
 0001:0000ca70       ?GetFromPtEye_T@CDrPatch@@QAEPAUWORLD@@XZ 1000da70 f i CurMdit.obj
 0001:0000caa0       ?SetFromPtEye_T@CDrPatch@@QAEXUWORLD@@@Z 1000daa0 f i CurMdit.obj
 0001:0000cae0       ?GetToPtEye_T@CDrPatch@@QAEPAUWORLD@@XZ 1000dae0 f i CurMdit.obj
 0001:0000cb10       ?SetToPtEye_T@CDrPatch@@QAEXUWORLD@@@Z 1000db10 f i CurMdit.obj
 0001:0000cb50       ?GetAxis_T@CDrPatch@@QAEPAUWORLD@@XZ 1000db50 f i CurMdit.obj
 0001:0000cb80       ?SetAxis_T@CDrPatch@@QAEXUWORLD@@@Z 1000db80 f i CurMdit.obj
 0001:0000cbc0       ?GetExtruType_T@CDrPatch@@QAEHXZ 1000dbc0 f i CurMdit.obj
 0001:0000cbf0       ?SetExtruType_T@CDrPatch@@QAEXH@Z 1000dbf0 f i CurMdit.obj
 0001:0000cc20       ?GetLength_T@CDrPatch@@QAENXZ 1000dc20 f i CurMdit.obj
 0001:0000cc50       ?SetLength_T@CDrPatch@@QAEXN@Z 1000dc50 f i CurMdit.obj
 0001:0000cc90       ?GetWorldLength_T@CDrPatch@@QAE?AUWORLD@@XZ 1000dc90 f i CurMdit.obj
 0001:0000ccd0       ?SetWorldLength_T@CDrPatch@@QAEXUWORLD@@@Z 1000dcd0 f i CurMdit.obj
 0001:0000cd10       ?GetSegs_T@CDrPatch@@QAEHXZ 1000dd10 f i CurMdit.obj
 0001:0000cd40       ?SetSegs_T@CDrPatch@@QAEXH@Z 1000dd40 f i CurMdit.obj
 0001:0000cd70       ?IsAxisInput_T@CDrPatch@@QAEHXZ 1000dd70 f i CurMdit.obj
 0001:0000cda0       ?SetAxisInput_T@CDrPatch@@QAEXH@Z 1000dda0 f i CurMdit.obj
 0001:0000cdd0       ?GetAxisType_T@CDrPatch@@QAEHXZ 1000ddd0 f i CurMdit.obj
 0001:0000ce00       ?SetAxisType_T@CDrPatch@@QAEXH@Z 1000de00 f i CurMdit.obj
 0001:0000ce30       ?IsNegative_T@CDrPatch@@QAEHXZ 1000de30 f i CurMdit.obj
 0001:0000ce60       ?SetNegative_T@CDrPatch@@QAEXH@Z 1000de60 f i CurMdit.obj
 0001:0000ce90       ?GetCircleType_T@CDrPatch@@QAE?AW4CIRCLETYPE@@XZ 1000de90 f i CurMdit.obj
 0001:0000cec0       ?SetCircleType_T@CDrPatch@@QAEXW4CIRCLETYPE@@@Z 1000dec0 f i CurMdit.obj
 0001:0000cef0       ?GetAng_1_T@CDrPatch@@QAENXZ 1000def0 f i CurMdit.obj
 0001:0000cf20       ?SetAng_1_T@CDrPatch@@QAEXN@Z 1000df20 f i CurMdit.obj
 0001:0000cf60       ?GetAng_2_T@CDrPatch@@QAENXZ 1000df60 f i CurMdit.obj
 0001:0000cf90       ?SetAng_2_T@CDrPatch@@QAEXN@Z 1000df90 f i CurMdit.obj
 0001:0000cfd0       ?GetPatchProc@CDrPatch@@QAE?AW4PATCHPROC@@XZ 1000dfd0 f i CurMdit.obj
 0001:0000d000       ?SetPatchProc@CDrPatch@@QAEXW4PATCHPROC@@@Z 1000e000 f i CurMdit.obj
 0001:0000d030       ?GetPatchType@CDrPatch@@QAE?AW4PATCHTYPE@@XZ 1000e030 f i CurMdit.obj
 0001:0000d060       ?SetPatchType@CDrPatch@@QAEXW4PATCHTYPE@@@Z 1000e060 f i CurMdit.obj
 0001:0000d090       ?GetPatSubType@CDrPatch@@QAE?AW4PATSUBTYPE@@XZ 1000e090 f i CurMdit.obj
 0001:0000d0c0       ?SetPatSubType@CDrPatch@@QAEXW4PATSUBTYPE@@@Z 1000e0c0 f i CurMdit.obj
 0001:0000d0f0       ?GetOut_S@CDrPatch@@QAEHXZ 1000e0f0 f i CurMdit.obj
 0001:0000d120       ?SetOut_S@CDrPatch@@QAEXH@Z 1000e120 f i CurMdit.obj
 0001:0000d150       ?GetOut_T@CDrPatch@@QAEHXZ 1000e150 f i CurMdit.obj
 0001:0000d180       ?SetOut_T@CDrPatch@@QAEXH@Z 1000e180 f i CurMdit.obj
 0001:0000d1b0       ?GetTotalElems@CDrPatch@@QAEJXZ 1000e1b0 f i CurMdit.obj
 0001:0000d1e0       ?SetTotalElems@CDrPatch@@QAEXJ@Z 1000e1e0 f i CurMdit.obj
 0001:0000d210       ?GetPtrTangents_S@CDrPatch@@QAEPAUWORLD@@XZ 1000e210 f i CurMdit.obj
 0001:0000d240       ?GetPtrTangents_T@CDrPatch@@QAEPAUWORLD@@XZ 1000e240 f i CurMdit.obj
 0001:0000d270       ?GetPtrNormals@CDrPatch@@QAEPAUWORLD@@XZ 1000e270 f i CurMdit.obj
 0001:0000d2a0       ?GetPtrTwists@CDrPatch@@QAEPAUWORLD@@XZ 1000e2a0 f i CurMdit.obj
 0001:0000d2d0       ?GetMemIn@CDrPatch@@UAEPAUWORLD@@H@Z 1000e2d0 f i CurMdit.obj
 0001:0000d300       ?SetMemIn@CDrPatch@@UAEXPAUWORLD@@H@Z 1000e300 f i CurMdit.obj
 0001:0000d330       ?SetMemIn@CDrPatch@@UAEXPAUWORLD@@@Z 1000e330 f i CurMdit.obj
 0001:0000d360       ?SetMemInDP@CDrPatch@@UAEXPAUtagPOINT@@@Z 1000e360 f i CurMdit.obj
 0001:0000d390       ?SetMemOut@CDrPatch@@UAEXPAUWORLD@@@Z 1000e390 f i CurMdit.obj
 0001:0000d3c0       ?SetMemOutDP@CDrPatch@@UAEXPAUtagPOINT@@@Z 1000e3c0 f i CurMdit.obj
 0001:0000d3f0       ?IsUniform_T@CDrPatch@@QAEHXZ 1000e3f0 f i CurMdit.obj
 0001:0000d420       ?SetUniform_T@CDrPatch@@QAEXH@Z 1000e420 f i CurMdit.obj
 0001:0000d450       ?GetClass_T@CDrPatch@@QAEHXZ 1000e450 f i CurMdit.obj
 0001:0000d480       ?SetClass_T@CDrPatch@@QAEXH@Z 1000e480 f i CurMdit.obj
 0001:0000d4b0       ?GetOrder_T@CDrPatch@@QAEHXZ 1000e4b0 f i CurMdit.obj
 0001:0000d4e0       ?SetOrder_T@CDrPatch@@QAEXH@Z 1000e4e0 f i CurMdit.obj
 0001:0000d510       ?GetnDim_T@CDrPatch@@QAEHXZ 1000e510 f i CurMdit.obj
 0001:0000d540       ?SetnDim_T@CDrPatch@@QAEXH@Z 1000e540 f i CurMdit.obj
 0001:0000d570       ?GetOutMethod_T@CDrPatch@@QAE?AW4PATCHOUTPUT@@XZ 1000e570 f i CurMdit.obj
 0001:0000d5a0       ?SetOutMethod_T@CDrPatch@@QAEXW4PATCHOUTPUT@@@Z 1000e5a0 f i CurMdit.obj
 0001:0000d5d0       ?GetMaxOutSeg_T@CDrPatch@@QAEHXZ 1000e5d0 f i CurMdit.obj
 0001:0000d600       ?SetMaxOutSeg_T@CDrPatch@@QAEXH@Z 1000e600 f i CurMdit.obj
 0001:0000d630       ?GetNum_tPointer_T@CDrPatch@@QAEPAHXZ 1000e630 f i CurMdit.obj
 0001:0000d660       ?SetNum_tPointer_T@CDrPatch@@QAEXPAH@Z 1000e660 f i CurMdit.obj
 0001:0000d690       ?GetDis_tPointer_T@CDrPatch@@QAEPANXZ 1000e690 f i CurMdit.obj
 0001:0000d6c0       ?SetDis_tPointer_T@CDrPatch@@QAEXPAN@Z 1000e6c0 f i CurMdit.obj
 0001:0000d6f0       ?GetNum_tPointer_Ex_T@CDrPatch@@QAEPAHXZ 1000e6f0 f i CurMdit.obj
 0001:0000d720       ?SetNum_tPointer_Ex_T@CDrPatch@@QAEXPAH@Z 1000e720 f i CurMdit.obj
 0001:0000d750       ?GetDis_AngPointer_T@CDrPatch@@QAEPANXZ 1000e750 f i CurMdit.obj
 0001:0000d780       ?SetDis_AngPointer_T@CDrPatch@@QAEXPAN@Z 1000e780 f i CurMdit.obj
 0001:0000d7b0       ?GetData_Ex_T@CDrPatch@@QAEHXZ 1000e7b0 f i CurMdit.obj
 0001:0000d7e0       ?SetData_Ex_T@CDrPatch@@QAEXH@Z 1000e7e0 f i CurMdit.obj
 0001:0000d810       ?IsExpanded_T@CDrPatch@@QAEHXZ 1000e810 f i CurMdit.obj
 0001:0000d840       ?SetExpanded_T@CDrPatch@@QAEXH@Z 1000e840 f i CurMdit.obj
 0001:0000d870       ?GetMaxENodes_T@CDrPatch@@QAEHXZ 1000e870 f i CurMdit.obj
 0001:0000d8a0       ?SetMaxENodes_T@CDrPatch@@QAEXH@Z 1000e8a0 f i CurMdit.obj
 0001:0000d8d0       ?GetRadius_T@CDrPatch@@QAENXZ 1000e8d0 f i CurMdit.obj
 0001:0000d900       ?SetRadius_T@CDrPatch@@QAEXN@Z 1000e900 f i CurMdit.obj
 0001:0000d940       ?GetTheta_T@CDrPatch@@QAENXZ 1000e940 f i CurMdit.obj
 0001:0000d970       ?SetTheta_T@CDrPatch@@QAEXN@Z 1000e970 f i CurMdit.obj
 0001:0000d9b0       ?GetCenter_T@CDrPatch@@QAE?AUWORLD@@XZ 1000e9b0 f i CurMdit.obj
 0001:0000d9f0       ?SetCenter_T@CDrPatch@@QAEXUWORLD@@@Z 1000e9f0 f i CurMdit.obj
 0001:0000da60       ?GetNormal_T@CDrPatch@@QAE?AUWORLD@@XZ 1000ea60 f i CurMdit.obj
 0001:0000daa0       ?SetNormal_T@CDrPatch@@QAEXUWORLD@@@Z 1000eaa0 f i CurMdit.obj
 0001:0000db10       ?GetSegAngle_T@CDrPatch@@QAENXZ 1000eb10 f i CurMdit.obj
 0001:0000db40       ?SetSegAngle_T@CDrPatch@@QAEXN@Z 1000eb40 f i CurMdit.obj
 0001:0000db80       ?IsHole_T@CDrPatch@@QAEHXZ 1000eb80 f i CurMdit.obj
 0001:0000dbb0       ?SetHole_T@CDrPatch@@QAEXH@Z 1000ebb0 f i CurMdit.obj
 0001:0000dbe0       ?GetpTangents_T@CDrPatch@@QAEPAUWORLD@@XZ 1000ebe0 f i CurMdit.obj
 0001:0000dc10       ?SetpTangents_T@CDrPatch@@QAEXPAUWORLD@@@Z 1000ec10 f i CurMdit.obj
 0001:0000dc40       ?GetpCurvatures_T@CDrPatch@@QAEPANXZ 1000ec40 f i CurMdit.obj
 0001:0000dc70       ?SetpCurvatures_T@CDrPatch@@QAEXPAN@Z 1000ec70 f i CurMdit.obj
 0001:0000dca0       ?GetRatio_T@CDrPatch@@QAENXZ 1000eca0 f i CurMdit.obj
 0001:0000dcd0       ?SetRatio_T@CDrPatch@@QAEXN@Z 1000ecd0 f i CurMdit.obj
 0001:0000dd10       ?GetTwistType_T@CDrPatch@@QAEHXZ 1000ed10 f i CurMdit.obj
 0001:0000dd40       ?SetTwistType_T@CDrPatch@@QAEXH@Z 1000ed40 f i CurMdit.obj
 0001:0000dd70       ?GetTwistList_T@CDrPatch@@QAEPAV?$CList@NN@@XZ 1000ed70 f i CurMdit.obj
 0001:0000dda0       ?GetScaleType_T@CDrPatch@@QAEHXZ 1000eda0 f i CurMdit.obj
 0001:0000ddd0       ?SetScaleType_T@CDrPatch@@QAEXH@Z 1000edd0 f i CurMdit.obj
 0001:0000de00       ?GetScaleList_T@CDrPatch@@QAEPAV?$CList@NN@@XZ 1000ee00 f i CurMdit.obj
 0001:0000de30       ?IsIncTwist_T@CDrPatch@@QAEHXZ 1000ee30 f i CurMdit.obj
 0001:0000de60       ?SetIncTwist_T@CDrPatch@@QAEXH@Z 1000ee60 f i CurMdit.obj
 0001:0000de90       ?GetTwistMult_T@CDrPatch@@QAENXZ 1000ee90 f i CurMdit.obj
 0001:0000dec0       ?SetTwistMult_T@CDrPatch@@QAEXN@Z 1000eec0 f i CurMdit.obj
 0001:0000df00       ?GetTwistStart_T@CDrPatch@@QAENXZ 1000ef00 f i CurMdit.obj
 0001:0000df30       ?SetTwistStart_T@CDrPatch@@QAEXN@Z 1000ef30 f i CurMdit.obj
 0001:0000df70       ?IsIncScale_T@CDrPatch@@QAEHXZ 1000ef70 f i CurMdit.obj
 0001:0000dfa0       ?SetIncScale_T@CDrPatch@@QAEXH@Z 1000efa0 f i CurMdit.obj
 0001:0000dfd0       ?GetScaleMult_T@CDrPatch@@QAENXZ 1000efd0 f i CurMdit.obj
 0001:0000e000       ?SetScaleMult_T@CDrPatch@@QAEXN@Z 1000f000 f i CurMdit.obj
 0001:0000e040       ?GetScaleStart_T@CDrPatch@@QAENXZ 1000f040 f i CurMdit.obj
 0001:0000e070       ?SetScaleStart_T@CDrPatch@@QAEXN@Z 1000f070 f i CurMdit.obj
 0001:0000e0b0       ?GetWorldTwistMult_T@CDrPatch@@QAE?AUWORLD@@XZ 1000f0b0 f i CurMdit.obj
 0001:0000e0f0       ?SetWorldTwistMult_T@CDrPatch@@QAEXUWORLD@@@Z 1000f0f0 f i CurMdit.obj
 0001:0000e130       ?GetWorldTwistStart_T@CDrPatch@@QAE?AUWORLD@@XZ 1000f130 f i CurMdit.obj
 0001:0000e170       ?SetWorldTwistStart_T@CDrPatch@@QAEXUWORLD@@@Z 1000f170 f i CurMdit.obj
 0001:0000e1b0       ?GetWorldScaleMult_T@CDrPatch@@QAE?AUWORLD@@XZ 1000f1b0 f i CurMdit.obj
 0001:0000e1f0       ?SetWorldScaleMult_T@CDrPatch@@QAEXUWORLD@@@Z 1000f1f0 f i CurMdit.obj
 0001:0000e230       ?GetWorldScaleStart_T@CDrPatch@@QAE?AUWORLD@@XZ 1000f230 f i CurMdit.obj
 0001:0000e270       ?SetWorldScaleStart_T@CDrPatch@@QAEXUWORLD@@@Z 1000f270 f i CurMdit.obj
 0001:0000e2b0       ?GetTriangleList@CDrPatch@@UAEPAVCDListMgr@@XZ 1000f2b0 f i CurMdit.obj
 0001:0000e2e0       ?GetnOutGlo_S@CDrPatch@@QAEHXZ 1000f2e0 f i CurMdit.obj
 0001:0000e310       ?SetnOutGlo_S@CDrPatch@@QAEXH@Z 1000f310 f i CurMdit.obj
 0001:0000e340       ?IsGenBCurve@CDrPatch@@QAEHXZ 1000f340 f i CurMdit.obj
 0001:0000e370       ?SetGenBCurve@CDrPatch@@QAEXH@Z 1000f370 f i CurMdit.obj
 0001:0000e3a0       ?IsEndCondMode@CSheet_PATI@@QAEHXZ 1000f3a0 f i CurMdit.obj
 0001:0000e3d0       ?SetEndCondMode@CSheet_PATI@@QAEXH@Z 1000f3d0 f i CurMdit.obj
 0001:0000e400       ?Parse_drPipe@CDrFE1D@@UAEXPAVCString@@@Z 1000f400 f i CurMdit.obj
 0001:0000e420       ?DoFormattedCardView@CDrFE1D@@UAEXPAVCString@@AAV2@@Z 1000f420 f i CurMdit.obj
 0001:0000e440       ?DoUnFormattedCardView@CDrFE1D@@UAEXPAVCString@@@Z 1000f440 f i CurMdit.obj
 0001:0000e460       ?GetMaxCorners@CDrFE1D@@UAEHXZ 1000f460 f i CurMdit.obj
 0001:0000e480       ?GetMemIn@CDrFE1D@@UAEPAUWORLD@@XZ 1000f480 f i CurMdit.obj
 0001:0000e4b0       ?GetMemInWts@CDrFE1D@@UAEPANXZ 1000f4b0 f i CurMdit.obj
 0001:0000e4e0       ?GetMemInDP@CDrFE1D@@UAEPAUtagPOINT@@XZ 1000f4e0 f i CurMdit.obj
 0001:0000e510       ?GetMemOut@CDrFE1D@@UAEPAUWORLD@@XZ 1000f510 f i CurMdit.obj
 0001:0000e540       ?GetMemOutWts@CDrFE1D@@UAEPANXZ 1000f540 f i CurMdit.obj
 0001:0000e570       ?GetMemOutDP@CDrFE1D@@UAEPAUtagPOINT@@XZ 1000f570 f i CurMdit.obj
 0001:0000e5a0       ?SetMemIn@CDrFE1D@@UAEXPAUWORLD@@@Z 1000f5a0 f i CurMdit.obj
 0001:0000e5d0       ?SetMemInWts@CDrFE1D@@UAEXPAN@Z 1000f5d0 f i CurMdit.obj
 0001:0000e600       ?SetMemInDP@CDrFE1D@@UAEXPAUtagPOINT@@@Z 1000f600 f i CurMdit.obj
 0001:0000e630       ?SetMemOut@CDrFE1D@@UAEXPAUWORLD@@@Z 1000f630 f i CurMdit.obj
 0001:0000e660       ?SetMemOutWts@CDrFE1D@@UAEXPAN@Z 1000f660 f i CurMdit.obj
 0001:0000e690       ?SetMemOutDP@CDrFE1D@@UAEXPAUtagPOINT@@@Z 1000f690 f i CurMdit.obj
 0001:0000e6c0       ?FixMemD@CDrFE1D@@UAEPANJ@Z 1000f6c0 f i CurMdit.obj
 0001:0000e710       ?FreeMemD@CDrFE1D@@UAEXPAN@Z 1000f710 f i CurMdit.obj
 0001:0000e740       ?FixMem@CDrFE1D@@UAEPAUWORLD@@J@Z 1000f740 f i CurMdit.obj
 0001:0000e790       ?FreeMem@CDrFE1D@@UAEXPAUWORLD@@@Z 1000f790 f i CurMdit.obj
 0001:0000e7c0       ?FixMemDP@CDrFE1D@@UAEPAUtagPOINT@@J@Z 1000f7c0 f i CurMdit.obj
 0001:0000e810       ?FreeMemDP@CDrFE1D@@UAEXPAUtagPOINT@@@Z 1000f810 f i CurMdit.obj
 0001:0000e840       ?GetnNodes@CDrFE1D@@QAEFXZ 1000f840 f i CurMdit.obj
 0001:0000e870       ?SetnNodes@CDrFE1D@@QAEXF@Z 1000f870 f i CurMdit.obj
 0001:0000e8a0       ?GetEdgeDegree@CDrFE1D@@QAEFXZ 1000f8a0 f i CurMdit.obj
 0001:0000e8d0       ?SetEdgeDegree@CDrFE1D@@QAEXF@Z 1000f8d0 f i CurMdit.obj
 0001:0000e900       ?GetElNumID@CDrFE1D@@QAEAAVCString@@XZ 1000f900 f i CurMdit.obj
 0001:0000e930       ?SetElNumID@CDrFE1D@@QAEXVCString@@@Z 1000f930 f i CurMdit.obj
 0001:0000e9b0       ?GetElTypeID@CDrFE1D@@QAEAAVCString@@XZ 1000f9b0 f i CurMdit.obj
 0001:0000e9e0       ?SetElTypeID@CDrFE1D@@QAEXVCString@@@Z 1000f9e0 f i CurMdit.obj
 0001:0000ea60       ?Getline_id@CDrFE1D@@QAEAAVCString@@XZ 1000fa60 f i CurMdit.obj
 0001:0000ea90       ?Setline_id@CDrFE1D@@QAEXVCString@@@Z 1000fa90 f i CurMdit.obj
 0001:0000eb10       ?Getrid@CDrFE1D@@UAEAAVCString@@H@Z 1000fb10 f i CurMdit.obj
 0001:0000eb40       ?Setrid@CDrFE1D@@UAEXVCString@@H@Z 1000fb40 f i CurMdit.obj
 0001:0000ebc0       ?Getpid@CDrFE1D@@QAEAAVCString@@XZ 1000fbc0 f i CurMdit.obj
 0001:0000ebf0       ?Setpid@CDrFE1D@@QAEXVCString@@@Z 1000fbf0 f i CurMdit.obj
 0001:0000ec70       ?Getmid@CDrFE1D@@QAEAAVCString@@XZ 1000fc70 f i CurMdit.obj
 0001:0000eca0       ?Setmid@CDrFE1D@@QAEXVCString@@@Z 1000fca0 f i CurMdit.obj
 0001:0000ed20       ?GetElNum@CDrFE1D@@QAEIXZ  1000fd20 f i CurMdit.obj
 0001:0000ed50       ?SetElNum@CDrFE1D@@QAEXI@Z 1000fd50 f i CurMdit.obj
 0001:0000ed80       ?GetElTypeNum@CDrFE1D@@QAEIXZ 1000fd80 f i CurMdit.obj
 0001:0000edb0       ?SetElTypeNum@CDrFE1D@@QAEXI@Z 1000fdb0 f i CurMdit.obj
 0001:0000ede0       ?Getline_no@CDrFE1D@@QAEIXZ 1000fde0 f i CurMdit.obj
 0001:0000ee10       ?Setline_no@CDrFE1D@@QAEXI@Z 1000fe10 f i CurMdit.obj
 0001:0000ee40       ?Getrel@CDrFE1D@@UAEIH@Z   1000fe40 f i CurMdit.obj
 0001:0000ee70       ?Setrel@CDrFE1D@@UAEXIH@Z  1000fe70 f i CurMdit.obj
 0001:0000eea0       ?Getprop@CDrFE1D@@QAEIXZ   1000fea0 f i CurMdit.obj
 0001:0000eed0       ?Setprop@CDrFE1D@@QAEXI@Z  1000fed0 f i CurMdit.obj
 0001:0000ef00       ?Getmat@CDrFE1D@@QAEIXZ    1000ff00 f i CurMdit.obj
 0001:0000ef30       ?Setmat@CDrFE1D@@QAEXI@Z   1000ff30 f i CurMdit.obj
 0001:0000ef60       ?Getnumseg@CDrFE1D@@QAEIXZ 1000ff60 f i CurMdit.obj
 0001:0000ef90       ?Setnumseg@CDrFE1D@@QAEXI@Z 1000ff90 f i CurMdit.obj
 0001:0000efc0       ?GetRefTemp@CDrFE1D@@QAENXZ 1000ffc0 f i CurMdit.obj
 0001:0000eff0       ?SetRefTemp@CDrFE1D@@QAEXN@Z 1000fff0 f i CurMdit.obj
 0001:0000f030       ?GetCardNo@CDrFE1D@@QAEIXZ 10010030 f i CurMdit.obj
 0001:0000f060       ?SetCardNo@CDrFE1D@@QAEXI@Z 10010060 f i CurMdit.obj
 0001:0000f090       ?GetCenter@CDrFE1D@@UAE?AUtagPOINT@@XZ 10010090 f i CurMdit.obj
 0001:0000f0d0       ?SetCenter@CDrFE1D@@UAEXUtagPOINT@@@Z 100100d0 f i CurMdit.obj
 0001:0000f110       ?Parse_drPipe@CDrFE2D@@UAEXPAVCString@@@Z 10010110 f i CurMdit.obj
 0001:0000f130       ?DoFormattedCardView@CDrFE2D@@UAEXPAVCString@@AAV2@@Z 10010130 f i CurMdit.obj
 0001:0000f150       ?DoUnFormattedCardView@CDrFE2D@@UAEXPAVCString@@@Z 10010150 f i CurMdit.obj
 0001:0000f170       ?GetMaxCorners@CDrFE2D@@UAEHXZ 10010170 f i CurMdit.obj
 0001:0000f1a0       ?GetCentroidScreen2D@CDrFE2D@@UAEPAUtagPOINT@@XZ 100101a0 f i CurMdit.obj
 0001:0000f1d0       ?SetCentroidScreen2D@CDrFE2D@@UAEXUtagPOINT@@@Z 100101d0 f i CurMdit.obj
 0001:0000f210       ?GetCentroidScreen3D@CDrFE2D@@UAEPAUWORLD@@XZ 10010210 f i CurMdit.obj
 0001:0000f240       ?SetCentroidScreen3D@CDrFE2D@@UAEXUWORLD@@@Z 10010240 f i CurMdit.obj
 0001:0000f280       ?GetCentroidEye@CDrFE2D@@UAEPAUWORLD@@XZ 10010280 f i CurMdit.obj
 0001:0000f2b0       ?SetCentroidEye@CDrFE2D@@UAEXUWORLD@@@Z 100102b0 f i CurMdit.obj
 0001:0000f2f0       ?GetCentroidWorld@CDrFE2D@@UAEPAUWORLD@@XZ 100102f0 f i CurMdit.obj
 0001:0000f320       ?SetCentroidWorld@CDrFE2D@@UAEXUWORLD@@@Z 10010320 f i CurMdit.obj
 0001:0000f360       ?GetCentroidZdepth@CDrFE2D@@UAENXZ 10010360 f i CurMdit.obj
 0001:0000f390       ?SetCentroidZdepth@CDrFE2D@@UAEXN@Z 10010390 f i CurMdit.obj
 0001:0000f3d0       ?GetNormalWorld@CDrFE2D@@UAEPAUWORLD@@XZ 100103d0 f i CurMdit.obj
 0001:0000f400       ?SetNormalWorld@CDrFE2D@@UAEXUWORLD@@@Z 10010400 f i CurMdit.obj
 0001:0000f440       ?GetNormalEye@CDrFE2D@@UAEPAUWORLD@@XZ 10010440 f i CurMdit.obj
 0001:0000f470       ?SetNormalEye@CDrFE2D@@UAEXUWORLD@@@Z 10010470 f i CurMdit.obj
 0001:0000f4b0       ?GetNormalScreen3D@CDrFE2D@@UAEPAUWORLD@@XZ 100104b0 f i CurMdit.obj
 0001:0000f4e0       ?SetNormalScreen3D@CDrFE2D@@UAEXUWORLD@@@Z 100104e0 f i CurMdit.obj
 0001:0000f520       ?GetNormalScreen2D@CDrFE2D@@UAEPAUtagPOINT@@XZ 10010520 f i CurMdit.obj
 0001:0000f550       ?SetNormalScreen2D@CDrFE2D@@UAEXUtagPOINT@@@Z 10010550 f i CurMdit.obj
 0001:0000f590       ?IsCulled@CDrFE2D@@UAEHXZ  10010590 f i CurMdit.obj
 0001:0000f5c0       ?SetCulled@CDrFE2D@@UAEXH@Z 100105c0 f i CurMdit.obj
 0001:0000f5f0       ?GetnNodes@CDrFE2D@@QAEFXZ 100105f0 f i CurMdit.obj
 0001:0000f620       ?SetnNodes@CDrFE2D@@QAEXF@Z 10010620 f i CurMdit.obj
 0001:0000f650       ?GetnEdgeNodes@CDrFE2D@@QAEFXZ 10010650 f i CurMdit.obj
 0001:0000f680       ?SetnEdgeNodes@CDrFE2D@@QAEXF@Z 10010680 f i CurMdit.obj
 0001:0000f6b0       ?GetElNumID@CDrFE2D@@QAEAAVCString@@XZ 100106b0 f i CurMdit.obj
 0001:0000f6e0       ?SetElNumID@CDrFE2D@@QAEXVCString@@@Z 100106e0 f i CurMdit.obj
 0001:0000f760       ?GetElTypeID@CDrFE2D@@QAEAAVCString@@XZ 10010760 f i CurMdit.obj
 0001:0000f790       ?SetElTypeID@CDrFE2D@@QAEXVCString@@@Z 10010790 f i CurMdit.obj
 0001:0000f810       ?Getline_id@CDrFE2D@@QAEAAVCString@@XZ 10010810 f i CurMdit.obj
 0001:0000f840       ?Setline_id@CDrFE2D@@QAEXVCString@@@Z 10010840 f i CurMdit.obj
 0001:0000f8c0       ?Getpid@CDrFE2D@@QAEAAVCString@@XZ 100108c0 f i CurMdit.obj
 0001:0000f8f0       ?Setpid@CDrFE2D@@QAEXVCString@@@Z 100108f0 f i CurMdit.obj
 0001:0000f970       ?Getmid@CDrFE2D@@QAEAAVCString@@XZ 10010970 f i CurMdit.obj
 0001:0000f9a0       ?Setmid@CDrFE2D@@QAEXVCString@@@Z 100109a0 f i CurMdit.obj
 0001:0000fa20       ?GetElNum@CDrFE2D@@QAEIXZ  10010a20 f i CurMdit.obj
 0001:0000fa50       ?SetElNum@CDrFE2D@@QAEXI@Z 10010a50 f i CurMdit.obj
 0001:0000fa80       ?GetElTypeNum@CDrFE2D@@QAEIXZ 10010a80 f i CurMdit.obj
 0001:0000fab0       ?SetElTypeNum@CDrFE2D@@QAEXI@Z 10010ab0 f i CurMdit.obj
 0001:0000fae0       ?Getline_no@CDrFE2D@@QAEIXZ 10010ae0 f i CurMdit.obj
 0001:0000fb10       ?Setline_no@CDrFE2D@@QAEXI@Z 10010b10 f i CurMdit.obj
 0001:0000fb40       ?Getprop@CDrFE2D@@QAEIXZ   10010b40 f i CurMdit.obj
 0001:0000fb70       ?Setprop@CDrFE2D@@QAEXI@Z  10010b70 f i CurMdit.obj
 0001:0000fba0       ?Getmat@CDrFE2D@@QAEIXZ    10010ba0 f i CurMdit.obj
 0001:0000fbd0       ?Setmat@CDrFE2D@@QAEXI@Z   10010bd0 f i CurMdit.obj
 0001:0000fc00       ?Getnumseg@CDrFE2D@@QAEIXZ 10010c00 f i CurMdit.obj
 0001:0000fc30       ?Setnumseg@CDrFE2D@@QAEXI@Z 10010c30 f i CurMdit.obj
 0001:0000fc60       ?GetRefTemp@CDrFE2D@@QAENXZ 10010c60 f i CurMdit.obj
 0001:0000fc90       ?SetRefTemp@CDrFE2D@@QAEXN@Z 10010c90 f i CurMdit.obj
 0001:0000fcd0       ?GetCardNo@CDrFE2D@@QAEIXZ 10010cd0 f i CurMdit.obj
 0001:0000fd00       ?SetCardNo@CDrFE2D@@QAEXI@Z 10010d00 f i CurMdit.obj
 0001:0000fd30       ?GetCenter@CDrFE2D@@UAE?AUtagPOINT@@XZ 10010d30 f i CurMdit.obj
 0001:0000fd70       ?SetCenter@CDrFE2D@@UAEXUtagPOINT@@@Z 10010d70 f i CurMdit.obj
 0001:0000fdb0       ?IsPosiEdge@CDrFE2D@@QAEHH@Z 10010db0 f i CurMdit.obj
 0001:0000fde0       ?SetPosiEdge@CDrFE2D@@QAEXHH@Z 10010de0 f i CurMdit.obj
 0001:0000fe10       ?Getrid@CDrFE2D@@UAEAAVCString@@H@Z 10010e10 f i CurMdit.obj
 0001:0000fe40       ?Setrid@CDrFE2D@@UAEXVCString@@H@Z 10010e40 f i CurMdit.obj
 0001:0000fec0       ?Getrel@CDrFE2D@@UAEIH@Z   10010ec0 f i CurMdit.obj
 0001:0000fef0       ?Setrel@CDrFE2D@@UAEXIH@Z  10010ef0 f i CurMdit.obj
 0001:0000ff20       ?GetnCorners@CDrFE2D@@UAEFXZ 10010f20 f i CurMdit.obj
 0001:0000ff50       ?SetnCorners@CDrFE2D@@UAEXF@Z 10010f50 f i CurMdit.obj
 0001:0000ff80       ?GetnEdges@CDrFE2D@@UAEFXZ 10010f80 f i CurMdit.obj
 0001:0000ffb0       ?SetnEdges@CDrFE2D@@UAEXF@Z 10010fb0 f i CurMdit.obj
 0001:0000ffe0       ?GetElDegree@CDrFE2D@@UAE?AW4ELEM_DEGREE@@XZ 10010fe0 f i CurMdit.obj
 0001:00010010       ?SetElDegree@CDrFE2D@@UAEXW4ELEM_DEGREE@@@Z 10011010 f i CurMdit.obj
 0001:00010040       ?GetEdgeDegrees@CDrFE2D@@UAEFH@Z 10011040 f i CurMdit.obj
 0001:00010070       ?SetEdgeDegrees@CDrFE2D@@UAEXFH@Z 10011070 f i CurMdit.obj
 0001:000100a0       ?GetThkness@CDrFE2D@@UAENXZ 100110a0 f i CurMdit.obj
 0001:000100d0       ?SetThkness@CDrFE2D@@UAEXN@Z 100110d0 f i CurMdit.obj
 0001:00010110       ?IsNormalNeeded@CDrSolid@@UAEHXZ 10011110 f i CurMdit.obj
 0001:00010140       ?SetNormalNeed@CDrSolid@@UAEXH@Z 10011140 f i CurMdit.obj
 0001:00010170       ?GetCurveType_R@CDrSolid@@QAE?AW4CURVEPROC@@XZ 10011170 f i CurMdit.obj
 0001:000101a0       ?SetCurveType_R@CDrSolid@@QAEXW4CURVEPROC@@@Z 100111a0 f i CurMdit.obj
 0001:000101d0       ?GetOutSegUnif_R@CDrSolid@@QAEHXZ 100111d0 f i CurMdit.obj
 0001:00010200       ?SetOutSegUnif_R@CDrSolid@@QAEXH@Z 10011200 f i CurMdit.obj
 0001:00010230       ?IsClosed_R@CDrSolid@@QAEHXZ 10011230 f i CurMdit.obj
 0001:00010260       ?SetClosed_R@CDrSolid@@QAEXH@Z 10011260 f i CurMdit.obj
 0001:00010290       ?GetSolidObjectType@CDrSolid@@QAEHXZ 10011290 f i CurMdit.obj
 0001:000102c0       ?SetSolidObjectType@CDrSolid@@QAEXH@Z 100112c0 f i CurMdit.obj
 0001:000102f0       ?GetMaxBezSegments_R@CDrSolid@@QAEHXZ 100112f0 f i CurMdit.obj
 0001:00010320       ?SetMaxBezSegments_R@CDrSolid@@QAEXH@Z 10011320 f i CurMdit.obj
 0001:00010350       ?GetMaxCNodes_R@CDrSolid@@QAEHXZ 10011350 f i CurMdit.obj
 0001:00010380       ?SetMaxCNodes_R@CDrSolid@@QAEXH@Z 10011380 f i CurMdit.obj
 0001:000103b0       ?GetMaxOutPts_R@CDrSolid@@QAEHXZ 100113b0 f i CurMdit.obj
 0001:000103e0       ?SetMaxOutPts_R@CDrSolid@@QAEXH@Z 100113e0 f i CurMdit.obj
 0001:00010410       ?GetPatchID@CDrSolid@@QAE?AVCString@@H@Z 10011410 f i CurMdit.obj
 0001:00010460       ?SetPatchID@CDrSolid@@QAEXVCString@@H@Z 10011460 f i CurMdit.obj
 0001:000104e0       ?GetFromIDNode_R@CDrSolid@@QAEPAVCDrNode@@XZ 100114e0 f i CurMdit.obj
 0001:00010510       ?SetFromIDNode_R@CDrSolid@@QAEXPAVCDrNode@@@Z 10011510 f i CurMdit.obj
 0001:00010540       ?GetToIDNode_R@CDrSolid@@QAEPAVCDrNode@@XZ 10011540 f i CurMdit.obj
 0001:00010570       ?SetToIDNode_R@CDrSolid@@QAEXPAVCDrNode@@@Z 10011570 f i CurMdit.obj
 0001:000105a0       ?GetFromPtLocal_R@CDrSolid@@QAEPAUWORLD@@XZ 100115a0 f i CurMdit.obj
 0001:000105d0       ?SetFromPtLocal_R@CDrSolid@@QAEXUWORLD@@@Z 100115d0 f i CurMdit.obj
 0001:00010610       ?GetToPtLocal_R@CDrSolid@@QAEPAUWORLD@@XZ 10011610 f i CurMdit.obj
 0001:00010640       ?SetToPtLocal_R@CDrSolid@@QAEXUWORLD@@@Z 10011640 f i CurMdit.obj
 0001:00010680       ?GetFromPtWorld_R@CDrSolid@@QAEPAUWORLD@@XZ 10011680 f i CurMdit.obj
 0001:000106b0       ?SetFromPtWorld_R@CDrSolid@@QAEXUWORLD@@@Z 100116b0 f i CurMdit.obj
 0001:000106f0       ?GetToPtWorld_R@CDrSolid@@QAEPAUWORLD@@XZ 100116f0 f i CurMdit.obj
 0001:00010720       ?SetToPtWorld_R@CDrSolid@@QAEXUWORLD@@@Z 10011720 f i CurMdit.obj
 0001:00010760       ?GetFromPtEye_R@CDrSolid@@QAEPAUWORLD@@XZ 10011760 f i CurMdit.obj
 0001:00010790       ?SetFromPtEye_R@CDrSolid@@QAEXUWORLD@@@Z 10011790 f i CurMdit.obj
 0001:000107d0       ?GetToPtEye_R@CDrSolid@@QAEPAUWORLD@@XZ 100117d0 f i CurMdit.obj
 0001:00010800       ?SetToPtEye_R@CDrSolid@@QAEXUWORLD@@@Z 10011800 f i CurMdit.obj
 0001:00010840       ?GetAxis_R@CDrSolid@@QAEPAUWORLD@@XZ 10011840 f i CurMdit.obj
 0001:00010870       ?SetAxis_R@CDrSolid@@QAEXUWORLD@@@Z 10011870 f i CurMdit.obj
 0001:000108b0       ?GetExtruType_R@CDrSolid@@QAEHXZ 100118b0 f i CurMdit.obj
 0001:000108e0       ?SetExtruType_R@CDrSolid@@QAEXH@Z 100118e0 f i CurMdit.obj
 0001:00010910       ?GetLength_R@CDrSolid@@QAENXZ 10011910 f i CurMdit.obj
 0001:00010940       ?SetLength_R@CDrSolid@@QAEXN@Z 10011940 f i CurMdit.obj
 0001:00010980       ?GetWorldLength_R@CDrSolid@@QAE?AUWORLD@@XZ 10011980 f i CurMdit.obj
 0001:000109c0       ?SetWorldLength_R@CDrSolid@@QAEXUWORLD@@@Z 100119c0 f i CurMdit.obj
 0001:00010a00       ?GetSegs_R@CDrSolid@@QAEHXZ 10011a00 f i CurMdit.obj
 0001:00010a30       ?SetSegs_R@CDrSolid@@QAEXH@Z 10011a30 f i CurMdit.obj
 0001:00010a60       ?GetSolidProc@CDrSolid@@QAE?AW4SOLIDPROC@@XZ 10011a60 f i CurMdit.obj
 0001:00010a90       ?SetSolidProc@CDrSolid@@QAEXW4SOLIDPROC@@@Z 10011a90 f i CurMdit.obj
 0001:00010ac0       ?GetSolidType@CDrSolid@@QAE?AW4SOLIDTYPE@@XZ 10011ac0 f i CurMdit.obj
 0001:00010af0       ?SetSolidType@CDrSolid@@QAEXW4SOLIDTYPE@@@Z 10011af0 f i CurMdit.obj
 0001:00010b20       ?GetSolSubType@CDrSolid@@QAE?AW4SOLSUBTYPE@@XZ 10011b20 f i CurMdit.obj
 0001:00010b50       ?SetSolSubType@CDrSolid@@QAEXW4SOLSUBTYPE@@@Z 10011b50 f i CurMdit.obj
 0001:00010b80       ?GetOut_R@CDrSolid@@QAEHXZ 10011b80 f i CurMdit.obj
 0001:00010bb0       ?SetOut_R@CDrSolid@@QAEXH@Z 10011bb0 f i CurMdit.obj
 0001:00010be0       ?IsUniform_R@CDrSolid@@QAEHXZ 10011be0 f i CurMdit.obj
 0001:00010c10       ?SetUniform_R@CDrSolid@@QAEXH@Z 10011c10 f i CurMdit.obj
 0001:00010c40       ?GetOrder_R@CDrSolid@@QAEHXZ 10011c40 f i CurMdit.obj
 0001:00010c70       ?SetOrder_R@CDrSolid@@QAEXH@Z 10011c70 f i CurMdit.obj
 0001:00010ca0       ?GetnDim_R@CDrSolid@@QAEHXZ 10011ca0 f i CurMdit.obj
 0001:00010cd0       ?SetnDim_R@CDrSolid@@QAEXH@Z 10011cd0 f i CurMdit.obj
 0001:00010d00       ?GetOutMethod_R@CDrSolid@@QAE?AW4SOLIDOUTPUT@@XZ 10011d00 f i CurMdit.obj
 0001:00010d30       ?SetOutMethod_R@CDrSolid@@QAEXW4SOLIDOUTPUT@@@Z 10011d30 f i CurMdit.obj
 0001:00010d60       ?GetMaxOutSeg_R@CDrSolid@@QAEHXZ 10011d60 f i CurMdit.obj
 0001:00010d90       ?SetMaxOutSeg_R@CDrSolid@@QAEXH@Z 10011d90 f i CurMdit.obj
 0001:00010dc0       ?GetNum_tPointer_R@CDrSolid@@QAEPAHXZ 10011dc0 f i CurMdit.obj
 0001:00010df0       ?SetNum_tPointer_R@CDrSolid@@QAEXPAH@Z 10011df0 f i CurMdit.obj
 0001:00010e20       ?GetDis_tPointer_R@CDrSolid@@QAEPANXZ 10011e20 f i CurMdit.obj
 0001:00010e50       ?SetDis_tPointer_R@CDrSolid@@QAEXPAN@Z 10011e50 f i CurMdit.obj
 0001:00010e80       ?GetNum_tPointer_Ex_R@CDrSolid@@QAEPAHXZ 10011e80 f i CurMdit.obj
 0001:00010eb0       ?SetNum_tPointer_Ex_R@CDrSolid@@QAEXPAH@Z 10011eb0 f i CurMdit.obj
[...]
 0004:00000f14       __imp_??1CDialog@@UAE@XZ   100b3f14     mfc42d:MFC42D.DLL
 0004:00000f18       __imp_??4CString@@QAEABV0@PBD@Z 100b3f18     mfc42d:MFC42D.DLL
 0004:00000f1c       __imp_?AfxTrace@@YAXPBDZZ  100b3f1c     mfc42d:MFC42D.DLL
 0004:00000f20       __imp_?IsStoring@CArchive@@QBEHXZ 100b3f20     mfc42d:MFC42D.DLL
 0004:00000f24       __imp_?GetRuntimeClass@CObject@@UBEPAUCRuntimeClass@@XZ 100b3f24     mfc42d:MFC42D.DLL
 0004:00000f28       __imp_?WindowProc@CWnd@@MAEJIIJ@Z 100b3f28     mfc42d:MFC42D.DLL
 0004:00000f2c       __imp_?AfxAssertFailedLine@@YGHPBDH@Z 100b3f2c     mfc42d:MFC42D.DLL
 0004:00000f30       \177MFC42D_NULL_THUNK_DATA 100b3f30     mfc42d:MFC42D.DLL
 0004:00000fdc       __imp_?Serialize@CMouse@@UAEXAAVCArchive@@@Z 100b3fdc     MMgr_D32:MMgr_D32.dll
 0004:00000fe0       __imp_?SetStatusMouseWIC@CMouseMgr@@QAEXULPOINT3@@@Z 100b3fe0     MMgr_D32:MMgr_D32.dll
 0004:00000fe4       __imp_?WICtoWOP@CMouse@@QAEXJPAN@Z 100b3fe4     MMgr_D32:MMgr_D32.dll
 0004:00000fe8       __imp_?WICtoLOG@CMouse@@IAEXPAULPOINT3@@PAULPOINT@@@Z 100b3fe8     MMgr_D32:MMgr_D32.dll
 0004:00000fec       __imp_?SetMouseOldWIC@CMouse@@QAEXULPOINT3@@@Z 100b3fec     MMgr_D32:MMgr_D32.dll
 0004:00000ff0       __imp_?SetMouseWIC@CMouse@@QAEXULPOINT3@@@Z 100b3ff0     MMgr_D32:MMgr_D32.dll
 0004:00000ff4       __imp_?LOGtoWIC@CMouse@@IAEXPAULPOINT3@@PAULPOINT@@@Z 100b3ff4     MMgr_D32:MMgr_D32.dll
 0004:00000ff8       __imp_?WORtoWOP@CMouse@@QAEXPAUWORLD@@0@Z 100b3ff8     MMgr_D32:MMgr_D32.dll
 0004:00000ffc       __imp_??0CMouse@@QAE@XZ    100b3ffc     MMgr_D32:MMgr_D32.dll
 0004:00001000       __imp_??1CMouse@@UAE@XZ    100b4000     MMgr_D32:MMgr_D32.dll
 0004:00001004       __imp_?classCMouse@CMouse@@2UCRuntimeClass@@A 100b4004     MMgr_D32:MMgr_D32.dll
 0004:00001008       __imp_?WORtoWOP@CMouse@@QAEXPAN0@Z 100b4008     MMgr_D32:MMgr_D32.dll
 0004:0000100c       __imp_?IsObjectHit@CMouse@@IAEHHUtagPOINT@@H@Z 100b400c     MMgr_D32:MMgr_D32.dll
 0004:00001010       \177MMgr_D32_NULL_THUNK_DATA 100b4010     MMgr_D32:MMgr_D32.dll
 0004:00001044       __imp_?CalcCentroid@CMI_Gang1@@QAEXPAUWORLD@@0H@Z 100b4044     MMs1_D32:MMs1_D32.dll
 0004:00001048       \177MMs1_D32_NULL_THUNK_DATA 100b4048     MMs1_D32:MMs1_D32.dll
 0004:00001074       __imp____dllonexit         100b4074     msvcrtd:MSVCRTD.dll
 0004:00001078       __imp___onexit             100b4078     msvcrtd:MSVCRTD.dll
 0004:0000107c       __imp__sqrt                100b407c     msvcrtd:MSVCRTD.dll
 0004:00001080       __imp__sprintf             100b4080     msvcrtd:MSVCRTD.dll
 0004:00001084       __imp__memset              100b4084     msvcrtd:MSVCRTD.dll
 0004:00001088       __imp__atof                100b4088     msvcrtd:MSVCRTD.dll
 0004:0000108c       __imp___ftol               100b408c     msvcrtd:MSVCRTD.dll
 0004:00001090       __imp_??1type_info@@UAE@XZ 100b4090     msvcrtd:MSVCRTD.dll
 0004:00001094       __imp___except_handler3    100b4094     msvcrtd:MSVCRTD.dll
 0004:00001098       __imp_?terminate@@YAXXZ    100b4098     msvcrtd:MSVCRTD.dll
 0004:0000109c       __imp___free_dbg           100b409c     msvcrtd:MSVCRTD.dll
 0004:000010a0       __imp___initterm           100b40a0     msvcrtd:MSVCRTD.dll
 0004:000010a4       __imp___malloc_dbg         100b40a4     msvcrtd:MSVCRTD.dll
 0004:000010a8       __imp___adjust_fdiv        100b40a8     msvcrtd:MSVCRTD.dll
 0004:000010ac       __imp____CxxFrameHandler   100b40ac     msvcrtd:MSVCRTD.dll
 0004:000010b0       \177MSVCRTD_NULL_THUNK_DATA 100b40b0     msvcrtd:MSVCRTD.dll
 0004:000010e8       __imp_?GetRuntimeClass@CTriangle@@UBEPAUCRuntimeClass@@XZ 100b40e8     OGen_D32:OGEN_D32.dll
 0004:000010ec       \177OGEN_D32_NULL_THUNK_DATA 100b40ec     OGen_D32:OGEN_D32.dll
 0004:00001118       __imp_?GetObjectIndexfromKey@CObjectMgr@@QAEHHVCString@@I@Z 100b4118     OMgr_D32:OMgr_D32.dll
 0004:0000111c       __imp_?ShowObject_On_Off@CObjectMgr@@QAEHPAVCDrObject@@IH@Z 100b411c     OMgr_D32:OMgr_D32.dll
 0004:00001120       __imp_?GetSpecObject@CObjectMgr@@QAEPAVCDrObject@@H@Z 100b4120     OMgr_D32:OMgr_D32.dll
 0004:00001124       \177OMgr_D32_NULL_THUNK_DATA 100b4124     OMgr_D32:OMgr_D32.dll
 0004:00001150       __imp_?GetFirstObjectPos@CDListMgr@@QAEPAU__POSITION@@XZ 100b4150     Spec_d32:Spec_D32.dll
 0004:00001154       __imp_?GetNextObject@CDListMgr@@QAEPAVCObject@@AAPAU__POSITION@@@Z 100b4154     Spec_d32:Spec_D32.dll
 0004:00001158       __imp_?GetObjectIndex@CDListMgr@@QAEHIVCString@@@Z 100b4158     Spec_d32:Spec_D32.dll
 0004:0000115c       __imp_?GetSpecificObjectCount@CDListMgr@@QAEHH@Z 100b415c     Spec_d32:Spec_D32.dll
 0004:00001160       __imp_?GetObjectA@CDListMgr@@QAEPAVCObject@@H@Z 100b4160     Spec_d32:Spec_D32.dll
 0004:00001164       __imp_??1CDListMgr@@UAE@XZ 100b4164     Spec_d32:Spec_D32.dll
 0004:00001168       __imp_?GetRuntimeClass@CUnit@@UBEPAUCRuntimeClass@@XZ 100b4168     Spec_d32:Spec_D32.dll
 0004:0000116c       __imp_?Serialize@CUnit@@UAEXAAVCArchive@@@Z 100b416c     Spec_d32:Spec_D32.dll
 0004:00001170       __imp_?DoDataView@CUnit@@UAEXPAVCDC@@H@Z 100b4170     Spec_d32:Spec_D32.dll
 0004:00001174       __imp_?Pack_drPipe@CUnit@@UAEXPAVCString@@@Z 100b4174     Spec_d32:Spec_D32.dll
 0004:00001178       __imp_?GetObjectInfo@CUnit@@UAEXPAVCDrObject@@@Z 100b4178     Spec_d32:Spec_D32.dll
 0004:0000117c       __imp_?SetObjectInfo@CUnit@@UAEXPAVCDrObject@@@Z 100b417c     Spec_d32:Spec_D32.dll
 0004:00001180       __imp_?ReadDefaultUnit@CUnit@@UAEXXZ 100b4180     Spec_d32:Spec_D32.dll
 0004:00001184       __imp_?InitUnit@CUnit@@UAEXXZ 100b4184     Spec_d32:Spec_D32.dll
 0004:00001188       __imp_?GetRuntimeClass@CScaleFactor@@UBEPAUCRuntimeClass@@XZ 100b4188     Spec_d32:Spec_D32.dll
 0004:0000118c       __imp_?Serialize@CScaleFactor@@UAEXAAVCArchive@@@Z 100b418c     Spec_d32:Spec_D32.dll
 0004:00001190       __imp_?DoDataView@CScaleFactor@@UAEXPAVCDC@@H@Z 100b4190     Spec_d32:Spec_D32.dll
 0004:00001194       __imp_?Pack_drPipe@CScaleFactor@@UAEXPAVCString@@@Z 100b4194     Spec_d32:Spec_D32.dll
 0004:00001198       __imp_?GetObjectInfo@CScaleFactor@@UAEXPAVCDrObject@@@Z 100b4198     Spec_d32:Spec_D32.dll
 0004:0000119c       __imp_?SetObjectInfo@CScaleFactor@@UAEXPAVCDrObject@@@Z 100b419c     Spec_d32:Spec_D32.dll
 0004:000011a0       __imp_?ReadDefaultScaleFactor@CScaleFactor@@UAEXXZ 100b41a0     Spec_d32:Spec_D32.dll
 0004:000011a4       __imp_?InitScaleFactor@CScaleFactor@@UAEXXZ 100b41a4     Spec_d32:Spec_D32.dll
 0004:000011a8       __imp_?GetRuntimeClass@CPrecision@@UBEPAUCRuntimeClass@@XZ 100b41a8     Spec_d32:Spec_D32.dll
 0004:000011ac       __imp_?Serialize@CPrecision@@UAEXAAVCArchive@@@Z 100b41ac     Spec_d32:Spec_D32.dll
 0004:000011b0       __imp_?DoDataView@CPrecision@@UAEXPAVCDC@@H@Z 100b41b0     Spec_d32:Spec_D32.dll
 0004:000011b4       __imp_?Pack_drPipe@CPrecision@@UAEXPAVCString@@@Z 100b41b4     Spec_d32:Spec_D32.dll
 0004:000011b8       __imp_?GetObjectInfo@CPrecision@@UAEXPAVCDrObject@@@Z 100b41b8     Spec_d32:Spec_D32.dll
 0004:000011bc       __imp_?SetObjectInfo@CPrecision@@UAEXPAVCDrObject@@@Z 100b41bc     Spec_d32:Spec_D32.dll
 0004:000011c0       __imp_?ReadDefaultPrecision@CPrecision@@UAEXXZ 100b41c0     Spec_d32:Spec_D32.dll
 0004:000011c4       __imp_?InitPrecision@CPrecision@@UAEXXZ 100b41c4     Spec_d32:Spec_D32.dll
 0004:000011c8       __imp_?GetRuntimeClass@CMapFactor@@UBEPAUCRuntimeClass@@XZ 100b41c8     Spec_d32:Spec_D32.dll
 0004:000011cc       __imp_?Serialize@CMapFactor@@UAEXAAVCArchive@@@Z 100b41cc     Spec_d32:Spec_D32.dll
 0004:000011d0       __imp_?DoDataView@CMapFactor@@UAEXPAVCDC@@H@Z 100b41d0     Spec_d32:Spec_D32.dll
 0004:000011d4       __imp_?Pack_drPipe@CMapFactor@@UAEXPAVCString@@@Z 100b41d4     Spec_d32:Spec_D32.dll
 0004:000011d8       __imp_?GetObjectInfo@CMapFactor@@UAEXPAVCDrObject@@@Z 100b41d8     Spec_d32:Spec_D32.dll
 0004:000011dc       __imp_?SetObjectInfo@CMapFactor@@UAEXPAVCDrObject@@@Z 100b41dc     Spec_d32:Spec_D32.dll
 0004:000011e0       __imp_?ReadDefaultMapFactor@CMapFactor@@UAEXXZ 100b41e0     Spec_d32:Spec_D32.dll
 0004:000011e4       __imp_?InitMapFactor@CMapFactor@@UAEXXZ 100b41e4     Spec_d32:Spec_D32.dll
 0004:000011e8       __imp_?GetRuntimeClass@CObj3DMnu@@UBEPAUCRuntimeClass@@XZ 100b41e8     Spec_d32:Spec_D32.dll
 0004:000011ec       __imp_?Serialize@CObj3DMnu@@UAEXAAVCArchive@@@Z 100b41ec     Spec_d32:Spec_D32.dll
 0004:000011f0       __imp_?DoDataView@CObj3DMnu@@UAEXPAVCDC@@H@Z 100b41f0     Spec_d32:Spec_D32.dll
 0004:000011f4       __imp_?Pack_drPipe@CObj3DMnu@@UAEXPAVCString@@@Z 100b41f4     Spec_d32:Spec_D32.dll
 0004:000011f8       __imp_?GetObjectInfo@CObj3DMnu@@UAEXPAVCDrObject@@@Z 100b41f8     Spec_d32:Spec_D32.dll
 0004:000011fc       __imp_?SetObjectInfo@CObj3DMnu@@UAEXPAVCDrObject@@@Z 100b41fc     Spec_d32:Spec_D32.dll
 0004:00001200       __imp_?GetObj3DMnuInfo@CObj3DMnu@@UAE?AVCString@@I@Z 100b4200     Spec_d32:Spec_D32.dll
 0004:00001204       __imp_?SetObj3DMnuInfo@CObj3DMnu@@UAEXII@Z 100b4204     Spec_d32:Spec_D32.dll
 0004:00001208       __imp_?GetObj3DMnuIDArray@CObj3DMnu@@UAEXQAVCString@@@Z 100b4208     Spec_d32:Spec_D32.dll
 0004:0000120c       __imp_?SetObj3DMnuIDArray@CObj3DMnu@@UAEXQAVCString@@@Z 100b420c     Spec_d32:Spec_D32.dll
 0004:00001210       __imp_?GetObj3DMnuArray@CObj3DMnu@@UAEXQAY01I@Z 100b4210     Spec_d32:Spec_D32.dll
 0004:00001214       __imp_?SetObj3DMnuArray@CObj3DMnu@@UAEXQAY01I@Z 100b4214     Spec_d32:Spec_D32.dll
 0004:00001218       __imp_?GetObj3DMnuOldArray@CObj3DMnu@@UAEXQAY01I@Z 100b4218     Spec_d32:Spec_D32.dll
 0004:0000121c       __imp_?SetObj3DMnuOldArray@CObj3DMnu@@UAEXQAY01I@Z 100b421c     Spec_d32:Spec_D32.dll
 0004:00001220       __imp_?GetObj3DMnuDefaultArray@CObj3DMnu@@UAEXQAY01I@Z 100b4220     Spec_d32:Spec_D32.dll
 0004:00001224       __imp_?SetObj3DMnuDefaultArray@CObj3DMnu@@UAEXQAY01I@Z 100b4224     Spec_d32:Spec_D32.dll
 0004:00001228       __imp_?ReadDefaultObj3DMnu@CObj3DMnu@@UAEXXZ 100b4228     Spec_d32:Spec_D32.dll
 0004:0000122c       __imp_?InitObj3DMnu@CObj3DMnu@@UAEXXZ 100b422c     Spec_d32:Spec_D32.dll
 0004:00001230       __imp_?GetRuntimeClass@CPatchMnu@@UBEPAUCRuntimeClass@@XZ 100b4230     Spec_d32:Spec_D32.dll
 0004:00001234       __imp_?Serialize@CPatchMnu@@UAEXAAVCArchive@@@Z 100b4234     Spec_d32:Spec_D32.dll
 0004:00001238       __imp_?DoDataView@CPatchMnu@@UAEXPAVCDC@@H@Z 100b4238     Spec_d32:Spec_D32.dll
 0004:0000123c       __imp_?Pack_drPipe@CPatchMnu@@UAEXPAVCString@@@Z 100b423c     Spec_d32:Spec_D32.dll
 0004:00001240       __imp_?GetObjectInfo@CPatchMnu@@UAEXPAVCDrObject@@@Z 100b4240     Spec_d32:Spec_D32.dll
 0004:00001244       __imp_?SetObjectInfo@CPatchMnu@@UAEXPAVCDrObject@@@Z 100b4244     Spec_d32:Spec_D32.dll
 0004:00001248       __imp_?GetPatchMnuInfo@CPatchMnu@@UAE?AVCString@@I@Z 100b4248     Spec_d32:Spec_D32.dll
 0004:0000124c       __imp_?SetPatchMnuInfo@CPatchMnu@@UAEXII@Z 100b424c     Spec_d32:Spec_D32.dll
 0004:00001250       __imp_?GetPatchMnuIDArray@CPatchMnu@@UAEXQAVCString@@@Z 100b4250     Spec_d32:Spec_D32.dll
 0004:00001254       __imp_?SetPatchMnuIDArray@CPatchMnu@@UAEXQAVCString@@@Z 100b4254     Spec_d32:Spec_D32.dll
 0004:00001258       __imp_?GetPatchMnuArray@CPatchMnu@@UAEXQAY01I@Z 100b4258     Spec_d32:Spec_D32.dll
 0004:0000125c       __imp_?SetPatchMnuArray@CPatchMnu@@UAEXQAY01I@Z 100b425c     Spec_d32:Spec_D32.dll
 0004:00001260       __imp_?GetPatchMnuOldArray@CPatchMnu@@UAEXQAY01I@Z 100b4260     Spec_d32:Spec_D32.dll
 0004:00001264       __imp_?SetPatchMnuOldArray@CPatchMnu@@UAEXQAY01I@Z 100b4264     Spec_d32:Spec_D32.dll
 0004:00001268       __imp_?GetPatchMnuDefaultArray@CPatchMnu@@UAEXQAY01I@Z 100b4268     Spec_d32:Spec_D32.dll
 0004:0000126c       __imp_?SetPatchMnuDefaultArray@CPatchMnu@@UAEXQAY01I@Z 100b426c     Spec_d32:Spec_D32.dll
 0004:00001270       __imp_?ReadDefaultPatchMnu@CPatchMnu@@UAEXXZ 100b4270     Spec_d32:Spec_D32.dll
 0004:00001274       __imp_?InitPatchMnu@CPatchMnu@@UAEXXZ 100b4274     Spec_d32:Spec_D32.dll
 0004:00001278       __imp_?GetRuntimeClass@CLayer@@UBEPAUCRuntimeClass@@XZ 100b4278     Spec_d32:Spec_D32.dll
 0004:0000127c       __imp_?Serialize@CLayer@@UAEXAAVCArchive@@@Z 100b427c     Spec_d32:Spec_D32.dll
 0004:00001280       __imp_?DoDataView@CLayer@@UAEXPAVCDC@@H@Z 100b4280     Spec_d32:Spec_D32.dll
 0004:00001284       __imp_?Pack_drPipe@CLayer@@UAEXPAVCString@@@Z 100b4284     Spec_d32:Spec_D32.dll
 0004:00001288       __imp_?GetObjectInfo@CLayer@@UAEXPAVCDrObject@@@Z 100b4288     Spec_d32:Spec_D32.dll
 0004:0000128c       __imp_?SetObjectInfo@CLayer@@UAEXPAVCDrObject@@@Z 100b428c     Spec_d32:Spec_D32.dll
 0004:00001290       __imp_?GetLayerInfo@CLayer@@UAE?AVCString@@I@Z 100b4290     Spec_d32:Spec_D32.dll
 0004:00001294       __imp_?SetLayerInfo@CLayer@@UAEXII@Z 100b4294     Spec_d32:Spec_D32.dll
 0004:00001298       __imp_?GetLayerArray@CLayer@@UAEXQAY01I@Z 100b4298     Spec_d32:Spec_D32.dll
 0004:0000129c       __imp_?SetLayerArray@CLayer@@UAEXQAY01I@Z 100b429c     Spec_d32:Spec_D32.dll
 0004:000012a0       __imp_?GetLayerOldArray@CLayer@@UAEXQAY01I@Z 100b42a0     Spec_d32:Spec_D32.dll
 0004:000012a4       __imp_?SetLayerOldArray@CLayer@@UAEXQAY01I@Z 100b42a4     Spec_d32:Spec_D32.dll
 0004:000012a8       __imp_?GetLayerDefaultArray@CLayer@@UAEXQAY01I@Z 100b42a8     Spec_d32:Spec_D32.dll
 0004:000012ac       __imp_?SetLayerDefaultArray@CLayer@@UAEXQAY01I@Z 100b42ac     Spec_d32:Spec_D32.dll
 0004:000012b0       __imp_?ReadDefaultLayer@CLayer@@UAEXXZ 100b42b0     Spec_d32:Spec_D32.dll
 0004:000012b4       __imp_?InitLayer@CLayer@@UAEXXZ 100b42b4     Spec_d32:Spec_D32.dll
 0004:000012b8       __imp_?GetRuntimeClass@CHitNet@@UBEPAUCRuntimeClass@@XZ 100b42b8     Spec_d32:Spec_D32.dll
 0004:000012bc       __imp_?Serialize@CHitNet@@UAEXAAVCArchive@@@Z 100b42bc     Spec_d32:Spec_D32.dll
 0004:000012c0       __imp_?DoDataView@CHitNet@@UAEXPAVCDC@@H@Z 100b42c0     Spec_d32:Spec_D32.dll
 0004:000012c4       __imp_?Pack_drPipe@CHitNet@@UAEXPAVCString@@@Z 100b42c4     Spec_d32:Spec_D32.dll
 0004:000012c8       __imp_?GetObjectInfo@CHitNet@@UAEXPAVCDrObject@@@Z 100b42c8     Spec_d32:Spec_D32.dll
 0004:000012cc       __imp_?SetObjectInfo@CHitNet@@UAEXPAVCDrObject@@@Z 100b42cc     Spec_d32:Spec_D32.dll
 0004:000012d0       __imp_?GetRuntimeClass@CDrPen@@UBEPAUCRuntimeClass@@XZ 100b42d0     Spec_d32:Spec_D32.dll
 0004:000012d4       __imp_?Serialize@CDrPen@@UAEXAAVCArchive@@@Z 100b42d4     Spec_d32:Spec_D32.dll
 0004:000012d8       __imp_?DoDataView@CDrPen@@UAEXPAVCDC@@H@Z 100b42d8     Spec_d32:Spec_D32.dll
 0004:000012dc       __imp_?Pack_drPipe@CDrPen@@UAEXPAVCString@@@Z 100b42dc     Spec_d32:Spec_D32.dll
 0004:000012e0       __imp_?GetObjectInfo@CDrPen@@UAEXPAVCDrObject@@@Z 100b42e0     Spec_d32:Spec_D32.dll
 0004:000012e4       __imp_?SetObjectInfo@CDrPen@@UAEXPAVCDrObject@@@Z 100b42e4     Spec_d32:Spec_D32.dll
 0004:000012e8       __imp_?ReplacePen@CDrPen@@UAEXXZ 100b42e8     Spec_d32:Spec_D32.dll
 0004:000012ec       __imp_?ReadDefaultDrPen@CDrPen@@UAEXXZ 100b42ec     Spec_d32:Spec_D32.dll
 0004:000012f0       __imp_?InitDrPen@CDrPen@@UAEXXZ 100b42f0     Spec_d32:Spec_D32.dll
 0004:000012f4       __imp_?GetRuntimeClass@CDrFont@@UBEPAUCRuntimeClass@@XZ 100b42f4     Spec_d32:Spec_D32.dll
 0004:000012f8       __imp_?Serialize@CDrFont@@UAEXAAVCArchive@@@Z 100b42f8     Spec_d32:Spec_D32.dll
 0004:000012fc       __imp_?DoDataView@CDrFont@@UAEXPAVCDC@@H@Z 100b42fc     Spec_d32:Spec_D32.dll
 0004:00001300       __imp_?Pack_drPipe@CDrFont@@UAEXPAVCString@@@Z 100b4300     Spec_d32:Spec_D32.dll
 0004:00001304       __imp_?GetObjectInfo@CDrFont@@UAEXPAVCDrObject@@@Z 100b4304     Spec_d32:Spec_D32.dll
 0004:00001308       __imp_?SetObjectInfo@CDrFont@@UAEXPAVCDrObject@@@Z 100b4308     Spec_d32:Spec_D32.dll
 0004:0000130c       __imp_?DoTextFont@CDrFont@@UAEXXZ 100b430c     Spec_d32:Spec_D32.dll
 0004:00001310       __imp_?ReadDefaultDrFont@CDrFont@@UAEXXZ 100b4310     Spec_d32:Spec_D32.dll
 0004:00001314       __imp_?InitDrFont@CDrFont@@UAEXXZ 100b4314     Spec_d32:Spec_D32.dll
 0004:00001318       __imp_?GetRuntimeClass@CDataWindow@@UBEPAUCRuntimeClass@@XZ 100b4318     Spec_d32:Spec_D32.dll
 0004:0000131c       __imp_?Serialize@CDataWindow@@UAEXAAVCArchive@@@Z 100b431c     Spec_d32:Spec_D32.dll
 0004:00001320       __imp_?DoDataView@CDataWindow@@UAEXPAVCDC@@H@Z 100b4320     Spec_d32:Spec_D32.dll
 0004:00001324       __imp_?Pack_drPipe@CDataWindow@@UAEXPAVCString@@@Z 100b4324     Spec_d32:Spec_D32.dll
 0004:00001328       __imp_?GetObjectInfo@CDataWindow@@UAEXPAVCDrObject@@@Z 100b4328     Spec_d32:Spec_D32.dll
 0004:0000132c       __imp_?SetObjectInfo@CDataWindow@@UAEXPAVCDrObject@@@Z 100b432c     Spec_d32:Spec_D32.dll
 0004:00001330       __imp_?SetWinMinMaxWIC@CDataWindow@@UAEXULPOINT3@@@Z 100b4330     Spec_d32:Spec_D32.dll
 0004:00001334       __imp_?SetWinExtWIC@CDataWindow@@UAEXXZ 100b4334     Spec_d32:Spec_D32.dll
 0004:00001338       __imp_?ReadDefaultDataWindow@CDataWindow@@UAEXXZ 100b4338     Spec_d32:Spec_D32.dll
 0004:0000133c       __imp_?InitDataWindow@CDataWindow@@UAEXXZ 100b433c     Spec_d32:Spec_D32.dll
 0004:00001340       __imp_?GetRuntimeClass@CBooleans@@UBEPAUCRuntimeClass@@XZ 100b4340     Spec_d32:Spec_D32.dll
 0004:00001344       __imp_?Serialize@CBooleans@@UAEXAAVCArchive@@@Z 100b4344     Spec_d32:Spec_D32.dll
 0004:00001348       __imp_?DoDataView@CBooleans@@UAEXPAVCDC@@H@Z 100b4348     Spec_d32:Spec_D32.dll
 0004:0000134c       __imp_?Pack_drPipe@CBooleans@@UAEXPAVCString@@@Z 100b434c     Spec_d32:Spec_D32.dll
 0004:00001350       __imp_?GetObjectInfo@CBooleans@@UAEXPAVCDrObject@@@Z 100b4350     Spec_d32:Spec_D32.dll
 0004:00001354       __imp_?SetObjectInfo@CBooleans@@UAEXPAVCDrObject@@@Z 100b4354     Spec_d32:Spec_D32.dll
 0004:00001358       __imp_?IsZoomEnabled@CBooleans@@UAEHH@Z 100b4358     Spec_d32:Spec_D32.dll
 0004:0000135c       __imp_?SetZoomEnabled@CBooleans@@UAEXHH@Z 100b435c     Spec_d32:Spec_D32.dll
 0004:00001360       __imp_?IsZoomOn@CBooleans@@UAEHHH@Z 100b4360     Spec_d32:Spec_D32.dll
 0004:00001364       __imp_?ToggleZoom@CBooleans@@UAEHHH@Z 100b4364     Spec_d32:Spec_D32.dll
 0004:00001368       __imp_?ReadDefaultBooleans@CBooleans@@UAEXXZ 100b4368     Spec_d32:Spec_D32.dll
 0004:0000136c       __imp_?InitBooleans@CBooleans@@UAEXXZ 100b436c     Spec_d32:Spec_D32.dll
 0004:00001370       __imp_??1CDrObject@@UAE@XZ 100b4370     Spec_d32:Spec_D32.dll
 0004:00001374       __imp_?GetLocalCorner@CDrObject@@UAEXPAUWORLD@@H@Z 100b4374     Spec_d32:Spec_D32.dll
 0004:00001378       __imp_?SetLocalCorner@CDrObject@@UAEXPAUWORLD@@H@Z 100b4378     Spec_d32:Spec_D32.dll
 0004:0000137c       __imp_?GetWorldCorner@CDrObject@@UAEXPAUWORLD@@H@Z 100b437c     Spec_d32:Spec_D32.dll
 0004:00001380       __imp_?SetWorldCorner@CDrObject@@UAEXPAUWORLD@@H@Z 100b4380     Spec_d32:Spec_D32.dll
 0004:00001384       __imp_?GetEyeCorner@CDrObject@@UAEXPAUWORLD@@H@Z 100b4384     Spec_d32:Spec_D32.dll
 0004:00001388       __imp_?SetEyeCorner@CDrObject@@UAEXPAUWORLD@@H@Z 100b4388     Spec_d32:Spec_D32.dll
 0004:0000138c       __imp_?GetScreen3DCorner@CDrObject@@UAEXPAUWORLD@@H@Z 100b438c     Spec_d32:Spec_D32.dll
 0004:00001390       __imp_?SetScreen3DCorner@CDrObject@@UAEXPAUWORLD@@H@Z 100b4390     Spec_d32:Spec_D32.dll
 0004:00001394       __imp_?GetRuntimeClass@CMatObj@@UBEPAUCRuntimeClass@@XZ 100b4394     Spec_d32:Spec_D32.dll
 0004:00001398       \177Spec_D32_NULL_THUNK_DATA 100b4398     Spec_d32:Spec_D32.dll
 0004:00001438       __imp__SetCursor@4         100b4438     user32:USER32.dll
 0004:0000143c       __imp__MessageBeep@4       100b443c     user32:USER32.dll
 0004:00001440       __imp__ReleaseCapture@0    100b4440     user32:USER32.dll
 0004:00001444       __imp__SetCursorPos@8      100b4444     user32:USER32.dll
 0004:00001448       __imp__DestroyCursor@4     100b4448     user32:USER32.dll
 0004:0000144c       \177USER32_NULL_THUNK_DATA 100b444c     user32:USER32.dll

 entry point at        0001:0002b570

