 EMgr_d32

 Timestamp is 444d803a (Mon Apr 24 18:49:46 2006)

 Preferred load address is 10000000

 Start         Length     Name                   Class
 0001:00000000 00032a02H .text                   CODE
 0001:00032a10 0000101fH .text$AFX_COL1          CODE
 0001:00033a30 00003056H .text$x                 CODE
 0001:00036a86 0006d10aH .textbss                CODE
 0002:00000000 00004874H .rdata                  DATA
 0002:00004878 00000ef8H .rdata$r                DATA
 0002:00005770 000024f4H .xdata$x                DATA
 0002:00007c70 0001792dH .edata                  DATA
 0003:00000000 00000104H .CRT$XCA                DATA
 0003:00000104 00000130H .CRT$XCU                DATA
 0003:00000234 00000104H .CRT$XCZ                DATA
 0003:00000338 00000104H .CRT$XIA                DATA
 0003:0000043c 00000104H .CRT$XIZ                DATA
 0003:00000540 00000a57H .data                   DATA
 0003:00000f98 00000094H .bss                    DATA
 0004:00000000 00000104H .idata$2                DATA
 0004:00000104 00000014H .idata$3                DATA
 0004:00000118 00000aa4H .idata$4                DATA
 0004:00000bbc 00000aa4H .idata$5                DATA
 0004:00001660 00003703H .idata$6                DATA
 0005:00000000 000008d6H .rsrc$01                DATA
 0005:000008e0 000024d0H .rsrc$02                DATA

  Address         Publics by Value              Rva+Base     Lib:Object

 0001:00004b40       ?GetProbLim@CMouse@@QAE?AW4PROBDIMLIM@@XZ 10005b40 f i CurEdit.obj
 0001:00004b60       ?SetProbLim@CMouse@@QAEXW4PROBDIMLIM@@@Z 10005b60 f i CurEdit.obj
 0001:00004b90       ?GetElemLim@CMouse@@QAE?AW4ELEMDIMLIM@@XZ 10005b90 f i CurEdit.obj
 0001:00004bb0       ?SetElemLim@CMouse@@QAEXW4ELEMDIMLIM@@@Z 10005bb0 f i CurEdit.obj
 0001:00004be0       ?GetCurrentThirdCoord@CMouse@@QAENXZ 10005be0 f i CurEdit.obj
 0001:00004c00       ?SetCurrentThirdCoord@CMouse@@QAEXN@Z 10005c00 f i CurEdit.obj
 0001:00004c30       ?GetMouseWIC@CMouse@@QAE?AULPOINT3@@XZ 10005c30 f i CurEdit.obj
 0001:00004c70       ?GetMouseOldWIC@CMouse@@QAE?AULPOINT3@@XZ 10005c70 f i CurEdit.obj
 0001:00004cb0       ?GetScrolledMouseWIC2D@CMouse@@IAE?AULPOINT@@XZ 10005cb0 f i CurEdit.obj
 0001:00004cf0       ?SetScrolledMouseWIC2D@CMouse@@IAEXULPOINT@@@Z 10005cf0 f i CurEdit.obj
 0001:00004d20       ??1CDlg_NodI@@UAE@XZ       10005d20 f i CurEdit.obj
 0001:00004da0       ?Set3DPts@C3DMath@@QAEXPAULPOINT3@@JJJ@Z 10005da0 f i CurEdit.obj
 0001:00004de0       ?Set3DPts@C3DMath@@QAEXPAUWORLD@@NNN@Z 10005de0 f i CurEdit.obj
 0001:00004e40       ?Len3DPts@C3DMath@@QAENPAUWORLD@@@Z 10005e40 f i CurEdit.obj
 0001:00004ea0       ??1C3DMath@@UAE@XZ         10005ea0 f i CurEdit.obj
 0001:00004ed0       ??_GC3DMath@@UAEPAXI@Z     10005ed0 f i CurEdit.obj
 0001:00004f10       ??_EC3DMath@@UAEPAXI@Z     10005f10 f i CurEdit.obj
 0001:00004fb0       ?GetMatrix@CMatObj@@UAEPAUMATRIX@@XZ 10005fb0 f i CurEdit.obj
 0001:00004fd0       ?SetMatrix@CMatObj@@UAEXPAUMATRIX@@@Z 10005fd0 f i CurEdit.obj
 0001:00005060       ?GetCurveLatch@CMatObj@@UAE?AW4CURVELATCH@@XZ 10006060 f i CurEdit.obj
 0001:00005080       ?SetCurveLatch@CMatObj@@UAEXW4CURVELATCH@@@Z 10006080 f i CurEdit.obj
 0001:000050b0       ?IsInstanced_Prof@CMatObj@@UAEHXZ 100060b0 f i CurEdit.obj
 0001:000050d0       ?SetInstanced_Prof@CMatObj@@UAEXH@Z 100060d0 f i CurEdit.obj
 0001:00005100       ?GetFromID@CMatObj@@UAE?AVCString@@XZ 10006100 f i CurEdit.obj
 0001:00005150       ?SetFromID@CMatObj@@UAEXVCString@@@Z 10006150 f i CurEdit.obj
 0001:000051d0       ?GetFromPt@CMatObj@@UAE?AUWORLD@@XZ 100061d0 f i CurEdit.obj
 0001:00005210       ?SetFromPt@CMatObj@@UAEXUWORLD@@@Z 10006210 f i CurEdit.obj
 0001:00005250       ?GetToID@CMatObj@@UAE?AVCString@@XZ 10006250 f i CurEdit.obj
 0001:000052a0       ?SetToID@CMatObj@@UAEXVCString@@@Z 100062a0 f i CurEdit.obj
 0001:00005320       ?GetToPt@CMatObj@@UAE?AUWORLD@@XZ 10006320 f i CurEdit.obj
 0001:00005360       ?SetToPt@CMatObj@@UAEXUWORLD@@@Z 10006360 f i CurEdit.obj
 0001:000053a0       ?GetRotPtID@CMatObj@@UAE?AVCString@@XZ 100063a0 f i CurEdit.obj
 0001:000053f0       ?SetRotPtID@CMatObj@@UAEXVCString@@@Z 100063f0 f i CurEdit.obj
 0001:00005470       ?GetRotPt@CMatObj@@UAE?AUWORLD@@XZ 10006470 f i CurEdit.obj
 0001:000054b0       ?SetRotPt@CMatObj@@UAEXUWORLD@@@Z 100064b0 f i CurEdit.obj
 0001:000054f0       ?IsCoordIn@CMatObj@@UAEHXZ 100064f0 f i CurEdit.obj
 0001:00005520       ?SetCoordIn@CMatObj@@UAEXH@Z 10006520 f i CurEdit.obj
 0001:00005550       ?GetTranPtID@CMatObj@@UAE?AVCString@@XZ 10006550 f i CurEdit.obj
 0001:000055a0       ?SetTranPtID@CMatObj@@UAEXVCString@@@Z 100065a0 f i CurEdit.obj
 0001:00005620       ?GetTranslation@CMatObj@@UAE?AUWORLD@@XZ 10006620 f i CurEdit.obj
 0001:00005660       ?SetTranslation@CMatObj@@UAEXUWORLD@@@Z 10006660 f i CurEdit.obj
 0001:000056a0       ?IsAngleIn@CMatObj@@UAEHXZ 100066a0 f i CurEdit.obj
 0001:000056d0       ?SetAngleIn@CMatObj@@UAEXH@Z 100066d0 f i CurEdit.obj
 0001:00005700       ?IsDirCos@CMatObj@@UAEHXZ  10006700 f i CurEdit.obj
 0001:00005730       ?SetDirCos@CMatObj@@UAEXH@Z 10006730 f i CurEdit.obj
 0001:00005760       ?GetDirCosDirect@CMatObj@@UAE?AUWORLD@@XZ 10006760 f i CurEdit.obj
 0001:000057a0       ?SetDirCosDirect@CMatObj@@UAEXUWORLD@@@Z 100067a0 f i CurEdit.obj
 0001:000057e0       ?GetRotation@CMatObj@@UAE?AUWORLD@@XZ 100067e0 f i CurEdit.obj
 0001:00005820       ?SetRotation@CMatObj@@UAEXUWORLD@@@Z 10006820 f i CurEdit.obj
 0001:00005860       ?GetScale@CMatObj@@UAE?AUWORLD@@XZ 10006860 f i CurEdit.obj
 0001:000058a0       ?SetScale@CMatObj@@UAEXUWORLD@@@Z 100068a0 f i CurEdit.obj
 0001:000058e0       ?GetShear@CMatObj@@UAE?AUWORLD@@XZ 100068e0 f i CurEdit.obj
 0001:00005920       ?SetShear@CMatObj@@UAEXUWORLD@@@Z 10006920 f i CurEdit.obj
 0001:00005960       ?IsNoRot@CMatObj@@UAEHXZ   10006960 f i CurEdit.obj
 0001:00005990       ?SetNoRot@CMatObj@@UAEXH@Z 10006990 f i CurEdit.obj
 0001:000059c0       ?IsNoTran@CMatObj@@UAEHXZ  100069c0 f i CurEdit.obj
 0001:000059f0       ?SetNoTran@CMatObj@@UAEXH@Z 100069f0 f i CurEdit.obj
 0001:00005a20       ?IsNoScale@CMatObj@@UAEHXZ 10006a20 f i CurEdit.obj
 0001:00005a50       ?SetNoScale@CMatObj@@UAEXH@Z 10006a50 f i CurEdit.obj
 0001:00005a80       ?IsNoShear@CMatObj@@UAEHXZ 10006a80 f i CurEdit.obj
 0001:00005ab0       ?SetNoShear@CMatObj@@UAEXH@Z 10006ab0 f i CurEdit.obj
 0001:00005ae0       ?GetXformType@CMatObj@@UAE?AW4XFORMTYPE@@XZ 10006ae0 f i CurEdit.obj
 0001:00005b10       ?SetXformType@CMatObj@@UAEXW4XFORMTYPE@@@Z 10006b10 f i CurEdit.obj
 0001:00005b40       ?GetSpawnType@CMatObj@@UAE?AW4SPAWNTYPE@@XZ 10006b40 f i CurEdit.obj
 0001:00005b70       ?SetSpawnType@CMatObj@@UAEXW4SPAWNTYPE@@@Z 10006b70 f i CurEdit.obj
 0001:00005ba0       ?GetCreOp@CMatObj@@UAEIXZ  10006ba0 f i CurEdit.obj
 0001:00005bd0       ?SetCreOp@CMatObj@@UAEXI@Z 10006bd0 f i CurEdit.obj
 0001:00005c00       ??1CMatObj@@UAE@XZ         10006c00 f i CurEdit.obj
 0001:00005cc0       ??_GCMatObj@@UAEPAXI@Z     10006cc0 f i CurEdit.obj
 0001:00005d00       ??_ECMatObj@@UAEPAXI@Z     10006d00 f i CurEdit.obj
 0001:00005da0       ?ReadyToDelete@CDrObject@@UAEXXZ 10006da0 f i CurEdit.obj
 0001:00005dc0       ?DoFormattedCardView@CDrObject@@UAEXPAVCString@@AAV2@@Z 10006dc0 f i CurEdit.obj
 0001:00005de0       ?DoUnFormattedCardView@CDrObject@@UAEXPAVCString@@@Z 10006de0 f i CurEdit.obj
 0001:00005e00       ?DoDataView@CDrObject@@UAEXPAVCDC@@H@Z 10006e00 f i CurEdit.obj
 0001:00005e20       ?InitDraw@CDrObject@@UAEXPAVCDC@@HHPAUMATRIX@@1NNN@Z 10006e20 f i CurEdit.obj
 0001:00005e40       ?InitDraw@CDrObject@@UAEXPAVCDC@@HHPAUMATRIX@@1NNNN@Z 10006e40 f i CurEdit.obj
 0001:00005e60       ?Corner_3Dto2D@CDrObject@@UAEXXZ 10006e60 f i CurEdit.obj
 0001:00005e80       ?DoDrawView@CDrObject@@UAEXPAVCDC@@@Z 10006e80 f i CurEdit.obj
 0001:00005ea0       ?DoDrawView@CDrObject@@UAEXPAVCDC@@H@Z 10006ea0 f i CurEdit.obj
 0001:00005ec0       ?DoDrawView@CDrObject@@UAEXPAVCDC@@HH@Z 10006ec0 f i CurEdit.obj
 0001:00005ee0       ?DealObjectDialog@CDrObject@@UAEHXZ 10006ee0 f i CurEdit.obj
 0001:00005f00       ?TransformObjectToWorld@CDrObject@@UAEXPAUMATRIX@@H@Z 10006f00 f i CurEdit.obj
 0001:00005f20       ?TransformObjectToView@CDrObject@@UAEXPAUMATRIX@@@Z 10006f20 f i CurEdit.obj
 0001:00005f40       ?TransformObjectToViewDirect@CDrObject@@UAEXPAUMATRIX@@00H@Z 10006f40 f i CurEdit.obj
 0001:00005f60       ?RemoveHiddenObject@CDrObject@@UAEHPAUMATRIX@@UWORLD@@H@Z 10006f60 f i CurEdit.obj
 0001:00005f80       ?ProjectObject@CDrObject@@UAEXPAUMATRIX@@NN@Z 10006f80 f i CurEdit.obj
 0001:00005fa0       ?Calc_2DBoundsScreen@CDrObject@@UAEHXZ 10006fa0 f i CurEdit.obj
 0001:00005fc0       ?Calc_3DBoundsLocal@CDrObject@@UAEHXZ 10006fc0 f i CurEdit.obj
 0001:00005fe0       ?FinishObject@CDrObject@@UAEXPAVCClientDC@@H@Z 10006fe0 f i CurEdit.obj
 0001:00006000       ?FinishObject@CDrObject@@UAEXH@Z 10007000 f i CurEdit.obj
 0001:00006020       ?FinishObject@CDrObject@@UAEXXZ 10007020 f i CurEdit.obj
 0001:00006040       ?GetMaxCorners@CDrObject@@UAEHXZ 10007040 f i CurEdit.obj
 0001:00006060       ?GetRawCoords@CDrObject@@UAEXPAJPAHH@Z 10007060 f i CurEdit.obj
 0001:00006080       ?SetProjectedCoords@CDrObject@@UAEXUtagPOINT@@H@Z 10007080 f i CurEdit.obj
 0001:000060a0       ?RearrangeProjectedCoords@CDrObject@@UAEXXZ 100070a0 f i CurEdit.obj
 0001:000060c0       ?IsObjectHit@CDrObject@@UAEHNUWORLD@@@Z 100070c0 f i CurEdit.obj
 0001:000060e0       ?IsObjectHit@CDrObject@@UAEHHUtagPOINT@@H@Z 100070e0 f i CurEdit.obj
 0001:00006100       ?IsObjectHit@CDrObject@@UAEHHUtagPOINT@@@Z 10007100 f i CurEdit.obj
 0001:00006120       ?IsObjectHit@CDrObject@@UAEHPAVCClientDC@@HUtagPOINT@@PAVCRect@@H@Z 10007120 f i CurEdit.obj
 0001:00006140       ?IsKeyMatch@CDrObject@@UAEHPAV1@VCString@@I@Z 10007140 f i CurEdit.obj
 0001:00006170       ?IsKeyMatch@CDrObject@@UAEHVCString@@I@Z 10007170 f i CurEdit.obj
 0001:000061a0       ?IsControlShapeNeeded@CDrObject@@UAEHXZ 100071a0 f i CurEdit.obj
 0001:000061c0       ?SetControlShapeNeed@CDrObject@@UAEXH@Z 100071c0 f i CurEdit.obj
 0001:000061e0       ?IsNormalNeeded@CDrObject@@UAEHXZ 100071e0 f i CurEdit.obj
 0001:00006200       ?SetNormalNeed@CDrObject@@UAEXH@Z 10007200 f i CurEdit.obj
 0001:00006220       ?IsCulled@CDrObject@@UAEHXZ 10007220 f i CurEdit.obj
 0001:00006240       ?SetCulled@CDrObject@@UAEXH@Z 10007240 f i CurEdit.obj
 0001:00006260       ?IsSkewed@CDrObject@@UAEHXZ 10007260 f i CurEdit.obj
 0001:00006280       ?SetSkewed@CDrObject@@UAEXH@Z 10007280 f i CurEdit.obj
 0001:000062a0       ?IsLinSpr@CDrObject@@UAEHXZ 100072a0 f i CurEdit.obj
 0001:000062c0       ?SetLinSpr@CDrObject@@UAEXH@Z 100072c0 f i CurEdit.obj
 0001:000062e0       ?IsLinSnu@CDrObject@@UAEHXZ 100072e0 f i CurEdit.obj
 0001:00006300       ?SetLinSnu@CDrObject@@UAEXH@Z 10007300 f i CurEdit.obj
 0001:00006320       ?CullWorld@CDrObject@@UAEHUWORLD@@@Z 10007320 f i CurEdit.obj
 0001:00006340       ?CullScreen@CDrObject@@UAEHPAUMATRIX@@@Z 10007340 f i CurEdit.obj
 0001:00006360       ?Calc_CentroidWorld@CDrObject@@UAEXXZ 10007360 f i CurEdit.obj
 0001:00006380       ?Calc_CentroidEye@CDrObject@@UAEXXZ 10007380 f i CurEdit.obj
 0001:000063a0       ?Calc_CentroidScreen3D@CDrObject@@UAEXNN@Z 100073a0 f i CurEdit.obj
 0001:000063c0       ?Calc_NormalWorld@CDrObject@@UAEXXZ 100073c0 f i CurEdit.obj
 0001:000063e0       ?TransformNormalToEye@CDrObject@@UAEXPAUMATRIX@@@Z 100073e0 f i CurEdit.obj
 0001:00006400       ?ProjectNormalToScreen3D@CDrObject@@UAEXPAUMATRIX@@NN@Z 10007400 f i CurEdit.obj
 0001:00006420       ?GetNormalWorld@CDrObject@@UAEPAUWORLD@@XZ 10007420 f i CurEdit.obj
 0001:00006440       ?SetNormalWorld@CDrObject@@UAEXUWORLD@@@Z 10007440 f i CurEdit.obj
 0001:00006460       ?GetNormalEye@CDrObject@@UAEPAUWORLD@@XZ 10007460 f i CurEdit.obj
 0001:00006480       ?SetNormalEye@CDrObject@@UAEXUWORLD@@@Z 10007480 f i CurEdit.obj
 0001:000064a0       ?GetNormalScreen3D@CDrObject@@UAEPAUWORLD@@XZ 100074a0 f i CurEdit.obj
 0001:000064c0       ?SetNormalScreen3D@CDrObject@@UAEXUWORLD@@@Z 100074c0 f i CurEdit.obj
 0001:000064e0       ?GetNormalScreen2D@CDrObject@@UAEPAUtagPOINT@@XZ 100074e0 f i CurEdit.obj
 0001:00006500       ?SetNormalScreen2D@CDrObject@@UAEXUtagPOINT@@@Z 10007500 f i CurEdit.obj
 0001:00006520       ?GetObjectList@CDrObject@@UAEPAVCDListMgr@@XZ 10007520 f i CurEdit.obj
 0001:00006540       ?GetBoundingRect@CDrObject@@QAE?AVCRect@@XZ 10007540 f i CurEdit.obj
 0001:00006590       ?GetRInfo@CDrObject@@QAEPAURENDINFO@@XZ 10007590 f i CurEdit.obj
 0001:000065b0       ?IsParallel@CDrObject@@QAEHXZ 100075b0 f i CurEdit.obj
 0001:000065e0       ?GetnView@CDrObject@@QAEHXZ 100075e0 f i CurEdit.obj
 0001:00006610       ?GetdzMin@CDrObject@@QAENXZ 10007610 f i CurEdit.obj
 0001:00006640       ?GetdScale_U@CDrObject@@QAENXZ 10007640 f i CurEdit.obj
 0001:00006670       ?GetdScale_V@CDrObject@@QAENXZ 10007670 f i CurEdit.obj
 0001:000066a0       ?GetpViewM@CDrObject@@QAEPAUMATRIX@@XZ 100076a0 f i CurEdit.obj
 0001:000066d0       ?Getpvv3DM@CDrObject@@QAEPAUMATRIX@@XZ 100076d0 f i CurEdit.obj
 0001:00006700       ?GetpComposedM@CDrObject@@QAEPAUMATRIX@@XZ 10007700 f i CurEdit.obj
 0001:00006730       ?SetParallel@CDrObject@@QAEXH@Z 10007730 f i CurEdit.obj
 0001:00006760       ?SetnView@CDrObject@@QAEXH@Z 10007760 f i CurEdit.obj
 0001:00006790       ?SetdzMin@CDrObject@@QAEXN@Z 10007790 f i CurEdit.obj
 0001:000067d0       ?SetdScale_U@CDrObject@@QAEXN@Z 100077d0 f i CurEdit.obj
 0001:00006810       ?SetdScale_V@CDrObject@@QAEXN@Z 10007810 f i CurEdit.obj
 0001:00006850       ?SetpViewM@CDrObject@@QAEXPAUMATRIX@@@Z 10007850 f i CurEdit.obj
 0001:00006890       ?Setpvv3DM@CDrObject@@QAEXPAUMATRIX@@@Z 10007890 f i CurEdit.obj
 0001:000068d0       ?SetpComposedM@CDrObject@@QAEXPAUMATRIX@@@Z 100078d0 f i CurEdit.obj
 0001:00006910       ?GetLevelType@CDrObject@@QAEHXZ 10007910 f i CurEdit.obj
 0001:00006940       ?SetLevelType@CDrObject@@QAEXH@Z 10007940 f i CurEdit.obj
 0001:00006970       ?GetObjectID@CDrObject@@QAE?AVCString@@XZ 10007970 f i CurEdit.obj
 0001:000069c0       ?SetObjectID@CDrObject@@QAEXVCString@@@Z 100079c0 f i CurEdit.obj
 0001:00006a40       ?GetObjectNo@CDrObject@@QAEJXZ 10007a40 f i CurEdit.obj
 0001:00006a70       ?SetObjectNo@CDrObject@@QAEXJ@Z 10007a70 f i CurEdit.obj
 0001:00006aa0       ?GetObjectType@CDrObject@@QAEHXZ 10007aa0 f i CurEdit.obj
 0001:00006ad0       ?SetObjectType@CDrObject@@QAEXH@Z 10007ad0 f i CurEdit.obj
 0001:00006b00       ?GetElemType@CDrObject@@QAEHXZ 10007b00 f i CurEdit.obj
 0001:00006b30       ?SetElemType@CDrObject@@QAEXH@Z 10007b30 f i CurEdit.obj
 0001:00006b60       ?GetPenInfo@CDrObject@@QAEXAAIAAK0@Z 10007b60 f i CurEdit.obj
 0001:00006bb0       ?SetPenInfo@CDrObject@@QAEXIKI@Z 10007bb0 f i CurEdit.obj
 0001:00006c00       ?GetPenInfoHi@CDrObject@@QAEXAAIAAK0@Z 10007c00 f i CurEdit.obj
 0001:00006c50       ?SetPenInfoHi@CDrObject@@QAEXIKI@Z 10007c50 f i CurEdit.obj
 0001:00006ca0       ?GetLayer@CDrObject@@QAEIXZ 10007ca0 f i CurEdit.obj
 0001:00006cd0       ?SetLayer@CDrObject@@QAEXI@Z 10007cd0 f i CurEdit.obj
 0001:00006d00       ?IsClipped@CDrObject@@QAEHXZ 10007d00 f i CurEdit.obj
 0001:00006d30       ?SetClipped@CDrObject@@QAEXH@Z 10007d30 f i CurEdit.obj
 0001:00006d60       ?IsVirtual@CDrObject@@QAEHXZ 10007d60 f i CurEdit.obj
 0001:00006d80       ?SetVirtual@CDrObject@@QAEXH@Z 10007d80 f i CurEdit.obj
 0001:00006db0       ?IsShow@CDrObject@@QAEHXZ  10007db0 f i CurEdit.obj
 0001:00006de0       ?SetShow@CDrObject@@QAEXH@Z 10007de0 f i CurEdit.obj
 0001:00006e10       ?GetParentID@CDrObject@@QAEAAVCString@@XZ 10007e10 f i CurEdit.obj
 0001:00006e30       ?SetParentID@CDrObject@@QAEXAAVCString@@@Z 10007e30 f i CurEdit.obj
 0001:00006e60       ?GetParentType@CDrObject@@QAEIXZ 10007e60 f i CurEdit.obj
 0001:00006e80       ?SetParentType@CDrObject@@QAEXI@Z 10007e80 f i CurEdit.obj
 0001:00006eb0       ?IsInstanced@CDrObject@@QAEHXZ 10007eb0 f i CurEdit.obj
 0001:00006ed0       ?SetInstanced@CDrObject@@QAEXH@Z 10007ed0 f i CurEdit.obj
 0001:00006f00       ?GetMatObj@CDrObject@@QAEPAVCMatObj@@XZ 10007f00 f i CurEdit.obj
 0001:00006f20       ?SetMatObj@CDrObject@@QAEXPAVCMatObj@@@Z 10007f20 f i CurEdit.obj
 0001:00006f50       ?GetSpeLList@CDrObject@@QAEPAVCDListMgr@@XZ 10007f50 f i CurEdit.obj
 0001:00006f80       ?GetDynLList@CDrObject@@QAEPAVCDListMgr@@XZ 10007f80 f i CurEdit.obj
 0001:00006fb0       ?GetStaLList@CDrObject@@QAEPAVCDListMgr@@XZ 10007fb0 f i CurEdit.obj
 0001:00006fe0       ?GetSuppList@CDrObject@@QAEPAVCDListMgr@@XZ 10007fe0 f i CurEdit.obj
 0001:00007010       ?GetElemList@CDrObject@@QAEPAVCDListMgr@@XZ 10008010 f i CurEdit.obj
 0001:00007040       ?GetCurveList@CDrObject@@QAEPAVCDListMgr@@XZ 10008040 f i CurEdit.obj
 0001:00007070       ?GetCProfList@CDrObject@@QAEPAVCDListMgr@@XZ 10008070 f i CurEdit.obj
 0001:000070a0       ?GetPatchList@CDrObject@@QAEPAVCDListMgr@@XZ 100080a0 f i CurEdit.obj
 0001:000070d0       ?GetSolidList@CDrObject@@QAEPAVCDListMgr@@XZ 100080d0 f i CurEdit.obj
 0001:00007100       ?GetObj3DList@CDrObject@@QAEPAVCDListMgr@@XZ 10008100 f i CurEdit.obj
 0001:00007130       ?GetCNodeList@CDrObject@@QAEPAVCDListMgr@@XZ 10008130 f i CurEdit.obj
 0001:00007160       ?GetINodeList@CDrObject@@QAEPAVCDListMgr@@XZ 10008160 f i CurEdit.obj
 0001:00007190       ?GetNodeList@CDrObject@@QAEPAVCDListMgr@@XZ 10008190 f i CurEdit.obj
 0001:000071c0       ?GetLabelList@CDrObject@@QAEPAVCDListMgr@@XZ 100081c0 f i CurEdit.obj
 0001:000071f0       ?GetFE0DList@CDrObject@@QAEPAVCDListMgr@@XZ 100081f0 f i CurEdit.obj
 0001:00007220       ?GetFE1DList@CDrObject@@QAEPAVCDListMgr@@XZ 10008220 f i CurEdit.obj
 0001:00007250       ?GetFE2DList@CDrObject@@QAEPAVCDListMgr@@XZ 10008250 f i CurEdit.obj
 0001:00007280       ?GetFE3DList@CDrObject@@QAEPAVCDListMgr@@XZ 10008280 f i CurEdit.obj
 0001:000072b0       ?GetMs0List@CDrObject@@QAEPAVCDListMgr@@XZ 100082b0 f i CurEdit.obj
 0001:000072e0       ?GetMs1List@CDrObject@@QAEPAVCDListMgr@@XZ 100082e0 f i CurEdit.obj
 0001:00007310       ?GetMs2List@CDrObject@@QAEPAVCDListMgr@@XZ 10008310 f i CurEdit.obj
 0001:00007340       ?GetMs3List@CDrObject@@QAEPAVCDListMgr@@XZ 10008340 f i CurEdit.obj
 0001:00007370       ?GetMbj3DList@CDrObject@@QAEPAVCDListMgr@@XZ 10008370 f i CurEdit.obj
 0001:000073a0       ?GetM2DProfList@CDrObject@@QAEPAVCDListMgr@@XZ 100083a0 f i CurEdit.obj
 0001:000073d0       ?GetM3DProfList@CDrObject@@QAEPAVCDListMgr@@XZ 100083d0 f i CurEdit.obj
 0001:00007400       ?GetMbjProfList@CDrObject@@QAEPAVCDListMgr@@XZ 10008400 f i CurEdit.obj
 0001:00007430       ?GetScreen2DCorner@CDrObject@@UAE?AUtagPOINT@@H@Z 10008430 f i CurEdit.obj
 0001:00007480       ?SetScreen2DCorner@CDrObject@@UAEXUtagPOINT@@H@Z 10008480 f i CurEdit.obj
 0001:000074c0       ?GetSpawnType@CDrObject@@QAE?AW4SPAWNTYPE@@XZ 100084c0 f i CurEdit.obj
 0001:000074e0       ?SetSpawnType@CDrObject@@QAEXW4SPAWNTYPE@@@Z 100084e0 f i CurEdit.obj
 0001:00007510       ?GetCategory@CDrObject@@QAE?AW4CATEGORY@@XZ 10008510 f i CurEdit.obj
 0001:00007530       ?SetCategory@CDrObject@@QAEXW4CATEGORY@@@Z 10008530 f i CurEdit.obj
 0001:00007560       ?GetSubCat@CDrObject@@QAE?AW4SUBCAT@@XZ 10008560 f i CurEdit.obj
 0001:00007580       ?SetSubCat@CDrObject@@QAEXW4SUBCAT@@@Z 10008580 f i CurEdit.obj
 0001:000075b0       ?GetElemDimLim@CDrObject@@QAE?AW4ELEMDIMLIM@@XZ 100085b0 f i CurEdit.obj
 0001:000075d0       ?SetElemDimLim@CDrObject@@QAEXW4ELEMDIMLIM@@@Z 100085d0 f i CurEdit.obj
 0001:00007600       ?IsDirty@CDrObject@@QAEHXZ 10008600 f i CurEdit.obj
 0001:00007630       ?SetDirty@CDrObject@@QAEXH@Z 10008630 f i CurEdit.obj
 0001:00007660       ?IsMoved@CDrObject@@QAEHXZ 10008660 f i CurEdit.obj
 0001:00007690       ?SetMoved@CDrObject@@QAEXH@Z 10008690 f i CurEdit.obj
 0001:000076c0       ?IsEdited@CDrObject@@QAEHXZ 100086c0 f i CurEdit.obj
 0001:000076f0       ?SetEdited@CDrObject@@QAEXH@Z 100086f0 f i CurEdit.obj
 0001:00007720       ?IsPosted@CDrObject@@QAEHXZ 10008720 f i CurEdit.obj
 0001:00007750       ?SetPosted@CDrObject@@QAEXH@Z 10008750 f i CurEdit.obj
 0001:00007780       ?IsDeleted@CDrObject@@QAEHXZ 10008780 f i CurEdit.obj
 0001:000077b0       ?SetDeleted@CDrObject@@QAEXH@Z 100087b0 f i CurEdit.obj
 0001:000077e0       ?IsToBeMoved@CDrObject@@QAEHXZ 100087e0 f i CurEdit.obj
 0001:00007810       ?SetToBeMoved@CDrObject@@QAEXH@Z 10008810 f i CurEdit.obj
 0001:00007830       ?IsToBeEdited@CDrObject@@QAEHXZ 10008830 f i CurEdit.obj
 0001:00007860       ?SetToBeEdited@CDrObject@@QAEXH@Z 10008860 f i CurEdit.obj
 0001:00007880       ?IsToBePosted@CDrObject@@QAEHXZ 10008880 f i CurEdit.obj
 0001:000078b0       ?SetToBePosted@CDrObject@@QAEXH@Z 100088b0 f i CurEdit.obj
 0001:000078d0       ?IsToBeUnPosted@CDrObject@@QAEHXZ 100088d0 f i CurEdit.obj
 0001:00007900       ?SetToBeUnPosted@CDrObject@@QAEXH@Z 10008900 f i CurEdit.obj
 0001:00007920       ?IsToBeDeleted@CDrObject@@QAEHXZ 10008920 f i CurEdit.obj
 0001:00007950       ?SetToBeDeleted@CDrObject@@QAEXH@Z 10008950 f i CurEdit.obj
 0001:00007970       ?IsFormatted@CDrObject@@QAEHXZ 10008970 f i CurEdit.obj
 0001:00007990       ?SetFormatted@CDrObject@@QAEXH@Z 10008990 f i CurEdit.obj
 0001:000079c0       ?Parse_drPipe@CDrNode@@UAEPAUnodecard@@PAVCString@@@Z 100089c0 f i CurEdit.obj
 0001:000079e0       ?GetNodeCard@CDrNode@@UAEPAUnodecard@@XZ 100089e0 f i CurEdit.obj
 0001:00007a10       ?GetCardNo@CDrNode@@UAEHXZ 10008a10 f i CurEdit.obj
 0001:00007a40       ?SetCardNo@CDrNode@@UAEXH@Z 10008a40 f i CurEdit.obj
 0001:00007a70       ?DoFormattedCardView@CDrNode@@UAEXPAVCString@@AAV2@@Z 10008a70 f i CurEdit.obj
 0001:00007a90       ?DoUnFormattedCardView@CDrNode@@UAEXPAVCString@@@Z 10008a90 f i CurEdit.obj
 0001:00007ab0       ?GetMaxCorners@CDrNode@@UAEHXZ 10008ab0 f i CurEdit.obj
 0001:00007ad0       ?GetCategory@CDrNode@@UAE?AW4CATEGORY@@XZ 10008ad0 f i CurEdit.obj
 0001:00007af0       ?SetCategory@CDrNode@@UAEXW4CATEGORY@@@Z 10008af0 f i CurEdit.obj
 0001:00007b20       ?GetPrecision@CDrNode@@UAEHXZ 10008b20 f i CurEdit.obj
 0001:00007b50       ?SetPrecision@CDrNode@@UAEXH@Z 10008b50 f i CurEdit.obj
 0001:00007b80       ?GetFormat@CDrNode@@QAE?AVCString@@XZ 10008b80 f i CurEdit.obj
 0001:00007bd0       ?SetFormat@CDrNode@@QAEXVCString@@@Z 10008bd0 f i CurEdit.obj
 0001:00007c50       ?GetMapFactor@CDrNode@@QAENXZ 10008c50 f i CurEdit.obj
 0001:00007c80       ?SetMapFactor@CDrNode@@QAEXN@Z 10008c80 f i CurEdit.obj
 0001:00007cc0       ?GetScaleFactor@CDrNode@@QAENXZ 10008cc0 f i CurEdit.obj
 0001:00007cf0       ?SetScaleFactor@CDrNode@@QAEXN@Z 10008cf0 f i CurEdit.obj
 0001:00007d30       ?GetMasterMultFac@CDrNode@@QAEJXZ 10008d30 f i CurEdit.obj
 0001:00007d60       ?SetMasterMultFac@CDrNode@@QAEXJ@Z 10008d60 f i CurEdit.obj
 0001:00007d90       ?GetLocalPos@CDrNode@@UAEPAUWORLD@@XZ 10008d90 f i CurEdit.obj
 0001:00007dc0       ?SetLocalPos@CDrNode@@UAEXUWORLD@@@Z 10008dc0 f i CurEdit.obj
 0001:00007e00       ?GetWorldPos@CDrNode@@UAEPAUWORLD@@XZ 10008e00 f i CurEdit.obj
 0001:00007e30       ?SetWorldPos@CDrNode@@UAEXUWORLD@@@Z 10008e30 f i CurEdit.obj
 0001:00007e70       ?GetEyePos@CDrNode@@UAEPAUWORLD@@XZ 10008e70 f i CurEdit.obj
 0001:00007ea0       ?SetEyePos@CDrNode@@UAEXUWORLD@@@Z 10008ea0 f i CurEdit.obj
 0001:00007ee0       ?GetScreenPos3D@CDrNode@@UAEPAUWORLD@@XZ 10008ee0 f i CurEdit.obj
 0001:00007f10       ?SetScreenPos3D@CDrNode@@UAEXUWORLD@@@Z 10008f10 f i CurEdit.obj
 0001:00007f50       ?GetScreenPos2D@CDrNode@@UAEPAUtagPOINT@@XZ 10008f50 f i CurEdit.obj
 0001:00007f80       ?SetScreenPos2D@CDrNode@@UAEXUtagPOINT@@@Z 10008f80 f i CurEdit.obj
 0001:00007fc0       ?GetNormalWorld@CDrNode@@UAEPAUWORLD@@XZ 10008fc0 f i CurEdit.obj
 0001:00007ff0       ?SetNormalWorld@CDrNode@@UAEXUWORLD@@@Z 10008ff0 f i CurEdit.obj
 0001:00008030       ?GetNormalEye@CDrNode@@UAEPAUWORLD@@XZ 10009030 f i CurEdit.obj
 0001:00008060       ?SetNormalEye@CDrNode@@UAEXUWORLD@@@Z 10009060 f i CurEdit.obj
 0001:000080a0       ?GetNormalScreen3D@CDrNode@@UAEPAUWORLD@@XZ 100090a0 f i CurEdit.obj
 0001:000080d0       ?SetNormalScreen3D@CDrNode@@UAEXUWORLD@@@Z 100090d0 f i CurEdit.obj
 0001:00008110       ?GetNormalScreen2D@CDrNode@@UAEPAUtagPOINT@@XZ 10009110 f i CurEdit.obj
 0001:00008140       ?SetNormalScreen2D@CDrNode@@UAEXUtagPOINT@@@Z 10009140 f i CurEdit.obj
 0001:00008180       ?GetLabelNo@CDrNode@@QAEJXZ 10009180 f i CurEdit.obj
 0001:000081b0       ?SetLabelNo@CDrNode@@QAEXJ@Z 100091b0 f i CurEdit.obj
 0001:000081e0       ?IsMeshNode@CDrNode@@QAEHXZ 100091e0 f i CurEdit.obj
 0001:00008210       ?SetMeshNode@CDrNode@@QAEXH@Z 10009210 f i CurEdit.obj
 0001:00008240       ?IsGenerated@CDrNode@@QAEHXZ 10009240 f i CurEdit.obj
 0001:00008270       ?SetGenerated@CDrNode@@QAEXH@Z 10009270 f i CurEdit.obj
 0001:000082a0       ?IsControlNode@CDrNode@@QAEHXZ 100092a0 f i CurEdit.obj
 0001:000082d0       ?SetControlNode@CDrNode@@QAEXH@Z 100092d0 f i CurEdit.obj
 0001:00008310       ?GetInputMode@CDrNode@@QAEHXZ 10009310 f i CurEdit.obj
 0001:00008340       ?SetInputMode@CDrNode@@QAEXH@Z 10009340 f i CurEdit.obj
 0001:00008370       ?GetLength@CDrNode@@QAENXZ 10009370 f i CurEdit.obj
 0001:000083a0       ?SetLength@CDrNode@@QAEXN@Z 100093a0 f i CurEdit.obj
 0001:000083e0       ?GetDelta@CDrNode@@QAEPAUWORLD@@XZ 100093e0 f i CurEdit.obj
 0001:00008410       ?SetDelta@CDrNode@@QAEXUWORLD@@@Z 10009410 f i CurEdit.obj
 0001:00008450       ?GetFromID@CDrNode@@QAE?AVCString@@XZ 10009450 f i CurEdit.obj
 0001:000084a0       ?SetFromID@CDrNode@@QAEXVCString@@@Z 100094a0 f i CurEdit.obj
 0001:00008520       ?GetToID@CDrNode@@QAE?AVCString@@XZ 10009520 f i CurEdit.obj
 0001:00008570       ?SetToID@CDrNode@@QAEXVCString@@@Z 10009570 f i CurEdit.obj
 0001:000085f0       ?IsRefCN@CDrNode@@QAEHXZ   100095f0 f i CurEdit.obj
 0001:00008620       ?SetRefCN@CDrNode@@QAEXH@Z 10009620 f i CurEdit.obj
 0001:00008650       ?IsFromCN@CDrNode@@QAEHXZ  10009650 f i CurEdit.obj
 0001:00008680       ?SetFromCN@CDrNode@@QAEXH@Z 10009680 f i CurEdit.obj
 0001:000086b0       ?IsToCN@CDrNode@@QAEHXZ    100096b0 f i CurEdit.obj
 0001:000086e0       ?SetToCN@CDrNode@@QAEXH@Z  100096e0 f i CurEdit.obj
 0001:00008710       ?IsSkewed@CDrNode@@UAEHXZ  10009710 f i CurEdit.obj
 0001:00008740       ?SetSkewed@CDrNode@@UAEXH@Z 10009740 f i CurEdit.obj
 0001:00008770       ?IsLinSpr@CDrNode@@UAEHXZ  10009770 f i CurEdit.obj
 0001:000087a0       ?SetLinSpr@CDrNode@@UAEXH@Z 100097a0 f i CurEdit.obj
 0001:000087d0       ?IsLinSnu@CDrNode@@UAEHXZ  100097d0 f i CurEdit.obj
 0001:00008800       ?SetLinSnu@CDrNode@@UAEXH@Z 10009800 f i CurEdit.obj
 0001:00008830       ?GetSuppCardList@CDrNode@@QAEPAV?$CList@Usupportcard@@U1@@@XZ 10009830 f i CurEdit.obj
 0001:00008860       ?GetStaLCardList@CDrNode@@QAEPAV?$CList@UstaLcard@@U1@@@XZ 10009860 f i CurEdit.obj
 0001:00008890       ?GetMaxCorners@CDrLabel@@UAEHXZ 10009890 f i CurEdit.obj
 0001:000088b0       ?SetProjectedCoords@CDrLabel@@UAEXUtagPOINT@@H@Z 100098b0 f i CurEdit.obj
 0001:000088f0       ?IsMoved@CDrLabel@@UAEHXZ  100098f0 f i CurEdit.obj
 0001:00008920       ?SetMoved@CDrLabel@@UAEXH@Z 10009920 f i CurEdit.obj
 0001:00008950       ?GetNodePtr@CDrLabel@@UAEPAVCDrNode@@XZ 10009950 f i CurEdit.obj
 0001:00008980       ?SetNodePtr@CDrLabel@@UAEXPAVCDrNode@@@Z 10009980 f i CurEdit.obj
 0001:000089b0       ?GetContextObj@CDrLabel@@UAE?AW4CONTEXTOBJ@@XZ 100099b0 f i CurEdit.obj
 0001:000089e0       ?SetContextObj@CDrLabel@@UAEXW4CONTEXTOBJ@@@Z 100099e0 f i CurEdit.obj
 0001:00008a10       ?GetMeshElemType@CDrLabel@@UAEIXZ 10009a10 f i CurEdit.obj
 0001:00008a40       ?SetMeshElemType@CDrLabel@@UAEXI@Z 10009a40 f i CurEdit.obj
 0001:00008a70       ?GetColor@CDrLabel@@UAEKXZ 10009a70 f i CurEdit.obj
 0001:00008aa0       ?SetColor@CDrLabel@@UAEXK@Z 10009aa0 f i CurEdit.obj
 0001:00008ad0       ?GetViewNum@CDrLabel@@UAEHXZ 10009ad0 f i CurEdit.obj
 0001:00008b00       ?SetViewNum@CDrLabel@@UAEXH@Z 10009b00 f i CurEdit.obj
 0001:00008b30       ?GetType@CDrLabel@@UAEHXZ  10009b30 f i CurEdit.obj
 0001:00008b60       ?SetType@CDrLabel@@UAEXH@Z 10009b60 f i CurEdit.obj
 0001:00008b90       ?GetText@CDrLabel@@UAE?AVCString@@XZ 10009b90 f i CurEdit.obj
 0001:00008be0       ?SetText@CDrLabel@@UAEXVCString@@@Z 10009be0 f i CurEdit.obj
 0001:00008c60       ?SetLogFont@CDrLabel@@UAEXUtagLOGFONTA@@@Z 10009c60 f i CurEdit.obj
 0001:00008ca0       ?GetLogFont@CDrLabel@@UAE?AUtagLOGFONTA@@XZ 10009ca0 f i CurEdit.obj
 0001:00008ce0       ?GetOtherCorner@CDrLabel@@UAE?AUtagPOINT@@XZ 10009ce0 f i CurEdit.obj
 0001:00008d20       ?SetOtherCorner@CDrLabel@@UAEXUtagPOINT@@@Z 10009d20 f i CurEdit.obj
 0001:00008d60       ?GetAngle@CDrLabel@@UAEHXZ 10009d60 f i CurEdit.obj
 0001:00008d90       ?SetAngle@CDrLabel@@UAEXH@Z 10009d90 f i CurEdit.obj
 0001:00008dc0       ??1CDrLabel@@UAE@XZ        10009dc0 f i CurEdit.obj
 0001:00008e40       ??_GCDrLabel@@UAEPAXI@Z    10009e40 f i CurEdit.obj
 0001:00008e80       ??_ECDrLabel@@UAEPAXI@Z    10009e80 f i CurEdit.obj
 0001:00008f20       ??1CDlg_LQCI@@UAE@XZ       10009f20 f i CurEdit.obj
 0001:00008fa0       ??1CDlg_CrcI@@UAE@XZ       10009fa0 f i CurEdit.obj
 0001:00009020       ?IsDirty@CDrCurve@@UAEHXZ  1000a020 f i CurEdit.obj
 0001:00009050       ?SetDirty@CDrCurve@@UAEXH@Z 1000a050 f i CurEdit.obj
 0001:00009080       ?IsControlShapeNeeded@CDrCurve@@UAEHXZ 1000a080 f i CurEdit.obj
 0001:000090b0       ?SetControlShapeNeed@CDrCurve@@UAEXH@Z 1000a0b0 f i CurEdit.obj
 0001:000090e0       ?IsPosted@CDrCurve@@UAEHXZ 1000a0e0 f i CurEdit.obj
 0001:00009110       ?SetPosted@CDrCurve@@UAEXH@Z 1000a110 f i CurEdit.obj
 0001:00009140       ?GetCN_BSList@CDrCurve@@QAEPAVCDListMgr@@XZ 1000a140 f i CurEdit.obj
 0001:00009170       ?GetVNodeList@CDrCurve@@QAEPAVCDListMgr@@XZ 1000a170 f i CurEdit.obj
 0001:000091a0       ?GetMeshElemDim@CDrCurve@@QAEHXZ 1000a1a0 f i CurEdit.obj
 0001:000091d0       ?SetMeshElemDim@CDrCurve@@QAEXH@Z 1000a1d0 f i CurEdit.obj
 0001:00009200       ?IsIso@CDrCurve@@QAEHXZ    1000a200 f i CurEdit.obj
 0001:00009230       ?SetIso@CDrCurve@@QAEXH@Z  1000a230 f i CurEdit.obj
 0001:00009260       ?GetIsoToID@CDrCurve@@QAEAAVCString@@XZ 1000a260 f i CurEdit.obj
 0001:00009290       ?SetIsoToID@CDrCurve@@QAEXAAVCString@@@Z 1000a290 f i CurEdit.obj
 0001:000092c0       ?GetCompoType@CDrCurve@@QAEHXZ 1000a2c0 f i CurEdit.obj
 0001:000092f0       ?SetCompoType@CDrCurve@@QAEXH@Z 1000a2f0 f i CurEdit.obj
 0001:00009320       ?GetCompoID@CDrCurve@@QAEAAVCString@@XZ 1000a320 f i CurEdit.obj
 0001:00009350       ?SetCompoID@CDrCurve@@QAEXAAVCString@@@Z 1000a350 f i CurEdit.obj
 0001:00009380       ?GetClass_S@CDrCurve@@QAEHXZ 1000a380 f i CurEdit.obj
 0001:000093b0       ?SetClass_S@CDrCurve@@QAEXH@Z 1000a3b0 f i CurEdit.obj
 0001:000093e0       ?GetOutSegUnif_S@CDrCurve@@QAEHXZ 1000a3e0 f i CurEdit.obj
 0001:00009410       ?SetOutSegUnif_S@CDrCurve@@QAEXH@Z 1000a410 f i CurEdit.obj
 0001:00009440       ?IsClosed_S@CDrCurve@@QAEHXZ 1000a440 f i CurEdit.obj
 0001:00009470       ?SetClosed_S@CDrCurve@@QAEXH@Z 1000a470 f i CurEdit.obj
 0001:000094a0       ?GetCurveObjectType@CDrCurve@@QAEHXZ 1000a4a0 f i CurEdit.obj
 0001:000094d0       ?SetCurveObjectType@CDrCurve@@QAEXH@Z 1000a4d0 f i CurEdit.obj
 0001:00009500       ?GetMaxINodes_S@CDrCurve@@QAEHXZ 1000a500 f i CurEdit.obj
 0001:00009530       ?SetMaxINodes_S@CDrCurve@@QAEXH@Z 1000a530 f i CurEdit.obj
 0001:00009560       ?GetMaxCNodes_S@CDrCurve@@QAEHXZ 1000a560 f i CurEdit.obj
 0001:00009590       ?SetMaxCNodes_S@CDrCurve@@QAEXH@Z 1000a590 f i CurEdit.obj
 0001:000095c0       ?GetMaxBezSegments_S@CDrCurve@@QAEHXZ 1000a5c0 f i CurEdit.obj
 0001:000095f0       ?SetMaxBezSegments_S@CDrCurve@@QAEXH@Z 1000a5f0 f i CurEdit.obj
 0001:00009620       ?GetMaxOutPts_S@CDrCurve@@QAEHXZ 1000a620 f i CurEdit.obj
 0001:00009650       ?SetMaxOutPts_S@CDrCurve@@QAEXH@Z 1000a650 f i CurEdit.obj
 0001:00009680       ?GetLongOutPts@CDrCurve@@QAEJXZ 1000a680 f i CurEdit.obj
 0001:000096b0       ?SetLongOutPts@CDrCurve@@QAEXJ@Z 1000a6b0 f i CurEdit.obj
 0001:000096e0       ?GetCurveType_S@CDrCurve@@QAE?AW4CURVEPROC@@XZ 1000a6e0 f i CurEdit.obj
 0001:00009710       ?SetCurveType_S@CDrCurve@@QAEXW4CURVEPROC@@@Z 1000a710 f i CurEdit.obj
 0001:00009740       ?GetOutMethod@CDrCurve@@QAE?AW4CURVEOUTPUT@@XZ 1000a740 f i CurEdit.obj
 0001:00009770       ?GetAlfa@CDrCurve@@QAENXZ  1000a770 f i CurEdit.obj
 0001:000097a0       ?GetBias@CDrCurve@@QAENXZ  1000a7a0 f i CurEdit.obj
 0001:000097d0       ?GetTension@CDrCurve@@QAENXZ 1000a7d0 f i CurEdit.obj
 0001:00009800       ?IsUniform_S@CDrCurve@@QAEHXZ 1000a800 f i CurEdit.obj
 0001:00009830       ?SetUniform_S@CDrCurve@@QAEXH@Z 1000a830 f i CurEdit.obj
 0001:00009860       ?SetOutMethod_S@CDrCurve@@QAEXW4CURVEOUTPUT@@@Z 1000a860 f i CurEdit.obj
 0001:00009890       ?GetMaxOutSeg_S@CDrCurve@@QAEHXZ 1000a890 f i CurEdit.obj
 0001:000098c0       ?SetMaxOutSeg_S@CDrCurve@@QAEXH@Z 1000a8c0 f i CurEdit.obj
 0001:000098f0       ?GetDis_AngPointer_S@CDrCurve@@QAEPANXZ 1000a8f0 f i CurEdit.obj
 0001:00009920       ?SetDis_AngPointer_S@CDrCurve@@QAEXPAN@Z 1000a920 f i CurEdit.obj
 0001:00009950       ?GetNum_tPointer_S@CDrCurve@@QAEPAHXZ 1000a950 f i CurEdit.obj
 0001:00009980       ?SetNum_tPointer_S@CDrCurve@@QAEXPAH@Z 1000a980 f i CurEdit.obj
 0001:000099b0       ?GetDis_tPointer_S@CDrCurve@@QAEPANXZ 1000a9b0 f i CurEdit.obj
 0001:000099e0       ?SetDis_tPointer_S@CDrCurve@@QAEXPAN@Z 1000a9e0 f i CurEdit.obj
 0001:00009a10       ?GetNum_tPointer_Ex_S@CDrCurve@@QAEPAHXZ 1000aa10 f i CurEdit.obj
 0001:00009a40       ?SetNum_tPointer_Ex_S@CDrCurve@@QAEXPAH@Z 1000aa40 f i CurEdit.obj
 0001:00009a70       ?GetnBSeg_Ex_S@CDrCurve@@QAEHXZ 1000aa70 f i CurEdit.obj
 0001:00009aa0       ?SetnBSeg_Ex_S@CDrCurve@@QAEXH@Z 1000aaa0 f i CurEdit.obj
 0001:00009ad0       ?GetBSegPointer_Ex_S@CDrCurve@@QAEPAHXZ 1000aad0 f i CurEdit.obj
 0001:00009b00       ?SetBSegPointer_Ex_S@CDrCurve@@QAEXPAH@Z 1000ab00 f i CurEdit.obj
 0001:00009b30       ?SetAlfa@CDrCurve@@QAEXN@Z 1000ab30 f i CurEdit.obj
 0001:00009b70       ?SetBias@CDrCurve@@QAEXN@Z 1000ab70 f i CurEdit.obj
 0001:00009bb0       ?SetTension@CDrCurve@@QAEXN@Z 1000abb0 f i CurEdit.obj
 0001:00009bf0       ?GetMemIn@CDrCurve@@QAEPAUWORLD@@XZ 1000abf0 f i CurEdit.obj
 0001:00009c20       ?GetMemInWts@CDrCurve@@QAEPANXZ 1000ac20 f i CurEdit.obj
 0001:00009c50       ?GetMemInDP@CDrCurve@@QAEPAUtagPOINT@@XZ 1000ac50 f i CurEdit.obj
 0001:00009c80       ?GetMemOut@CDrCurve@@QAEPAUWORLD@@XZ 1000ac80 f i CurEdit.obj
 0001:00009cb0       ?GetMemOutWts@CDrCurve@@QAEPANXZ 1000acb0 f i CurEdit.obj
 0001:00009ce0       ?GetMemOutDP@CDrCurve@@QAEPAUtagPOINT@@XZ 1000ace0 f i CurEdit.obj
 0001:00009d10       ?SetMemIn@CDrCurve@@QAEXPAUWORLD@@@Z 1000ad10 f i CurEdit.obj
 0001:00009d40       ?SetMemInWts@CDrCurve@@QAEXPAN@Z 1000ad40 f i CurEdit.obj
 0001:00009d70       ?SetMemInDP@CDrCurve@@QAEXPAUtagPOINT@@@Z 1000ad70 f i CurEdit.obj
 0001:00009da0       ?SetMemOut@CDrCurve@@QAEXPAUWORLD@@@Z 1000ada0 f i CurEdit.obj
 0001:00009dd0       ?SetMemOutWts@CDrCurve@@QAEXPAN@Z 1000add0 f i CurEdit.obj
 0001:00009e00       ?SetMemOutDP@CDrCurve@@QAEXPAUtagPOINT@@@Z 1000ae00 f i CurEdit.obj
 0001:00009e30       ?FixMemD@CDrCurve@@QAEPANJ@Z 1000ae30 f i CurEdit.obj
 0001:00009e80       ?FreeMemD@CDrCurve@@QAEXPAN@Z 1000ae80 f i CurEdit.obj
 0001:00009eb0       ?FixMem@CDrCurve@@QAEPAUWORLD@@J@Z 1000aeb0 f i CurEdit.obj
 0001:00009f00       ?FreeMem@CDrCurve@@QAEXPAUWORLD@@@Z 1000af00 f i CurEdit.obj
 0001:00009f30       ?FixMemDP@CDrCurve@@QAEPAUtagPOINT@@J@Z 1000af30 f i CurEdit.obj
 0001:00009f80       ?FreeMemDP@CDrCurve@@QAEXPAUtagPOINT@@@Z 1000af80 f i CurEdit.obj
 0001:00009fb0       ?GetData_S@CDrCurve@@QAEHXZ 1000afb0 f i CurEdit.obj
 0001:00009fe0       ?SetData_S@CDrCurve@@QAEXH@Z 1000afe0 f i CurEdit.obj
 0001:0000a010       ?GetOrder_S@CDrCurve@@QAEHXZ 1000b010 f i CurEdit.obj
 0001:0000a040       ?SetOrder_S@CDrCurve@@QAEXH@Z 1000b040 f i CurEdit.obj
 0001:0000a070       ?GetKnotType_S@CDrCurve@@QAE?AW4KNOT@@XZ 1000b070 f i CurEdit.obj
 0001:0000a0a0       ?SetKnotType_S@CDrCurve@@QAEXW4KNOT@@@Z 1000b0a0 f i CurEdit.obj
 0001:0000a0d0       ?GetWtType_S@CDrCurve@@QAE?AW4WEIGHT@@XZ 1000b0d0 f i CurEdit.obj
 0001:0000a100       ?SetWtType_S@CDrCurve@@QAEXW4WEIGHT@@@Z 1000b100 f i CurEdit.obj
 0001:0000a130       ?GetBCL_S@CDrCurve@@QAE?AW4BOUNDARY@@XZ 1000b130 f i CurEdit.obj
 0001:0000a160       ?SetBCL_S@CDrCurve@@QAEXW4BOUNDARY@@@Z 1000b160 f i CurEdit.obj
 0001:0000a190       ?GetBCR_S@CDrCurve@@QAE?AW4BOUNDARY@@XZ 1000b190 f i CurEdit.obj
 0001:0000a1c0       ?SetBCR_S@CDrCurve@@QAEXW4BOUNDARY@@@Z 1000b1c0 f i CurEdit.obj
 0001:0000a1f0       ?GetTanL_S@CDrCurve@@QAE?AUVECTOR@@XZ 1000b1f0 f i CurEdit.obj
 0001:0000a230       ?SetTanL_S@CDrCurve@@QAEXUVECTOR@@@Z 1000b230 f i CurEdit.obj
 0001:0000a270       ?GetTanR_S@CDrCurve@@QAE?AUVECTOR@@XZ 1000b270 f i CurEdit.obj
 0001:0000a2b0       ?SetTanR_S@CDrCurve@@QAEXUVECTOR@@@Z 1000b2b0 f i CurEdit.obj
 0001:0000a2f0       ?GetnCon_BS_S@CDrCurve@@QAEHXZ 1000b2f0 f i CurEdit.obj
 0001:0000a320       ?SetnCon_BS_S@CDrCurve@@QAEXH@Z 1000b320 f i CurEdit.obj
 0001:0000a350       ?GetnCon_BZ_S@CDrCurve@@QAEHXZ 1000b350 f i CurEdit.obj
 0001:0000a380       ?SetnCon_BZ_S@CDrCurve@@QAEXH@Z 1000b380 f i CurEdit.obj
 0001:0000a3b0       ?GetnMKnots_S@CDrCurve@@QAEHXZ 1000b3b0 f i CurEdit.obj
 0001:0000a3e0       ?SetnMKnots_S@CDrCurve@@QAEXH@Z 1000b3e0 f i CurEdit.obj
 0001:0000a410       ?GetnKnots_S@CDrCurve@@QAEHXZ 1000b410 f i CurEdit.obj
 0001:0000a440       ?SetnKnots_S@CDrCurve@@QAEXH@Z 1000b440 f i CurEdit.obj
 0001:0000a470       ?GetnDim_S@CDrCurve@@QAEHXZ 1000b470 f i CurEdit.obj
 0001:0000a4a0       ?SetnDim_S@CDrCurve@@QAEXH@Z 1000b4a0 f i CurEdit.obj
 0001:0000a4d0       ?GetpMKnots_S@CDrCurve@@QAEPANXZ 1000b4d0 f i CurEdit.obj
 0001:0000a500       ?SetpMKnots_S@CDrCurve@@QAEXPAN@Z 1000b500 f i CurEdit.obj
 0001:0000a530       ?GetpWts_BS_S@CDrCurve@@QAEPANXZ 1000b530 f i CurEdit.obj
 0001:0000a560       ?SetpWts_BS_S@CDrCurve@@QAEXPAN@Z 1000b560 f i CurEdit.obj
 0001:0000a590       ?GetpKnots_S@CDrCurve@@QAEPANXZ 1000b590 f i CurEdit.obj
 0001:0000a5c0       ?SetpKnots_S@CDrCurve@@QAEXPAN@Z 1000b5c0 f i CurEdit.obj
 0001:0000a5f0       ?GetpWts_DT_S@CDrCurve@@QAEPANXZ 1000b5f0 f i CurEdit.obj
 0001:0000a620       ?SetpWts_DT_S@CDrCurve@@QAEXPAN@Z 1000b620 f i CurEdit.obj
 0001:0000a650       ?GetpWts_BZ_S@CDrCurve@@QAEPANXZ 1000b650 f i CurEdit.obj
 0001:0000a680       ?SetpWts_BZ_S@CDrCurve@@QAEXPAN@Z 1000b680 f i CurEdit.obj
 0001:0000a6b0       ?GetFromIDNode_S@CDrCurve@@QAEPAVCDrNode@@XZ 1000b6b0 f i CurEdit.obj
 0001:0000a6e0       ?SetFromIDNode_S@CDrCurve@@QAEXPAVCDrNode@@@Z 1000b6e0 f i CurEdit.obj
 0001:0000a710       ?GetToIDNode_S@CDrCurve@@QAEPAVCDrNode@@XZ 1000b710 f i CurEdit.obj
 0001:0000a740       ?SetToIDNode_S@CDrCurve@@QAEXPAVCDrNode@@@Z 1000b740 f i CurEdit.obj
 0001:0000a770       ?GetData_Ex_S@CDrCurve@@QAEHXZ 1000b770 f i CurEdit.obj
 0001:0000a7a0       ?SetData_Ex_S@CDrCurve@@QAEXH@Z 1000b7a0 f i CurEdit.obj
 0001:0000a7d0       ?IsExpanded_S@CDrCurve@@QAEHXZ 1000b7d0 f i CurEdit.obj
 0001:0000a800       ?SetExpanded_S@CDrCurve@@QAEXH@Z 1000b800 f i CurEdit.obj
 0001:0000a830       ?GetMaxENodes_S@CDrCurve@@QAEHXZ 1000b830 f i CurEdit.obj
 0001:0000a860       ?SetMaxENodes_S@CDrCurve@@QAEXH@Z 1000b860 f i CurEdit.obj
 0001:0000a890       ?GetRadius_S@CDrCurve@@QAENXZ 1000b890 f i CurEdit.obj
 0001:0000a8c0       ?SetRadius_S@CDrCurve@@QAEXN@Z 1000b8c0 f i CurEdit.obj
 0001:0000a900       ?GetTheta_S@CDrCurve@@QAENXZ 1000b900 f i CurEdit.obj
 0001:0000a930       ?SetTheta_S@CDrCurve@@QAEXN@Z 1000b930 f i CurEdit.obj
 0001:0000a970       ?GetCenter_S@CDrCurve@@QAE?AUWORLD@@XZ 1000b970 f i CurEdit.obj
 0001:0000a9b0       ?SetCenter_S@CDrCurve@@QAEXUWORLD@@@Z 1000b9b0 f i CurEdit.obj
 0001:0000aa20       ?GetNormal_S@CDrCurve@@QAE?AUWORLD@@XZ 1000ba20 f i CurEdit.obj
 0001:0000aa60       ?SetNormal_S@CDrCurve@@QAEXUWORLD@@@Z 1000ba60 f i CurEdit.obj
 0001:0000aad0       ?GetSegAngle_S@CDrCurve@@QAENXZ 1000bad0 f i CurEdit.obj
 0001:0000ab00       ?SetSegAngle_S@CDrCurve@@QAEXN@Z 1000bb00 f i CurEdit.obj
 0001:0000ab40       ?GetCNode_CC@CDrCurve@@QAEPAVCDrNode@@XZ 1000bb40 f i CurEdit.obj
 0001:0000ab70       ?SetCNode_CC@CDrCurve@@QAEXPAVCDrNode@@@Z 1000bb70 f i CurEdit.obj
 0001:0000aba0       ?GetCNode_TI@CDrCurve@@QAEPAVCDrNode@@XZ 1000bba0 f i CurEdit.obj
 0001:0000abd0       ?SetCNode_TI@CDrCurve@@QAEXPAVCDrNode@@@Z 1000bbd0 f i CurEdit.obj
 0001:0000ac00       ?GetCNode_CA@CDrCurve@@QAEPAVCDrNode@@XZ 1000bc00 f i CurEdit.obj
 0001:0000ac30       ?SetCNode_CA@CDrCurve@@QAEXPAVCDrNode@@@Z 1000bc30 f i CurEdit.obj
 0001:0000ac60       ?GetCNode_CB@CDrCurve@@QAEPAVCDrNode@@XZ 1000bc60 f i CurEdit.obj
 0001:0000ac90       ?SetCNode_CB@CDrCurve@@QAEXPAVCDrNode@@@Z 1000bc90 f i CurEdit.obj
 0001:0000acc0       ?IsHole_S@CDrCurve@@QAEHXZ 1000bcc0 f i CurEdit.obj
 0001:0000acf0       ?SetHole_S@CDrCurve@@QAEXH@Z 1000bcf0 f i CurEdit.obj
 0001:0000ad20       ?GetpTangents_S@CDrCurve@@QAEPAUWORLD@@XZ 1000bd20 f i CurEdit.obj
 0001:0000ad50       ?SetpTangents_S@CDrCurve@@QAEXPAUWORLD@@@Z 1000bd50 f i CurEdit.obj
 0001:0000ad80       ?GetpCurvatures_S@CDrCurve@@QAEPANXZ 1000bd80 f i CurEdit.obj
 0001:0000adb0       ?SetpCurvatures_S@CDrCurve@@QAEXPAN@Z 1000bdb0 f i CurEdit.obj
 0001:0000ade0       ?GetRatio_S@CDrCurve@@QAENXZ 1000bde0 f i CurEdit.obj
 0001:0000ae10       ?SetRatio_S@CDrCurve@@QAEXN@Z 1000be10 f i CurEdit.obj
 0001:0000ae50       ?IsAxisInput@CDrCurve@@QAEHXZ 1000be50 f i CurEdit.obj
 0001:0000ae80       ?SetAxisInput@CDrCurve@@QAEXH@Z 1000be80 f i CurEdit.obj
 0001:0000aeb0       ?GetAxis@CDrCurve@@QAEHXZ  1000beb0 f i CurEdit.obj
 0001:0000aee0       ?SetAxis@CDrCurve@@QAEXH@Z 1000bee0 f i CurEdit.obj
 0001:0000af10       ?IsNegative@CDrCurve@@QAEHXZ 1000bf10 f i CurEdit.obj
 0001:0000af40       ?SetNegative@CDrCurve@@QAEXH@Z 1000bf40 f i CurEdit.obj
 0001:0000af70       ?GetCircleType@CDrCurve@@QAE?AW4CIRCLETYPE@@XZ 1000bf70 f i CurEdit.obj
 0001:0000afa0       ?SetCircleType@CDrCurve@@QAEXW4CIRCLETYPE@@@Z 1000bfa0 f i CurEdit.obj
 0001:0000afd0       ?GetInputType@CDrCurve@@QAEHXZ 1000bfd0 f i CurEdit.obj
 0001:0000b000       ?SetInputType@CDrCurve@@QAEXH@Z 1000c000 f i CurEdit.obj
 0001:0000b030       ?IsArcType@CDrCurve@@QAEHXZ 1000c030 f i CurEdit.obj
 0001:0000b060       ?SetArcType@CDrCurve@@QAEXH@Z 1000c060 f i CurEdit.obj
 0001:0000b090       ?GetElperSegList_S@CDrCurve@@QAEPAV?$CList@HH@@XZ 1000c090 f i CurEdit.obj
 0001:0000b0c0       ?IsSkewed@CDrCurve@@UAEHXZ 1000c0c0 f i CurEdit.obj
 0001:0000b0f0       ?SetSkewed@CDrCurve@@UAEXH@Z 1000c0f0 f i CurEdit.obj
 0001:0000b120       ?IsLinSpr@CDrCurve@@UAEHXZ 1000c120 f i CurEdit.obj
 0001:0000b150       ?SetLinSpr@CDrCurve@@UAEXH@Z 1000c150 f i CurEdit.obj
 0001:0000b180       ?IsLinSnu@CDrCurve@@UAEHXZ 1000c180 f i CurEdit.obj
 0001:0000b1b0       ?SetLinSnu@CDrCurve@@UAEXH@Z 1000c1b0 f i CurEdit.obj
 0001:0000b1e0       ?CullWorld@CDrCurve@@UAEHUWORLD@@@Z 1000c1e0 f i CurEdit.obj
 0001:0000b200       ?CullScreen@CDrCurve@@UAEHPAUMATRIX@@@Z 1000c200 f i CurEdit.obj
 0001:0000b220       ?Calc_CentroidWorld@CDrCurve@@UAEXXZ 1000c220 f i CurEdit.obj
 0001:0000b240       ?Calc_CentroidEye@CDrCurve@@UAEXXZ 1000c240 f i CurEdit.obj
 0001:0000b260       ?Calc_CentroidScreen3D@CDrCurve@@UAEXNN@Z 1000c260 f i CurEdit.obj
 0001:0000b280       ?Calc_NormalWorld@CDrCurve@@UAEXXZ 1000c280 f i CurEdit.obj
 0001:0000b2a0       ?TransformNormalToEye@CDrCurve@@UAEXPAUMATRIX@@@Z 1000c2a0 f i CurEdit.obj
 0001:0000b2c0       ?ProjectNormalToScreen3D@CDrCurve@@UAEXPAUMATRIX@@NN@Z 1000c2c0 f i CurEdit.obj
 0001:0000b2e0       ?GetNormalWorld@CDrCurve@@UAEPAUWORLD@@XZ 1000c2e0 f i CurEdit.obj
 0001:0000b300       ?SetNormalWorld@CDrCurve@@UAEXUWORLD@@@Z 1000c300 f i CurEdit.obj
 0001:0000b320       ?GetNormalEye@CDrCurve@@UAEPAUWORLD@@XZ 1000c320 f i CurEdit.obj
 0001:0000b340       ?SetNormalEye@CDrCurve@@UAEXUWORLD@@@Z 1000c340 f i CurEdit.obj
 0001:0000b360       ?GetNormalScreen3D@CDrCurve@@UAEPAUWORLD@@XZ 1000c360 f i CurEdit.obj
 0001:0000b380       ?SetNormalScreen3D@CDrCurve@@UAEXUWORLD@@@Z 1000c380 f i CurEdit.obj
 0001:0000b3a0       ?GetNormalScreen2D@CDrCurve@@UAEPAUtagPOINT@@XZ 1000c3a0 f i CurEdit.obj
 0001:0000b3c0       ?SetNormalScreen2D@CDrCurve@@UAEXUtagPOINT@@@Z 1000c3c0 f i CurEdit.obj
 0001:0000b3e0       ?GetNodTopoList@CDrCurve@@QAEPAVCDListMgr@@XZ 1000c3e0 f i CurEdit.obj
 0001:0000b410       ?GetSuppCardList@CDrCurve@@QAEPAV?$CList@Usupportcard@@U1@@@XZ 1000c410 f i CurEdit.obj
 0001:0000b440       ?GetStaLCardList@CDrCurve@@QAEPAV?$CList@UstaLcard@@U1@@@XZ 1000c440 f i CurEdit.obj
 0001:0000b470       ?GetBndryPtList@CDrCurve@@QAEPAV?$CList@UWORLD@@U1@@@XZ 1000c470 f i CurEdit.obj
 0001:0000b4a0       ?GetBezierType@CDrCurve@@QAE?AW4BEZIERTYPE@@XZ 1000c4a0 f i CurEdit.obj
 0001:0000b4d0       ?SetBezierType@CDrCurve@@QAEXW4BEZIERTYPE@@@Z 1000c4d0 f i CurEdit.obj
 0001:0000b500       ?IsSubDivided@CTriangle@@UAEHXZ 1000c500 f i CurEdit.obj
 0001:0000b520       ?SetSubDivided@CTriangle@@UAEXH@Z 1000c520 f i CurEdit.obj
 0001:0000b550       ?GetSubTriangleIndex@CTriangle@@UAEHH@Z 1000c550 f i CurEdit.obj
 0001:0000b580       ?SetSubTriangleIndex@CTriangle@@UAEXHH@Z 1000c580 f i CurEdit.obj
 0001:0000b5b0       ?GetType@CTriangle@@UAEHXZ 1000c5b0 f i CurEdit.obj
 0001:0000b5d0       ?SetType@CTriangle@@UAEXH@Z 1000c5d0 f i CurEdit.obj
 0001:0000b600       ?GetCNIndexList@CTriangle@@UAEPAV?$CList@HH@@XZ 1000c600 f i CurEdit.obj
 0001:0000b620       ?GetPatIndex@CTriangle@@UAEHXZ 1000c620 f i CurEdit.obj
 0001:0000b640       ?SetPatIndex@CTriangle@@UAEXH@Z 1000c640 f i CurEdit.obj
 0001:0000b670       ?GetDegree@CTriangle@@UAEHXZ 1000c670 f i CurEdit.obj
 0001:0000b690       ?SetDegree@CTriangle@@UAEXH@Z 1000c690 f i CurEdit.obj
 0001:0000b6c0       ?GetVertexIndex@CTriangle@@UAEHH@Z 1000c6c0 f i CurEdit.obj
 0001:0000b6f0       ?SetVertexIndex@CTriangle@@UAEXHH@Z 1000c6f0 f i CurEdit.obj
 0001:0000b720       ?GetVertexIndex@CTriangle@@UAEPAHXZ 1000c720 f i CurEdit.obj
 0001:0000b740       ?GetNebrVertexIndex@CTriangle@@UAEHH@Z 1000c740 f i CurEdit.obj
 0001:0000b770       ?SetNebrVertexIndex@CTriangle@@UAEXHH@Z 1000c770 f i CurEdit.obj
 0001:0000b7a0       ?GetNebrVertexIndex@CTriangle@@UAEPAHXZ 1000c7a0 f i CurEdit.obj
 0001:0000b7c0       ?GetNebrTriangleIndex@CTriangle@@UAEHH@Z 1000c7c0 f i CurEdit.obj
 0001:0000b7f0       ?SetNebrTriangleIndex@CTriangle@@UAEXHH@Z 1000c7f0 f i CurEdit.obj
 0001:0000b820       ?GetNebrTriangleIndex@CTriangle@@UAEPAHXZ 1000c820 f i CurEdit.obj
 0001:0000b840       ?GetOutSeg@CTriangle@@UAEHXZ 1000c840 f i CurEdit.obj
 0001:0000b860       ?SetOutSeg@CTriangle@@UAEXH@Z 1000c860 f i CurEdit.obj
 0001:0000b890       ?GetiOutGlo@CTriangle@@UAEHXZ 1000c890 f i CurEdit.obj
 0001:0000b8c0       ?SetiOutGlo@CTriangle@@UAEXH@Z 1000c8c0 f i CurEdit.obj
 0001:0000b8f0       ?GetjOutGlo@CTriangle@@UAEHXZ 1000c8f0 f i CurEdit.obj
 0001:0000b920       ?SetjOutGlo@CTriangle@@UAEXH@Z 1000c920 f i CurEdit.obj
 0001:0000b950       ??1CTriangle@@UAE@XZ       1000c950 f i CurEdit.obj
 0001:0000b9d0       ??_GCTriangle@@UAEPAXI@Z   1000c9d0 f i CurEdit.obj
 0001:0000ba10       ??_ECTriangle@@UAEPAXI@Z   1000ca10 f i CurEdit.obj
 0001:0000bab0       ?GetCategory@CDrPatch@@UAE?AW4CATEGORY@@XZ 1000cab0 f i CurEdit.obj
 0001:0000bad0       ?SetCategory@CDrPatch@@UAEXW4CATEGORY@@@Z 1000cad0 f i CurEdit.obj
 0001:0000bb00       ?IsNormalNeeded@CDrPatch@@UAEHXZ 1000cb00 f i CurEdit.obj
 0001:0000bb30       ?SetNormalNeed@CDrPatch@@UAEXH@Z 1000cb30 f i CurEdit.obj
 0001:0000bb60       ?GetCurveType_T@CDrPatch@@QAE?AW4CURVEPROC@@XZ 1000cb60 f i CurEdit.obj
 0001:0000bb90       ?SetCurveType_T@CDrPatch@@QAEXW4CURVEPROC@@@Z 1000cb90 f i CurEdit.obj
 0001:0000bbc0       ?GetOutSegUnif_T@CDrPatch@@QAEHXZ 1000cbc0 f i CurEdit.obj
 0001:0000bbf0       ?SetOutSegUnif_T@CDrPatch@@QAEXH@Z 1000cbf0 f i CurEdit.obj
 0001:0000bc20       ?IsClosed_T@CDrPatch@@QAEHXZ 1000cc20 f i CurEdit.obj
 0001:0000bc50       ?SetClosed_T@CDrPatch@@QAEXH@Z 1000cc50 f i CurEdit.obj
 0001:0000bc80       ?GetMaxBezSegments_T@CDrPatch@@QAEHXZ 1000cc80 f i CurEdit.obj
 0001:0000bcb0       ?SetMaxBezSegments_T@CDrPatch@@QAEXH@Z 1000ccb0 f i CurEdit.obj
 0001:0000bce0       ?GetMaxCNodes_T@CDrPatch@@QAEHXZ 1000cce0 f i CurEdit.obj
 0001:0000bd10       ?SetMaxCNodes_T@CDrPatch@@QAEXH@Z 1000cd10 f i CurEdit.obj
 0001:0000bd40       ?GetMaxOutPts_T@CDrPatch@@QAEHXZ 1000cd40 f i CurEdit.obj
 0001:0000bd70       ?SetMaxOutPts_T@CDrPatch@@QAEXH@Z 1000cd70 f i CurEdit.obj
 0001:0000bda0       ?GetNodes_S@CDrPatch@@QAEHXZ 1000cda0 f i CurEdit.obj
 0001:0000bdd0       ?SetNodes_S@CDrPatch@@QAEXH@Z 1000cdd0 f i CurEdit.obj
 0001:0000be00       ?GetNodes_T@CDrPatch@@QAEHXZ 1000ce00 f i CurEdit.obj
 0001:0000be30       ?SetNodes_T@CDrPatch@@QAEXH@Z 1000ce30 f i CurEdit.obj
 0001:0000be60       ?GetPrimaryDir@CDrPatch@@QAEHXZ 1000ce60 f i CurEdit.obj
 0001:0000be90       ?SetPrimaryDir@CDrPatch@@QAEXH@Z 1000ce90 f i CurEdit.obj
 0001:0000bec0       ?GetBlendCurve@CDrPatch@@QAEPAVCDrCurve@@XZ 1000cec0 f i CurEdit.obj
 0001:0000bef0       ?SetBlendCurve@CDrPatch@@QAEXPAVCDrCurve@@@Z 1000cef0 f i CurEdit.obj
 0001:0000bf20       ?GetBlendCurve_U@CDrPatch@@QAEPAVCDrCurve@@XZ 1000cf20 f i CurEdit.obj
 0001:0000bf50       ?SetBlendCurve_U@CDrPatch@@QAEXPAVCDrCurve@@@Z 1000cf50 f i CurEdit.obj
 0001:0000bf80       ?GetBlendCurve_V@CDrPatch@@QAEPAVCDrCurve@@XZ 1000cf80 f i CurEdit.obj
 0001:0000bfb0       ?SetBlendCurve_V@CDrPatch@@QAEXPAVCDrCurve@@@Z 1000cfb0 f i CurEdit.obj
 0001:0000bfe0       ?GetBlendCurve_W@CDrPatch@@QAEPAVCDrCurve@@XZ 1000cfe0 f i CurEdit.obj
 0001:0000c010       ?SetBlendCurve_W@CDrPatch@@QAEXPAVCDrCurve@@@Z 1000d010 f i CurEdit.obj
 0001:0000c040       ?GetVCurveList@CDrPatch@@QAEPAVCDListMgr@@XZ 1000d040 f i CurEdit.obj
 0001:0000c070       ?GetCurveList_U@CDrPatch@@QAEPAVCDListMgr@@XZ 1000d070 f i CurEdit.obj
 0001:0000c0a0       ?GetCurveList_V@CDrPatch@@QAEPAVCDListMgr@@XZ 1000d0a0 f i CurEdit.obj
 0001:0000c0d0       ?GetCurveList_W@CDrPatch@@QAEPAVCDListMgr@@XZ 1000d0d0 f i CurEdit.obj
 0001:0000c100       ?GetCurveLatchList_U@CDrPatch@@QAEPAV?$CList@W4CURVELATCH@@W41@@@XZ 1000d100 f i CurEdit.obj
 0001:0000c130       ?GetCurveLatchList_V@CDrPatch@@QAEPAV?$CList@W4CURVELATCH@@W41@@@XZ 1000d130 f i CurEdit.obj
 0001:0000c160       ?GetCurveLatchList_W@CDrPatch@@QAEPAV?$CList@W4CURVELATCH@@W41@@@XZ 1000d160 f i CurEdit.obj
 0001:0000c190       ?IsAdvancedEnd_U@CDrPatch@@QAEHXZ 1000d190 f i CurEdit.obj
 0001:0000c1c0       ?SetAdvancedEnd_U@CDrPatch@@QAEXH@Z 1000d1c0 f i CurEdit.obj
 0001:0000c1f0       ?GetCornerTwist_U@CDrPatch@@QAEPAY01UWORLD@@XZ 1000d1f0 f i CurEdit.obj
 0001:0000c220       ?SetCornerTwist_U@CDrPatch@@QAEXPAY01UWORLD@@@Z 1000d220 f i CurEdit.obj
 0001:0000c250       ?GetTwistMethod_U@CDrPatch@@QAE?AW4TWIST@@XZ 1000d250 f i CurEdit.obj
 0001:0000c280       ?SetTwistMethod_U@CDrPatch@@QAEXW4TWIST@@@Z 1000d280 f i CurEdit.obj
 0001:0000c2b0       ?IsAdvancedEnd_V@CDrPatch@@QAEHXZ 1000d2b0 f i CurEdit.obj
 0001:0000c2e0       ?SetAdvancedEnd_V@CDrPatch@@QAEXH@Z 1000d2e0 f i CurEdit.obj
 0001:0000c310       ?GetCornerTwist_V@CDrPatch@@QAEPAY01UWORLD@@XZ 1000d310 f i CurEdit.obj
 0001:0000c340       ?SetCornerTwist_V@CDrPatch@@QAEXPAY01UWORLD@@@Z 1000d340 f i CurEdit.obj
 0001:0000c370       ?GetTwistMethod_V@CDrPatch@@QAE?AW4TWIST@@XZ 1000d370 f i CurEdit.obj
 0001:0000c3a0       ?SetTwistMethod_V@CDrPatch@@QAEXW4TWIST@@@Z 1000d3a0 f i CurEdit.obj
 0001:0000c3d0       ?GetEndList_U@CDrPatch@@QAEPAV?$CList@Ublendend@@U1@@@XZ 1000d3d0 f i CurEdit.obj
 0001:0000c400       ?GetEndList_V@CDrPatch@@QAEPAV?$CList@Ublendend@@U1@@@XZ 1000d400 f i CurEdit.obj
 0001:0000c430       ?GetElperSegList_T@CDrPatch@@QAEPAV?$CList@HH@@XZ 1000d430 f i CurEdit.obj
 0001:0000c460       ?GetCurveID@CDrPatch@@QAE?AVCString@@H@Z 1000d460 f i CurEdit.obj
 0001:0000c4b0       ?SetCurveID@CDrPatch@@QAEXVCString@@H@Z 1000d4b0 f i CurEdit.obj
 0001:0000c530       ?GetBndryCurve@CDrPatch@@QAEPAVCDrCurve@@H@Z 1000d530 f i CurEdit.obj
 0001:0000c560       ?SetCurve@CDrPatch@@QAEXPAVCDrCurve@@H@Z 1000d560 f i CurEdit.obj
 0001:0000c590       ?GetCurveLatch@CDrPatch@@QAE?AW4CURVELATCH@@H@Z 1000d590 f i CurEdit.obj
 0001:0000c5c0       ?SetCurveLatch@CDrPatch@@QAEXW4CURVELATCH@@H@Z 1000d5c0 f i CurEdit.obj
 0001:0000c5f0       ?GetFromIDNode_T@CDrPatch@@QAEPAVCDrNode@@XZ 1000d5f0 f i CurEdit.obj
 0001:0000c620       ?SetFromIDNode_T@CDrPatch@@QAEXPAVCDrNode@@@Z 1000d620 f i CurEdit.obj
 0001:0000c650       ?GetToIDNode_T@CDrPatch@@QAEPAVCDrNode@@XZ 1000d650 f i CurEdit.obj
 0001:0000c680       ?SetToIDNode_T@CDrPatch@@QAEXPAVCDrNode@@@Z 1000d680 f i CurEdit.obj
 0001:0000c6b0       ?GetFromPtLocal_T@CDrPatch@@QAEPAUWORLD@@XZ 1000d6b0 f i CurEdit.obj
 0001:0000c6e0       ?SetFromPtLocal_T@CDrPatch@@QAEXUWORLD@@@Z 1000d6e0 f i CurEdit.obj
 0001:0000c720       ?GetToPtLocal_T@CDrPatch@@QAEPAUWORLD@@XZ 1000d720 f i CurEdit.obj
 0001:0000c750       ?SetToPtLocal_T@CDrPatch@@QAEXUWORLD@@@Z 1000d750 f i CurEdit.obj
 0001:0000c790       ?GetFromPtWorld_T@CDrPatch@@QAEPAUWORLD@@XZ 1000d790 f i CurEdit.obj
 0001:0000c7c0       ?SetFromPtWorld_T@CDrPatch@@QAEXUWORLD@@@Z 1000d7c0 f i CurEdit.obj
 0001:0000c800       ?GetToPtWorld_T@CDrPatch@@QAEPAUWORLD@@XZ 1000d800 f i CurEdit.obj
 0001:0000c830       ?SetToPtWorld_T@CDrPatch@@QAEXUWORLD@@@Z 1000d830 f i CurEdit.obj
 0001:0000c870       ?GetFromPtEye_T@CDrPatch@@QAEPAUWORLD@@XZ 1000d870 f i CurEdit.obj
 0001:0000c8a0       ?SetFromPtEye_T@CDrPatch@@QAEXUWORLD@@@Z 1000d8a0 f i CurEdit.obj
 0001:0000c8e0       ?GetToPtEye_T@CDrPatch@@QAEPAUWORLD@@XZ 1000d8e0 f i CurEdit.obj
 0001:0000c910       ?SetToPtEye_T@CDrPatch@@QAEXUWORLD@@@Z 1000d910 f i CurEdit.obj
 0001:0000c950       ?GetAxis_T@CDrPatch@@QAEPAUWORLD@@XZ 1000d950 f i CurEdit.obj
 0001:0000c980       ?SetAxis_T@CDrPatch@@QAEXUWORLD@@@Z 1000d980 f i CurEdit.obj
 0001:0000c9c0       ?GetExtruType_T@CDrPatch@@QAEHXZ 1000d9c0 f i CurEdit.obj
 0001:0000c9f0       ?SetExtruType_T@CDrPatch@@QAEXH@Z 1000d9f0 f i CurEdit.obj
 0001:0000ca20       ?GetLength_T@CDrPatch@@QAENXZ 1000da20 f i CurEdit.obj
 0001:0000ca50       ?SetLength_T@CDrPatch@@QAEXN@Z 1000da50 f i CurEdit.obj
 0001:0000ca90       ?GetWorldLength_T@CDrPatch@@QAE?AUWORLD@@XZ 1000da90 f i CurEdit.obj
 0001:0000cad0       ?SetWorldLength_T@CDrPatch@@QAEXUWORLD@@@Z 1000dad0 f i CurEdit.obj
 0001:0000cb10       ?GetSegs_T@CDrPatch@@QAEHXZ 1000db10 f i CurEdit.obj
 0001:0000cb40       ?SetSegs_T@CDrPatch@@QAEXH@Z 1000db40 f i CurEdit.obj
 0001:0000cb70       ?IsAxisInput_T@CDrPatch@@QAEHXZ 1000db70 f i CurEdit.obj
 0001:0000cba0       ?SetAxisInput_T@CDrPatch@@QAEXH@Z 1000dba0 f i CurEdit.obj
 0001:0000cbd0       ?GetAxisType_T@CDrPatch@@QAEHXZ 1000dbd0 f i CurEdit.obj
 0001:0000cc00       ?SetAxisType_T@CDrPatch@@QAEXH@Z 1000dc00 f i CurEdit.obj
 0001:0000cc30       ?IsNegative_T@CDrPatch@@QAEHXZ 1000dc30 f i CurEdit.obj
 0001:0000cc60       ?SetNegative_T@CDrPatch@@QAEXH@Z 1000dc60 f i CurEdit.obj
 0001:0000cc90       ?GetCircleType_T@CDrPatch@@QAE?AW4CIRCLETYPE@@XZ 1000dc90 f i CurEdit.obj
 0001:0000ccc0       ?SetCircleType_T@CDrPatch@@QAEXW4CIRCLETYPE@@@Z 1000dcc0 f i CurEdit.obj
 0001:0000ccf0       ?GetAng_1_T@CDrPatch@@QAENXZ 1000dcf0 f i CurEdit.obj
 0001:0000cd20       ?SetAng_1_T@CDrPatch@@QAEXN@Z 1000dd20 f i CurEdit.obj
 0001:0000cd60       ?GetAng_2_T@CDrPatch@@QAENXZ 1000dd60 f i CurEdit.obj
 0001:0000cd90       ?SetAng_2_T@CDrPatch@@QAEXN@Z 1000dd90 f i CurEdit.obj
 0001:0000cdd0       ?GetPatchProc@CDrPatch@@QAE?AW4PATCHPROC@@XZ 1000ddd0 f i CurEdit.obj
 0001:0000ce00       ?SetPatchProc@CDrPatch@@QAEXW4PATCHPROC@@@Z 1000de00 f i CurEdit.obj
 0001:0000ce30       ?GetPatchType@CDrPatch@@QAE?AW4PATCHTYPE@@XZ 1000de30 f i CurEdit.obj
 0001:0000ce60       ?SetPatchType@CDrPatch@@QAEXW4PATCHTYPE@@@Z 1000de60 f i CurEdit.obj
 0001:0000ce90       ?GetPatSubType@CDrPatch@@QAE?AW4PATSUBTYPE@@XZ 1000de90 f i CurEdit.obj
 0001:0000cec0       ?SetPatSubType@CDrPatch@@QAEXW4PATSUBTYPE@@@Z 1000dec0 f i CurEdit.obj
 0001:0000cef0       ?GetOut_S@CDrPatch@@QAEHXZ 1000def0 f i CurEdit.obj
 0001:0000cf20       ?SetOut_S@CDrPatch@@QAEXH@Z 1000df20 f i CurEdit.obj
 0001:0000cf50       ?GetOut_T@CDrPatch@@QAEHXZ 1000df50 f i CurEdit.obj
 0001:0000cf80       ?SetOut_T@CDrPatch@@QAEXH@Z 1000df80 f i CurEdit.obj
 0001:0000cfb0       ?GetTotalElems@CDrPatch@@QAEJXZ 1000dfb0 f i CurEdit.obj
 0001:0000cfe0       ?SetTotalElems@CDrPatch@@QAEXJ@Z 1000dfe0 f i CurEdit.obj
 0001:0000d010       ?GetPtrTangents_S@CDrPatch@@QAEPAUWORLD@@XZ 1000e010 f i CurEdit.obj
 0001:0000d040       ?GetPtrTangents_T@CDrPatch@@QAEPAUWORLD@@XZ 1000e040 f i CurEdit.obj
 0001:0000d070       ?GetPtrNormals@CDrPatch@@QAEPAUWORLD@@XZ 1000e070 f i CurEdit.obj
 0001:0000d0a0       ?GetPtrTwists@CDrPatch@@QAEPAUWORLD@@XZ 1000e0a0 f i CurEdit.obj
 0001:0000d0d0       ?GetMemIn@CDrPatch@@UAEPAUWORLD@@H@Z 1000e0d0 f i CurEdit.obj
 0001:0000d100       ?SetMemIn@CDrPatch@@UAEXPAUWORLD@@H@Z 1000e100 f i CurEdit.obj
 0001:0000d130       ?SetMemIn@CDrPatch@@UAEXPAUWORLD@@@Z 1000e130 f i CurEdit.obj
 0001:0000d160       ?SetMemInDP@CDrPatch@@UAEXPAUtagPOINT@@@Z 1000e160 f i CurEdit.obj
 0001:0000d190       ?SetMemOut@CDrPatch@@UAEXPAUWORLD@@@Z 1000e190 f i CurEdit.obj
 0001:0000d1c0       ?SetMemOutDP@CDrPatch@@UAEXPAUtagPOINT@@@Z 1000e1c0 f i CurEdit.obj
 0001:0000d1f0       ?IsUniform_T@CDrPatch@@QAEHXZ 1000e1f0 f i CurEdit.obj
 0001:0000d220       ?SetUniform_T@CDrPatch@@QAEXH@Z 1000e220 f i CurEdit.obj
 0001:0000d250       ?GetClass_T@CDrPatch@@QAEHXZ 1000e250 f i CurEdit.obj
 0001:0000d280       ?SetClass_T@CDrPatch@@QAEXH@Z 1000e280 f i CurEdit.obj
 0001:0000d2b0       ?GetOrder_T@CDrPatch@@QAEHXZ 1000e2b0 f i CurEdit.obj
 0001:0000d2e0       ?SetOrder_T@CDrPatch@@QAEXH@Z 1000e2e0 f i CurEdit.obj
 0001:0000d310       ?GetnDim_T@CDrPatch@@QAEHXZ 1000e310 f i CurEdit.obj
 0001:0000d340       ?SetnDim_T@CDrPatch@@QAEXH@Z 1000e340 f i CurEdit.obj
 0001:0000d370       ?GetOutMethod_T@CDrPatch@@QAE?AW4PATCHOUTPUT@@XZ 1000e370 f i CurEdit.obj
 0001:0000d3a0       ?SetOutMethod_T@CDrPatch@@QAEXW4PATCHOUTPUT@@@Z 1000e3a0 f i CurEdit.obj
 0001:0000d3d0       ?GetMaxOutSeg_T@CDrPatch@@QAEHXZ 1000e3d0 f i CurEdit.obj
 0001:0000d400       ?SetMaxOutSeg_T@CDrPatch@@QAEXH@Z 1000e400 f i CurEdit.obj
 0001:0000d430       ?GetNum_tPointer_T@CDrPatch@@QAEPAHXZ 1000e430 f i CurEdit.obj
 0001:0000d460       ?SetNum_tPointer_T@CDrPatch@@QAEXPAH@Z 1000e460 f i CurEdit.obj
 0001:0000d490       ?GetDis_tPointer_T@CDrPatch@@QAEPANXZ 1000e490 f i CurEdit.obj
 0001:0000d4c0       ?SetDis_tPointer_T@CDrPatch@@QAEXPAN@Z 1000e4c0 f i CurEdit.obj
 0001:0000d4f0       ?GetNum_tPointer_Ex_T@CDrPatch@@QAEPAHXZ 1000e4f0 f i CurEdit.obj
 0001:0000d520       ?SetNum_tPointer_Ex_T@CDrPatch@@QAEXPAH@Z 1000e520 f i CurEdit.obj
 0001:0000d550       ?GetDis_AngPointer_T@CDrPatch@@QAEPANXZ 1000e550 f i CurEdit.obj
 0001:0000d580       ?SetDis_AngPointer_T@CDrPatch@@QAEXPAN@Z 1000e580 f i CurEdit.obj
 0001:0000d5b0       ?GetData_Ex_T@CDrPatch@@QAEHXZ 1000e5b0 f i CurEdit.obj
 0001:0000d5e0       ?SetData_Ex_T@CDrPatch@@QAEXH@Z 1000e5e0 f i CurEdit.obj
 0001:0000d610       ?IsExpanded_T@CDrPatch@@QAEHXZ 1000e610 f i CurEdit.obj
 0001:0000d640       ?SetExpanded_T@CDrPatch@@QAEXH@Z 1000e640 f i CurEdit.obj
 0001:0000d670       ?GetMaxENodes_T@CDrPatch@@QAEHXZ 1000e670 f i CurEdit.obj
 0001:0000d6a0       ?SetMaxENodes_T@CDrPatch@@QAEXH@Z 1000e6a0 f i CurEdit.obj
 0001:0000d6d0       ?GetRadius_T@CDrPatch@@QAENXZ 1000e6d0 f i CurEdit.obj
 0001:0000d700       ?SetRadius_T@CDrPatch@@QAEXN@Z 1000e700 f i CurEdit.obj
 0001:0000d740       ?GetTheta_T@CDrPatch@@QAENXZ 1000e740 f i CurEdit.obj
 0001:0000d770       ?SetTheta_T@CDrPatch@@QAEXN@Z 1000e770 f i CurEdit.obj
 0001:0000d7b0       ?GetCenter_T@CDrPatch@@QAE?AUWORLD@@XZ 1000e7b0 f i CurEdit.obj
 0001:0000d7f0       ?SetCenter_T@CDrPatch@@QAEXUWORLD@@@Z 1000e7f0 f i CurEdit.obj
 0001:0000d860       ?GetNormal_T@CDrPatch@@QAE?AUWORLD@@XZ 1000e860 f i CurEdit.obj
 0001:0000d8a0       ?SetNormal_T@CDrPatch@@QAEXUWORLD@@@Z 1000e8a0 f i CurEdit.obj
 0001:0000d910       ?GetSegAngle_T@CDrPatch@@QAENXZ 1000e910 f i CurEdit.obj
 0001:0000d940       ?SetSegAngle_T@CDrPatch@@QAEXN@Z 1000e940 f i CurEdit.obj
 0001:0000d980       ?IsHole_T@CDrPatch@@QAEHXZ 1000e980 f i CurEdit.obj
 0001:0000d9b0       ?SetHole_T@CDrPatch@@QAEXH@Z 1000e9b0 f i CurEdit.obj
 0001:0000d9e0       ?GetpTangents_T@CDrPatch@@QAEPAUWORLD@@XZ 1000e9e0 f i CurEdit.obj
 0001:0000da10       ?SetpTangents_T@CDrPatch@@QAEXPAUWORLD@@@Z 1000ea10 f i CurEdit.obj
 0001:0000da40       ?GetpCurvatures_T@CDrPatch@@QAEPANXZ 1000ea40 f i CurEdit.obj
 0001:0000da70       ?SetpCurvatures_T@CDrPatch@@QAEXPAN@Z 1000ea70 f i CurEdit.obj
 0001:0000daa0       ?GetRatio_T@CDrPatch@@QAENXZ 1000eaa0 f i CurEdit.obj
 0001:0000dad0       ?SetRatio_T@CDrPatch@@QAEXN@Z 1000ead0 f i CurEdit.obj
 0001:0000db10       ?GetTwistType_T@CDrPatch@@QAEHXZ 1000eb10 f i CurEdit.obj
 0001:0000db40       ?SetTwistType_T@CDrPatch@@QAEXH@Z 1000eb40 f i CurEdit.obj
 0001:0000db70       ?GetTwistList_T@CDrPatch@@QAEPAV?$CList@NN@@XZ 1000eb70 f i CurEdit.obj
 0001:0000dba0       ?GetScaleType_T@CDrPatch@@QAEHXZ 1000eba0 f i CurEdit.obj
 0001:0000dbd0       ?SetScaleType_T@CDrPatch@@QAEXH@Z 1000ebd0 f i CurEdit.obj
 0001:0000dc00       ?GetScaleList_T@CDrPatch@@QAEPAV?$CList@NN@@XZ 1000ec00 f i CurEdit.obj
 0001:0000dc30       ?IsIncTwist_T@CDrPatch@@QAEHXZ 1000ec30 f i CurEdit.obj
 0001:0000dc60       ?SetIncTwist_T@CDrPatch@@QAEXH@Z 1000ec60 f i CurEdit.obj
 0001:0000dc90       ?GetTwistMult_T@CDrPatch@@QAENXZ 1000ec90 f i CurEdit.obj
 0001:0000dcc0       ?SetTwistMult_T@CDrPatch@@QAEXN@Z 1000ecc0 f i CurEdit.obj
 0001:0000dd00       ?GetTwistStart_T@CDrPatch@@QAENXZ 1000ed00 f i CurEdit.obj
 0001:0000dd30       ?SetTwistStart_T@CDrPatch@@QAEXN@Z 1000ed30 f i CurEdit.obj
 0001:0000dd70       ?IsIncScale_T@CDrPatch@@QAEHXZ 1000ed70 f i CurEdit.obj
 0001:0000dda0       ?SetIncScale_T@CDrPatch@@QAEXH@Z 1000eda0 f i CurEdit.obj
 0001:0000ddd0       ?GetScaleMult_T@CDrPatch@@QAENXZ 1000edd0 f i CurEdit.obj
 0001:0000de00       ?SetScaleMult_T@CDrPatch@@QAEXN@Z 1000ee00 f i CurEdit.obj
 0001:0000de40       ?GetScaleStart_T@CDrPatch@@QAENXZ 1000ee40 f i CurEdit.obj
 0001:0000de70       ?SetScaleStart_T@CDrPatch@@QAEXN@Z 1000ee70 f i CurEdit.obj
 0001:0000deb0       ?GetWorldTwistMult_T@CDrPatch@@QAE?AUWORLD@@XZ 1000eeb0 f i CurEdit.obj
 0001:0000def0       ?SetWorldTwistMult_T@CDrPatch@@QAEXUWORLD@@@Z 1000eef0 f i CurEdit.obj
 0001:0000df30       ?GetWorldTwistStart_T@CDrPatch@@QAE?AUWORLD@@XZ 1000ef30 f i CurEdit.obj
 0001:0000df70       ?SetWorldTwistStart_T@CDrPatch@@QAEXUWORLD@@@Z 1000ef70 f i CurEdit.obj
 0001:0000dfb0       ?GetWorldScaleMult_T@CDrPatch@@QAE?AUWORLD@@XZ 1000efb0 f i CurEdit.obj
 0001:0000dff0       ?SetWorldScaleMult_T@CDrPatch@@QAEXUWORLD@@@Z 1000eff0 f i CurEdit.obj
 0001:0000e030       ?GetWorldScaleStart_T@CDrPatch@@QAE?AUWORLD@@XZ 1000f030 f i CurEdit.obj
 0001:0000e070       ?SetWorldScaleStart_T@CDrPatch@@QAEXUWORLD@@@Z 1000f070 f i CurEdit.obj
 0001:0000e0b0       ?GetTriangleList@CDrPatch@@UAEPAVCDListMgr@@XZ 1000f0b0 f i CurEdit.obj
 0001:0000e0e0       ?GetnOutGlo_S@CDrPatch@@QAEHXZ 1000f0e0 f i CurEdit.obj
 0001:0000e110       ?SetnOutGlo_S@CDrPatch@@QAEXH@Z 1000f110 f i CurEdit.obj
 0001:0000e140       ?IsGenBCurve@CDrPatch@@QAEHXZ 1000f140 f i CurEdit.obj
 0001:0000e170       ?SetGenBCurve@CDrPatch@@QAEXH@Z 1000f170 f i CurEdit.obj
 0001:0000e1a0       ?IsEndCondMode@CSheet_PATI@@QAEHXZ 1000f1a0 f i CurEdit.obj
 0001:0000e1d0       ?SetEndCondMode@CSheet_PATI@@QAEXH@Z 1000f1d0 f i CurEdit.obj
 0001:0000e200       ?Parse_drPipe@CDrFE1D@@UAEXPAVCString@@@Z 1000f200 f i CurEdit.obj
 0001:0000e220       ?DoFormattedCardView@CDrFE1D@@UAEXPAVCString@@AAV2@@Z 1000f220 f i CurEdit.obj
 0001:0000e240       ?DoUnFormattedCardView@CDrFE1D@@UAEXPAVCString@@@Z 1000f240 f i CurEdit.obj
 0001:0000e260       ?GetMaxCorners@CDrFE1D@@UAEHXZ 1000f260 f i CurEdit.obj
 0001:0000e280       ?GetMemIn@CDrFE1D@@UAEPAUWORLD@@XZ 1000f280 f i CurEdit.obj
 0001:0000e2b0       ?GetMemInWts@CDrFE1D@@UAEPANXZ 1000f2b0 f i CurEdit.obj
 0001:0000e2e0       ?GetMemInDP@CDrFE1D@@UAEPAUtagPOINT@@XZ 1000f2e0 f i CurEdit.obj
 0001:0000e310       ?GetMemOut@CDrFE1D@@UAEPAUWORLD@@XZ 1000f310 f i CurEdit.obj
 0001:0000e340       ?GetMemOutWts@CDrFE1D@@UAEPANXZ 1000f340 f i CurEdit.obj
 0001:0000e370       ?GetMemOutDP@CDrFE1D@@UAEPAUtagPOINT@@XZ 1000f370 f i CurEdit.obj
 0001:0000e3a0       ?SetMemIn@CDrFE1D@@UAEXPAUWORLD@@@Z 1000f3a0 f i CurEdit.obj
 0001:0000e3d0       ?SetMemInWts@CDrFE1D@@UAEXPAN@Z 1000f3d0 f i CurEdit.obj
 0001:0000e400       ?SetMemInDP@CDrFE1D@@UAEXPAUtagPOINT@@@Z 1000f400 f i CurEdit.obj
 0001:0000e430       ?SetMemOut@CDrFE1D@@UAEXPAUWORLD@@@Z 1000f430 f i CurEdit.obj
 0001:0000e460       ?SetMemOutWts@CDrFE1D@@UAEXPAN@Z 1000f460 f i CurEdit.obj
 0001:0000e490       ?SetMemOutDP@CDrFE1D@@UAEXPAUtagPOINT@@@Z 1000f490 f i CurEdit.obj
 0001:0000e4c0       ?FixMemD@CDrFE1D@@UAEPANJ@Z 1000f4c0 f i CurEdit.obj
 0001:0000e510       ?FreeMemD@CDrFE1D@@UAEXPAN@Z 1000f510 f i CurEdit.obj
 0001:0000e540       ?FixMem@CDrFE1D@@UAEPAUWORLD@@J@Z 1000f540 f i CurEdit.obj
 0001:0000e590       ?FreeMem@CDrFE1D@@UAEXPAUWORLD@@@Z 1000f590 f i CurEdit.obj
 0001:0000e5c0       ?FixMemDP@CDrFE1D@@UAEPAUtagPOINT@@J@Z 1000f5c0 f i CurEdit.obj
 0001:0000e610       ?FreeMemDP@CDrFE1D@@UAEXPAUtagPOINT@@@Z 1000f610 f i CurEdit.obj
 0001:0000e640       ?GetnNodes@CDrFE1D@@QAEFXZ 1000f640 f i CurEdit.obj
 0001:0000e670       ?SetnNodes@CDrFE1D@@QAEXF@Z 1000f670 f i CurEdit.obj
 0001:0000e6a0       ?GetEdgeDegree@CDrFE1D@@QAEFXZ 1000f6a0 f i CurEdit.obj
 0001:0000e6d0       ?SetEdgeDegree@CDrFE1D@@QAEXF@Z 1000f6d0 f i CurEdit.obj
 0001:0000e700       ?GetElNumID@CDrFE1D@@QAEAAVCString@@XZ 1000f700 f i CurEdit.obj
 0001:0000e730       ?SetElNumID@CDrFE1D@@QAEXVCString@@@Z 1000f730 f i CurEdit.obj
 0001:0000e7b0       ?GetElTypeID@CDrFE1D@@QAEAAVCString@@XZ 1000f7b0 f i CurEdit.obj
 0001:0000e7e0       ?SetElTypeID@CDrFE1D@@QAEXVCString@@@Z 1000f7e0 f i CurEdit.obj
 0001:0000e860       ?Getline_id@CDrFE1D@@QAEAAVCString@@XZ 1000f860 f i CurEdit.obj
 0001:0000e890       ?Setline_id@CDrFE1D@@QAEXVCString@@@Z 1000f890 f i CurEdit.obj
 0001:0000e910       ?Getrid@CDrFE1D@@UAEAAVCString@@H@Z 1000f910 f i CurEdit.obj
 0001:0000e940       ?Setrid@CDrFE1D@@UAEXVCString@@H@Z 1000f940 f i CurEdit.obj
 0001:0000e9c0       ?Getpid@CDrFE1D@@QAEAAVCString@@XZ 1000f9c0 f i CurEdit.obj
 0001:0000e9f0       ?Setpid@CDrFE1D@@QAEXVCString@@@Z 1000f9f0 f i CurEdit.obj
 0001:0000ea70       ?Getmid@CDrFE1D@@QAEAAVCString@@XZ 1000fa70 f i CurEdit.obj
 0001:0000eaa0       ?Setmid@CDrFE1D@@QAEXVCString@@@Z 1000faa0 f i CurEdit.obj
 0001:0000eb20       ?GetElNum@CDrFE1D@@QAEIXZ  1000fb20 f i CurEdit.obj
 0001:0000eb50       ?SetElNum@CDrFE1D@@QAEXI@Z 1000fb50 f i CurEdit.obj
 0001:0000eb80       ?GetElTypeNum@CDrFE1D@@QAEIXZ 1000fb80 f i CurEdit.obj
 0001:0000ebb0       ?SetElTypeNum@CDrFE1D@@QAEXI@Z 1000fbb0 f i CurEdit.obj
 0001:0000ebe0       ?Getline_no@CDrFE1D@@QAEIXZ 1000fbe0 f i CurEdit.obj
 0001:0000ec10       ?Setline_no@CDrFE1D@@QAEXI@Z 1000fc10 f i CurEdit.obj
 0001:0000ec40       ?Getrel@CDrFE1D@@UAEIH@Z   1000fc40 f i CurEdit.obj
 0001:0000ec70       ?Setrel@CDrFE1D@@UAEXIH@Z  1000fc70 f i CurEdit.obj
 0001:0000eca0       ?Getprop@CDrFE1D@@QAEIXZ   1000fca0 f i CurEdit.obj
 0001:0000ecd0       ?Setprop@CDrFE1D@@QAEXI@Z  1000fcd0 f i CurEdit.obj
 0001:0000ed00       ?Getmat@CDrFE1D@@QAEIXZ    1000fd00 f i CurEdit.obj
 0001:0000ed30       ?Setmat@CDrFE1D@@QAEXI@Z   1000fd30 f i CurEdit.obj
 0001:0000ed60       ?Getnumseg@CDrFE1D@@QAEIXZ 1000fd60 f i CurEdit.obj
 0001:0000ed90       ?Setnumseg@CDrFE1D@@QAEXI@Z 1000fd90 f i CurEdit.obj
 0001:0000edc0       ?GetRefTemp@CDrFE1D@@QAENXZ 1000fdc0 f i CurEdit.obj
 0001:0000edf0       ?SetRefTemp@CDrFE1D@@QAEXN@Z 1000fdf0 f i CurEdit.obj
 0001:0000ee30       ?GetCardNo@CDrFE1D@@QAEIXZ 1000fe30 f i CurEdit.obj
 0001:0000ee60       ?SetCardNo@CDrFE1D@@QAEXI@Z 1000fe60 f i CurEdit.obj
 0001:0000ee90       ?GetCenter@CDrFE1D@@UAE?AUtagPOINT@@XZ 1000fe90 f i CurEdit.obj
 0001:0000eed0       ?SetCenter@CDrFE1D@@UAEXUtagPOINT@@@Z 1000fed0 f i CurEdit.obj
 0001:0000ef10       ?Parse_drPipe@CDrFE2D@@UAEXPAVCString@@@Z 1000ff10 f i CurEdit.obj
 0001:0000ef30       ?DoFormattedCardView@CDrFE2D@@UAEXPAVCString@@AAV2@@Z 1000ff30 f i CurEdit.obj
 0001:0000ef50       ?DoUnFormattedCardView@CDrFE2D@@UAEXPAVCString@@@Z 1000ff50 f i CurEdit.obj
 0001:0000ef70       ?GetMaxCorners@CDrFE2D@@UAEHXZ 1000ff70 f i CurEdit.obj
 0001:0000efa0       ?GetCentroidScreen2D@CDrFE2D@@UAEPAUtagPOINT@@XZ 1000ffa0 f i CurEdit.obj
 0001:0000efd0       ?SetCentroidScreen2D@CDrFE2D@@UAEXUtagPOINT@@@Z 1000ffd0 f i CurEdit.obj
 0001:0000f010       ?GetCentroidScreen3D@CDrFE2D@@UAEPAUWORLD@@XZ 10010010 f i CurEdit.obj
 0001:0000f040       ?SetCentroidScreen3D@CDrFE2D@@UAEXUWORLD@@@Z 10010040 f i CurEdit.obj
 0001:0000f080       ?GetCentroidEye@CDrFE2D@@UAEPAUWORLD@@XZ 10010080 f i CurEdit.obj
 0001:0000f0b0       ?SetCentroidEye@CDrFE2D@@UAEXUWORLD@@@Z 100100b0 f i CurEdit.obj
 0001:0000f0f0       ?GetCentroidWorld@CDrFE2D@@UAEPAUWORLD@@XZ 100100f0 f i CurEdit.obj
 0001:0000f120       ?SetCentroidWorld@CDrFE2D@@UAEXUWORLD@@@Z 10010120 f i CurEdit.obj
 0001:0000f160       ?GetCentroidZdepth@CDrFE2D@@UAENXZ 10010160 f i CurEdit.obj
 0001:0000f190       ?SetCentroidZdepth@CDrFE2D@@UAEXN@Z 10010190 f i CurEdit.obj
 0001:0000f1d0       ?GetNormalWorld@CDrFE2D@@UAEPAUWORLD@@XZ 100101d0 f i CurEdit.obj
 0001:0000f200       ?SetNormalWorld@CDrFE2D@@UAEXUWORLD@@@Z 10010200 f i CurEdit.obj
 0001:0000f240       ?GetNormalEye@CDrFE2D@@UAEPAUWORLD@@XZ 10010240 f i CurEdit.obj
 0001:0000f270       ?SetNormalEye@CDrFE2D@@UAEXUWORLD@@@Z 10010270 f i CurEdit.obj
 0001:0000f2b0       ?GetNormalScreen3D@CDrFE2D@@UAEPAUWORLD@@XZ 100102b0 f i CurEdit.obj
 0001:0000f2e0       ?SetNormalScreen3D@CDrFE2D@@UAEXUWORLD@@@Z 100102e0 f i CurEdit.obj
 0001:0000f320       ?GetNormalScreen2D@CDrFE2D@@UAEPAUtagPOINT@@XZ 10010320 f i CurEdit.obj
 0001:0000f350       ?SetNormalScreen2D@CDrFE2D@@UAEXUtagPOINT@@@Z 10010350 f i CurEdit.obj
 0001:0000f390       ?IsCulled@CDrFE2D@@UAEHXZ  10010390 f i CurEdit.obj
 0001:0000f3c0       ?SetCulled@CDrFE2D@@UAEXH@Z 100103c0 f i CurEdit.obj
 0001:0000f3f0       ?GetnNodes@CDrFE2D@@QAEFXZ 100103f0 f i CurEdit.obj
 0001:0000f420       ?SetnNodes@CDrFE2D@@QAEXF@Z 10010420 f i CurEdit.obj
 0001:0000f450       ?GetnEdgeNodes@CDrFE2D@@QAEFXZ 10010450 f i CurEdit.obj
 0001:0000f480       ?SetnEdgeNodes@CDrFE2D@@QAEXF@Z 10010480 f i CurEdit.obj
 0001:0000f4b0       ?GetElNumID@CDrFE2D@@QAEAAVCString@@XZ 100104b0 f i CurEdit.obj
 0001:0000f4e0       ?SetElNumID@CDrFE2D@@QAEXVCString@@@Z 100104e0 f i CurEdit.obj
 0001:0000f560       ?GetElTypeID@CDrFE2D@@QAEAAVCString@@XZ 10010560 f i CurEdit.obj
 0001:0000f590       ?SetElTypeID@CDrFE2D@@QAEXVCString@@@Z 10010590 f i CurEdit.obj
 0001:0000f610       ?Getline_id@CDrFE2D@@QAEAAVCString@@XZ 10010610 f i CurEdit.obj
 0001:0000f640       ?Setline_id@CDrFE2D@@QAEXVCString@@@Z 10010640 f i CurEdit.obj
 0001:0000f6c0       ?Getpid@CDrFE2D@@QAEAAVCString@@XZ 100106c0 f i CurEdit.obj
 0001:0000f6f0       ?Setpid@CDrFE2D@@QAEXVCString@@@Z 100106f0 f i CurEdit.obj
 0001:0000f770       ?Getmid@CDrFE2D@@QAEAAVCString@@XZ 10010770 f i CurEdit.obj
 0001:0000f7a0       ?Setmid@CDrFE2D@@QAEXVCString@@@Z 100107a0 f i CurEdit.obj
 0001:0000f820       ?GetElNum@CDrFE2D@@QAEIXZ  10010820 f i CurEdit.obj
 0001:0000f850       ?SetElNum@CDrFE2D@@QAEXI@Z 10010850 f i CurEdit.obj
 0001:0000f880       ?GetElTypeNum@CDrFE2D@@QAEIXZ 10010880 f i CurEdit.obj
 0001:0000f8b0       ?SetElTypeNum@CDrFE2D@@QAEXI@Z 100108b0 f i CurEdit.obj
 0001:0000f8e0       ?Getline_no@CDrFE2D@@QAEIXZ 100108e0 f i CurEdit.obj
 0001:0000f910       ?Setline_no@CDrFE2D@@QAEXI@Z 10010910 f i CurEdit.obj
 0001:0000f940       ?Getprop@CDrFE2D@@QAEIXZ   10010940 f i CurEdit.obj
 0001:0000f970       ?Setprop@CDrFE2D@@QAEXI@Z  10010970 f i CurEdit.obj
 0001:0000f9a0       ?Getmat@CDrFE2D@@QAEIXZ    100109a0 f i CurEdit.obj
 0001:0000f9d0       ?Setmat@CDrFE2D@@QAEXI@Z   100109d0 f i CurEdit.obj
 0001:0000fa00       ?Getnumseg@CDrFE2D@@QAEIXZ 10010a00 f i CurEdit.obj
 0001:0000fa30       ?Setnumseg@CDrFE2D@@QAEXI@Z 10010a30 f i CurEdit.obj
 0001:0000fa60       ?GetRefTemp@CDrFE2D@@QAENXZ 10010a60 f i CurEdit.obj
 0001:0000fa90       ?SetRefTemp@CDrFE2D@@QAEXN@Z 10010a90 f i CurEdit.obj
 0001:0000fad0       ?GetCardNo@CDrFE2D@@QAEIXZ 10010ad0 f i CurEdit.obj
 0001:0000fb00       ?SetCardNo@CDrFE2D@@QAEXI@Z 10010b00 f i CurEdit.obj
 0001:0000fb30       ?GetCenter@CDrFE2D@@UAE?AUtagPOINT@@XZ 10010b30 f i CurEdit.obj
 0001:0000fb70       ?SetCenter@CDrFE2D@@UAEXUtagPOINT@@@Z 10010b70 f i CurEdit.obj
 0001:0000fbb0       ?IsPosiEdge@CDrFE2D@@QAEHH@Z 10010bb0 f i CurEdit.obj
 0001:0000fbe0       ?SetPosiEdge@CDrFE2D@@QAEXHH@Z 10010be0 f i CurEdit.obj
 0001:0000fc10       ?Getrid@CDrFE2D@@UAEAAVCString@@H@Z 10010c10 f i CurEdit.obj
 0001:0000fc40       ?Setrid@CDrFE2D@@UAEXVCString@@H@Z 10010c40 f i CurEdit.obj
 0001:0000fcc0       ?Getrel@CDrFE2D@@UAEIH@Z   10010cc0 f i CurEdit.obj
 0001:0000fcf0       ?Setrel@CDrFE2D@@UAEXIH@Z  10010cf0 f i CurEdit.obj
 0001:0000fd20       ?GetnCorners@CDrFE2D@@UAEFXZ 10010d20 f i CurEdit.obj
 0001:0000fd50       ?SetnCorners@CDrFE2D@@UAEXF@Z 10010d50 f i CurEdit.obj
 0001:0000fd80       ?GetnEdges@CDrFE2D@@UAEFXZ 10010d80 f i CurEdit.obj
 0001:0000fdb0       ?SetnEdges@CDrFE2D@@UAEXF@Z 10010db0 f i CurEdit.obj
 0001:0000fde0       ?GetElDegree@CDrFE2D@@UAE?AW4ELEM_DEGREE@@XZ 10010de0 f i CurEdit.obj
 0001:0000fe10       ?SetElDegree@CDrFE2D@@UAEXW4ELEM_DEGREE@@@Z 10010e10 f i CurEdit.obj
 0001:0000fe40       ?GetEdgeDegrees@CDrFE2D@@UAEFH@Z 10010e40 f i CurEdit.obj
 0001:0000fe70       ?SetEdgeDegrees@CDrFE2D@@UAEXFH@Z 10010e70 f i CurEdit.obj
 0001:0000fea0       ?GetThkness@CDrFE2D@@UAENXZ 10010ea0 f i CurEdit.obj
 0001:0000fed0       ?SetThkness@CDrFE2D@@UAEXN@Z 10010ed0 f i CurEdit.obj
 0001:0000ff10       ?IsNormalNeeded@CDrSolid@@UAEHXZ 10010f10 f i CurEdit.obj
 0001:0000ff40       ?SetNormalNeed@CDrSolid@@UAEXH@Z 10010f40 f i CurEdit.obj
 0001:0000ff70       ?GetCurveType_R@CDrSolid@@QAE?AW4CURVEPROC@@XZ 10010f70 f i CurEdit.obj
 0001:0000ffa0       ?SetCurveType_R@CDrSolid@@QAEXW4CURVEPROC@@@Z 10010fa0 f i CurEdit.obj
 0001:0000ffd0       ?GetOutSegUnif_R@CDrSolid@@QAEHXZ 10010fd0 f i CurEdit.obj
 0001:00010000       ?SetOutSegUnif_R@CDrSolid@@QAEXH@Z 10011000 f i CurEdit.obj
 0001:00010030       ?IsClosed_R@CDrSolid@@QAEHXZ 10011030 f i CurEdit.obj
 0001:00010060       ?SetClosed_R@CDrSolid@@QAEXH@Z 10011060 f i CurEdit.obj
 0001:00010090       ?GetSolidObjectType@CDrSolid@@QAEHXZ 10011090 f i CurEdit.obj
 0001:000100c0       ?SetSolidObjectType@CDrSolid@@QAEXH@Z 100110c0 f i CurEdit.obj
 0001:000100f0       ?GetMaxBezSegments_R@CDrSolid@@QAEHXZ 100110f0 f i CurEdit.obj
 0001:00010120       ?SetMaxBezSegments_R@CDrSolid@@QAEXH@Z 10011120 f i CurEdit.obj
 0001:00010150       ?GetMaxCNodes_R@CDrSolid@@QAEHXZ 10011150 f i CurEdit.obj
 0001:00010180       ?SetMaxCNodes_R@CDrSolid@@QAEXH@Z 10011180 f i CurEdit.obj
 0001:000101b0       ?GetMaxOutPts_R@CDrSolid@@QAEHXZ 100111b0 f i CurEdit.obj
 0001:000101e0       ?SetMaxOutPts_R@CDrSolid@@QAEXH@Z 100111e0 f i CurEdit.obj
 0001:00010210       ?GetPatchID@CDrSolid@@QAE?AVCString@@H@Z 10011210 f i CurEdit.obj
 0001:00010260       ?SetPatchID@CDrSolid@@QAEXVCString@@H@Z 10011260 f i CurEdit.obj
 0001:000102e0       ?GetFromIDNode_R@CDrSolid@@QAEPAVCDrNode@@XZ 100112e0 f i CurEdit.obj
 0001:00010310       ?SetFromIDNode_R@CDrSolid@@QAEXPAVCDrNode@@@Z 10011310 f i CurEdit.obj
 0001:00010340       ?GetToIDNode_R@CDrSolid@@QAEPAVCDrNode@@XZ 10011340 f i CurEdit.obj
 0001:00010370       ?SetToIDNode_R@CDrSolid@@QAEXPAVCDrNode@@@Z 10011370 f i CurEdit.obj
 0001:000103a0       ?GetFromPtLocal_R@CDrSolid@@QAEPAUWORLD@@XZ 100113a0 f i CurEdit.obj
 0001:000103d0       ?SetFromPtLocal_R@CDrSolid@@QAEXUWORLD@@@Z 100113d0 f i CurEdit.obj
 0001:00010410       ?GetToPtLocal_R@CDrSolid@@QAEPAUWORLD@@XZ 10011410 f i CurEdit.obj
 0001:00010440       ?SetToPtLocal_R@CDrSolid@@QAEXUWORLD@@@Z 10011440 f i CurEdit.obj
 0001:00010480       ?GetFromPtWorld_R@CDrSolid@@QAEPAUWORLD@@XZ 10011480 f i CurEdit.obj
 0001:000104b0       ?SetFromPtWorld_R@CDrSolid@@QAEXUWORLD@@@Z 100114b0 f i CurEdit.obj
 0001:000104f0       ?GetToPtWorld_R@CDrSolid@@QAEPAUWORLD@@XZ 100114f0 f i CurEdit.obj
 0001:00010520       ?SetToPtWorld_R@CDrSolid@@QAEXUWORLD@@@Z 10011520 f i CurEdit.obj
 0001:00010560       ?GetFromPtEye_R@CDrSolid@@QAEPAUWORLD@@XZ 10011560 f i CurEdit.obj
 0001:00010590       ?SetFromPtEye_R@CDrSolid@@QAEXUWORLD@@@Z 10011590 f i CurEdit.obj
 0001:000105d0       ?GetToPtEye_R@CDrSolid@@QAEPAUWORLD@@XZ 100115d0 f i CurEdit.obj
 0001:00010600       ?SetToPtEye_R@CDrSolid@@QAEXUWORLD@@@Z 10011600 f i CurEdit.obj
 0001:00010640       ?GetAxis_R@CDrSolid@@QAEPAUWORLD@@XZ 10011640 f i CurEdit.obj
 0001:00010670       ?SetAxis_R@CDrSolid@@QAEXUWORLD@@@Z 10011670 f i CurEdit.obj
 0001:000106b0       ?GetExtruType_R@CDrSolid@@QAEHXZ 100116b0 f i CurEdit.obj
 0001:000106e0       ?SetExtruType_R@CDrSolid@@QAEXH@Z 100116e0 f i CurEdit.obj
 0001:00010710       ?GetLength_R@CDrSolid@@QAENXZ 10011710 f i CurEdit.obj
 0001:00010740       ?SetLength_R@CDrSolid@@QAEXN@Z 10011740 f i CurEdit.obj
 0001:00010780       ?GetWorldLength_R@CDrSolid@@QAE?AUWORLD@@XZ 10011780 f i CurEdit.obj
 0001:000107c0       ?SetWorldLength_R@CDrSolid@@QAEXUWORLD@@@Z 100117c0 f i CurEdit.obj
 0001:00010800       ?GetSegs_R@CDrSolid@@QAEHXZ 10011800 f i CurEdit.obj
 0001:00010830       ?SetSegs_R@CDrSolid@@QAEXH@Z 10011830 f i CurEdit.obj
 0001:00010860       ?GetSolidProc@CDrSolid@@QAE?AW4SOLIDPROC@@XZ 10011860 f i CurEdit.obj
 0001:00010890       ?SetSolidProc@CDrSolid@@QAEXW4SOLIDPROC@@@Z 10011890 f i CurEdit.obj
 0001:000108c0       ?GetSolidType@CDrSolid@@QAE?AW4SOLIDTYPE@@XZ 100118c0 f i CurEdit.obj
 0001:000108f0       ?SetSolidType@CDrSolid@@QAEXW4SOLIDTYPE@@@Z 100118f0 f i CurEdit.obj
 0001:00010920       ?GetSolSubType@CDrSolid@@QAE?AW4SOLSUBTYPE@@XZ 10011920 f i CurEdit.obj
 0001:00010950       ?SetSolSubType@CDrSolid@@QAEXW4SOLSUBTYPE@@@Z 10011950 f i CurEdit.obj
 0001:00010980       ?GetOut_R@CDrSolid@@QAEHXZ 10011980 f i CurEdit.obj
 0001:000109b0       ?SetOut_R@CDrSolid@@QAEXH@Z 100119b0 f i CurEdit.obj
 0001:000109e0       ?IsUniform_R@CDrSolid@@QAEHXZ 100119e0 f i CurEdit.obj
 0001:00010a10       ?SetUniform_R@CDrSolid@@QAEXH@Z 10011a10 f i CurEdit.obj
 0001:00010a40       ?GetOrder_R@CDrSolid@@QAEHXZ 10011a40 f i CurEdit.obj
 0001:00010a70       ?SetOrder_R@CDrSolid@@QAEXH@Z 10011a70 f i CurEdit.obj
 0001:00010aa0       ?GetnDim_R@CDrSolid@@QAEHXZ 10011aa0 f i CurEdit.obj
 0001:00010ad0       ?SetnDim_R@CDrSolid@@QAEXH@Z 10011ad0 f i CurEdit.obj
 0001:00010b00       ?GetOutMethod_R@CDrSolid@@QAE?AW4SOLIDOUTPUT@@XZ 10011b00 f i CurEdit.obj
 0001:00010b30       ?SetOutMethod_R@CDrSolid@@QAEXW4SOLIDOUTPUT@@@Z 10011b30 f i CurEdit.obj
 0001:00010b60       ?GetMaxOutSeg_R@CDrSolid@@QAEHXZ 10011b60 f i CurEdit.obj
 0001:00010b90       ?SetMaxOutSeg_R@CDrSolid@@QAEXH@Z 10011b90 f i CurEdit.obj
 0001:00010bc0       ?GetNum_tPointer_R@CDrSolid@@QAEPAHXZ 10011bc0 f i CurEdit.obj
 0001:00010bf0       ?SetNum_tPointer_R@CDrSolid@@QAEXPAH@Z 10011bf0 f i CurEdit.obj
 0001:00010c20       ?GetDis_tPointer_R@CDrSolid@@QAEPANXZ 10011c20 f i CurEdit.obj
 0001:00010c50       ?SetDis_tPointer_R@CDrSolid@@QAEXPAN@Z 10011c50 f i CurEdit.obj
 0001:00010c80       ?GetNum_tPointer_Ex_R@CDrSolid@@QAEPAHXZ 10011c80 f i CurEdit.obj
 0001:00010cb0       ?SetNum_tPointer_Ex_R@CDrSolid@@QAEXPAH@Z 10011cb0 f i CurEdit.obj
[...]
 0004:000011b0       __imp_?terminate@@YAXXZ    100c81b0     msvcrtd:MSVCRTD.dll
 0004:000011b4       __imp___free_dbg           100c81b4     msvcrtd:MSVCRTD.dll
 0004:000011b8       __imp___onexit             100c81b8     msvcrtd:MSVCRTD.dll
 0004:000011bc       __imp___initterm           100c81bc     msvcrtd:MSVCRTD.dll
 0004:000011c0       __imp___malloc_dbg         100c81c0     msvcrtd:MSVCRTD.dll
 0004:000011c4       __imp___adjust_fdiv        100c81c4     msvcrtd:MSVCRTD.dll
 0004:000011c8       __imp____dllonexit         100c81c8     msvcrtd:MSVCRTD.dll
 0004:000011cc       __imp___ftol               100c81cc     msvcrtd:MSVCRTD.dll
 0004:000011d0       \177MSVCRTD_NULL_THUNK_DATA 100c81d0     msvcrtd:MSVCRTD.dll
 0004:00001208       __imp_?Get_Values_NonIso_Cur@CSLDCur@@QAEHW4STALPROC@@@Z 100c8208     MStL_D32:MStL_D32.dll
 0004:0000120c       __imp_??0CSLDPat@@QAE@XZ   100c820c     MStL_D32:MStL_D32.dll
 0004:00001210       __imp_?ShowNodeStaticLoad@CSLDNod@@QAEHPAVCDrNode@@PAVCString@@@Z 100c8210     MStL_D32:MStL_D32.dll
 0004:00001214       __imp_?Get_Values@CSLDObj@@QAEHW4STALPROC@@AAVCString@@@Z 100c8214     MStL_D32:MStL_D32.dll
 0004:00001218       __imp_?ShowInfo_NodeStaticLoad@CSLDNod@@QAEHPAVCDrNode@@PADHAAVCString@@@Z 100c8218     MStL_D32:MStL_D32.dll
 0004:0000121c       __imp_?ShowCurveStaticLoad@CSLDCur@@QAEHPAVCDrCurve@@PAVCString@@@Z 100c821c     MStL_D32:MStL_D32.dll
 0004:00001220       __imp_?Generate_IsoCurveControls@CSLDCur@@QAEHPAVCDrCurve@@HPAVCString@@H@Z 100c8220     MStL_D32:MStL_D32.dll
 0004:00001224       __imp_?Get_Values_Iso_Cur@CSLDCur@@QAEHPAVCDrCurve@@W4STALPROC@@HH@Z 100c8224     MStL_D32:MStL_D32.dll
 0004:00001228       __imp_?ShowInfo_CurveStaticLoad@CSLDCur@@QAEHPAVCDrCurve@@PADHAAVCString@@@Z 100c8228     MStL_D32:MStL_D32.dll
 0004:0000122c       __imp_?ShowPatchStaticLoad@CSLDPat@@QAEHPAVCDrPatch@@PAVCString@@@Z 100c822c     MStL_D32:MStL_D32.dll
 0004:00001230       __imp_?Get_Values_NonIso_Pat@CSLDPat@@QAEHW4STALPROC@@@Z 100c8230     MStL_D32:MStL_D32.dll
 0004:00001234       __imp_?Generate_IsoPatchControls@CSLDPat@@QAEHPAVCDrPatch@@PAVCString@@H@Z 100c8234     MStL_D32:MStL_D32.dll
 0004:00001238       __imp_?Get_Values_Iso_Pat@CSLDPat@@QAEHPAVCDrPatch@@W4STALPROC@@AAVCString@@@Z 100c8238     MStL_D32:MStL_D32.dll
 0004:0000123c       __imp_?ShowInfo_PatchStaticLoad@CSLDPat@@QAEHPAVCDrPatch@@PADHAAVCString@@@Z 100c823c     MStL_D32:MStL_D32.dll
 0004:00001240       __imp_??1CSLDPat@@UAE@XZ   100c8240     MStL_D32:MStL_D32.dll
 0004:00001244       \177MStL_D32_NULL_THUNK_DATA 100c8244     MStL_D32:MStL_D32.dll
 0004:0000127c       __imp_?RegenPatchBased_3@CMI_LSupp@@QAEHPAVCDrPatch@@@Z 100c827c     MSup_D32:MSup_D32.dll
 0004:00001280       __imp_?RegenPatchBased_4@CMI_LSupp@@QAEHPAVCDrPatch@@@Z 100c8280     MSup_D32:MSup_D32.dll
 0004:00001284       __imp_??1CMI_LSupp@@UAE@XZ 100c8284     MSup_D32:MSup_D32.dll
 0004:00001288       __imp_?RegenNodeBased@CMI_LSupp@@QAEHPAVCDrNode@@@Z 100c8288     MSup_D32:MSup_D32.dll
 0004:0000128c       __imp_??0CMI_LSupp@@QAE@XZ 100c828c     MSup_D32:MSup_D32.dll
 0004:00001290       __imp_?DoModal_SupToEdit@CMSupMgr@@QAEIPAVCDrLinSup@@@Z 100c8290     MSup_D32:MSup_D32.dll
 0004:00001294       __imp_?RegenCurveBased@CMI_LSupp@@QAEHPAVCDrCurve@@@Z 100c8294     MSup_D32:MSup_D32.dll
 0004:00001298       \177MSup_D32_NULL_THUNK_DATA 100c8298     MSup_D32:MSup_D32.dll
 0004:000012c8       __imp_?GetRuntimeClass@CTriangle@@UBEPAUCRuntimeClass@@XZ 100c82c8     OGen_D32:OGEN_D32.dll
 0004:000012cc       \177OGEN_D32_NULL_THUNK_DATA 100c82cc     OGen_D32:OGEN_D32.dll
 0004:000012f8       __imp_?ShowObject_On_Off@CObjectMgr@@QAEHPAVCDrObject@@IH@Z 100c82f8     OMgr_D32:OMgr_D32.dll
 0004:000012fc       __imp_?GetObjectIndexfromKey@CObjectMgr@@QAEHHVCString@@I@Z 100c82fc     OMgr_D32:OMgr_D32.dll
 0004:00001300       __imp_?UpdateAllViewsWithActiveIndex@CObjectMgr@@QAEXPAVCView@@IH@Z 100c8300     OMgr_D32:OMgr_D32.dll
 0004:00001304       __imp_?GetSpecObject@CObjectMgr@@QAEPAVCDrObject@@H@Z 100c8304     OMgr_D32:OMgr_D32.dll
 0004:00001308       \177OMgr_D32_NULL_THUNK_DATA 100c8308     OMgr_D32:OMgr_D32.dll
 0004:00001334       __imp_?GetFirstObjectPos@CDListMgr@@QAEPAU__POSITION@@XZ 100c8334     Spec_d32:Spec_D32.dll
 0004:00001338       __imp_?GetSpecificObjectCount@CDListMgr@@QAEHH@Z 100c8338     Spec_d32:Spec_D32.dll
 0004:0000133c       __imp_?GetNextObject@CDListMgr@@QAEPAVCObject@@AAPAU__POSITION@@@Z 100c833c     Spec_d32:Spec_D32.dll
 0004:00001340       __imp_?GetObjectA@CDListMgr@@QAEPAVCObject@@H@Z 100c8340     Spec_d32:Spec_D32.dll
 0004:00001344       __imp_?GetObjectIndex@CDListMgr@@QAEHIVCString@@@Z 100c8344     Spec_d32:Spec_D32.dll
 0004:00001348       __imp_??1CDListMgr@@UAE@XZ 100c8348     Spec_d32:Spec_D32.dll
 0004:0000134c       __imp_?GetRuntimeClass@CUnit@@UBEPAUCRuntimeClass@@XZ 100c834c     Spec_d32:Spec_D32.dll
 0004:00001350       __imp_?Serialize@CUnit@@UAEXAAVCArchive@@@Z 100c8350     Spec_d32:Spec_D32.dll
 0004:00001354       __imp_?DoDataView@CUnit@@UAEXPAVCDC@@H@Z 100c8354     Spec_d32:Spec_D32.dll
 0004:00001358       __imp_?Pack_drPipe@CUnit@@UAEXPAVCString@@@Z 100c8358     Spec_d32:Spec_D32.dll
 0004:0000135c       __imp_?GetObjectInfo@CUnit@@UAEXPAVCDrObject@@@Z 100c835c     Spec_d32:Spec_D32.dll
 0004:00001360       __imp_?SetObjectInfo@CUnit@@UAEXPAVCDrObject@@@Z 100c8360     Spec_d32:Spec_D32.dll
 0004:00001364       __imp_?ReadDefaultUnit@CUnit@@UAEXXZ 100c8364     Spec_d32:Spec_D32.dll
 0004:00001368       __imp_?InitUnit@CUnit@@UAEXXZ 100c8368     Spec_d32:Spec_D32.dll
 0004:0000136c       __imp_?GetRuntimeClass@CScaleFactor@@UBEPAUCRuntimeClass@@XZ 100c836c     Spec_d32:Spec_D32.dll
 0004:00001370       __imp_?Serialize@CScaleFactor@@UAEXAAVCArchive@@@Z 100c8370     Spec_d32:Spec_D32.dll
 0004:00001374       __imp_?DoDataView@CScaleFactor@@UAEXPAVCDC@@H@Z 100c8374     Spec_d32:Spec_D32.dll
 0004:00001378       __imp_?Pack_drPipe@CScaleFactor@@UAEXPAVCString@@@Z 100c8378     Spec_d32:Spec_D32.dll
 0004:0000137c       __imp_?GetObjectInfo@CScaleFactor@@UAEXPAVCDrObject@@@Z 100c837c     Spec_d32:Spec_D32.dll
 0004:00001380       __imp_?SetObjectInfo@CScaleFactor@@UAEXPAVCDrObject@@@Z 100c8380     Spec_d32:Spec_D32.dll
 0004:00001384       __imp_?ReadDefaultScaleFactor@CScaleFactor@@UAEXXZ 100c8384     Spec_d32:Spec_D32.dll
 0004:00001388       __imp_?InitScaleFactor@CScaleFactor@@UAEXXZ 100c8388     Spec_d32:Spec_D32.dll
 0004:0000138c       __imp_?GetRuntimeClass@CPrecision@@UBEPAUCRuntimeClass@@XZ 100c838c     Spec_d32:Spec_D32.dll
 0004:00001390       __imp_?Serialize@CPrecision@@UAEXAAVCArchive@@@Z 100c8390     Spec_d32:Spec_D32.dll
 0004:00001394       __imp_?DoDataView@CPrecision@@UAEXPAVCDC@@H@Z 100c8394     Spec_d32:Spec_D32.dll
 0004:00001398       __imp_?Pack_drPipe@CPrecision@@UAEXPAVCString@@@Z 100c8398     Spec_d32:Spec_D32.dll
 0004:0000139c       __imp_?GetObjectInfo@CPrecision@@UAEXPAVCDrObject@@@Z 100c839c     Spec_d32:Spec_D32.dll
 0004:000013a0       __imp_?SetObjectInfo@CPrecision@@UAEXPAVCDrObject@@@Z 100c83a0     Spec_d32:Spec_D32.dll
 0004:000013a4       __imp_?ReadDefaultPrecision@CPrecision@@UAEXXZ 100c83a4     Spec_d32:Spec_D32.dll
 0004:000013a8       __imp_?InitPrecision@CPrecision@@UAEXXZ 100c83a8     Spec_d32:Spec_D32.dll
 0004:000013ac       __imp_?GetRuntimeClass@CMapFactor@@UBEPAUCRuntimeClass@@XZ 100c83ac     Spec_d32:Spec_D32.dll
 0004:000013b0       __imp_?Serialize@CMapFactor@@UAEXAAVCArchive@@@Z 100c83b0     Spec_d32:Spec_D32.dll
 0004:000013b4       __imp_?DoDataView@CMapFactor@@UAEXPAVCDC@@H@Z 100c83b4     Spec_d32:Spec_D32.dll
 0004:000013b8       __imp_?Pack_drPipe@CMapFactor@@UAEXPAVCString@@@Z 100c83b8     Spec_d32:Spec_D32.dll
 0004:000013bc       __imp_?GetObjectInfo@CMapFactor@@UAEXPAVCDrObject@@@Z 100c83bc     Spec_d32:Spec_D32.dll
 0004:000013c0       __imp_?SetObjectInfo@CMapFactor@@UAEXPAVCDrObject@@@Z 100c83c0     Spec_d32:Spec_D32.dll
 0004:000013c4       __imp_?ReadDefaultMapFactor@CMapFactor@@UAEXXZ 100c83c4     Spec_d32:Spec_D32.dll
 0004:000013c8       __imp_?InitMapFactor@CMapFactor@@UAEXXZ 100c83c8     Spec_d32:Spec_D32.dll
 0004:000013cc       __imp_?GetRuntimeClass@CObj3DMnu@@UBEPAUCRuntimeClass@@XZ 100c83cc     Spec_d32:Spec_D32.dll
 0004:000013d0       __imp_?Serialize@CObj3DMnu@@UAEXAAVCArchive@@@Z 100c83d0     Spec_d32:Spec_D32.dll
 0004:000013d4       __imp_?DoDataView@CObj3DMnu@@UAEXPAVCDC@@H@Z 100c83d4     Spec_d32:Spec_D32.dll
 0004:000013d8       __imp_?Pack_drPipe@CObj3DMnu@@UAEXPAVCString@@@Z 100c83d8     Spec_d32:Spec_D32.dll
 0004:000013dc       __imp_?GetObjectInfo@CObj3DMnu@@UAEXPAVCDrObject@@@Z 100c83dc     Spec_d32:Spec_D32.dll
 0004:000013e0       __imp_?SetObjectInfo@CObj3DMnu@@UAEXPAVCDrObject@@@Z 100c83e0     Spec_d32:Spec_D32.dll
 0004:000013e4       __imp_?GetObj3DMnuInfo@CObj3DMnu@@UAE?AVCString@@I@Z 100c83e4     Spec_d32:Spec_D32.dll
 0004:000013e8       __imp_?SetObj3DMnuInfo@CObj3DMnu@@UAEXII@Z 100c83e8     Spec_d32:Spec_D32.dll
 0004:000013ec       __imp_?GetObj3DMnuIDArray@CObj3DMnu@@UAEXQAVCString@@@Z 100c83ec     Spec_d32:Spec_D32.dll
 0004:000013f0       __imp_?SetObj3DMnuIDArray@CObj3DMnu@@UAEXQAVCString@@@Z 100c83f0     Spec_d32:Spec_D32.dll
 0004:000013f4       __imp_?GetObj3DMnuArray@CObj3DMnu@@UAEXQAY01I@Z 100c83f4     Spec_d32:Spec_D32.dll
 0004:000013f8       __imp_?SetObj3DMnuArray@CObj3DMnu@@UAEXQAY01I@Z 100c83f8     Spec_d32:Spec_D32.dll
 0004:000013fc       __imp_?GetObj3DMnuOldArray@CObj3DMnu@@UAEXQAY01I@Z 100c83fc     Spec_d32:Spec_D32.dll
 0004:00001400       __imp_?SetObj3DMnuOldArray@CObj3DMnu@@UAEXQAY01I@Z 100c8400     Spec_d32:Spec_D32.dll
 0004:00001404       __imp_?GetObj3DMnuDefaultArray@CObj3DMnu@@UAEXQAY01I@Z 100c8404     Spec_d32:Spec_D32.dll
 0004:00001408       __imp_?SetObj3DMnuDefaultArray@CObj3DMnu@@UAEXQAY01I@Z 100c8408     Spec_d32:Spec_D32.dll
 0004:0000140c       __imp_?ReadDefaultObj3DMnu@CObj3DMnu@@UAEXXZ 100c840c     Spec_d32:Spec_D32.dll
 0004:00001410       __imp_?InitObj3DMnu@CObj3DMnu@@UAEXXZ 100c8410     Spec_d32:Spec_D32.dll
 0004:00001414       __imp_?GetRuntimeClass@CPatchMnu@@UBEPAUCRuntimeClass@@XZ 100c8414     Spec_d32:Spec_D32.dll
 0004:00001418       __imp_?Serialize@CPatchMnu@@UAEXAAVCArchive@@@Z 100c8418     Spec_d32:Spec_D32.dll
 0004:0000141c       __imp_?DoDataView@CPatchMnu@@UAEXPAVCDC@@H@Z 100c841c     Spec_d32:Spec_D32.dll
 0004:00001420       __imp_?Pack_drPipe@CPatchMnu@@UAEXPAVCString@@@Z 100c8420     Spec_d32:Spec_D32.dll
 0004:00001424       __imp_?GetObjectInfo@CPatchMnu@@UAEXPAVCDrObject@@@Z 100c8424     Spec_d32:Spec_D32.dll
 0004:00001428       __imp_?SetObjectInfo@CPatchMnu@@UAEXPAVCDrObject@@@Z 100c8428     Spec_d32:Spec_D32.dll
 0004:0000142c       __imp_?GetPatchMnuInfo@CPatchMnu@@UAE?AVCString@@I@Z 100c842c     Spec_d32:Spec_D32.dll
 0004:00001430       __imp_?SetPatchMnuInfo@CPatchMnu@@UAEXII@Z 100c8430     Spec_d32:Spec_D32.dll
 0004:00001434       __imp_?GetPatchMnuIDArray@CPatchMnu@@UAEXQAVCString@@@Z 100c8434     Spec_d32:Spec_D32.dll
 0004:00001438       __imp_?SetPatchMnuIDArray@CPatchMnu@@UAEXQAVCString@@@Z 100c8438     Spec_d32:Spec_D32.dll
 0004:0000143c       __imp_?GetPatchMnuArray@CPatchMnu@@UAEXQAY01I@Z 100c843c     Spec_d32:Spec_D32.dll
 0004:00001440       __imp_?SetPatchMnuArray@CPatchMnu@@UAEXQAY01I@Z 100c8440     Spec_d32:Spec_D32.dll
 0004:00001444       __imp_?GetPatchMnuOldArray@CPatchMnu@@UAEXQAY01I@Z 100c8444     Spec_d32:Spec_D32.dll
 0004:00001448       __imp_?SetPatchMnuOldArray@CPatchMnu@@UAEXQAY01I@Z 100c8448     Spec_d32:Spec_D32.dll
 0004:0000144c       __imp_?GetPatchMnuDefaultArray@CPatchMnu@@UAEXQAY01I@Z 100c844c     Spec_d32:Spec_D32.dll
 0004:00001450       __imp_?SetPatchMnuDefaultArray@CPatchMnu@@UAEXQAY01I@Z 100c8450     Spec_d32:Spec_D32.dll
 0004:00001454       __imp_?ReadDefaultPatchMnu@CPatchMnu@@UAEXXZ 100c8454     Spec_d32:Spec_D32.dll
 0004:00001458       __imp_?InitPatchMnu@CPatchMnu@@UAEXXZ 100c8458     Spec_d32:Spec_D32.dll
 0004:0000145c       __imp_?GetRuntimeClass@CLayer@@UBEPAUCRuntimeClass@@XZ 100c845c     Spec_d32:Spec_D32.dll
 0004:00001460       __imp_?Serialize@CLayer@@UAEXAAVCArchive@@@Z 100c8460     Spec_d32:Spec_D32.dll
 0004:00001464       __imp_?DoDataView@CLayer@@UAEXPAVCDC@@H@Z 100c8464     Spec_d32:Spec_D32.dll
 0004:00001468       __imp_?Pack_drPipe@CLayer@@UAEXPAVCString@@@Z 100c8468     Spec_d32:Spec_D32.dll
 0004:0000146c       __imp_?GetObjectInfo@CLayer@@UAEXPAVCDrObject@@@Z 100c846c     Spec_d32:Spec_D32.dll
 0004:00001470       __imp_?SetObjectInfo@CLayer@@UAEXPAVCDrObject@@@Z 100c8470     Spec_d32:Spec_D32.dll
 0004:00001474       __imp_?GetLayerInfo@CLayer@@UAE?AVCString@@I@Z 100c8474     Spec_d32:Spec_D32.dll
 0004:00001478       __imp_?SetLayerInfo@CLayer@@UAEXII@Z 100c8478     Spec_d32:Spec_D32.dll
 0004:0000147c       __imp_?GetLayerArray@CLayer@@UAEXQAY01I@Z 100c847c     Spec_d32:Spec_D32.dll
 0004:00001480       __imp_?SetLayerArray@CLayer@@UAEXQAY01I@Z 100c8480     Spec_d32:Spec_D32.dll
 0004:00001484       __imp_?GetLayerOldArray@CLayer@@UAEXQAY01I@Z 100c8484     Spec_d32:Spec_D32.dll
 0004:00001488       __imp_?SetLayerOldArray@CLayer@@UAEXQAY01I@Z 100c8488     Spec_d32:Spec_D32.dll
 0004:0000148c       __imp_?GetLayerDefaultArray@CLayer@@UAEXQAY01I@Z 100c848c     Spec_d32:Spec_D32.dll
 0004:00001490       __imp_?SetLayerDefaultArray@CLayer@@UAEXQAY01I@Z 100c8490     Spec_d32:Spec_D32.dll
 0004:00001494       __imp_?ReadDefaultLayer@CLayer@@UAEXXZ 100c8494     Spec_d32:Spec_D32.dll
 0004:00001498       __imp_?InitLayer@CLayer@@UAEXXZ 100c8498     Spec_d32:Spec_D32.dll
 0004:0000149c       __imp_?GetRuntimeClass@CHitNet@@UBEPAUCRuntimeClass@@XZ 100c849c     Spec_d32:Spec_D32.dll
 0004:000014a0       __imp_?Serialize@CHitNet@@UAEXAAVCArchive@@@Z 100c84a0     Spec_d32:Spec_D32.dll
 0004:000014a4       __imp_?DoDataView@CHitNet@@UAEXPAVCDC@@H@Z 100c84a4     Spec_d32:Spec_D32.dll
 0004:000014a8       __imp_?Pack_drPipe@CHitNet@@UAEXPAVCString@@@Z 100c84a8     Spec_d32:Spec_D32.dll
 0004:000014ac       __imp_?GetObjectInfo@CHitNet@@UAEXPAVCDrObject@@@Z 100c84ac     Spec_d32:Spec_D32.dll
 0004:000014b0       __imp_?SetObjectInfo@CHitNet@@UAEXPAVCDrObject@@@Z 100c84b0     Spec_d32:Spec_D32.dll
 0004:000014b4       __imp_?GetRuntimeClass@CDrPen@@UBEPAUCRuntimeClass@@XZ 100c84b4     Spec_d32:Spec_D32.dll
 0004:000014b8       __imp_?Serialize@CDrPen@@UAEXAAVCArchive@@@Z 100c84b8     Spec_d32:Spec_D32.dll
 0004:000014bc       __imp_?DoDataView@CDrPen@@UAEXPAVCDC@@H@Z 100c84bc     Spec_d32:Spec_D32.dll
 0004:000014c0       __imp_?Pack_drPipe@CDrPen@@UAEXPAVCString@@@Z 100c84c0     Spec_d32:Spec_D32.dll
 0004:000014c4       __imp_?GetObjectInfo@CDrPen@@UAEXPAVCDrObject@@@Z 100c84c4     Spec_d32:Spec_D32.dll
 0004:000014c8       __imp_?SetObjectInfo@CDrPen@@UAEXPAVCDrObject@@@Z 100c84c8     Spec_d32:Spec_D32.dll
 0004:000014cc       __imp_?ReplacePen@CDrPen@@UAEXXZ 100c84cc     Spec_d32:Spec_D32.dll
 0004:000014d0       __imp_?ReadDefaultDrPen@CDrPen@@UAEXXZ 100c84d0     Spec_d32:Spec_D32.dll
 0004:000014d4       __imp_?InitDrPen@CDrPen@@UAEXXZ 100c84d4     Spec_d32:Spec_D32.dll
 0004:000014d8       __imp_?GetRuntimeClass@CDrFont@@UBEPAUCRuntimeClass@@XZ 100c84d8     Spec_d32:Spec_D32.dll
 0004:000014dc       __imp_?Serialize@CDrFont@@UAEXAAVCArchive@@@Z 100c84dc     Spec_d32:Spec_D32.dll
 0004:000014e0       __imp_?DoDataView@CDrFont@@UAEXPAVCDC@@H@Z 100c84e0     Spec_d32:Spec_D32.dll
 0004:000014e4       __imp_?Pack_drPipe@CDrFont@@UAEXPAVCString@@@Z 100c84e4     Spec_d32:Spec_D32.dll
 0004:000014e8       __imp_?GetObjectInfo@CDrFont@@UAEXPAVCDrObject@@@Z 100c84e8     Spec_d32:Spec_D32.dll
 0004:000014ec       __imp_?SetObjectInfo@CDrFont@@UAEXPAVCDrObject@@@Z 100c84ec     Spec_d32:Spec_D32.dll
 0004:000014f0       __imp_?DoTextFont@CDrFont@@UAEXXZ 100c84f0     Spec_d32:Spec_D32.dll
 0004:000014f4       __imp_?ReadDefaultDrFont@CDrFont@@UAEXXZ 100c84f4     Spec_d32:Spec_D32.dll
 0004:000014f8       __imp_?InitDrFont@CDrFont@@UAEXXZ 100c84f8     Spec_d32:Spec_D32.dll
 0004:000014fc       __imp_?GetRuntimeClass@CDataWindow@@UBEPAUCRuntimeClass@@XZ 100c84fc     Spec_d32:Spec_D32.dll
 0004:00001500       __imp_?Serialize@CDataWindow@@UAEXAAVCArchive@@@Z 100c8500     Spec_d32:Spec_D32.dll
 0004:00001504       __imp_?DoDataView@CDataWindow@@UAEXPAVCDC@@H@Z 100c8504     Spec_d32:Spec_D32.dll
 0004:00001508       __imp_?Pack_drPipe@CDataWindow@@UAEXPAVCString@@@Z 100c8508     Spec_d32:Spec_D32.dll
 0004:0000150c       __imp_?GetObjectInfo@CDataWindow@@UAEXPAVCDrObject@@@Z 100c850c     Spec_d32:Spec_D32.dll
 0004:00001510       __imp_?SetObjectInfo@CDataWindow@@UAEXPAVCDrObject@@@Z 100c8510     Spec_d32:Spec_D32.dll
 0004:00001514       __imp_?SetWinMinMaxWIC@CDataWindow@@UAEXULPOINT3@@@Z 100c8514     Spec_d32:Spec_D32.dll
 0004:00001518       __imp_?SetWinExtWIC@CDataWindow@@UAEXXZ 100c8518     Spec_d32:Spec_D32.dll
 0004:0000151c       __imp_?ReadDefaultDataWindow@CDataWindow@@UAEXXZ 100c851c     Spec_d32:Spec_D32.dll
 0004:00001520       __imp_?InitDataWindow@CDataWindow@@UAEXXZ 100c8520     Spec_d32:Spec_D32.dll
 0004:00001524       __imp_?GetRuntimeClass@CBooleans@@UBEPAUCRuntimeClass@@XZ 100c8524     Spec_d32:Spec_D32.dll
 0004:00001528       __imp_?Serialize@CBooleans@@UAEXAAVCArchive@@@Z 100c8528     Spec_d32:Spec_D32.dll
 0004:0000152c       __imp_?DoDataView@CBooleans@@UAEXPAVCDC@@H@Z 100c852c     Spec_d32:Spec_D32.dll
 0004:00001530       __imp_?Pack_drPipe@CBooleans@@UAEXPAVCString@@@Z 100c8530     Spec_d32:Spec_D32.dll
 0004:00001534       __imp_?GetObjectInfo@CBooleans@@UAEXPAVCDrObject@@@Z 100c8534     Spec_d32:Spec_D32.dll
 0004:00001538       __imp_?SetObjectInfo@CBooleans@@UAEXPAVCDrObject@@@Z 100c8538     Spec_d32:Spec_D32.dll
 0004:0000153c       __imp_?IsZoomEnabled@CBooleans@@UAEHH@Z 100c853c     Spec_d32:Spec_D32.dll
 0004:00001540       __imp_?SetZoomEnabled@CBooleans@@UAEXHH@Z 100c8540     Spec_d32:Spec_D32.dll
 0004:00001544       __imp_?IsZoomOn@CBooleans@@UAEHHH@Z 100c8544     Spec_d32:Spec_D32.dll
 0004:00001548       __imp_?ToggleZoom@CBooleans@@UAEHHH@Z 100c8548     Spec_d32:Spec_D32.dll
 0004:0000154c       __imp_?ReadDefaultBooleans@CBooleans@@UAEXXZ 100c854c     Spec_d32:Spec_D32.dll
 0004:00001550       __imp_?InitBooleans@CBooleans@@UAEXXZ 100c8550     Spec_d32:Spec_D32.dll
 0004:00001554       __imp_??1CDrObject@@UAE@XZ 100c8554     Spec_d32:Spec_D32.dll
 0004:00001558       __imp_?GetLocalCorner@CDrObject@@UAEXPAUWORLD@@H@Z 100c8558     Spec_d32:Spec_D32.dll
 0004:0000155c       __imp_?SetLocalCorner@CDrObject@@UAEXPAUWORLD@@H@Z 100c855c     Spec_d32:Spec_D32.dll
 0004:00001560       __imp_?GetWorldCorner@CDrObject@@UAEXPAUWORLD@@H@Z 100c8560     Spec_d32:Spec_D32.dll
 0004:00001564       __imp_?SetWorldCorner@CDrObject@@UAEXPAUWORLD@@H@Z 100c8564     Spec_d32:Spec_D32.dll
 0004:00001568       __imp_?GetEyeCorner@CDrObject@@UAEXPAUWORLD@@H@Z 100c8568     Spec_d32:Spec_D32.dll
 0004:0000156c       __imp_?SetEyeCorner@CDrObject@@UAEXPAUWORLD@@H@Z 100c856c     Spec_d32:Spec_D32.dll
 0004:00001570       __imp_?GetScreen3DCorner@CDrObject@@UAEXPAUWORLD@@H@Z 100c8570     Spec_d32:Spec_D32.dll
 0004:00001574       __imp_?SetScreen3DCorner@CDrObject@@UAEXPAUWORLD@@H@Z 100c8574     Spec_d32:Spec_D32.dll
 0004:00001578       __imp_?GetRuntimeClass@CMatObj@@UBEPAUCRuntimeClass@@XZ 100c8578     Spec_d32:Spec_D32.dll
 0004:0000157c       \177Spec_D32_NULL_THUNK_DATA 100c857c     Spec_d32:Spec_D32.dll
 0004:0000161c       __imp__DestroyCursor@4     100c861c     user32:USER32.dll
 0004:00001620       __imp__SetCursor@4         100c8620     user32:USER32.dll
 0004:00001624       __imp__ReleaseCapture@0    100c8624     user32:USER32.dll
 0004:00001628       __imp__SetCursorPos@8      100c8628     user32:USER32.dll
 0004:0000162c       __imp__MessageBeep@4       100c862c     user32:USER32.dll
 0004:00001630       \177USER32_NULL_THUNK_DATA 100c8630     user32:USER32.dll

 entry point at        0001:00031d00

