 PMgr_D32

 Timestamp is 444d80b6 (Mon Apr 24 18:51:50 2006)

 Preferred load address is 10000000

 Start         Length     Name                   Class
 0001:00000000 0002cd38H .text                   CODE
 0001:0002cd40 0000101fH .text$AFX_COL1          CODE
 0001:0002dd60 00002b94H .text$x                 CODE
 0001:000308f4 0002e10cH .textbss                CODE
 0002:00000000 00003211H .rdata                  DATA
 0002:00003218 00000ac9H .rdata$r                DATA
 0002:00003ce8 000021ddH .xdata$x                DATA
 0002:00005ed0 0001702eH .edata                  DATA
 0003:00000000 00000104H .CRT$XCA                DATA
 0003:00000104 00000113H .CRT$XCU                DATA
 0003:00000218 00000104H .CRT$XCZ                DATA
 0003:0000031c 00000104H .CRT$XIA                DATA
 0003:00000420 00000104H .CRT$XIZ                DATA
 0003:00000530 00000660H .data                   DATA
 0003:00000b90 000000a4H .bss                    DATA
 0004:00000000 0000012cH .idata$2                DATA
 0004:0000012c 00000014H .idata$3                DATA
 0004:00000140 00000874H .idata$4                DATA
 0004:000009b4 00000874H .idata$5                DATA
 0004:00001228 00002e15H .idata$6                DATA
 0005:00000000 00000439H .rsrc$01                DATA
 0005:00000440 00000cf6H .rsrc$02                DATA

  Address         Publics by Value              Rva+Base     Lib:Object

 0001:00004960       ?GetProbLim@CMouse@@QAE?AW4PROBDIMLIM@@XZ 10005960 f i CurPost.obj
 0001:00004980       ?SetProbLim@CMouse@@QAEXW4PROBDIMLIM@@@Z 10005980 f i CurPost.obj
 0001:000049b0       ?GetElemLim@CMouse@@QAE?AW4ELEMDIMLIM@@XZ 100059b0 f i CurPost.obj
 0001:000049d0       ?SetElemLim@CMouse@@QAEXW4ELEMDIMLIM@@@Z 100059d0 f i CurPost.obj
 0001:00004a00       ?GetCurrentThirdCoord@CMouse@@QAENXZ 10005a00 f i CurPost.obj
 0001:00004a20       ?SetCurrentThirdCoord@CMouse@@QAEXN@Z 10005a20 f i CurPost.obj
 0001:00004a50       ?GetMouseWIC@CMouse@@QAE?AULPOINT3@@XZ 10005a50 f i CurPost.obj
 0001:00004a90       ?GetMouseOldWIC@CMouse@@QAE?AULPOINT3@@XZ 10005a90 f i CurPost.obj
 0001:00004ad0       ?GetScrolledMouseWIC2D@CMouse@@IAE?AULPOINT@@XZ 10005ad0 f i CurPost.obj
 0001:00004b10       ?SetScrolledMouseWIC2D@CMouse@@IAEXULPOINT@@@Z 10005b10 f i CurPost.obj
 0001:00004b40       ??1CDlg_NodI@@UAE@XZ       10005b40 f i CurPost.obj
 0001:00004bc0       ?Set3DPts@C3DMath@@QAEXPAULPOINT3@@JJJ@Z 10005bc0 f i CurPost.obj
 0001:00004c00       ?Set3DPts@C3DMath@@QAEXPAUWORLD@@NNN@Z 10005c00 f i CurPost.obj
 0001:00004c60       ?Len3DPts@C3DMath@@QAENPAUWORLD@@@Z 10005c60 f i CurPost.obj
 0001:00004cc0       ??1C3DMath@@UAE@XZ         10005cc0 f i CurPost.obj
 0001:00004cf0       ??_GC3DMath@@UAEPAXI@Z     10005cf0 f i CurPost.obj
 0001:00004d30       ??_EC3DMath@@UAEPAXI@Z     10005d30 f i CurPost.obj
 0001:00004dd0       ?GetMatrix@CMatObj@@UAEPAUMATRIX@@XZ 10005dd0 f i CurPost.obj
 0001:00004df0       ?SetMatrix@CMatObj@@UAEXPAUMATRIX@@@Z 10005df0 f i CurPost.obj
 0001:00004e80       ?GetCurveLatch@CMatObj@@UAE?AW4CURVELATCH@@XZ 10005e80 f i CurPost.obj
 0001:00004ea0       ?SetCurveLatch@CMatObj@@UAEXW4CURVELATCH@@@Z 10005ea0 f i CurPost.obj
 0001:00004ed0       ?IsInstanced_Prof@CMatObj@@UAEHXZ 10005ed0 f i CurPost.obj
 0001:00004ef0       ?SetInstanced_Prof@CMatObj@@UAEXH@Z 10005ef0 f i CurPost.obj
 0001:00004f20       ?GetFromID@CMatObj@@UAE?AVCString@@XZ 10005f20 f i CurPost.obj
 0001:00004f70       ?SetFromID@CMatObj@@UAEXVCString@@@Z 10005f70 f i CurPost.obj
 0001:00004ff0       ?GetFromPt@CMatObj@@UAE?AUWORLD@@XZ 10005ff0 f i CurPost.obj
 0001:00005030       ?SetFromPt@CMatObj@@UAEXUWORLD@@@Z 10006030 f i CurPost.obj
 0001:00005070       ?GetToID@CMatObj@@UAE?AVCString@@XZ 10006070 f i CurPost.obj
 0001:000050c0       ?SetToID@CMatObj@@UAEXVCString@@@Z 100060c0 f i CurPost.obj
 0001:00005140       ?GetToPt@CMatObj@@UAE?AUWORLD@@XZ 10006140 f i CurPost.obj
 0001:00005180       ?SetToPt@CMatObj@@UAEXUWORLD@@@Z 10006180 f i CurPost.obj
 0001:000051c0       ?GetRotPtID@CMatObj@@UAE?AVCString@@XZ 100061c0 f i CurPost.obj
 0001:00005210       ?SetRotPtID@CMatObj@@UAEXVCString@@@Z 10006210 f i CurPost.obj
 0001:00005290       ?GetRotPt@CMatObj@@UAE?AUWORLD@@XZ 10006290 f i CurPost.obj
 0001:000052d0       ?SetRotPt@CMatObj@@UAEXUWORLD@@@Z 100062d0 f i CurPost.obj
 0001:00005310       ?IsCoordIn@CMatObj@@UAEHXZ 10006310 f i CurPost.obj
 0001:00005340       ?SetCoordIn@CMatObj@@UAEXH@Z 10006340 f i CurPost.obj
 0001:00005370       ?GetTranPtID@CMatObj@@UAE?AVCString@@XZ 10006370 f i CurPost.obj
 0001:000053c0       ?SetTranPtID@CMatObj@@UAEXVCString@@@Z 100063c0 f i CurPost.obj
 0001:00005440       ?GetTranslation@CMatObj@@UAE?AUWORLD@@XZ 10006440 f i CurPost.obj
 0001:00005480       ?SetTranslation@CMatObj@@UAEXUWORLD@@@Z 10006480 f i CurPost.obj
 0001:000054c0       ?IsAngleIn@CMatObj@@UAEHXZ 100064c0 f i CurPost.obj
 0001:000054f0       ?SetAngleIn@CMatObj@@UAEXH@Z 100064f0 f i CurPost.obj
 0001:00005520       ?IsDirCos@CMatObj@@UAEHXZ  10006520 f i CurPost.obj
 0001:00005550       ?SetDirCos@CMatObj@@UAEXH@Z 10006550 f i CurPost.obj
 0001:00005580       ?GetDirCosDirect@CMatObj@@UAE?AUWORLD@@XZ 10006580 f i CurPost.obj
 0001:000055c0       ?SetDirCosDirect@CMatObj@@UAEXUWORLD@@@Z 100065c0 f i CurPost.obj
 0001:00005600       ?GetRotation@CMatObj@@UAE?AUWORLD@@XZ 10006600 f i CurPost.obj
 0001:00005640       ?SetRotation@CMatObj@@UAEXUWORLD@@@Z 10006640 f i CurPost.obj
 0001:00005680       ?GetScale@CMatObj@@UAE?AUWORLD@@XZ 10006680 f i CurPost.obj
 0001:000056c0       ?SetScale@CMatObj@@UAEXUWORLD@@@Z 100066c0 f i CurPost.obj
 0001:00005700       ?GetShear@CMatObj@@UAE?AUWORLD@@XZ 10006700 f i CurPost.obj
 0001:00005740       ?SetShear@CMatObj@@UAEXUWORLD@@@Z 10006740 f i CurPost.obj
 0001:00005780       ?IsNoRot@CMatObj@@UAEHXZ   10006780 f i CurPost.obj
 0001:000057b0       ?SetNoRot@CMatObj@@UAEXH@Z 100067b0 f i CurPost.obj
 0001:000057e0       ?IsNoTran@CMatObj@@UAEHXZ  100067e0 f i CurPost.obj
 0001:00005810       ?SetNoTran@CMatObj@@UAEXH@Z 10006810 f i CurPost.obj
 0001:00005840       ?IsNoScale@CMatObj@@UAEHXZ 10006840 f i CurPost.obj
 0001:00005870       ?SetNoScale@CMatObj@@UAEXH@Z 10006870 f i CurPost.obj
 0001:000058a0       ?IsNoShear@CMatObj@@UAEHXZ 100068a0 f i CurPost.obj
 0001:000058d0       ?SetNoShear@CMatObj@@UAEXH@Z 100068d0 f i CurPost.obj
 0001:00005900       ?GetXformType@CMatObj@@UAE?AW4XFORMTYPE@@XZ 10006900 f i CurPost.obj
 0001:00005930       ?SetXformType@CMatObj@@UAEXW4XFORMTYPE@@@Z 10006930 f i CurPost.obj
 0001:00005960       ?GetSpawnType@CMatObj@@UAE?AW4SPAWNTYPE@@XZ 10006960 f i CurPost.obj
 0001:00005990       ?SetSpawnType@CMatObj@@UAEXW4SPAWNTYPE@@@Z 10006990 f i CurPost.obj
 0001:000059c0       ?GetCreOp@CMatObj@@UAEIXZ  100069c0 f i CurPost.obj
 0001:000059f0       ?SetCreOp@CMatObj@@UAEXI@Z 100069f0 f i CurPost.obj
 0001:00005a20       ??1CMatObj@@UAE@XZ         10006a20 f i CurPost.obj
 0001:00005ae0       ??_GCMatObj@@UAEPAXI@Z     10006ae0 f i CurPost.obj
 0001:00005b20       ??_ECMatObj@@UAEPAXI@Z     10006b20 f i CurPost.obj
 0001:00005bc0       ?ReadyToDelete@CDrObject@@UAEXXZ 10006bc0 f i CurPost.obj
 0001:00005be0       ?DoFormattedCardView@CDrObject@@UAEXPAVCString@@AAV2@@Z 10006be0 f i CurPost.obj
 0001:00005c00       ?DoUnFormattedCardView@CDrObject@@UAEXPAVCString@@@Z 10006c00 f i CurPost.obj
 0001:00005c20       ?DoDataView@CDrObject@@UAEXPAVCDC@@H@Z 10006c20 f i CurPost.obj
 0001:00005c40       ?InitDraw@CDrObject@@UAEXPAVCDC@@HHPAUMATRIX@@1NNN@Z 10006c40 f i CurPost.obj
 0001:00005c60       ?InitDraw@CDrObject@@UAEXPAVCDC@@HHPAUMATRIX@@1NNNN@Z 10006c60 f i CurPost.obj
 0001:00005c80       ?Corner_3Dto2D@CDrObject@@UAEXXZ 10006c80 f i CurPost.obj
 0001:00005ca0       ?DoDrawView@CDrObject@@UAEXPAVCDC@@@Z 10006ca0 f i CurPost.obj
 0001:00005cc0       ?DoDrawView@CDrObject@@UAEXPAVCDC@@H@Z 10006cc0 f i CurPost.obj
 0001:00005ce0       ?DoDrawView@CDrObject@@UAEXPAVCDC@@HH@Z 10006ce0 f i CurPost.obj
 0001:00005d00       ?DealObjectDialog@CDrObject@@UAEHXZ 10006d00 f i CurPost.obj
 0001:00005d20       ?TransformObjectToWorld@CDrObject@@UAEXPAUMATRIX@@H@Z 10006d20 f i CurPost.obj
 0001:00005d40       ?TransformObjectToView@CDrObject@@UAEXPAUMATRIX@@@Z 10006d40 f i CurPost.obj
 0001:00005d60       ?TransformObjectToViewDirect@CDrObject@@UAEXPAUMATRIX@@00H@Z 10006d60 f i CurPost.obj
 0001:00005d80       ?RemoveHiddenObject@CDrObject@@UAEHPAUMATRIX@@UWORLD@@H@Z 10006d80 f i CurPost.obj
 0001:00005da0       ?ProjectObject@CDrObject@@UAEXPAUMATRIX@@NN@Z 10006da0 f i CurPost.obj
 0001:00005dc0       ?Calc_2DBoundsScreen@CDrObject@@UAEHXZ 10006dc0 f i CurPost.obj
 0001:00005de0       ?Calc_3DBoundsLocal@CDrObject@@UAEHXZ 10006de0 f i CurPost.obj
 0001:00005e00       ?FinishObject@CDrObject@@UAEXPAVCClientDC@@H@Z 10006e00 f i CurPost.obj
 0001:00005e20       ?FinishObject@CDrObject@@UAEXH@Z 10006e20 f i CurPost.obj
 0001:00005e40       ?FinishObject@CDrObject@@UAEXXZ 10006e40 f i CurPost.obj
 0001:00005e60       ?GetMaxCorners@CDrObject@@UAEHXZ 10006e60 f i CurPost.obj
 0001:00005e80       ?GetRawCoords@CDrObject@@UAEXPAJPAHH@Z 10006e80 f i CurPost.obj
 0001:00005ea0       ?SetProjectedCoords@CDrObject@@UAEXUtagPOINT@@H@Z 10006ea0 f i CurPost.obj
 0001:00005ec0       ?RearrangeProjectedCoords@CDrObject@@UAEXXZ 10006ec0 f i CurPost.obj
 0001:00005ee0       ?IsObjectHit@CDrObject@@UAEHNUWORLD@@@Z 10006ee0 f i CurPost.obj
 0001:00005f00       ?IsObjectHit@CDrObject@@UAEHHUtagPOINT@@H@Z 10006f00 f i CurPost.obj
 0001:00005f20       ?IsObjectHit@CDrObject@@UAEHHUtagPOINT@@@Z 10006f20 f i CurPost.obj
 0001:00005f40       ?IsObjectHit@CDrObject@@UAEHPAVCClientDC@@HUtagPOINT@@PAVCRect@@H@Z 10006f40 f i CurPost.obj
 0001:00005f60       ?IsKeyMatch@CDrObject@@UAEHPAV1@VCString@@I@Z 10006f60 f i CurPost.obj
 0001:00005f90       ?IsKeyMatch@CDrObject@@UAEHVCString@@I@Z 10006f90 f i CurPost.obj
 0001:00005fc0       ?IsControlShapeNeeded@CDrObject@@UAEHXZ 10006fc0 f i CurPost.obj
 0001:00005fe0       ?SetControlShapeNeed@CDrObject@@UAEXH@Z 10006fe0 f i CurPost.obj
 0001:00006000       ?IsNormalNeeded@CDrObject@@UAEHXZ 10007000 f i CurPost.obj
 0001:00006020       ?SetNormalNeed@CDrObject@@UAEXH@Z 10007020 f i CurPost.obj
 0001:00006040       ?IsCulled@CDrObject@@UAEHXZ 10007040 f i CurPost.obj
 0001:00006060       ?SetCulled@CDrObject@@UAEXH@Z 10007060 f i CurPost.obj
 0001:00006080       ?IsSkewed@CDrObject@@UAEHXZ 10007080 f i CurPost.obj
 0001:000060a0       ?SetSkewed@CDrObject@@UAEXH@Z 100070a0 f i CurPost.obj
 0001:000060c0       ?IsLinSpr@CDrObject@@UAEHXZ 100070c0 f i CurPost.obj
 0001:000060e0       ?SetLinSpr@CDrObject@@UAEXH@Z 100070e0 f i CurPost.obj
 0001:00006100       ?IsLinSnu@CDrObject@@UAEHXZ 10007100 f i CurPost.obj
 0001:00006120       ?SetLinSnu@CDrObject@@UAEXH@Z 10007120 f i CurPost.obj
 0001:00006140       ?CullWorld@CDrObject@@UAEHUWORLD@@@Z 10007140 f i CurPost.obj
 0001:00006160       ?CullScreen@CDrObject@@UAEHPAUMATRIX@@@Z 10007160 f i CurPost.obj
 0001:00006180       ?Calc_CentroidWorld@CDrObject@@UAEXXZ 10007180 f i CurPost.obj
 0001:000061a0       ?Calc_CentroidEye@CDrObject@@UAEXXZ 100071a0 f i CurPost.obj
 0001:000061c0       ?Calc_CentroidScreen3D@CDrObject@@UAEXNN@Z 100071c0 f i CurPost.obj
 0001:000061e0       ?Calc_NormalWorld@CDrObject@@UAEXXZ 100071e0 f i CurPost.obj
 0001:00006200       ?TransformNormalToEye@CDrObject@@UAEXPAUMATRIX@@@Z 10007200 f i CurPost.obj
 0001:00006220       ?ProjectNormalToScreen3D@CDrObject@@UAEXPAUMATRIX@@NN@Z 10007220 f i CurPost.obj
 0001:00006240       ?GetNormalWorld@CDrObject@@UAEPAUWORLD@@XZ 10007240 f i CurPost.obj
 0001:00006260       ?SetNormalWorld@CDrObject@@UAEXUWORLD@@@Z 10007260 f i CurPost.obj
 0001:00006280       ?GetNormalEye@CDrObject@@UAEPAUWORLD@@XZ 10007280 f i CurPost.obj
 0001:000062a0       ?SetNormalEye@CDrObject@@UAEXUWORLD@@@Z 100072a0 f i CurPost.obj
 0001:000062c0       ?GetNormalScreen3D@CDrObject@@UAEPAUWORLD@@XZ 100072c0 f i CurPost.obj
 0001:000062e0       ?SetNormalScreen3D@CDrObject@@UAEXUWORLD@@@Z 100072e0 f i CurPost.obj
 0001:00006300       ?GetNormalScreen2D@CDrObject@@UAEPAUtagPOINT@@XZ 10007300 f i CurPost.obj
 0001:00006320       ?SetNormalScreen2D@CDrObject@@UAEXUtagPOINT@@@Z 10007320 f i CurPost.obj
 0001:00006340       ?GetObjectList@CDrObject@@UAEPAVCDListMgr@@XZ 10007340 f i CurPost.obj
 0001:00006360       ?GetBoundingRect@CDrObject@@QAE?AVCRect@@XZ 10007360 f i CurPost.obj
 0001:000063b0       ?GetRInfo@CDrObject@@QAEPAURENDINFO@@XZ 100073b0 f i CurPost.obj
 0001:000063d0       ?IsParallel@CDrObject@@QAEHXZ 100073d0 f i CurPost.obj
 0001:00006400       ?GetnView@CDrObject@@QAEHXZ 10007400 f i CurPost.obj
 0001:00006430       ?GetdzMin@CDrObject@@QAENXZ 10007430 f i CurPost.obj
 0001:00006460       ?GetdScale_U@CDrObject@@QAENXZ 10007460 f i CurPost.obj
 0001:00006490       ?GetdScale_V@CDrObject@@QAENXZ 10007490 f i CurPost.obj
 0001:000064c0       ?GetpViewM@CDrObject@@QAEPAUMATRIX@@XZ 100074c0 f i CurPost.obj
 0001:000064f0       ?Getpvv3DM@CDrObject@@QAEPAUMATRIX@@XZ 100074f0 f i CurPost.obj
 0001:00006520       ?GetpComposedM@CDrObject@@QAEPAUMATRIX@@XZ 10007520 f i CurPost.obj
 0001:00006550       ?SetParallel@CDrObject@@QAEXH@Z 10007550 f i CurPost.obj
 0001:00006580       ?SetnView@CDrObject@@QAEXH@Z 10007580 f i CurPost.obj
 0001:000065b0       ?SetdzMin@CDrObject@@QAEXN@Z 100075b0 f i CurPost.obj
 0001:000065f0       ?SetdScale_U@CDrObject@@QAEXN@Z 100075f0 f i CurPost.obj
 0001:00006630       ?SetdScale_V@CDrObject@@QAEXN@Z 10007630 f i CurPost.obj
 0001:00006670       ?SetpViewM@CDrObject@@QAEXPAUMATRIX@@@Z 10007670 f i CurPost.obj
 0001:000066b0       ?Setpvv3DM@CDrObject@@QAEXPAUMATRIX@@@Z 100076b0 f i CurPost.obj
 0001:000066f0       ?SetpComposedM@CDrObject@@QAEXPAUMATRIX@@@Z 100076f0 f i CurPost.obj
 0001:00006730       ?GetLevelType@CDrObject@@QAEHXZ 10007730 f i CurPost.obj
 0001:00006760       ?SetLevelType@CDrObject@@QAEXH@Z 10007760 f i CurPost.obj
 0001:00006790       ?GetObjectID@CDrObject@@QAE?AVCString@@XZ 10007790 f i CurPost.obj
 0001:000067e0       ?SetObjectID@CDrObject@@QAEXVCString@@@Z 100077e0 f i CurPost.obj
 0001:00006860       ?GetObjectNo@CDrObject@@QAEJXZ 10007860 f i CurPost.obj
 0001:00006890       ?SetObjectNo@CDrObject@@QAEXJ@Z 10007890 f i CurPost.obj
 0001:000068c0       ?GetObjectType@CDrObject@@QAEHXZ 100078c0 f i CurPost.obj
 0001:000068f0       ?SetObjectType@CDrObject@@QAEXH@Z 100078f0 f i CurPost.obj
 0001:00006920       ?GetElemType@CDrObject@@QAEHXZ 10007920 f i CurPost.obj
 0001:00006950       ?SetElemType@CDrObject@@QAEXH@Z 10007950 f i CurPost.obj
 0001:00006980       ?GetPenInfo@CDrObject@@QAEXAAIAAK0@Z 10007980 f i CurPost.obj
 0001:000069d0       ?SetPenInfo@CDrObject@@QAEXIKI@Z 100079d0 f i CurPost.obj
 0001:00006a20       ?GetPenInfoHi@CDrObject@@QAEXAAIAAK0@Z 10007a20 f i CurPost.obj
 0001:00006a70       ?SetPenInfoHi@CDrObject@@QAEXIKI@Z 10007a70 f i CurPost.obj
 0001:00006ac0       ?GetLayer@CDrObject@@QAEIXZ 10007ac0 f i CurPost.obj
 0001:00006af0       ?SetLayer@CDrObject@@QAEXI@Z 10007af0 f i CurPost.obj
 0001:00006b20       ?IsClipped@CDrObject@@QAEHXZ 10007b20 f i CurPost.obj
 0001:00006b50       ?SetClipped@CDrObject@@QAEXH@Z 10007b50 f i CurPost.obj
 0001:00006b80       ?IsVirtual@CDrObject@@QAEHXZ 10007b80 f i CurPost.obj
 0001:00006ba0       ?SetVirtual@CDrObject@@QAEXH@Z 10007ba0 f i CurPost.obj
 0001:00006bd0       ?IsShow@CDrObject@@QAEHXZ  10007bd0 f i CurPost.obj
 0001:00006c00       ?SetShow@CDrObject@@QAEXH@Z 10007c00 f i CurPost.obj
 0001:00006c30       ?GetParentID@CDrObject@@QAEAAVCString@@XZ 10007c30 f i CurPost.obj
 0001:00006c50       ?SetParentID@CDrObject@@QAEXAAVCString@@@Z 10007c50 f i CurPost.obj
 0001:00006c80       ?GetParentType@CDrObject@@QAEIXZ 10007c80 f i CurPost.obj
 0001:00006ca0       ?SetParentType@CDrObject@@QAEXI@Z 10007ca0 f i CurPost.obj
 0001:00006cd0       ?IsInstanced@CDrObject@@QAEHXZ 10007cd0 f i CurPost.obj
 0001:00006cf0       ?SetInstanced@CDrObject@@QAEXH@Z 10007cf0 f i CurPost.obj
 0001:00006d20       ?GetMatObj@CDrObject@@QAEPAVCMatObj@@XZ 10007d20 f i CurPost.obj
 0001:00006d40       ?SetMatObj@CDrObject@@QAEXPAVCMatObj@@@Z 10007d40 f i CurPost.obj
 0001:00006d70       ?GetSpeLList@CDrObject@@QAEPAVCDListMgr@@XZ 10007d70 f i CurPost.obj
 0001:00006da0       ?GetDynLList@CDrObject@@QAEPAVCDListMgr@@XZ 10007da0 f i CurPost.obj
 0001:00006dd0       ?GetStaLList@CDrObject@@QAEPAVCDListMgr@@XZ 10007dd0 f i CurPost.obj
 0001:00006e00       ?GetSuppList@CDrObject@@QAEPAVCDListMgr@@XZ 10007e00 f i CurPost.obj
 0001:00006e30       ?GetElemList@CDrObject@@QAEPAVCDListMgr@@XZ 10007e30 f i CurPost.obj
 0001:00006e60       ?GetCurveList@CDrObject@@QAEPAVCDListMgr@@XZ 10007e60 f i CurPost.obj
 0001:00006e90       ?GetCProfList@CDrObject@@QAEPAVCDListMgr@@XZ 10007e90 f i CurPost.obj
 0001:00006ec0       ?GetPatchList@CDrObject@@QAEPAVCDListMgr@@XZ 10007ec0 f i CurPost.obj
 0001:00006ef0       ?GetSolidList@CDrObject@@QAEPAVCDListMgr@@XZ 10007ef0 f i CurPost.obj
 0001:00006f20       ?GetObj3DList@CDrObject@@QAEPAVCDListMgr@@XZ 10007f20 f i CurPost.obj
 0001:00006f50       ?GetCNodeList@CDrObject@@QAEPAVCDListMgr@@XZ 10007f50 f i CurPost.obj
 0001:00006f80       ?GetINodeList@CDrObject@@QAEPAVCDListMgr@@XZ 10007f80 f i CurPost.obj
 0001:00006fb0       ?GetNodeList@CDrObject@@QAEPAVCDListMgr@@XZ 10007fb0 f i CurPost.obj
 0001:00006fe0       ?GetLabelList@CDrObject@@QAEPAVCDListMgr@@XZ 10007fe0 f i CurPost.obj
 0001:00007010       ?GetFE0DList@CDrObject@@QAEPAVCDListMgr@@XZ 10008010 f i CurPost.obj
 0001:00007040       ?GetFE1DList@CDrObject@@QAEPAVCDListMgr@@XZ 10008040 f i CurPost.obj
 0001:00007070       ?GetFE2DList@CDrObject@@QAEPAVCDListMgr@@XZ 10008070 f i CurPost.obj
 0001:000070a0       ?GetFE3DList@CDrObject@@QAEPAVCDListMgr@@XZ 100080a0 f i CurPost.obj
 0001:000070d0       ?GetMs0List@CDrObject@@QAEPAVCDListMgr@@XZ 100080d0 f i CurPost.obj
 0001:00007100       ?GetMs1List@CDrObject@@QAEPAVCDListMgr@@XZ 10008100 f i CurPost.obj
 0001:00007130       ?GetMs2List@CDrObject@@QAEPAVCDListMgr@@XZ 10008130 f i CurPost.obj
 0001:00007160       ?GetMs3List@CDrObject@@QAEPAVCDListMgr@@XZ 10008160 f i CurPost.obj
 0001:00007190       ?GetMbj3DList@CDrObject@@QAEPAVCDListMgr@@XZ 10008190 f i CurPost.obj
 0001:000071c0       ?GetM2DProfList@CDrObject@@QAEPAVCDListMgr@@XZ 100081c0 f i CurPost.obj
 0001:000071f0       ?GetM3DProfList@CDrObject@@QAEPAVCDListMgr@@XZ 100081f0 f i CurPost.obj
 0001:00007220       ?GetMbjProfList@CDrObject@@QAEPAVCDListMgr@@XZ 10008220 f i CurPost.obj
 0001:00007250       ?GetScreen2DCorner@CDrObject@@UAE?AUtagPOINT@@H@Z 10008250 f i CurPost.obj
 0001:000072a0       ?SetScreen2DCorner@CDrObject@@UAEXUtagPOINT@@H@Z 100082a0 f i CurPost.obj
 0001:000072e0       ?GetSpawnType@CDrObject@@QAE?AW4SPAWNTYPE@@XZ 100082e0 f i CurPost.obj
 0001:00007300       ?SetSpawnType@CDrObject@@QAEXW4SPAWNTYPE@@@Z 10008300 f i CurPost.obj
 0001:00007330       ?GetCategory@CDrObject@@QAE?AW4CATEGORY@@XZ 10008330 f i CurPost.obj
 0001:00007350       ?SetCategory@CDrObject@@QAEXW4CATEGORY@@@Z 10008350 f i CurPost.obj
 0001:00007380       ?GetSubCat@CDrObject@@QAE?AW4SUBCAT@@XZ 10008380 f i CurPost.obj
 0001:000073a0       ?SetSubCat@CDrObject@@QAEXW4SUBCAT@@@Z 100083a0 f i CurPost.obj
 0001:000073d0       ?GetElemDimLim@CDrObject@@QAE?AW4ELEMDIMLIM@@XZ 100083d0 f i CurPost.obj
 0001:000073f0       ?SetElemDimLim@CDrObject@@QAEXW4ELEMDIMLIM@@@Z 100083f0 f i CurPost.obj
 0001:00007420       ?IsDirty@CDrObject@@QAEHXZ 10008420 f i CurPost.obj
 0001:00007450       ?SetDirty@CDrObject@@QAEXH@Z 10008450 f i CurPost.obj
 0001:00007480       ?IsMoved@CDrObject@@QAEHXZ 10008480 f i CurPost.obj
 0001:000074b0       ?SetMoved@CDrObject@@QAEXH@Z 100084b0 f i CurPost.obj
 0001:000074e0       ?IsEdited@CDrObject@@QAEHXZ 100084e0 f i CurPost.obj
 0001:00007510       ?SetEdited@CDrObject@@QAEXH@Z 10008510 f i CurPost.obj
 0001:00007540       ?IsPosted@CDrObject@@QAEHXZ 10008540 f i CurPost.obj
 0001:00007570       ?SetPosted@CDrObject@@QAEXH@Z 10008570 f i CurPost.obj
 0001:000075a0       ?IsDeleted@CDrObject@@QAEHXZ 100085a0 f i CurPost.obj
 0001:000075d0       ?SetDeleted@CDrObject@@QAEXH@Z 100085d0 f i CurPost.obj
 0001:00007600       ?IsToBeMoved@CDrObject@@QAEHXZ 10008600 f i CurPost.obj
 0001:00007630       ?SetToBeMoved@CDrObject@@QAEXH@Z 10008630 f i CurPost.obj
 0001:00007650       ?IsToBeEdited@CDrObject@@QAEHXZ 10008650 f i CurPost.obj
 0001:00007680       ?SetToBeEdited@CDrObject@@QAEXH@Z 10008680 f i CurPost.obj
 0001:000076a0       ?IsToBePosted@CDrObject@@QAEHXZ 100086a0 f i CurPost.obj
 0001:000076d0       ?SetToBePosted@CDrObject@@QAEXH@Z 100086d0 f i CurPost.obj
 0001:000076f0       ?IsToBeUnPosted@CDrObject@@QAEHXZ 100086f0 f i CurPost.obj
 0001:00007720       ?SetToBeUnPosted@CDrObject@@QAEXH@Z 10008720 f i CurPost.obj
 0001:00007740       ?IsToBeDeleted@CDrObject@@QAEHXZ 10008740 f i CurPost.obj
 0001:00007770       ?SetToBeDeleted@CDrObject@@QAEXH@Z 10008770 f i CurPost.obj
 0001:00007790       ?IsFormatted@CDrObject@@QAEHXZ 10008790 f i CurPost.obj
 0001:000077b0       ?SetFormatted@CDrObject@@QAEXH@Z 100087b0 f i CurPost.obj
 0001:000077e0       ?Parse_drPipe@CDrNode@@UAEPAUnodecard@@PAVCString@@@Z 100087e0 f i CurPost.obj
 0001:00007800       ?GetNodeCard@CDrNode@@UAEPAUnodecard@@XZ 10008800 f i CurPost.obj
 0001:00007830       ?GetCardNo@CDrNode@@UAEHXZ 10008830 f i CurPost.obj
 0001:00007860       ?SetCardNo@CDrNode@@UAEXH@Z 10008860 f i CurPost.obj
 0001:00007890       ?DoFormattedCardView@CDrNode@@UAEXPAVCString@@AAV2@@Z 10008890 f i CurPost.obj
 0001:000078b0       ?DoUnFormattedCardView@CDrNode@@UAEXPAVCString@@@Z 100088b0 f i CurPost.obj
 0001:000078d0       ?GetMaxCorners@CDrNode@@UAEHXZ 100088d0 f i CurPost.obj
 0001:000078f0       ?GetCategory@CDrNode@@UAE?AW4CATEGORY@@XZ 100088f0 f i CurPost.obj
 0001:00007910       ?SetCategory@CDrNode@@UAEXW4CATEGORY@@@Z 10008910 f i CurPost.obj
 0001:00007940       ?GetPrecision@CDrNode@@UAEHXZ 10008940 f i CurPost.obj
 0001:00007970       ?SetPrecision@CDrNode@@UAEXH@Z 10008970 f i CurPost.obj
 0001:000079a0       ?GetFormat@CDrNode@@QAE?AVCString@@XZ 100089a0 f i CurPost.obj
 0001:000079f0       ?SetFormat@CDrNode@@QAEXVCString@@@Z 100089f0 f i CurPost.obj
 0001:00007a70       ?GetMapFactor@CDrNode@@QAENXZ 10008a70 f i CurPost.obj
 0001:00007aa0       ?SetMapFactor@CDrNode@@QAEXN@Z 10008aa0 f i CurPost.obj
 0001:00007ae0       ?GetScaleFactor@CDrNode@@QAENXZ 10008ae0 f i CurPost.obj
 0001:00007b10       ?SetScaleFactor@CDrNode@@QAEXN@Z 10008b10 f i CurPost.obj
 0001:00007b50       ?GetMasterMultFac@CDrNode@@QAEJXZ 10008b50 f i CurPost.obj
 0001:00007b80       ?SetMasterMultFac@CDrNode@@QAEXJ@Z 10008b80 f i CurPost.obj
 0001:00007bb0       ?GetLocalPos@CDrNode@@UAEPAUWORLD@@XZ 10008bb0 f i CurPost.obj
 0001:00007be0       ?SetLocalPos@CDrNode@@UAEXUWORLD@@@Z 10008be0 f i CurPost.obj
 0001:00007c20       ?GetWorldPos@CDrNode@@UAEPAUWORLD@@XZ 10008c20 f i CurPost.obj
 0001:00007c50       ?SetWorldPos@CDrNode@@UAEXUWORLD@@@Z 10008c50 f i CurPost.obj
 0001:00007c90       ?GetEyePos@CDrNode@@UAEPAUWORLD@@XZ 10008c90 f i CurPost.obj
 0001:00007cc0       ?SetEyePos@CDrNode@@UAEXUWORLD@@@Z 10008cc0 f i CurPost.obj
 0001:00007d00       ?GetScreenPos3D@CDrNode@@UAEPAUWORLD@@XZ 10008d00 f i CurPost.obj
 0001:00007d30       ?SetScreenPos3D@CDrNode@@UAEXUWORLD@@@Z 10008d30 f i CurPost.obj
 0001:00007d70       ?GetScreenPos2D@CDrNode@@UAEPAUtagPOINT@@XZ 10008d70 f i CurPost.obj
 0001:00007da0       ?SetScreenPos2D@CDrNode@@UAEXUtagPOINT@@@Z 10008da0 f i CurPost.obj
 0001:00007de0       ?GetNormalWorld@CDrNode@@UAEPAUWORLD@@XZ 10008de0 f i CurPost.obj
 0001:00007e10       ?SetNormalWorld@CDrNode@@UAEXUWORLD@@@Z 10008e10 f i CurPost.obj
 0001:00007e50       ?GetNormalEye@CDrNode@@UAEPAUWORLD@@XZ 10008e50 f i CurPost.obj
 0001:00007e80       ?SetNormalEye@CDrNode@@UAEXUWORLD@@@Z 10008e80 f i CurPost.obj
 0001:00007ec0       ?GetNormalScreen3D@CDrNode@@UAEPAUWORLD@@XZ 10008ec0 f i CurPost.obj
 0001:00007ef0       ?SetNormalScreen3D@CDrNode@@UAEXUWORLD@@@Z 10008ef0 f i CurPost.obj
 0001:00007f30       ?GetNormalScreen2D@CDrNode@@UAEPAUtagPOINT@@XZ 10008f30 f i CurPost.obj
 0001:00007f60       ?SetNormalScreen2D@CDrNode@@UAEXUtagPOINT@@@Z 10008f60 f i CurPost.obj
 0001:00007fa0       ?GetLabelNo@CDrNode@@QAEJXZ 10008fa0 f i CurPost.obj
 0001:00007fd0       ?SetLabelNo@CDrNode@@QAEXJ@Z 10008fd0 f i CurPost.obj
 0001:00008000       ?IsMeshNode@CDrNode@@QAEHXZ 10009000 f i CurPost.obj
 0001:00008030       ?SetMeshNode@CDrNode@@QAEXH@Z 10009030 f i CurPost.obj
 0001:00008060       ?IsGenerated@CDrNode@@QAEHXZ 10009060 f i CurPost.obj
 0001:00008090       ?SetGenerated@CDrNode@@QAEXH@Z 10009090 f i CurPost.obj
 0001:000080c0       ?IsControlNode@CDrNode@@QAEHXZ 100090c0 f i CurPost.obj
 0001:000080f0       ?SetControlNode@CDrNode@@QAEXH@Z 100090f0 f i CurPost.obj
 0001:00008130       ?GetInputMode@CDrNode@@QAEHXZ 10009130 f i CurPost.obj
 0001:00008160       ?SetInputMode@CDrNode@@QAEXH@Z 10009160 f i CurPost.obj
 0001:00008190       ?GetLength@CDrNode@@QAENXZ 10009190 f i CurPost.obj
 0001:000081c0       ?SetLength@CDrNode@@QAEXN@Z 100091c0 f i CurPost.obj
 0001:00008200       ?GetDelta@CDrNode@@QAEPAUWORLD@@XZ 10009200 f i CurPost.obj
 0001:00008230       ?SetDelta@CDrNode@@QAEXUWORLD@@@Z 10009230 f i CurPost.obj
 0001:00008270       ?GetFromID@CDrNode@@QAE?AVCString@@XZ 10009270 f i CurPost.obj
 0001:000082c0       ?SetFromID@CDrNode@@QAEXVCString@@@Z 100092c0 f i CurPost.obj
 0001:00008340       ?GetToID@CDrNode@@QAE?AVCString@@XZ 10009340 f i CurPost.obj
 0001:00008390       ?SetToID@CDrNode@@QAEXVCString@@@Z 10009390 f i CurPost.obj
 0001:00008410       ?IsRefCN@CDrNode@@QAEHXZ   10009410 f i CurPost.obj
 0001:00008440       ?SetRefCN@CDrNode@@QAEXH@Z 10009440 f i CurPost.obj
 0001:00008470       ?IsFromCN@CDrNode@@QAEHXZ  10009470 f i CurPost.obj
 0001:000084a0       ?SetFromCN@CDrNode@@QAEXH@Z 100094a0 f i CurPost.obj
 0001:000084d0       ?IsToCN@CDrNode@@QAEHXZ    100094d0 f i CurPost.obj
 0001:00008500       ?SetToCN@CDrNode@@QAEXH@Z  10009500 f i CurPost.obj
 0001:00008530       ?IsSkewed@CDrNode@@UAEHXZ  10009530 f i CurPost.obj
 0001:00008560       ?SetSkewed@CDrNode@@UAEXH@Z 10009560 f i CurPost.obj
 0001:00008590       ?IsLinSpr@CDrNode@@UAEHXZ  10009590 f i CurPost.obj
 0001:000085c0       ?SetLinSpr@CDrNode@@UAEXH@Z 100095c0 f i CurPost.obj
 0001:000085f0       ?IsLinSnu@CDrNode@@UAEHXZ  100095f0 f i CurPost.obj
 0001:00008620       ?SetLinSnu@CDrNode@@UAEXH@Z 10009620 f i CurPost.obj
 0001:00008650       ?GetSuppCardList@CDrNode@@QAEPAV?$CList@Usupportcard@@U1@@@XZ 10009650 f i CurPost.obj
 0001:00008680       ?GetStaLCardList@CDrNode@@QAEPAV?$CList@UstaLcard@@U1@@@XZ 10009680 f i CurPost.obj
 0001:000086b0       ?GetMaxCorners@CDrLabel@@UAEHXZ 100096b0 f i CurPost.obj
 0001:000086d0       ?SetProjectedCoords@CDrLabel@@UAEXUtagPOINT@@H@Z 100096d0 f i CurPost.obj
 0001:00008710       ?IsMoved@CDrLabel@@UAEHXZ  10009710 f i CurPost.obj
 0001:00008740       ?SetMoved@CDrLabel@@UAEXH@Z 10009740 f i CurPost.obj
 0001:00008770       ?GetNodePtr@CDrLabel@@UAEPAVCDrNode@@XZ 10009770 f i CurPost.obj
 0001:000087a0       ?SetNodePtr@CDrLabel@@UAEXPAVCDrNode@@@Z 100097a0 f i CurPost.obj
 0001:000087d0       ?GetContextObj@CDrLabel@@UAE?AW4CONTEXTOBJ@@XZ 100097d0 f i CurPost.obj
 0001:00008800       ?SetContextObj@CDrLabel@@UAEXW4CONTEXTOBJ@@@Z 10009800 f i CurPost.obj
 0001:00008830       ?GetMeshElemType@CDrLabel@@UAEIXZ 10009830 f i CurPost.obj
 0001:00008860       ?SetMeshElemType@CDrLabel@@UAEXI@Z 10009860 f i CurPost.obj
 0001:00008890       ?GetColor@CDrLabel@@UAEKXZ 10009890 f i CurPost.obj
 0001:000088c0       ?SetColor@CDrLabel@@UAEXK@Z 100098c0 f i CurPost.obj
 0001:000088f0       ?GetViewNum@CDrLabel@@UAEHXZ 100098f0 f i CurPost.obj
 0001:00008920       ?SetViewNum@CDrLabel@@UAEXH@Z 10009920 f i CurPost.obj
 0001:00008950       ?GetType@CDrLabel@@UAEHXZ  10009950 f i CurPost.obj
 0001:00008980       ?SetType@CDrLabel@@UAEXH@Z 10009980 f i CurPost.obj
 0001:000089b0       ?GetText@CDrLabel@@UAE?AVCString@@XZ 100099b0 f i CurPost.obj
 0001:00008a00       ?SetText@CDrLabel@@UAEXVCString@@@Z 10009a00 f i CurPost.obj
 0001:00008a80       ?SetLogFont@CDrLabel@@UAEXUtagLOGFONTA@@@Z 10009a80 f i CurPost.obj
 0001:00008ac0       ?GetLogFont@CDrLabel@@UAE?AUtagLOGFONTA@@XZ 10009ac0 f i CurPost.obj
 0001:00008b00       ?GetOtherCorner@CDrLabel@@UAE?AUtagPOINT@@XZ 10009b00 f i CurPost.obj
 0001:00008b40       ?SetOtherCorner@CDrLabel@@UAEXUtagPOINT@@@Z 10009b40 f i CurPost.obj
 0001:00008b80       ?GetAngle@CDrLabel@@UAEHXZ 10009b80 f i CurPost.obj
 0001:00008bb0       ?SetAngle@CDrLabel@@UAEXH@Z 10009bb0 f i CurPost.obj
 0001:00008be0       ??1CDrLabel@@UAE@XZ        10009be0 f i CurPost.obj
 0001:00008c60       ??_GCDrLabel@@UAEPAXI@Z    10009c60 f i CurPost.obj
 0001:00008ca0       ??_ECDrLabel@@UAEPAXI@Z    10009ca0 f i CurPost.obj
 0001:00008d40       ??1CDlg_LQCI@@UAE@XZ       10009d40 f i CurPost.obj
 0001:00008dc0       ??1CDlg_CrcI@@UAE@XZ       10009dc0 f i CurPost.obj
 0001:00008e40       ?IsDirty@CDrCurve@@UAEHXZ  10009e40 f i CurPost.obj
 0001:00008e70       ?SetDirty@CDrCurve@@UAEXH@Z 10009e70 f i CurPost.obj
 0001:00008ea0       ?IsControlShapeNeeded@CDrCurve@@UAEHXZ 10009ea0 f i CurPost.obj
 0001:00008ed0       ?SetControlShapeNeed@CDrCurve@@UAEXH@Z 10009ed0 f i CurPost.obj
 0001:00008f00       ?IsPosted@CDrCurve@@UAEHXZ 10009f00 f i CurPost.obj
 0001:00008f30       ?SetPosted@CDrCurve@@UAEXH@Z 10009f30 f i CurPost.obj
 0001:00008f60       ?GetCN_BSList@CDrCurve@@QAEPAVCDListMgr@@XZ 10009f60 f i CurPost.obj
 0001:00008f90       ?GetVNodeList@CDrCurve@@QAEPAVCDListMgr@@XZ 10009f90 f i CurPost.obj
 0001:00008fc0       ?GetMeshElemDim@CDrCurve@@QAEHXZ 10009fc0 f i CurPost.obj
 0001:00008ff0       ?SetMeshElemDim@CDrCurve@@QAEXH@Z 10009ff0 f i CurPost.obj
 0001:00009020       ?IsIso@CDrCurve@@QAEHXZ    1000a020 f i CurPost.obj
 0001:00009050       ?SetIso@CDrCurve@@QAEXH@Z  1000a050 f i CurPost.obj
 0001:00009080       ?GetIsoToID@CDrCurve@@QAEAAVCString@@XZ 1000a080 f i CurPost.obj
 0001:000090b0       ?SetIsoToID@CDrCurve@@QAEXAAVCString@@@Z 1000a0b0 f i CurPost.obj
 0001:000090e0       ?GetCompoType@CDrCurve@@QAEHXZ 1000a0e0 f i CurPost.obj
 0001:00009110       ?SetCompoType@CDrCurve@@QAEXH@Z 1000a110 f i CurPost.obj
 0001:00009140       ?GetCompoID@CDrCurve@@QAEAAVCString@@XZ 1000a140 f i CurPost.obj
 0001:00009170       ?SetCompoID@CDrCurve@@QAEXAAVCString@@@Z 1000a170 f i CurPost.obj
 0001:000091a0       ?GetClass_S@CDrCurve@@QAEHXZ 1000a1a0 f i CurPost.obj
 0001:000091d0       ?SetClass_S@CDrCurve@@QAEXH@Z 1000a1d0 f i CurPost.obj
 0001:00009200       ?GetOutSegUnif_S@CDrCurve@@QAEHXZ 1000a200 f i CurPost.obj
 0001:00009230       ?SetOutSegUnif_S@CDrCurve@@QAEXH@Z 1000a230 f i CurPost.obj
 0001:00009260       ?IsClosed_S@CDrCurve@@QAEHXZ 1000a260 f i CurPost.obj
 0001:00009290       ?SetClosed_S@CDrCurve@@QAEXH@Z 1000a290 f i CurPost.obj
 0001:000092c0       ?GetCurveObjectType@CDrCurve@@QAEHXZ 1000a2c0 f i CurPost.obj
 0001:000092f0       ?SetCurveObjectType@CDrCurve@@QAEXH@Z 1000a2f0 f i CurPost.obj
 0001:00009320       ?GetMaxINodes_S@CDrCurve@@QAEHXZ 1000a320 f i CurPost.obj
 0001:00009350       ?SetMaxINodes_S@CDrCurve@@QAEXH@Z 1000a350 f i CurPost.obj
 0001:00009380       ?GetMaxCNodes_S@CDrCurve@@QAEHXZ 1000a380 f i CurPost.obj
 0001:000093b0       ?SetMaxCNodes_S@CDrCurve@@QAEXH@Z 1000a3b0 f i CurPost.obj
 0001:000093e0       ?GetMaxBezSegments_S@CDrCurve@@QAEHXZ 1000a3e0 f i CurPost.obj
 0001:00009410       ?SetMaxBezSegments_S@CDrCurve@@QAEXH@Z 1000a410 f i CurPost.obj
 0001:00009440       ?GetMaxOutPts_S@CDrCurve@@QAEHXZ 1000a440 f i CurPost.obj
 0001:00009470       ?SetMaxOutPts_S@CDrCurve@@QAEXH@Z 1000a470 f i CurPost.obj
 0001:000094a0       ?GetLongOutPts@CDrCurve@@QAEJXZ 1000a4a0 f i CurPost.obj
 0001:000094d0       ?SetLongOutPts@CDrCurve@@QAEXJ@Z 1000a4d0 f i CurPost.obj
 0001:00009500       ?GetCurveType_S@CDrCurve@@QAE?AW4CURVEPROC@@XZ 1000a500 f i CurPost.obj
 0001:00009530       ?SetCurveType_S@CDrCurve@@QAEXW4CURVEPROC@@@Z 1000a530 f i CurPost.obj
 0001:00009560       ?GetOutMethod@CDrCurve@@QAE?AW4CURVEOUTPUT@@XZ 1000a560 f i CurPost.obj
 0001:00009590       ?GetAlfa@CDrCurve@@QAENXZ  1000a590 f i CurPost.obj
 0001:000095c0       ?GetBias@CDrCurve@@QAENXZ  1000a5c0 f i CurPost.obj
 0001:000095f0       ?GetTension@CDrCurve@@QAENXZ 1000a5f0 f i CurPost.obj
 0001:00009620       ?IsUniform_S@CDrCurve@@QAEHXZ 1000a620 f i CurPost.obj
 0001:00009650       ?SetUniform_S@CDrCurve@@QAEXH@Z 1000a650 f i CurPost.obj
 0001:00009680       ?SetOutMethod_S@CDrCurve@@QAEXW4CURVEOUTPUT@@@Z 1000a680 f i CurPost.obj
 0001:000096b0       ?GetMaxOutSeg_S@CDrCurve@@QAEHXZ 1000a6b0 f i CurPost.obj
 0001:000096e0       ?SetMaxOutSeg_S@CDrCurve@@QAEXH@Z 1000a6e0 f i CurPost.obj
 0001:00009710       ?GetDis_AngPointer_S@CDrCurve@@QAEPANXZ 1000a710 f i CurPost.obj
 0001:00009740       ?SetDis_AngPointer_S@CDrCurve@@QAEXPAN@Z 1000a740 f i CurPost.obj
 0001:00009770       ?GetNum_tPointer_S@CDrCurve@@QAEPAHXZ 1000a770 f i CurPost.obj
 0001:000097a0       ?SetNum_tPointer_S@CDrCurve@@QAEXPAH@Z 1000a7a0 f i CurPost.obj
 0001:000097d0       ?GetDis_tPointer_S@CDrCurve@@QAEPANXZ 1000a7d0 f i CurPost.obj
 0001:00009800       ?SetDis_tPointer_S@CDrCurve@@QAEXPAN@Z 1000a800 f i CurPost.obj
 0001:00009830       ?GetNum_tPointer_Ex_S@CDrCurve@@QAEPAHXZ 1000a830 f i CurPost.obj
 0001:00009860       ?SetNum_tPointer_Ex_S@CDrCurve@@QAEXPAH@Z 1000a860 f i CurPost.obj
 0001:00009890       ?GetnBSeg_Ex_S@CDrCurve@@QAEHXZ 1000a890 f i CurPost.obj
 0001:000098c0       ?SetnBSeg_Ex_S@CDrCurve@@QAEXH@Z 1000a8c0 f i CurPost.obj
 0001:000098f0       ?GetBSegPointer_Ex_S@CDrCurve@@QAEPAHXZ 1000a8f0 f i CurPost.obj
 0001:00009920       ?SetBSegPointer_Ex_S@CDrCurve@@QAEXPAH@Z 1000a920 f i CurPost.obj
 0001:00009950       ?SetAlfa@CDrCurve@@QAEXN@Z 1000a950 f i CurPost.obj
 0001:00009990       ?SetBias@CDrCurve@@QAEXN@Z 1000a990 f i CurPost.obj
 0001:000099d0       ?SetTension@CDrCurve@@QAEXN@Z 1000a9d0 f i CurPost.obj
 0001:00009a10       ?GetMemIn@CDrCurve@@QAEPAUWORLD@@XZ 1000aa10 f i CurPost.obj
 0001:00009a40       ?GetMemInWts@CDrCurve@@QAEPANXZ 1000aa40 f i CurPost.obj
 0001:00009a70       ?GetMemInDP@CDrCurve@@QAEPAUtagPOINT@@XZ 1000aa70 f i CurPost.obj
 0001:00009aa0       ?GetMemOut@CDrCurve@@QAEPAUWORLD@@XZ 1000aaa0 f i CurPost.obj
 0001:00009ad0       ?GetMemOutWts@CDrCurve@@QAEPANXZ 1000aad0 f i CurPost.obj
 0001:00009b00       ?GetMemOutDP@CDrCurve@@QAEPAUtagPOINT@@XZ 1000ab00 f i CurPost.obj
 0001:00009b30       ?SetMemIn@CDrCurve@@QAEXPAUWORLD@@@Z 1000ab30 f i CurPost.obj
 0001:00009b60       ?SetMemInWts@CDrCurve@@QAEXPAN@Z 1000ab60 f i CurPost.obj
 0001:00009b90       ?SetMemInDP@CDrCurve@@QAEXPAUtagPOINT@@@Z 1000ab90 f i CurPost.obj
 0001:00009bc0       ?SetMemOut@CDrCurve@@QAEXPAUWORLD@@@Z 1000abc0 f i CurPost.obj
 0001:00009bf0       ?SetMemOutWts@CDrCurve@@QAEXPAN@Z 1000abf0 f i CurPost.obj
 0001:00009c20       ?SetMemOutDP@CDrCurve@@QAEXPAUtagPOINT@@@Z 1000ac20 f i CurPost.obj
 0001:00009c50       ?FixMemD@CDrCurve@@QAEPANJ@Z 1000ac50 f i CurPost.obj
 0001:00009ca0       ?FreeMemD@CDrCurve@@QAEXPAN@Z 1000aca0 f i CurPost.obj
 0001:00009cd0       ?FixMem@CDrCurve@@QAEPAUWORLD@@J@Z 1000acd0 f i CurPost.obj
 0001:00009d20       ?FreeMem@CDrCurve@@QAEXPAUWORLD@@@Z 1000ad20 f i CurPost.obj
 0001:00009d50       ?FixMemDP@CDrCurve@@QAEPAUtagPOINT@@J@Z 1000ad50 f i CurPost.obj
 0001:00009da0       ?FreeMemDP@CDrCurve@@QAEXPAUtagPOINT@@@Z 1000ada0 f i CurPost.obj
 0001:00009dd0       ?GetData_S@CDrCurve@@QAEHXZ 1000add0 f i CurPost.obj
 0001:00009e00       ?SetData_S@CDrCurve@@QAEXH@Z 1000ae00 f i CurPost.obj
 0001:00009e30       ?GetOrder_S@CDrCurve@@QAEHXZ 1000ae30 f i CurPost.obj
 0001:00009e60       ?SetOrder_S@CDrCurve@@QAEXH@Z 1000ae60 f i CurPost.obj
 0001:00009e90       ?GetKnotType_S@CDrCurve@@QAE?AW4KNOT@@XZ 1000ae90 f i CurPost.obj
 0001:00009ec0       ?SetKnotType_S@CDrCurve@@QAEXW4KNOT@@@Z 1000aec0 f i CurPost.obj
 0001:00009ef0       ?GetWtType_S@CDrCurve@@QAE?AW4WEIGHT@@XZ 1000aef0 f i CurPost.obj
 0001:00009f20       ?SetWtType_S@CDrCurve@@QAEXW4WEIGHT@@@Z 1000af20 f i CurPost.obj
 0001:00009f50       ?GetBCL_S@CDrCurve@@QAE?AW4BOUNDARY@@XZ 1000af50 f i CurPost.obj
 0001:00009f80       ?SetBCL_S@CDrCurve@@QAEXW4BOUNDARY@@@Z 1000af80 f i CurPost.obj
 0001:00009fb0       ?GetBCR_S@CDrCurve@@QAE?AW4BOUNDARY@@XZ 1000afb0 f i CurPost.obj
 0001:00009fe0       ?SetBCR_S@CDrCurve@@QAEXW4BOUNDARY@@@Z 1000afe0 f i CurPost.obj
 0001:0000a010       ?GetTanL_S@CDrCurve@@QAE?AUVECTOR@@XZ 1000b010 f i CurPost.obj
 0001:0000a050       ?SetTanL_S@CDrCurve@@QAEXUVECTOR@@@Z 1000b050 f i CurPost.obj
 0001:0000a090       ?GetTanR_S@CDrCurve@@QAE?AUVECTOR@@XZ 1000b090 f i CurPost.obj
 0001:0000a0d0       ?SetTanR_S@CDrCurve@@QAEXUVECTOR@@@Z 1000b0d0 f i CurPost.obj
 0001:0000a110       ?GetnCon_BS_S@CDrCurve@@QAEHXZ 1000b110 f i CurPost.obj
 0001:0000a140       ?SetnCon_BS_S@CDrCurve@@QAEXH@Z 1000b140 f i CurPost.obj
 0001:0000a170       ?GetnCon_BZ_S@CDrCurve@@QAEHXZ 1000b170 f i CurPost.obj
 0001:0000a1a0       ?SetnCon_BZ_S@CDrCurve@@QAEXH@Z 1000b1a0 f i CurPost.obj
 0001:0000a1d0       ?GetnMKnots_S@CDrCurve@@QAEHXZ 1000b1d0 f i CurPost.obj
 0001:0000a200       ?SetnMKnots_S@CDrCurve@@QAEXH@Z 1000b200 f i CurPost.obj
 0001:0000a230       ?GetnKnots_S@CDrCurve@@QAEHXZ 1000b230 f i CurPost.obj
 0001:0000a260       ?SetnKnots_S@CDrCurve@@QAEXH@Z 1000b260 f i CurPost.obj
 0001:0000a290       ?GetnDim_S@CDrCurve@@QAEHXZ 1000b290 f i CurPost.obj
 0001:0000a2c0       ?SetnDim_S@CDrCurve@@QAEXH@Z 1000b2c0 f i CurPost.obj
 0001:0000a2f0       ?GetpMKnots_S@CDrCurve@@QAEPANXZ 1000b2f0 f i CurPost.obj
 0001:0000a320       ?SetpMKnots_S@CDrCurve@@QAEXPAN@Z 1000b320 f i CurPost.obj
 0001:0000a350       ?GetpWts_BS_S@CDrCurve@@QAEPANXZ 1000b350 f i CurPost.obj
 0001:0000a380       ?SetpWts_BS_S@CDrCurve@@QAEXPAN@Z 1000b380 f i CurPost.obj
 0001:0000a3b0       ?GetpKnots_S@CDrCurve@@QAEPANXZ 1000b3b0 f i CurPost.obj
 0001:0000a3e0       ?SetpKnots_S@CDrCurve@@QAEXPAN@Z 1000b3e0 f i CurPost.obj
 0001:0000a410       ?GetpWts_DT_S@CDrCurve@@QAEPANXZ 1000b410 f i CurPost.obj
 0001:0000a440       ?SetpWts_DT_S@CDrCurve@@QAEXPAN@Z 1000b440 f i CurPost.obj
 0001:0000a470       ?GetpWts_BZ_S@CDrCurve@@QAEPANXZ 1000b470 f i CurPost.obj
 0001:0000a4a0       ?SetpWts_BZ_S@CDrCurve@@QAEXPAN@Z 1000b4a0 f i CurPost.obj
 0001:0000a4d0       ?GetFromIDNode_S@CDrCurve@@QAEPAVCDrNode@@XZ 1000b4d0 f i CurPost.obj
 0001:0000a500       ?SetFromIDNode_S@CDrCurve@@QAEXPAVCDrNode@@@Z 1000b500 f i CurPost.obj
 0001:0000a530       ?GetToIDNode_S@CDrCurve@@QAEPAVCDrNode@@XZ 1000b530 f i CurPost.obj
 0001:0000a560       ?SetToIDNode_S@CDrCurve@@QAEXPAVCDrNode@@@Z 1000b560 f i CurPost.obj
 0001:0000a590       ?GetData_Ex_S@CDrCurve@@QAEHXZ 1000b590 f i CurPost.obj
 0001:0000a5c0       ?SetData_Ex_S@CDrCurve@@QAEXH@Z 1000b5c0 f i CurPost.obj
 0001:0000a5f0       ?IsExpanded_S@CDrCurve@@QAEHXZ 1000b5f0 f i CurPost.obj
 0001:0000a620       ?SetExpanded_S@CDrCurve@@QAEXH@Z 1000b620 f i CurPost.obj
 0001:0000a650       ?GetMaxENodes_S@CDrCurve@@QAEHXZ 1000b650 f i CurPost.obj
 0001:0000a680       ?SetMaxENodes_S@CDrCurve@@QAEXH@Z 1000b680 f i CurPost.obj
 0001:0000a6b0       ?GetRadius_S@CDrCurve@@QAENXZ 1000b6b0 f i CurPost.obj
 0001:0000a6e0       ?SetRadius_S@CDrCurve@@QAEXN@Z 1000b6e0 f i CurPost.obj
 0001:0000a720       ?GetTheta_S@CDrCurve@@QAENXZ 1000b720 f i CurPost.obj
 0001:0000a750       ?SetTheta_S@CDrCurve@@QAEXN@Z 1000b750 f i CurPost.obj
 0001:0000a790       ?GetCenter_S@CDrCurve@@QAE?AUWORLD@@XZ 1000b790 f i CurPost.obj
 0001:0000a7d0       ?SetCenter_S@CDrCurve@@QAEXUWORLD@@@Z 1000b7d0 f i CurPost.obj
 0001:0000a840       ?GetNormal_S@CDrCurve@@QAE?AUWORLD@@XZ 1000b840 f i CurPost.obj
 0001:0000a880       ?SetNormal_S@CDrCurve@@QAEXUWORLD@@@Z 1000b880 f i CurPost.obj
 0001:0000a8f0       ?GetSegAngle_S@CDrCurve@@QAENXZ 1000b8f0 f i CurPost.obj
 0001:0000a920       ?SetSegAngle_S@CDrCurve@@QAEXN@Z 1000b920 f i CurPost.obj
 0001:0000a960       ?GetCNode_CC@CDrCurve@@QAEPAVCDrNode@@XZ 1000b960 f i CurPost.obj
 0001:0000a990       ?SetCNode_CC@CDrCurve@@QAEXPAVCDrNode@@@Z 1000b990 f i CurPost.obj
 0001:0000a9c0       ?GetCNode_TI@CDrCurve@@QAEPAVCDrNode@@XZ 1000b9c0 f i CurPost.obj
 0001:0000a9f0       ?SetCNode_TI@CDrCurve@@QAEXPAVCDrNode@@@Z 1000b9f0 f i CurPost.obj
 0001:0000aa20       ?GetCNode_CA@CDrCurve@@QAEPAVCDrNode@@XZ 1000ba20 f i CurPost.obj
 0001:0000aa50       ?SetCNode_CA@CDrCurve@@QAEXPAVCDrNode@@@Z 1000ba50 f i CurPost.obj
 0001:0000aa80       ?GetCNode_CB@CDrCurve@@QAEPAVCDrNode@@XZ 1000ba80 f i CurPost.obj
 0001:0000aab0       ?SetCNode_CB@CDrCurve@@QAEXPAVCDrNode@@@Z 1000bab0 f i CurPost.obj
 0001:0000aae0       ?IsHole_S@CDrCurve@@QAEHXZ 1000bae0 f i CurPost.obj
 0001:0000ab10       ?SetHole_S@CDrCurve@@QAEXH@Z 1000bb10 f i CurPost.obj
 0001:0000ab40       ?GetpTangents_S@CDrCurve@@QAEPAUWORLD@@XZ 1000bb40 f i CurPost.obj
 0001:0000ab70       ?SetpTangents_S@CDrCurve@@QAEXPAUWORLD@@@Z 1000bb70 f i CurPost.obj
 0001:0000aba0       ?GetpCurvatures_S@CDrCurve@@QAEPANXZ 1000bba0 f i CurPost.obj
 0001:0000abd0       ?SetpCurvatures_S@CDrCurve@@QAEXPAN@Z 1000bbd0 f i CurPost.obj
 0001:0000ac00       ?GetRatio_S@CDrCurve@@QAENXZ 1000bc00 f i CurPost.obj
 0001:0000ac30       ?SetRatio_S@CDrCurve@@QAEXN@Z 1000bc30 f i CurPost.obj
 0001:0000ac70       ?IsAxisInput@CDrCurve@@QAEHXZ 1000bc70 f i CurPost.obj
 0001:0000aca0       ?SetAxisInput@CDrCurve@@QAEXH@Z 1000bca0 f i CurPost.obj
 0001:0000acd0       ?GetAxis@CDrCurve@@QAEHXZ  1000bcd0 f i CurPost.obj
 0001:0000ad00       ?SetAxis@CDrCurve@@QAEXH@Z 1000bd00 f i CurPost.obj
 0001:0000ad30       ?IsNegative@CDrCurve@@QAEHXZ 1000bd30 f i CurPost.obj
 0001:0000ad60       ?SetNegative@CDrCurve@@QAEXH@Z 1000bd60 f i CurPost.obj
 0001:0000ad90       ?GetCircleType@CDrCurve@@QAE?AW4CIRCLETYPE@@XZ 1000bd90 f i CurPost.obj
 0001:0000adc0       ?SetCircleType@CDrCurve@@QAEXW4CIRCLETYPE@@@Z 1000bdc0 f i CurPost.obj
 0001:0000adf0       ?GetInputType@CDrCurve@@QAEHXZ 1000bdf0 f i CurPost.obj
 0001:0000ae20       ?SetInputType@CDrCurve@@QAEXH@Z 1000be20 f i CurPost.obj
 0001:0000ae50       ?IsArcType@CDrCurve@@QAEHXZ 1000be50 f i CurPost.obj
 0001:0000ae80       ?SetArcType@CDrCurve@@QAEXH@Z 1000be80 f i CurPost.obj
 0001:0000aeb0       ?GetElperSegList_S@CDrCurve@@QAEPAV?$CList@HH@@XZ 1000beb0 f i CurPost.obj
 0001:0000aee0       ?IsSkewed@CDrCurve@@UAEHXZ 1000bee0 f i CurPost.obj
 0001:0000af10       ?SetSkewed@CDrCurve@@UAEXH@Z 1000bf10 f i CurPost.obj
 0001:0000af40       ?IsLinSpr@CDrCurve@@UAEHXZ 1000bf40 f i CurPost.obj
 0001:0000af70       ?SetLinSpr@CDrCurve@@UAEXH@Z 1000bf70 f i CurPost.obj
 0001:0000afa0       ?IsLinSnu@CDrCurve@@UAEHXZ 1000bfa0 f i CurPost.obj
 0001:0000afd0       ?SetLinSnu@CDrCurve@@UAEXH@Z 1000bfd0 f i CurPost.obj
 0001:0000b000       ?CullWorld@CDrCurve@@UAEHUWORLD@@@Z 1000c000 f i CurPost.obj
 0001:0000b020       ?CullScreen@CDrCurve@@UAEHPAUMATRIX@@@Z 1000c020 f i CurPost.obj
 0001:0000b040       ?Calc_CentroidWorld@CDrCurve@@UAEXXZ 1000c040 f i CurPost.obj
 0001:0000b060       ?Calc_CentroidEye@CDrCurve@@UAEXXZ 1000c060 f i CurPost.obj
 0001:0000b080       ?Calc_CentroidScreen3D@CDrCurve@@UAEXNN@Z 1000c080 f i CurPost.obj
 0001:0000b0a0       ?Calc_NormalWorld@CDrCurve@@UAEXXZ 1000c0a0 f i CurPost.obj
 0001:0000b0c0       ?TransformNormalToEye@CDrCurve@@UAEXPAUMATRIX@@@Z 1000c0c0 f i CurPost.obj
 0001:0000b0e0       ?ProjectNormalToScreen3D@CDrCurve@@UAEXPAUMATRIX@@NN@Z 1000c0e0 f i CurPost.obj
 0001:0000b100       ?GetNormalWorld@CDrCurve@@UAEPAUWORLD@@XZ 1000c100 f i CurPost.obj
 0001:0000b120       ?SetNormalWorld@CDrCurve@@UAEXUWORLD@@@Z 1000c120 f i CurPost.obj
 0001:0000b140       ?GetNormalEye@CDrCurve@@UAEPAUWORLD@@XZ 1000c140 f i CurPost.obj
 0001:0000b160       ?SetNormalEye@CDrCurve@@UAEXUWORLD@@@Z 1000c160 f i CurPost.obj
 0001:0000b180       ?GetNormalScreen3D@CDrCurve@@UAEPAUWORLD@@XZ 1000c180 f i CurPost.obj
 0001:0000b1a0       ?SetNormalScreen3D@CDrCurve@@UAEXUWORLD@@@Z 1000c1a0 f i CurPost.obj
 0001:0000b1c0       ?GetNormalScreen2D@CDrCurve@@UAEPAUtagPOINT@@XZ 1000c1c0 f i CurPost.obj
 0001:0000b1e0       ?SetNormalScreen2D@CDrCurve@@UAEXUtagPOINT@@@Z 1000c1e0 f i CurPost.obj
 0001:0000b200       ?GetNodTopoList@CDrCurve@@QAEPAVCDListMgr@@XZ 1000c200 f i CurPost.obj
 0001:0000b230       ?GetSuppCardList@CDrCurve@@QAEPAV?$CList@Usupportcard@@U1@@@XZ 1000c230 f i CurPost.obj
 0001:0000b260       ?GetStaLCardList@CDrCurve@@QAEPAV?$CList@UstaLcard@@U1@@@XZ 1000c260 f i CurPost.obj
 0001:0000b290       ?GetBndryPtList@CDrCurve@@QAEPAV?$CList@UWORLD@@U1@@@XZ 1000c290 f i CurPost.obj
 0001:0000b2c0       ?GetBezierType@CDrCurve@@QAE?AW4BEZIERTYPE@@XZ 1000c2c0 f i CurPost.obj
 0001:0000b2f0       ?SetBezierType@CDrCurve@@QAEXW4BEZIERTYPE@@@Z 1000c2f0 f i CurPost.obj
 0001:0000b320       ?IsSubDivided@CTriangle@@UAEHXZ 1000c320 f i CurPost.obj
 0001:0000b340       ?SetSubDivided@CTriangle@@UAEXH@Z 1000c340 f i CurPost.obj
 0001:0000b370       ?GetSubTriangleIndex@CTriangle@@UAEHH@Z 1000c370 f i CurPost.obj
 0001:0000b3a0       ?SetSubTriangleIndex@CTriangle@@UAEXHH@Z 1000c3a0 f i CurPost.obj
 0001:0000b3d0       ?GetType@CTriangle@@UAEHXZ 1000c3d0 f i CurPost.obj
 0001:0000b3f0       ?SetType@CTriangle@@UAEXH@Z 1000c3f0 f i CurPost.obj
 0001:0000b420       ?GetCNIndexList@CTriangle@@UAEPAV?$CList@HH@@XZ 1000c420 f i CurPost.obj
 0001:0000b440       ?GetPatIndex@CTriangle@@UAEHXZ 1000c440 f i CurPost.obj
 0001:0000b460       ?SetPatIndex@CTriangle@@UAEXH@Z 1000c460 f i CurPost.obj
 0001:0000b490       ?GetDegree@CTriangle@@UAEHXZ 1000c490 f i CurPost.obj
 0001:0000b4b0       ?SetDegree@CTriangle@@UAEXH@Z 1000c4b0 f i CurPost.obj
 0001:0000b4e0       ?GetVertexIndex@CTriangle@@UAEHH@Z 1000c4e0 f i CurPost.obj
 0001:0000b510       ?SetVertexIndex@CTriangle@@UAEXHH@Z 1000c510 f i CurPost.obj
 0001:0000b540       ?GetVertexIndex@CTriangle@@UAEPAHXZ 1000c540 f i CurPost.obj
 0001:0000b560       ?GetNebrVertexIndex@CTriangle@@UAEHH@Z 1000c560 f i CurPost.obj
 0001:0000b590       ?SetNebrVertexIndex@CTriangle@@UAEXHH@Z 1000c590 f i CurPost.obj
 0001:0000b5c0       ?GetNebrVertexIndex@CTriangle@@UAEPAHXZ 1000c5c0 f i CurPost.obj
 0001:0000b5e0       ?GetNebrTriangleIndex@CTriangle@@UAEHH@Z 1000c5e0 f i CurPost.obj
 0001:0000b610       ?SetNebrTriangleIndex@CTriangle@@UAEXHH@Z 1000c610 f i CurPost.obj
 0001:0000b640       ?GetNebrTriangleIndex@CTriangle@@UAEPAHXZ 1000c640 f i CurPost.obj
 0001:0000b660       ?GetOutSeg@CTriangle@@UAEHXZ 1000c660 f i CurPost.obj
 0001:0000b680       ?SetOutSeg@CTriangle@@UAEXH@Z 1000c680 f i CurPost.obj
 0001:0000b6b0       ?GetiOutGlo@CTriangle@@UAEHXZ 1000c6b0 f i CurPost.obj
 0001:0000b6e0       ?SetiOutGlo@CTriangle@@UAEXH@Z 1000c6e0 f i CurPost.obj
 0001:0000b710       ?GetjOutGlo@CTriangle@@UAEHXZ 1000c710 f i CurPost.obj
 0001:0000b740       ?SetjOutGlo@CTriangle@@UAEXH@Z 1000c740 f i CurPost.obj
 0001:0000b770       ??1CTriangle@@UAE@XZ       1000c770 f i CurPost.obj
 0001:0000b7f0       ??_GCTriangle@@UAEPAXI@Z   1000c7f0 f i CurPost.obj
 0001:0000b830       ??_ECTriangle@@UAEPAXI@Z   1000c830 f i CurPost.obj
 0001:0000b8d0       ?GetCategory@CDrPatch@@UAE?AW4CATEGORY@@XZ 1000c8d0 f i CurPost.obj
 0001:0000b8f0       ?SetCategory@CDrPatch@@UAEXW4CATEGORY@@@Z 1000c8f0 f i CurPost.obj
 0001:0000b920       ?IsNormalNeeded@CDrPatch@@UAEHXZ 1000c920 f i CurPost.obj
 0001:0000b950       ?SetNormalNeed@CDrPatch@@UAEXH@Z 1000c950 f i CurPost.obj
 0001:0000b980       ?GetCurveType_T@CDrPatch@@QAE?AW4CURVEPROC@@XZ 1000c980 f i CurPost.obj
 0001:0000b9b0       ?SetCurveType_T@CDrPatch@@QAEXW4CURVEPROC@@@Z 1000c9b0 f i CurPost.obj
 0001:0000b9e0       ?GetOutSegUnif_T@CDrPatch@@QAEHXZ 1000c9e0 f i CurPost.obj
 0001:0000ba10       ?SetOutSegUnif_T@CDrPatch@@QAEXH@Z 1000ca10 f i CurPost.obj
 0001:0000ba40       ?IsClosed_T@CDrPatch@@QAEHXZ 1000ca40 f i CurPost.obj
 0001:0000ba70       ?SetClosed_T@CDrPatch@@QAEXH@Z 1000ca70 f i CurPost.obj
 0001:0000baa0       ?GetMaxBezSegments_T@CDrPatch@@QAEHXZ 1000caa0 f i CurPost.obj
 0001:0000bad0       ?SetMaxBezSegments_T@CDrPatch@@QAEXH@Z 1000cad0 f i CurPost.obj
 0001:0000bb00       ?GetMaxCNodes_T@CDrPatch@@QAEHXZ 1000cb00 f i CurPost.obj
 0001:0000bb30       ?SetMaxCNodes_T@CDrPatch@@QAEXH@Z 1000cb30 f i CurPost.obj
 0001:0000bb60       ?GetMaxOutPts_T@CDrPatch@@QAEHXZ 1000cb60 f i CurPost.obj
 0001:0000bb90       ?SetMaxOutPts_T@CDrPatch@@QAEXH@Z 1000cb90 f i CurPost.obj
 0001:0000bbc0       ?GetNodes_S@CDrPatch@@QAEHXZ 1000cbc0 f i CurPost.obj
 0001:0000bbf0       ?SetNodes_S@CDrPatch@@QAEXH@Z 1000cbf0 f i CurPost.obj
 0001:0000bc20       ?GetNodes_T@CDrPatch@@QAEHXZ 1000cc20 f i CurPost.obj
 0001:0000bc50       ?SetNodes_T@CDrPatch@@QAEXH@Z 1000cc50 f i CurPost.obj
 0001:0000bc80       ?GetPrimaryDir@CDrPatch@@QAEHXZ 1000cc80 f i CurPost.obj
 0001:0000bcb0       ?SetPrimaryDir@CDrPatch@@QAEXH@Z 1000ccb0 f i CurPost.obj
 0001:0000bce0       ?GetBlendCurve@CDrPatch@@QAEPAVCDrCurve@@XZ 1000cce0 f i CurPost.obj
 0001:0000bd10       ?SetBlendCurve@CDrPatch@@QAEXPAVCDrCurve@@@Z 1000cd10 f i CurPost.obj
 0001:0000bd40       ?GetBlendCurve_U@CDrPatch@@QAEPAVCDrCurve@@XZ 1000cd40 f i CurPost.obj
 0001:0000bd70       ?SetBlendCurve_U@CDrPatch@@QAEXPAVCDrCurve@@@Z 1000cd70 f i CurPost.obj
 0001:0000bda0       ?GetBlendCurve_V@CDrPatch@@QAEPAVCDrCurve@@XZ 1000cda0 f i CurPost.obj
 0001:0000bdd0       ?SetBlendCurve_V@CDrPatch@@QAEXPAVCDrCurve@@@Z 1000cdd0 f i CurPost.obj
 0001:0000be00       ?GetBlendCurve_W@CDrPatch@@QAEPAVCDrCurve@@XZ 1000ce00 f i CurPost.obj
 0001:0000be30       ?SetBlendCurve_W@CDrPatch@@QAEXPAVCDrCurve@@@Z 1000ce30 f i CurPost.obj
 0001:0000be60       ?GetVCurveList@CDrPatch@@QAEPAVCDListMgr@@XZ 1000ce60 f i CurPost.obj
 0001:0000be90       ?GetCurveList_U@CDrPatch@@QAEPAVCDListMgr@@XZ 1000ce90 f i CurPost.obj
 0001:0000bec0       ?GetCurveList_V@CDrPatch@@QAEPAVCDListMgr@@XZ 1000cec0 f i CurPost.obj
 0001:0000bef0       ?GetCurveList_W@CDrPatch@@QAEPAVCDListMgr@@XZ 1000cef0 f i CurPost.obj
 0001:0000bf20       ?GetCurveLatchList_U@CDrPatch@@QAEPAV?$CList@W4CURVELATCH@@W41@@@XZ 1000cf20 f i CurPost.obj
 0001:0000bf50       ?GetCurveLatchList_V@CDrPatch@@QAEPAV?$CList@W4CURVELATCH@@W41@@@XZ 1000cf50 f i CurPost.obj
 0001:0000bf80       ?GetCurveLatchList_W@CDrPatch@@QAEPAV?$CList@W4CURVELATCH@@W41@@@XZ 1000cf80 f i CurPost.obj
 0001:0000bfb0       ?IsAdvancedEnd_U@CDrPatch@@QAEHXZ 1000cfb0 f i CurPost.obj
 0001:0000bfe0       ?SetAdvancedEnd_U@CDrPatch@@QAEXH@Z 1000cfe0 f i CurPost.obj
 0001:0000c010       ?GetCornerTwist_U@CDrPatch@@QAEPAY01UWORLD@@XZ 1000d010 f i CurPost.obj
 0001:0000c040       ?SetCornerTwist_U@CDrPatch@@QAEXPAY01UWORLD@@@Z 1000d040 f i CurPost.obj
 0001:0000c070       ?GetTwistMethod_U@CDrPatch@@QAE?AW4TWIST@@XZ 1000d070 f i CurPost.obj
 0001:0000c0a0       ?SetTwistMethod_U@CDrPatch@@QAEXW4TWIST@@@Z 1000d0a0 f i CurPost.obj
 0001:0000c0d0       ?IsAdvancedEnd_V@CDrPatch@@QAEHXZ 1000d0d0 f i CurPost.obj
 0001:0000c100       ?SetAdvancedEnd_V@CDrPatch@@QAEXH@Z 1000d100 f i CurPost.obj
 0001:0000c130       ?GetCornerTwist_V@CDrPatch@@QAEPAY01UWORLD@@XZ 1000d130 f i CurPost.obj
 0001:0000c160       ?SetCornerTwist_V@CDrPatch@@QAEXPAY01UWORLD@@@Z 1000d160 f i CurPost.obj
 0001:0000c190       ?GetTwistMethod_V@CDrPatch@@QAE?AW4TWIST@@XZ 1000d190 f i CurPost.obj
 0001:0000c1c0       ?SetTwistMethod_V@CDrPatch@@QAEXW4TWIST@@@Z 1000d1c0 f i CurPost.obj
 0001:0000c1f0       ?GetEndList_U@CDrPatch@@QAEPAV?$CList@Ublendend@@U1@@@XZ 1000d1f0 f i CurPost.obj
 0001:0000c220       ?GetEndList_V@CDrPatch@@QAEPAV?$CList@Ublendend@@U1@@@XZ 1000d220 f i CurPost.obj
 0001:0000c250       ?GetElperSegList_T@CDrPatch@@QAEPAV?$CList@HH@@XZ 1000d250 f i CurPost.obj
 0001:0000c280       ?GetCurveID@CDrPatch@@QAE?AVCString@@H@Z 1000d280 f i CurPost.obj
 0001:0000c2d0       ?SetCurveID@CDrPatch@@QAEXVCString@@H@Z 1000d2d0 f i CurPost.obj
 0001:0000c350       ?GetBndryCurve@CDrPatch@@QAEPAVCDrCurve@@H@Z 1000d350 f i CurPost.obj
 0001:0000c380       ?SetCurve@CDrPatch@@QAEXPAVCDrCurve@@H@Z 1000d380 f i CurPost.obj
 0001:0000c3b0       ?GetCurveLatch@CDrPatch@@QAE?AW4CURVELATCH@@H@Z 1000d3b0 f i CurPost.obj
 0001:0000c3e0       ?SetCurveLatch@CDrPatch@@QAEXW4CURVELATCH@@H@Z 1000d3e0 f i CurPost.obj
 0001:0000c410       ?GetFromIDNode_T@CDrPatch@@QAEPAVCDrNode@@XZ 1000d410 f i CurPost.obj
 0001:0000c440       ?SetFromIDNode_T@CDrPatch@@QAEXPAVCDrNode@@@Z 1000d440 f i CurPost.obj
 0001:0000c470       ?GetToIDNode_T@CDrPatch@@QAEPAVCDrNode@@XZ 1000d470 f i CurPost.obj
 0001:0000c4a0       ?SetToIDNode_T@CDrPatch@@QAEXPAVCDrNode@@@Z 1000d4a0 f i CurPost.obj
 0001:0000c4d0       ?GetFromPtLocal_T@CDrPatch@@QAEPAUWORLD@@XZ 1000d4d0 f i CurPost.obj
 0001:0000c500       ?SetFromPtLocal_T@CDrPatch@@QAEXUWORLD@@@Z 1000d500 f i CurPost.obj
 0001:0000c540       ?GetToPtLocal_T@CDrPatch@@QAEPAUWORLD@@XZ 1000d540 f i CurPost.obj
 0001:0000c570       ?SetToPtLocal_T@CDrPatch@@QAEXUWORLD@@@Z 1000d570 f i CurPost.obj
 0001:0000c5b0       ?GetFromPtWorld_T@CDrPatch@@QAEPAUWORLD@@XZ 1000d5b0 f i CurPost.obj
 0001:0000c5e0       ?SetFromPtWorld_T@CDrPatch@@QAEXUWORLD@@@Z 1000d5e0 f i CurPost.obj
 0001:0000c620       ?GetToPtWorld_T@CDrPatch@@QAEPAUWORLD@@XZ 1000d620 f i CurPost.obj
 0001:0000c650       ?SetToPtWorld_T@CDrPatch@@QAEXUWORLD@@@Z 1000d650 f i CurPost.obj
 0001:0000c690       ?GetFromPtEye_T@CDrPatch@@QAEPAUWORLD@@XZ 1000d690 f i CurPost.obj
 0001:0000c6c0       ?SetFromPtEye_T@CDrPatch@@QAEXUWORLD@@@Z 1000d6c0 f i CurPost.obj
 0001:0000c700       ?GetToPtEye_T@CDrPatch@@QAEPAUWORLD@@XZ 1000d700 f i CurPost.obj
 0001:0000c730       ?SetToPtEye_T@CDrPatch@@QAEXUWORLD@@@Z 1000d730 f i CurPost.obj
 0001:0000c770       ?GetAxis_T@CDrPatch@@QAEPAUWORLD@@XZ 1000d770 f i CurPost.obj
 0001:0000c7a0       ?SetAxis_T@CDrPatch@@QAEXUWORLD@@@Z 1000d7a0 f i CurPost.obj
 0001:0000c7e0       ?GetExtruType_T@CDrPatch@@QAEHXZ 1000d7e0 f i CurPost.obj
 0001:0000c810       ?SetExtruType_T@CDrPatch@@QAEXH@Z 1000d810 f i CurPost.obj
 0001:0000c840       ?GetLength_T@CDrPatch@@QAENXZ 1000d840 f i CurPost.obj
 0001:0000c870       ?SetLength_T@CDrPatch@@QAEXN@Z 1000d870 f i CurPost.obj
 0001:0000c8b0       ?GetWorldLength_T@CDrPatch@@QAE?AUWORLD@@XZ 1000d8b0 f i CurPost.obj
 0001:0000c8f0       ?SetWorldLength_T@CDrPatch@@QAEXUWORLD@@@Z 1000d8f0 f i CurPost.obj
 0001:0000c930       ?GetSegs_T@CDrPatch@@QAEHXZ 1000d930 f i CurPost.obj
 0001:0000c960       ?SetSegs_T@CDrPatch@@QAEXH@Z 1000d960 f i CurPost.obj
 0001:0000c990       ?IsAxisInput_T@CDrPatch@@QAEHXZ 1000d990 f i CurPost.obj
 0001:0000c9c0       ?SetAxisInput_T@CDrPatch@@QAEXH@Z 1000d9c0 f i CurPost.obj
 0001:0000c9f0       ?GetAxisType_T@CDrPatch@@QAEHXZ 1000d9f0 f i CurPost.obj
 0001:0000ca20       ?SetAxisType_T@CDrPatch@@QAEXH@Z 1000da20 f i CurPost.obj
 0001:0000ca50       ?IsNegative_T@CDrPatch@@QAEHXZ 1000da50 f i CurPost.obj
 0001:0000ca80       ?SetNegative_T@CDrPatch@@QAEXH@Z 1000da80 f i CurPost.obj
 0001:0000cab0       ?GetCircleType_T@CDrPatch@@QAE?AW4CIRCLETYPE@@XZ 1000dab0 f i CurPost.obj
 0001:0000cae0       ?SetCircleType_T@CDrPatch@@QAEXW4CIRCLETYPE@@@Z 1000dae0 f i CurPost.obj
 0001:0000cb10       ?GetAng_1_T@CDrPatch@@QAENXZ 1000db10 f i CurPost.obj
 0001:0000cb40       ?SetAng_1_T@CDrPatch@@QAEXN@Z 1000db40 f i CurPost.obj
 0001:0000cb80       ?GetAng_2_T@CDrPatch@@QAENXZ 1000db80 f i CurPost.obj
 0001:0000cbb0       ?SetAng_2_T@CDrPatch@@QAEXN@Z 1000dbb0 f i CurPost.obj
 0001:0000cbf0       ?GetPatchProc@CDrPatch@@QAE?AW4PATCHPROC@@XZ 1000dbf0 f i CurPost.obj
 0001:0000cc20       ?SetPatchProc@CDrPatch@@QAEXW4PATCHPROC@@@Z 1000dc20 f i CurPost.obj
 0001:0000cc50       ?GetPatchType@CDrPatch@@QAE?AW4PATCHTYPE@@XZ 1000dc50 f i CurPost.obj
 0001:0000cc80       ?SetPatchType@CDrPatch@@QAEXW4PATCHTYPE@@@Z 1000dc80 f i CurPost.obj
 0001:0000ccb0       ?GetPatSubType@CDrPatch@@QAE?AW4PATSUBTYPE@@XZ 1000dcb0 f i CurPost.obj
 0001:0000cce0       ?SetPatSubType@CDrPatch@@QAEXW4PATSUBTYPE@@@Z 1000dce0 f i CurPost.obj
 0001:0000cd10       ?GetOut_S@CDrPatch@@QAEHXZ 1000dd10 f i CurPost.obj
 0001:0000cd40       ?SetOut_S@CDrPatch@@QAEXH@Z 1000dd40 f i CurPost.obj
 0001:0000cd70       ?GetOut_T@CDrPatch@@QAEHXZ 1000dd70 f i CurPost.obj
 0001:0000cda0       ?SetOut_T@CDrPatch@@QAEXH@Z 1000dda0 f i CurPost.obj
 0001:0000cdd0       ?GetTotalElems@CDrPatch@@QAEJXZ 1000ddd0 f i CurPost.obj
 0001:0000ce00       ?SetTotalElems@CDrPatch@@QAEXJ@Z 1000de00 f i CurPost.obj
 0001:0000ce30       ?GetPtrTangents_S@CDrPatch@@QAEPAUWORLD@@XZ 1000de30 f i CurPost.obj
 0001:0000ce60       ?GetPtrTangents_T@CDrPatch@@QAEPAUWORLD@@XZ 1000de60 f i CurPost.obj
 0001:0000ce90       ?GetPtrNormals@CDrPatch@@QAEPAUWORLD@@XZ 1000de90 f i CurPost.obj
 0001:0000cec0       ?GetPtrTwists@CDrPatch@@QAEPAUWORLD@@XZ 1000dec0 f i CurPost.obj
 0001:0000cef0       ?GetMemIn@CDrPatch@@UAEPAUWORLD@@H@Z 1000def0 f i CurPost.obj
 0001:0000cf20       ?SetMemIn@CDrPatch@@UAEXPAUWORLD@@H@Z 1000df20 f i CurPost.obj
 0001:0000cf50       ?SetMemIn@CDrPatch@@UAEXPAUWORLD@@@Z 1000df50 f i CurPost.obj
 0001:0000cf80       ?SetMemInDP@CDrPatch@@UAEXPAUtagPOINT@@@Z 1000df80 f i CurPost.obj
 0001:0000cfb0       ?SetMemOut@CDrPatch@@UAEXPAUWORLD@@@Z 1000dfb0 f i CurPost.obj
 0001:0000cfe0       ?SetMemOutDP@CDrPatch@@UAEXPAUtagPOINT@@@Z 1000dfe0 f i CurPost.obj
 0001:0000d010       ?IsUniform_T@CDrPatch@@QAEHXZ 1000e010 f i CurPost.obj
 0001:0000d040       ?SetUniform_T@CDrPatch@@QAEXH@Z 1000e040 f i CurPost.obj
 0001:0000d070       ?GetClass_T@CDrPatch@@QAEHXZ 1000e070 f i CurPost.obj
 0001:0000d0a0       ?SetClass_T@CDrPatch@@QAEXH@Z 1000e0a0 f i CurPost.obj
 0001:0000d0d0       ?GetOrder_T@CDrPatch@@QAEHXZ 1000e0d0 f i CurPost.obj
 0001:0000d100       ?SetOrder_T@CDrPatch@@QAEXH@Z 1000e100 f i CurPost.obj
 0001:0000d130       ?GetnDim_T@CDrPatch@@QAEHXZ 1000e130 f i CurPost.obj
 0001:0000d160       ?SetnDim_T@CDrPatch@@QAEXH@Z 1000e160 f i CurPost.obj
 0001:0000d190       ?GetOutMethod_T@CDrPatch@@QAE?AW4PATCHOUTPUT@@XZ 1000e190 f i CurPost.obj
 0001:0000d1c0       ?SetOutMethod_T@CDrPatch@@QAEXW4PATCHOUTPUT@@@Z 1000e1c0 f i CurPost.obj
 0001:0000d1f0       ?GetMaxOutSeg_T@CDrPatch@@QAEHXZ 1000e1f0 f i CurPost.obj
 0001:0000d220       ?SetMaxOutSeg_T@CDrPatch@@QAEXH@Z 1000e220 f i CurPost.obj
 0001:0000d250       ?GetNum_tPointer_T@CDrPatch@@QAEPAHXZ 1000e250 f i CurPost.obj
 0001:0000d280       ?SetNum_tPointer_T@CDrPatch@@QAEXPAH@Z 1000e280 f i CurPost.obj
 0001:0000d2b0       ?GetDis_tPointer_T@CDrPatch@@QAEPANXZ 1000e2b0 f i CurPost.obj
 0001:0000d2e0       ?SetDis_tPointer_T@CDrPatch@@QAEXPAN@Z 1000e2e0 f i CurPost.obj
 0001:0000d310       ?GetNum_tPointer_Ex_T@CDrPatch@@QAEPAHXZ 1000e310 f i CurPost.obj
 0001:0000d340       ?SetNum_tPointer_Ex_T@CDrPatch@@QAEXPAH@Z 1000e340 f i CurPost.obj
 0001:0000d370       ?GetDis_AngPointer_T@CDrPatch@@QAEPANXZ 1000e370 f i CurPost.obj
 0001:0000d3a0       ?SetDis_AngPointer_T@CDrPatch@@QAEXPAN@Z 1000e3a0 f i CurPost.obj
 0001:0000d3d0       ?GetData_Ex_T@CDrPatch@@QAEHXZ 1000e3d0 f i CurPost.obj
 0001:0000d400       ?SetData_Ex_T@CDrPatch@@QAEXH@Z 1000e400 f i CurPost.obj
 0001:0000d430       ?IsExpanded_T@CDrPatch@@QAEHXZ 1000e430 f i CurPost.obj
 0001:0000d460       ?SetExpanded_T@CDrPatch@@QAEXH@Z 1000e460 f i CurPost.obj
 0001:0000d490       ?GetMaxENodes_T@CDrPatch@@QAEHXZ 1000e490 f i CurPost.obj
 0001:0000d4c0       ?SetMaxENodes_T@CDrPatch@@QAEXH@Z 1000e4c0 f i CurPost.obj
 0001:0000d4f0       ?GetRadius_T@CDrPatch@@QAENXZ 1000e4f0 f i CurPost.obj
 0001:0000d520       ?SetRadius_T@CDrPatch@@QAEXN@Z 1000e520 f i CurPost.obj
 0001:0000d560       ?GetTheta_T@CDrPatch@@QAENXZ 1000e560 f i CurPost.obj
 0001:0000d590       ?SetTheta_T@CDrPatch@@QAEXN@Z 1000e590 f i CurPost.obj
 0001:0000d5d0       ?GetCenter_T@CDrPatch@@QAE?AUWORLD@@XZ 1000e5d0 f i CurPost.obj
 0001:0000d610       ?SetCenter_T@CDrPatch@@QAEXUWORLD@@@Z 1000e610 f i CurPost.obj
 0001:0000d680       ?GetNormal_T@CDrPatch@@QAE?AUWORLD@@XZ 1000e680 f i CurPost.obj
 0001:0000d6c0       ?SetNormal_T@CDrPatch@@QAEXUWORLD@@@Z 1000e6c0 f i CurPost.obj
 0001:0000d730       ?GetSegAngle_T@CDrPatch@@QAENXZ 1000e730 f i CurPost.obj
 0001:0000d760       ?SetSegAngle_T@CDrPatch@@QAEXN@Z 1000e760 f i CurPost.obj
 0001:0000d7a0       ?IsHole_T@CDrPatch@@QAEHXZ 1000e7a0 f i CurPost.obj
 0001:0000d7d0       ?SetHole_T@CDrPatch@@QAEXH@Z 1000e7d0 f i CurPost.obj
 0001:0000d800       ?GetpTangents_T@CDrPatch@@QAEPAUWORLD@@XZ 1000e800 f i CurPost.obj
 0001:0000d830       ?SetpTangents_T@CDrPatch@@QAEXPAUWORLD@@@Z 1000e830 f i CurPost.obj
 0001:0000d860       ?GetpCurvatures_T@CDrPatch@@QAEPANXZ 1000e860 f i CurPost.obj
 0001:0000d890       ?SetpCurvatures_T@CDrPatch@@QAEXPAN@Z 1000e890 f i CurPost.obj
 0001:0000d8c0       ?GetRatio_T@CDrPatch@@QAENXZ 1000e8c0 f i CurPost.obj
 0001:0000d8f0       ?SetRatio_T@CDrPatch@@QAEXN@Z 1000e8f0 f i CurPost.obj
 0001:0000d930       ?GetTwistType_T@CDrPatch@@QAEHXZ 1000e930 f i CurPost.obj
 0001:0000d960       ?SetTwistType_T@CDrPatch@@QAEXH@Z 1000e960 f i CurPost.obj
 0001:0000d990       ?GetTwistList_T@CDrPatch@@QAEPAV?$CList@NN@@XZ 1000e990 f i CurPost.obj
 0001:0000d9c0       ?GetScaleType_T@CDrPatch@@QAEHXZ 1000e9c0 f i CurPost.obj
 0001:0000d9f0       ?SetScaleType_T@CDrPatch@@QAEXH@Z 1000e9f0 f i CurPost.obj
 0001:0000da20       ?GetScaleList_T@CDrPatch@@QAEPAV?$CList@NN@@XZ 1000ea20 f i CurPost.obj
 0001:0000da50       ?IsIncTwist_T@CDrPatch@@QAEHXZ 1000ea50 f i CurPost.obj
 0001:0000da80       ?SetIncTwist_T@CDrPatch@@QAEXH@Z 1000ea80 f i CurPost.obj
 0001:0000dab0       ?GetTwistMult_T@CDrPatch@@QAENXZ 1000eab0 f i CurPost.obj
 0001:0000dae0       ?SetTwistMult_T@CDrPatch@@QAEXN@Z 1000eae0 f i CurPost.obj
 0001:0000db20       ?GetTwistStart_T@CDrPatch@@QAENXZ 1000eb20 f i CurPost.obj
 0001:0000db50       ?SetTwistStart_T@CDrPatch@@QAEXN@Z 1000eb50 f i CurPost.obj
 0001:0000db90       ?IsIncScale_T@CDrPatch@@QAEHXZ 1000eb90 f i CurPost.obj
 0001:0000dbc0       ?SetIncScale_T@CDrPatch@@QAEXH@Z 1000ebc0 f i CurPost.obj
 0001:0000dbf0       ?GetScaleMult_T@CDrPatch@@QAENXZ 1000ebf0 f i CurPost.obj
 0001:0000dc20       ?SetScaleMult_T@CDrPatch@@QAEXN@Z 1000ec20 f i CurPost.obj
 0001:0000dc60       ?GetScaleStart_T@CDrPatch@@QAENXZ 1000ec60 f i CurPost.obj
 0001:0000dc90       ?SetScaleStart_T@CDrPatch@@QAEXN@Z 1000ec90 f i CurPost.obj
 0001:0000dcd0       ?GetWorldTwistMult_T@CDrPatch@@QAE?AUWORLD@@XZ 1000ecd0 f i CurPost.obj
 0001:0000dd10       ?SetWorldTwistMult_T@CDrPatch@@QAEXUWORLD@@@Z 1000ed10 f i CurPost.obj
 0001:0000dd50       ?GetWorldTwistStart_T@CDrPatch@@QAE?AUWORLD@@XZ 1000ed50 f i CurPost.obj
 0001:0000dd90       ?SetWorldTwistStart_T@CDrPatch@@QAEXUWORLD@@@Z 1000ed90 f i CurPost.obj
 0001:0000ddd0       ?GetWorldScaleMult_T@CDrPatch@@QAE?AUWORLD@@XZ 1000edd0 f i CurPost.obj
 0001:0000de10       ?SetWorldScaleMult_T@CDrPatch@@QAEXUWORLD@@@Z 1000ee10 f i CurPost.obj
 0001:0000de50       ?GetWorldScaleStart_T@CDrPatch@@QAE?AUWORLD@@XZ 1000ee50 f i CurPost.obj
 0001:0000de90       ?SetWorldScaleStart_T@CDrPatch@@QAEXUWORLD@@@Z 1000ee90 f i CurPost.obj
 0001:0000ded0       ?GetTriangleList@CDrPatch@@UAEPAVCDListMgr@@XZ 1000eed0 f i CurPost.obj
 0001:0000df00       ?GetnOutGlo_S@CDrPatch@@QAEHXZ 1000ef00 f i CurPost.obj
 0001:0000df30       ?SetnOutGlo_S@CDrPatch@@QAEXH@Z 1000ef30 f i CurPost.obj
 0001:0000df60       ?IsGenBCurve@CDrPatch@@QAEHXZ 1000ef60 f i CurPost.obj
 0001:0000df90       ?SetGenBCurve@CDrPatch@@QAEXH@Z 1000ef90 f i CurPost.obj
 0001:0000dfc0       ?IsEndCondMode@CSheet_PATI@@QAEHXZ 1000efc0 f i CurPost.obj
 0001:0000dff0       ?SetEndCondMode@CSheet_PATI@@QAEXH@Z 1000eff0 f i CurPost.obj
 0001:0000e020       ?Parse_drPipe@CDrFE1D@@UAEXPAVCString@@@Z 1000f020 f i CurPost.obj
 0001:0000e040       ?DoFormattedCardView@CDrFE1D@@UAEXPAVCString@@AAV2@@Z 1000f040 f i CurPost.obj
 0001:0000e060       ?DoUnFormattedCardView@CDrFE1D@@UAEXPAVCString@@@Z 1000f060 f i CurPost.obj
 0001:0000e080       ?GetMaxCorners@CDrFE1D@@UAEHXZ 1000f080 f i CurPost.obj
 0001:0000e0a0       ?GetMemIn@CDrFE1D@@UAEPAUWORLD@@XZ 1000f0a0 f i CurPost.obj
 0001:0000e0d0       ?GetMemInWts@CDrFE1D@@UAEPANXZ 1000f0d0 f i CurPost.obj
 0001:0000e100       ?GetMemInDP@CDrFE1D@@UAEPAUtagPOINT@@XZ 1000f100 f i CurPost.obj
 0001:0000e130       ?GetMemOut@CDrFE1D@@UAEPAUWORLD@@XZ 1000f130 f i CurPost.obj
 0001:0000e160       ?GetMemOutWts@CDrFE1D@@UAEPANXZ 1000f160 f i CurPost.obj
 0001:0000e190       ?GetMemOutDP@CDrFE1D@@UAEPAUtagPOINT@@XZ 1000f190 f i CurPost.obj
 0001:0000e1c0       ?SetMemIn@CDrFE1D@@UAEXPAUWORLD@@@Z 1000f1c0 f i CurPost.obj
 0001:0000e1f0       ?SetMemInWts@CDrFE1D@@UAEXPAN@Z 1000f1f0 f i CurPost.obj
 0001:0000e220       ?SetMemInDP@CDrFE1D@@UAEXPAUtagPOINT@@@Z 1000f220 f i CurPost.obj
 0001:0000e250       ?SetMemOut@CDrFE1D@@UAEXPAUWORLD@@@Z 1000f250 f i CurPost.obj
 0001:0000e280       ?SetMemOutWts@CDrFE1D@@UAEXPAN@Z 1000f280 f i CurPost.obj
 0001:0000e2b0       ?SetMemOutDP@CDrFE1D@@UAEXPAUtagPOINT@@@Z 1000f2b0 f i CurPost.obj
 0001:0000e2e0       ?FixMemD@CDrFE1D@@UAEPANJ@Z 1000f2e0 f i CurPost.obj
 0001:0000e330       ?FreeMemD@CDrFE1D@@UAEXPAN@Z 1000f330 f i CurPost.obj
 0001:0000e360       ?FixMem@CDrFE1D@@UAEPAUWORLD@@J@Z 1000f360 f i CurPost.obj
 0001:0000e3b0       ?FreeMem@CDrFE1D@@UAEXPAUWORLD@@@Z 1000f3b0 f i CurPost.obj
 0001:0000e3e0       ?FixMemDP@CDrFE1D@@UAEPAUtagPOINT@@J@Z 1000f3e0 f i CurPost.obj
 0001:0000e430       ?FreeMemDP@CDrFE1D@@UAEXPAUtagPOINT@@@Z 1000f430 f i CurPost.obj
 0001:0000e460       ?GetnNodes@CDrFE1D@@QAEFXZ 1000f460 f i CurPost.obj
 0001:0000e490       ?SetnNodes@CDrFE1D@@QAEXF@Z 1000f490 f i CurPost.obj
 0001:0000e4c0       ?GetEdgeDegree@CDrFE1D@@QAEFXZ 1000f4c0 f i CurPost.obj
 0001:0000e4f0       ?SetEdgeDegree@CDrFE1D@@QAEXF@Z 1000f4f0 f i CurPost.obj
 0001:0000e520       ?GetElNumID@CDrFE1D@@QAEAAVCString@@XZ 1000f520 f i CurPost.obj
 0001:0000e550       ?SetElNumID@CDrFE1D@@QAEXVCString@@@Z 1000f550 f i CurPost.obj
 0001:0000e5d0       ?GetElTypeID@CDrFE1D@@QAEAAVCString@@XZ 1000f5d0 f i CurPost.obj
 0001:0000e600       ?SetElTypeID@CDrFE1D@@QAEXVCString@@@Z 1000f600 f i CurPost.obj
 0001:0000e680       ?Getline_id@CDrFE1D@@QAEAAVCString@@XZ 1000f680 f i CurPost.obj
 0001:0000e6b0       ?Setline_id@CDrFE1D@@QAEXVCString@@@Z 1000f6b0 f i CurPost.obj
 0001:0000e730       ?Getrid@CDrFE1D@@UAEAAVCString@@H@Z 1000f730 f i CurPost.obj
 0001:0000e760       ?Setrid@CDrFE1D@@UAEXVCString@@H@Z 1000f760 f i CurPost.obj
 0001:0000e7e0       ?Getpid@CDrFE1D@@QAEAAVCString@@XZ 1000f7e0 f i CurPost.obj
 0001:0000e810       ?Setpid@CDrFE1D@@QAEXVCString@@@Z 1000f810 f i CurPost.obj
 0001:0000e890       ?Getmid@CDrFE1D@@QAEAAVCString@@XZ 1000f890 f i CurPost.obj
 0001:0000e8c0       ?Setmid@CDrFE1D@@QAEXVCString@@@Z 1000f8c0 f i CurPost.obj
 0001:0000e940       ?GetElNum@CDrFE1D@@QAEIXZ  1000f940 f i CurPost.obj
 0001:0000e970       ?SetElNum@CDrFE1D@@QAEXI@Z 1000f970 f i CurPost.obj
 0001:0000e9a0       ?GetElTypeNum@CDrFE1D@@QAEIXZ 1000f9a0 f i CurPost.obj
 0001:0000e9d0       ?SetElTypeNum@CDrFE1D@@QAEXI@Z 1000f9d0 f i CurPost.obj
 0001:0000ea00       ?Getline_no@CDrFE1D@@QAEIXZ 1000fa00 f i CurPost.obj
 0001:0000ea30       ?Setline_no@CDrFE1D@@QAEXI@Z 1000fa30 f i CurPost.obj
 0001:0000ea60       ?Getrel@CDrFE1D@@UAEIH@Z   1000fa60 f i CurPost.obj
 0001:0000ea90       ?Setrel@CDrFE1D@@UAEXIH@Z  1000fa90 f i CurPost.obj
 0001:0000eac0       ?Getprop@CDrFE1D@@QAEIXZ   1000fac0 f i CurPost.obj
 0001:0000eaf0       ?Setprop@CDrFE1D@@QAEXI@Z  1000faf0 f i CurPost.obj
 0001:0000eb20       ?Getmat@CDrFE1D@@QAEIXZ    1000fb20 f i CurPost.obj
 0001:0000eb50       ?Setmat@CDrFE1D@@QAEXI@Z   1000fb50 f i CurPost.obj
 0001:0000eb80       ?Getnumseg@CDrFE1D@@QAEIXZ 1000fb80 f i CurPost.obj
 0001:0000ebb0       ?Setnumseg@CDrFE1D@@QAEXI@Z 1000fbb0 f i CurPost.obj
 0001:0000ebe0       ?GetRefTemp@CDrFE1D@@QAENXZ 1000fbe0 f i CurPost.obj
 0001:0000ec10       ?SetRefTemp@CDrFE1D@@QAEXN@Z 1000fc10 f i CurPost.obj
 0001:0000ec50       ?GetCardNo@CDrFE1D@@QAEIXZ 1000fc50 f i CurPost.obj
 0001:0000ec80       ?SetCardNo@CDrFE1D@@QAEXI@Z 1000fc80 f i CurPost.obj
 0001:0000ecb0       ?GetCenter@CDrFE1D@@UAE?AUtagPOINT@@XZ 1000fcb0 f i CurPost.obj
 0001:0000ecf0       ?SetCenter@CDrFE1D@@UAEXUtagPOINT@@@Z 1000fcf0 f i CurPost.obj
 0001:0000ed30       ?Parse_drPipe@CDrFE2D@@UAEXPAVCString@@@Z 1000fd30 f i CurPost.obj
 0001:0000ed50       ?DoFormattedCardView@CDrFE2D@@UAEXPAVCString@@AAV2@@Z 1000fd50 f i CurPost.obj
 0001:0000ed70       ?DoUnFormattedCardView@CDrFE2D@@UAEXPAVCString@@@Z 1000fd70 f i CurPost.obj
 0001:0000ed90       ?GetMaxCorners@CDrFE2D@@UAEHXZ 1000fd90 f i CurPost.obj
 0001:0000edc0       ?GetCentroidScreen2D@CDrFE2D@@UAEPAUtagPOINT@@XZ 1000fdc0 f i CurPost.obj
 0001:0000edf0       ?SetCentroidScreen2D@CDrFE2D@@UAEXUtagPOINT@@@Z 1000fdf0 f i CurPost.obj
 0001:0000ee30       ?GetCentroidScreen3D@CDrFE2D@@UAEPAUWORLD@@XZ 1000fe30 f i CurPost.obj
 0001:0000ee60       ?SetCentroidScreen3D@CDrFE2D@@UAEXUWORLD@@@Z 1000fe60 f i CurPost.obj
 0001:0000eea0       ?GetCentroidEye@CDrFE2D@@UAEPAUWORLD@@XZ 1000fea0 f i CurPost.obj
 0001:0000eed0       ?SetCentroidEye@CDrFE2D@@UAEXUWORLD@@@Z 1000fed0 f i CurPost.obj
 0001:0000ef10       ?GetCentroidWorld@CDrFE2D@@UAEPAUWORLD@@XZ 1000ff10 f i CurPost.obj
 0001:0000ef40       ?SetCentroidWorld@CDrFE2D@@UAEXUWORLD@@@Z 1000ff40 f i CurPost.obj
 0001:0000ef80       ?GetCentroidZdepth@CDrFE2D@@UAENXZ 1000ff80 f i CurPost.obj
 0001:0000efb0       ?SetCentroidZdepth@CDrFE2D@@UAEXN@Z 1000ffb0 f i CurPost.obj
 0001:0000eff0       ?GetNormalWorld@CDrFE2D@@UAEPAUWORLD@@XZ 1000fff0 f i CurPost.obj
 0001:0000f020       ?SetNormalWorld@CDrFE2D@@UAEXUWORLD@@@Z 10010020 f i CurPost.obj
 0001:0000f060       ?GetNormalEye@CDrFE2D@@UAEPAUWORLD@@XZ 10010060 f i CurPost.obj
 0001:0000f090       ?SetNormalEye@CDrFE2D@@UAEXUWORLD@@@Z 10010090 f i CurPost.obj
 0001:0000f0d0       ?GetNormalScreen3D@CDrFE2D@@UAEPAUWORLD@@XZ 100100d0 f i CurPost.obj
 0001:0000f100       ?SetNormalScreen3D@CDrFE2D@@UAEXUWORLD@@@Z 10010100 f i CurPost.obj
 0001:0000f140       ?GetNormalScreen2D@CDrFE2D@@UAEPAUtagPOINT@@XZ 10010140 f i CurPost.obj
 0001:0000f170       ?SetNormalScreen2D@CDrFE2D@@UAEXUtagPOINT@@@Z 10010170 f i CurPost.obj
 0001:0000f1b0       ?IsCulled@CDrFE2D@@UAEHXZ  100101b0 f i CurPost.obj
 0001:0000f1e0       ?SetCulled@CDrFE2D@@UAEXH@Z 100101e0 f i CurPost.obj
 0001:0000f210       ?GetnNodes@CDrFE2D@@QAEFXZ 10010210 f i CurPost.obj
 0001:0000f240       ?SetnNodes@CDrFE2D@@QAEXF@Z 10010240 f i CurPost.obj
 0001:0000f270       ?GetnEdgeNodes@CDrFE2D@@QAEFXZ 10010270 f i CurPost.obj
 0001:0000f2a0       ?SetnEdgeNodes@CDrFE2D@@QAEXF@Z 100102a0 f i CurPost.obj
 0001:0000f2d0       ?GetElNumID@CDrFE2D@@QAEAAVCString@@XZ 100102d0 f i CurPost.obj
 0001:0000f300       ?SetElNumID@CDrFE2D@@QAEXVCString@@@Z 10010300 f i CurPost.obj
 0001:0000f380       ?GetElTypeID@CDrFE2D@@QAEAAVCString@@XZ 10010380 f i CurPost.obj
 0001:0000f3b0       ?SetElTypeID@CDrFE2D@@QAEXVCString@@@Z 100103b0 f i CurPost.obj
 0001:0000f430       ?Getline_id@CDrFE2D@@QAEAAVCString@@XZ 10010430 f i CurPost.obj
 0001:0000f460       ?Setline_id@CDrFE2D@@QAEXVCString@@@Z 10010460 f i CurPost.obj
 0001:0000f4e0       ?Getpid@CDrFE2D@@QAEAAVCString@@XZ 100104e0 f i CurPost.obj
 0001:0000f510       ?Setpid@CDrFE2D@@QAEXVCString@@@Z 10010510 f i CurPost.obj
 0001:0000f590       ?Getmid@CDrFE2D@@QAEAAVCString@@XZ 10010590 f i CurPost.obj
 0001:0000f5c0       ?Setmid@CDrFE2D@@QAEXVCString@@@Z 100105c0 f i CurPost.obj
 0001:0000f640       ?GetElNum@CDrFE2D@@QAEIXZ  10010640 f i CurPost.obj
 0001:0000f670       ?SetElNum@CDrFE2D@@QAEXI@Z 10010670 f i CurPost.obj
 0001:0000f6a0       ?GetElTypeNum@CDrFE2D@@QAEIXZ 100106a0 f i CurPost.obj
 0001:0000f6d0       ?SetElTypeNum@CDrFE2D@@QAEXI@Z 100106d0 f i CurPost.obj
 0001:0000f700       ?Getline_no@CDrFE2D@@QAEIXZ 10010700 f i CurPost.obj
 0001:0000f730       ?Setline_no@CDrFE2D@@QAEXI@Z 10010730 f i CurPost.obj
 0001:0000f760       ?Getprop@CDrFE2D@@QAEIXZ   10010760 f i CurPost.obj
 0001:0000f790       ?Setprop@CDrFE2D@@QAEXI@Z  10010790 f i CurPost.obj
 0001:0000f7c0       ?Getmat@CDrFE2D@@QAEIXZ    100107c0 f i CurPost.obj
 0001:0000f7f0       ?Setmat@CDrFE2D@@QAEXI@Z   100107f0 f i CurPost.obj
 0001:0000f820       ?Getnumseg@CDrFE2D@@QAEIXZ 10010820 f i CurPost.obj
 0001:0000f850       ?Setnumseg@CDrFE2D@@QAEXI@Z 10010850 f i CurPost.obj
 0001:0000f880       ?GetRefTemp@CDrFE2D@@QAENXZ 10010880 f i CurPost.obj
 0001:0000f8b0       ?SetRefTemp@CDrFE2D@@QAEXN@Z 100108b0 f i CurPost.obj
 0001:0000f8f0       ?GetCardNo@CDrFE2D@@QAEIXZ 100108f0 f i CurPost.obj
 0001:0000f920       ?SetCardNo@CDrFE2D@@QAEXI@Z 10010920 f i CurPost.obj
 0001:0000f950       ?GetCenter@CDrFE2D@@UAE?AUtagPOINT@@XZ 10010950 f i CurPost.obj
 0001:0000f990       ?SetCenter@CDrFE2D@@UAEXUtagPOINT@@@Z 10010990 f i CurPost.obj
 0001:0000f9d0       ?IsPosiEdge@CDrFE2D@@QAEHH@Z 100109d0 f i CurPost.obj
 0001:0000fa00       ?SetPosiEdge@CDrFE2D@@QAEXHH@Z 10010a00 f i CurPost.obj
 0001:0000fa30       ?Getrid@CDrFE2D@@UAEAAVCString@@H@Z 10010a30 f i CurPost.obj
 0001:0000fa60       ?Setrid@CDrFE2D@@UAEXVCString@@H@Z 10010a60 f i CurPost.obj
 0001:0000fae0       ?Getrel@CDrFE2D@@UAEIH@Z   10010ae0 f i CurPost.obj
 0001:0000fb10       ?Setrel@CDrFE2D@@UAEXIH@Z  10010b10 f i CurPost.obj
 0001:0000fb40       ?GetnCorners@CDrFE2D@@UAEFXZ 10010b40 f i CurPost.obj
 0001:0000fb70       ?SetnCorners@CDrFE2D@@UAEXF@Z 10010b70 f i CurPost.obj
 0001:0000fba0       ?GetnEdges@CDrFE2D@@UAEFXZ 10010ba0 f i CurPost.obj
 0001:0000fbd0       ?SetnEdges@CDrFE2D@@UAEXF@Z 10010bd0 f i CurPost.obj
 0001:0000fc00       ?GetElDegree@CDrFE2D@@UAE?AW4ELEM_DEGREE@@XZ 10010c00 f i CurPost.obj
 0001:0000fc30       ?SetElDegree@CDrFE2D@@UAEXW4ELEM_DEGREE@@@Z 10010c30 f i CurPost.obj
 0001:0000fc60       ?GetEdgeDegrees@CDrFE2D@@UAEFH@Z 10010c60 f i CurPost.obj
 0001:0000fc90       ?SetEdgeDegrees@CDrFE2D@@UAEXFH@Z 10010c90 f i CurPost.obj
 0001:0000fcc0       ?GetThkness@CDrFE2D@@UAENXZ 10010cc0 f i CurPost.obj
 0001:0000fcf0       ?SetThkness@CDrFE2D@@UAEXN@Z 10010cf0 f i CurPost.obj
 0001:0000fd30       ?IsNormalNeeded@CDrSolid@@UAEHXZ 10010d30 f i CurPost.obj
 0001:0000fd60       ?SetNormalNeed@CDrSolid@@UAEXH@Z 10010d60 f i CurPost.obj
 0001:0000fd90       ?GetCurveType_R@CDrSolid@@QAE?AW4CURVEPROC@@XZ 10010d90 f i CurPost.obj
 0001:0000fdc0       ?SetCurveType_R@CDrSolid@@QAEXW4CURVEPROC@@@Z 10010dc0 f i CurPost.obj
 0001:0000fdf0       ?GetOutSegUnif_R@CDrSolid@@QAEHXZ 10010df0 f i CurPost.obj
 0001:0000fe20       ?SetOutSegUnif_R@CDrSolid@@QAEXH@Z 10010e20 f i CurPost.obj
 0001:0000fe50       ?IsClosed_R@CDrSolid@@QAEHXZ 10010e50 f i CurPost.obj
 0001:0000fe80       ?SetClosed_R@CDrSolid@@QAEXH@Z 10010e80 f i CurPost.obj
 0001:0000feb0       ?GetSolidObjectType@CDrSolid@@QAEHXZ 10010eb0 f i CurPost.obj
 0001:0000fee0       ?SetSolidObjectType@CDrSolid@@QAEXH@Z 10010ee0 f i CurPost.obj
 0001:0000ff10       ?GetMaxBezSegments_R@CDrSolid@@QAEHXZ 10010f10 f i CurPost.obj
 0001:0000ff40       ?SetMaxBezSegments_R@CDrSolid@@QAEXH@Z 10010f40 f i CurPost.obj
 0001:0000ff70       ?GetMaxCNodes_R@CDrSolid@@QAEHXZ 10010f70 f i CurPost.obj
 0001:0000ffa0       ?SetMaxCNodes_R@CDrSolid@@QAEXH@Z 10010fa0 f i CurPost.obj
 0001:0000ffd0       ?GetMaxOutPts_R@CDrSolid@@QAEHXZ 10010fd0 f i CurPost.obj
 0001:00010000       ?SetMaxOutPts_R@CDrSolid@@QAEXH@Z 10011000 f i CurPost.obj
 0001:00010030       ?GetPatchID@CDrSolid@@QAE?AVCString@@H@Z 10011030 f i CurPost.obj
 0001:00010080       ?SetPatchID@CDrSolid@@QAEXVCString@@H@Z 10011080 f i CurPost.obj
 0001:00010100       ?GetFromIDNode_R@CDrSolid@@QAEPAVCDrNode@@XZ 10011100 f i CurPost.obj
 0001:00010130       ?SetFromIDNode_R@CDrSolid@@QAEXPAVCDrNode@@@Z 10011130 f i CurPost.obj
 0001:00010160       ?GetToIDNode_R@CDrSolid@@QAEPAVCDrNode@@XZ 10011160 f i CurPost.obj
 0001:00010190       ?SetToIDNode_R@CDrSolid@@QAEXPAVCDrNode@@@Z 10011190 f i CurPost.obj
 0001:000101c0       ?GetFromPtLocal_R@CDrSolid@@QAEPAUWORLD@@XZ 100111c0 f i CurPost.obj
 0001:000101f0       ?SetFromPtLocal_R@CDrSolid@@QAEXUWORLD@@@Z 100111f0 f i CurPost.obj
 0001:00010230       ?GetToPtLocal_R@CDrSolid@@QAEPAUWORLD@@XZ 10011230 f i CurPost.obj
 0001:00010260       ?SetToPtLocal_R@CDrSolid@@QAEXUWORLD@@@Z 10011260 f i CurPost.obj
 0001:000102a0       ?GetFromPtWorld_R@CDrSolid@@QAEPAUWORLD@@XZ 100112a0 f i CurPost.obj
 0001:000102d0       ?SetFromPtWorld_R@CDrSolid@@QAEXUWORLD@@@Z 100112d0 f i CurPost.obj
 0001:00010310       ?GetToPtWorld_R@CDrSolid@@QAEPAUWORLD@@XZ 10011310 f i CurPost.obj
 0001:00010340       ?SetToPtWorld_R@CDrSolid@@QAEXUWORLD@@@Z 10011340 f i CurPost.obj
 0001:00010380       ?GetFromPtEye_R@CDrSolid@@QAEPAUWORLD@@XZ 10011380 f i CurPost.obj
 0001:000103b0       ?SetFromPtEye_R@CDrSolid@@QAEXUWORLD@@@Z 100113b0 f i CurPost.obj
 0001:000103f0       ?GetToPtEye_R@CDrSolid@@QAEPAUWORLD@@XZ 100113f0 f i CurPost.obj
 0001:00010420       ?SetToPtEye_R@CDrSolid@@QAEXUWORLD@@@Z 10011420 f i CurPost.obj
 0001:00010460       ?GetAxis_R@CDrSolid@@QAEPAUWORLD@@XZ 10011460 f i CurPost.obj
 0001:00010490       ?SetAxis_R@CDrSolid@@QAEXUWORLD@@@Z 10011490 f i CurPost.obj
 0001:000104d0       ?GetExtruType_R@CDrSolid@@QAEHXZ 100114d0 f i CurPost.obj
 0001:00010500       ?SetExtruType_R@CDrSolid@@QAEXH@Z 10011500 f i CurPost.obj
 0001:00010530       ?GetLength_R@CDrSolid@@QAENXZ 10011530 f i CurPost.obj
 0001:00010560       ?SetLength_R@CDrSolid@@QAEXN@Z 10011560 f i CurPost.obj
 0001:000105a0       ?GetWorldLength_R@CDrSolid@@QAE?AUWORLD@@XZ 100115a0 f i CurPost.obj
 0001:000105e0       ?SetWorldLength_R@CDrSolid@@QAEXUWORLD@@@Z 100115e0 f i CurPost.obj
 0001:00010620       ?GetSegs_R@CDrSolid@@QAEHXZ 10011620 f i CurPost.obj
 0001:00010650       ?SetSegs_R@CDrSolid@@QAEXH@Z 10011650 f i CurPost.obj
 0001:00010680       ?GetSolidProc@CDrSolid@@QAE?AW4SOLIDPROC@@XZ 10011680 f i CurPost.obj
 0001:000106b0       ?SetSolidProc@CDrSolid@@QAEXW4SOLIDPROC@@@Z 100116b0 f i CurPost.obj
 0001:000106e0       ?GetSolidType@CDrSolid@@QAE?AW4SOLIDTYPE@@XZ 100116e0 f i CurPost.obj
 0001:00010710       ?SetSolidType@CDrSolid@@QAEXW4SOLIDTYPE@@@Z 10011710 f i CurPost.obj
 0001:00010740       ?GetSolSubType@CDrSolid@@QAE?AW4SOLSUBTYPE@@XZ 10011740 f i CurPost.obj
 0001:00010770       ?SetSolSubType@CDrSolid@@QAEXW4SOLSUBTYPE@@@Z 10011770 f i CurPost.obj
 0001:000107a0       ?GetOut_R@CDrSolid@@QAEHXZ 100117a0 f i CurPost.obj
 0001:000107d0       ?SetOut_R@CDrSolid@@QAEXH@Z 100117d0 f i CurPost.obj
 0001:00010800       ?IsUniform_R@CDrSolid@@QAEHXZ 10011800 f i CurPost.obj
 0001:00010830       ?SetUniform_R@CDrSolid@@QAEXH@Z 10011830 f i CurPost.obj
 0001:00010860       ?GetOrder_R@CDrSolid@@QAEHXZ 10011860 f i CurPost.obj
 0001:00010890       ?SetOrder_R@CDrSolid@@QAEXH@Z 10011890 f i CurPost.obj
 0001:000108c0       ?GetnDim_R@CDrSolid@@QAEHXZ 100118c0 f i CurPost.obj
 0001:000108f0       ?SetnDim_R@CDrSolid@@QAEXH@Z 100118f0 f i CurPost.obj
 0001:00010920       ?GetOutMethod_R@CDrSolid@@QAE?AW4SOLIDOUTPUT@@XZ 10011920 f i CurPost.obj
 0001:00010950       ?SetOutMethod_R@CDrSolid@@QAEXW4SOLIDOUTPUT@@@Z 10011950 f i CurPost.obj
 0001:00010980       ?GetMaxOutSeg_R@CDrSolid@@QAEHXZ 10011980 f i CurPost.obj
 0001:000109b0       ?SetMaxOutSeg_R@CDrSolid@@QAEXH@Z 100119b0 f i CurPost.obj
 0001:000109e0       ?GetNum_tPointer_R@CDrSolid@@QAEPAHXZ 100119e0 f i CurPost.obj
 0001:00010a10       ?SetNum_tPointer_R@CDrSolid@@QAEXPAH@Z 10011a10 f i CurPost.obj
 0001:00010a40       ?GetDis_tPointer_R@CDrSolid@@QAEPANXZ 10011a40 f i CurPost.obj
 0001:00010a70       ?SetDis_tPointer_R@CDrSolid@@QAEXPAN@Z 10011a70 f i CurPost.obj
 0001:00010aa0       ?GetNum_tPointer_Ex_R@CDrSolid@@QAEPAHXZ 10011aa0 f i CurPost.obj
 0001:00010ad0       ?SetNum_tPointer_Ex_R@CDrSolid@@QAEXPAH@Z 10011ad0 f i CurPost.obj
[...]
 0004:00000d54       __imp_?Post_Curve_Elements@CMI_Gang1@@QAEHPAVCDrObject@@0II@Z 1007ed54     MMs1_D32:MMs1_D32.dll
 0004:00000d58       __imp_?GenPost_CurveNodes@CMI_Gang1@@QAEHPAVCDrMesh1D@@PAVCDrCurve@@HH@Z 1007ed58     MMs1_D32:MMs1_D32.dll
 0004:00000d5c       __imp_?Post_CurveNodes_IorC@CMI_Gang1@@QAEHPAVCDrCurve@@PAUWORLD@@HH@Z 1007ed5c     MMs1_D32:MMs1_D32.dll
 0004:00000d60       __imp_??1CMI_Gang1@@UAE@XZ 1007ed60     MMs1_D32:MMs1_D32.dll
 0004:00000d64       __imp_??0CMI_Gang1@@QAE@XZ 1007ed64     MMs1_D32:MMs1_D32.dll
 0004:00000d68       \177MMs1_D32_NULL_THUNK_DATA 1007ed68     MMs1_D32:MMs1_D32.dll
 0004:00000d98       __imp_?Post_Patch_TRIANGLES@CMI_Tang2@@QAEHPAVCDrObject@@0II@Z 1007ed98     MMs2_D32:MMs2_D32.dll
 0004:00000d9c       __imp_?Post_PatchNodes_FE0D_4@CMI_Qang2@@QAEHPAVCDrObject@@IPAUWORLD@@HHHHHH@Z 1007ed9c     MMs2_D32:MMs2_D32.dll
 0004:00000da0       __imp_?Post_Patch_QUADRILATS@CMI_Qang2@@QAEHPAVCDrObject@@0II@Z 1007eda0     MMs2_D32:MMs2_D32.dll
 0004:00000da4       __imp_??1CMI_Tang2@@UAE@XZ 1007eda4     MMs2_D32:MMs2_D32.dll
 0004:00000da8       __imp_?ShowPatchInfo@CMI_Gang2@@QAEHPAVCDrPatch@@@Z 1007eda8     MMs2_D32:MMs2_D32.dll
 0004:00000dac       __imp_??0CMI_Tang2@@QAE@XZ 1007edac     MMs2_D32:MMs2_D32.dll
 0004:00000db0       __imp_?Post_PatchNodes_IorC_3@CMI_Tang2@@QAEHPAVCDrPatch@@PAUWORLD@@HH@Z 1007edb0     MMs2_D32:MMs2_D32.dll
 0004:00000db4       __imp_?Post_PatchNodes_FE0D_3@CMI_Tang2@@QAEHPAVCDrObject@@IPAVCDrPatch@@PAUWORLD@@HHH@Z 1007edb4     MMs2_D32:MMs2_D32.dll
 0004:00000db8       __imp_?Post_PatchEdges_FE1D_4@CMI_Qang2@@QAEHPAVCDrMesh2D@@@Z 1007edb8     MMs2_D32:MMs2_D32.dll
 0004:00000dbc       __imp_?Post_PatchEdges_FE1D_3@CMI_Tang2@@QAEHPAVCDrMesh2D@@@Z 1007edbc     MMs2_D32:MMs2_D32.dll
 0004:00000dc0       __imp_??0CMI_Qang2@@QAE@XZ 1007edc0     MMs2_D32:MMs2_D32.dll
 0004:00000dc4       __imp_?Post_PatchNodes_IorC_4@CMI_Qang2@@QAEHPAVCDrPatch@@PAUWORLD@@HH@Z 1007edc4     MMs2_D32:MMs2_D32.dll
 0004:00000dc8       __imp_??1CMI_Qang2@@UAE@XZ 1007edc8     MMs2_D32:MMs2_D32.dll
 0004:00000dcc       \177MMs2_D32_NULL_THUNK_DATA 1007edcc     MMs2_D32:MMs2_D32.dll
 0004:00000e00       __imp_?FillMeshNodesPatch@CMI_GangP@@QAEHPAVCDrPatch@@PAUWORLD@@PAN@Z 1007ee00     MPat_D32:MPat_D32.dll
 0004:00000e04       __imp_??1CMI_GangP@@UAE@XZ 1007ee04     MPat_D32:MPat_D32.dll
 0004:00000e08       __imp_??0CMI_GangP@@QAE@XZ 1007ee08     MPat_D32:MPat_D32.dll
 0004:00000e0c       \177MPat_D32_NULL_THUNK_DATA 1007ee0c     MPat_D32:MPat_D32.dll
 0004:00000e38       __imp___initterm           1007ee38     msvcrtd:MSVCRTD.dll
 0004:00000e3c       __imp___malloc_dbg         1007ee3c     msvcrtd:MSVCRTD.dll
 0004:00000e40       __imp___adjust_fdiv        1007ee40     msvcrtd:MSVCRTD.dll
 0004:00000e44       __imp___onexit             1007ee44     msvcrtd:MSVCRTD.dll
 0004:00000e48       __imp_??1type_info@@UAE@XZ 1007ee48     msvcrtd:MSVCRTD.dll
 0004:00000e4c       __imp__memset              1007ee4c     msvcrtd:MSVCRTD.dll
 0004:00000e50       __imp__sprintf             1007ee50     msvcrtd:MSVCRTD.dll
 0004:00000e54       __imp__sqrt                1007ee54     msvcrtd:MSVCRTD.dll
 0004:00000e58       __imp____CxxFrameHandler   1007ee58     msvcrtd:MSVCRTD.dll
 0004:00000e5c       __imp____dllonexit         1007ee5c     msvcrtd:MSVCRTD.dll
 0004:00000e60       __imp_?terminate@@YAXXZ    1007ee60     msvcrtd:MSVCRTD.dll
 0004:00000e64       __imp___free_dbg           1007ee64     msvcrtd:MSVCRTD.dll
 0004:00000e68       __imp___except_handler3    1007ee68     msvcrtd:MSVCRTD.dll
 0004:00000e6c       \177MSVCRTD_NULL_THUNK_DATA 1007ee6c     msvcrtd:MSVCRTD.dll
 0004:00000ea0       __imp_?GetRuntimeClass@CTriangle@@UBEPAUCRuntimeClass@@XZ 1007eea0     OGen_D32:OGEN_D32.dll
 0004:00000ea4       \177OGEN_D32_NULL_THUNK_DATA 1007eea4     OGen_D32:OGEN_D32.dll
 0004:00000ed0       __imp_?ShowObject_On_Off@CObjectMgr@@QAEHPAVCDrObject@@IH@Z 1007eed0     OMgr_D32:OMgr_D32.dll
 0004:00000ed4       __imp_?UpdateAllViewsWithActiveIndex@CMsObjMgr@@QAEXPAVCView@@IH@Z 1007eed4     OMgr_D32:OMgr_D32.dll
 0004:00000ed8       __imp_?UpdateAllViewsWithActiveIndex@CObjectMgr@@QAEXPAVCView@@IH@Z 1007eed8     OMgr_D32:OMgr_D32.dll
 0004:00000edc       __imp_?GetSpecObject@CObjectMgr@@QAEPAVCDrObject@@H@Z 1007eedc     OMgr_D32:OMgr_D32.dll
 0004:00000ee0       __imp_?SetElemInfoID@CMsObjMgr@@QAEHAAVCString@@I@Z 1007eee0     OMgr_D32:OMgr_D32.dll
 0004:00000ee4       \177OMgr_D32_NULL_THUNK_DATA 1007eee4     OMgr_D32:OMgr_D32.dll
 0004:00000f14       __imp_?InsertObject@CDListMgr@@QAEHPAVCObject@@@Z 1007ef14     Spec_d32:Spec_D32.dll
 0004:00000f18       __imp_?GetObjectA@CDListMgr@@QAEPAVCObject@@H@Z 1007ef18     Spec_d32:Spec_D32.dll
 0004:00000f1c       __imp_?GetObjectIndex@CDListMgr@@QAEHIVCString@@@Z 1007ef1c     Spec_d32:Spec_D32.dll
 0004:00000f20       __imp_??1CDListMgr@@UAE@XZ 1007ef20     Spec_d32:Spec_D32.dll
 0004:00000f24       __imp_?GetRuntimeClass@CUnit@@UBEPAUCRuntimeClass@@XZ 1007ef24     Spec_d32:Spec_D32.dll
 0004:00000f28       __imp_?Serialize@CUnit@@UAEXAAVCArchive@@@Z 1007ef28     Spec_d32:Spec_D32.dll
 0004:00000f2c       __imp_?DoDataView@CUnit@@UAEXPAVCDC@@H@Z 1007ef2c     Spec_d32:Spec_D32.dll
 0004:00000f30       __imp_?Pack_drPipe@CUnit@@UAEXPAVCString@@@Z 1007ef30     Spec_d32:Spec_D32.dll
 0004:00000f34       __imp_?GetObjectInfo@CUnit@@UAEXPAVCDrObject@@@Z 1007ef34     Spec_d32:Spec_D32.dll
 0004:00000f38       __imp_?SetObjectInfo@CUnit@@UAEXPAVCDrObject@@@Z 1007ef38     Spec_d32:Spec_D32.dll
 0004:00000f3c       __imp_?ReadDefaultUnit@CUnit@@UAEXXZ 1007ef3c     Spec_d32:Spec_D32.dll
 0004:00000f40       __imp_?InitUnit@CUnit@@UAEXXZ 1007ef40     Spec_d32:Spec_D32.dll
 0004:00000f44       __imp_?GetRuntimeClass@CScaleFactor@@UBEPAUCRuntimeClass@@XZ 1007ef44     Spec_d32:Spec_D32.dll
 0004:00000f48       __imp_?Serialize@CScaleFactor@@UAEXAAVCArchive@@@Z 1007ef48     Spec_d32:Spec_D32.dll
 0004:00000f4c       __imp_?DoDataView@CScaleFactor@@UAEXPAVCDC@@H@Z 1007ef4c     Spec_d32:Spec_D32.dll
 0004:00000f50       __imp_?Pack_drPipe@CScaleFactor@@UAEXPAVCString@@@Z 1007ef50     Spec_d32:Spec_D32.dll
 0004:00000f54       __imp_?GetObjectInfo@CScaleFactor@@UAEXPAVCDrObject@@@Z 1007ef54     Spec_d32:Spec_D32.dll
 0004:00000f58       __imp_?SetObjectInfo@CScaleFactor@@UAEXPAVCDrObject@@@Z 1007ef58     Spec_d32:Spec_D32.dll
 0004:00000f5c       __imp_?ReadDefaultScaleFactor@CScaleFactor@@UAEXXZ 1007ef5c     Spec_d32:Spec_D32.dll
 0004:00000f60       __imp_?InitScaleFactor@CScaleFactor@@UAEXXZ 1007ef60     Spec_d32:Spec_D32.dll
 0004:00000f64       __imp_?GetRuntimeClass@CPrecision@@UBEPAUCRuntimeClass@@XZ 1007ef64     Spec_d32:Spec_D32.dll
 0004:00000f68       __imp_?Serialize@CPrecision@@UAEXAAVCArchive@@@Z 1007ef68     Spec_d32:Spec_D32.dll
 0004:00000f6c       __imp_?DoDataView@CPrecision@@UAEXPAVCDC@@H@Z 1007ef6c     Spec_d32:Spec_D32.dll
 0004:00000f70       __imp_?Pack_drPipe@CPrecision@@UAEXPAVCString@@@Z 1007ef70     Spec_d32:Spec_D32.dll
 0004:00000f74       __imp_?GetObjectInfo@CPrecision@@UAEXPAVCDrObject@@@Z 1007ef74     Spec_d32:Spec_D32.dll
 0004:00000f78       __imp_?SetObjectInfo@CPrecision@@UAEXPAVCDrObject@@@Z 1007ef78     Spec_d32:Spec_D32.dll
 0004:00000f7c       __imp_?ReadDefaultPrecision@CPrecision@@UAEXXZ 1007ef7c     Spec_d32:Spec_D32.dll
 0004:00000f80       __imp_?InitPrecision@CPrecision@@UAEXXZ 1007ef80     Spec_d32:Spec_D32.dll
 0004:00000f84       __imp_?GetRuntimeClass@CMapFactor@@UBEPAUCRuntimeClass@@XZ 1007ef84     Spec_d32:Spec_D32.dll
 0004:00000f88       __imp_?Serialize@CMapFactor@@UAEXAAVCArchive@@@Z 1007ef88     Spec_d32:Spec_D32.dll
 0004:00000f8c       __imp_?DoDataView@CMapFactor@@UAEXPAVCDC@@H@Z 1007ef8c     Spec_d32:Spec_D32.dll
 0004:00000f90       __imp_?Pack_drPipe@CMapFactor@@UAEXPAVCString@@@Z 1007ef90     Spec_d32:Spec_D32.dll
 0004:00000f94       __imp_?GetObjectInfo@CMapFactor@@UAEXPAVCDrObject@@@Z 1007ef94     Spec_d32:Spec_D32.dll
 0004:00000f98       __imp_?SetObjectInfo@CMapFactor@@UAEXPAVCDrObject@@@Z 1007ef98     Spec_d32:Spec_D32.dll
 0004:00000f9c       __imp_?ReadDefaultMapFactor@CMapFactor@@UAEXXZ 1007ef9c     Spec_d32:Spec_D32.dll
 0004:00000fa0       __imp_?InitMapFactor@CMapFactor@@UAEXXZ 1007efa0     Spec_d32:Spec_D32.dll
 0004:00000fa4       __imp_?GetRuntimeClass@CObj3DMnu@@UBEPAUCRuntimeClass@@XZ 1007efa4     Spec_d32:Spec_D32.dll
 0004:00000fa8       __imp_?Serialize@CObj3DMnu@@UAEXAAVCArchive@@@Z 1007efa8     Spec_d32:Spec_D32.dll
 0004:00000fac       __imp_?DoDataView@CObj3DMnu@@UAEXPAVCDC@@H@Z 1007efac     Spec_d32:Spec_D32.dll
 0004:00000fb0       __imp_?Pack_drPipe@CObj3DMnu@@UAEXPAVCString@@@Z 1007efb0     Spec_d32:Spec_D32.dll
 0004:00000fb4       __imp_?GetObjectInfo@CObj3DMnu@@UAEXPAVCDrObject@@@Z 1007efb4     Spec_d32:Spec_D32.dll
 0004:00000fb8       __imp_?SetObjectInfo@CObj3DMnu@@UAEXPAVCDrObject@@@Z 1007efb8     Spec_d32:Spec_D32.dll
 0004:00000fbc       __imp_?GetObj3DMnuInfo@CObj3DMnu@@UAE?AVCString@@I@Z 1007efbc     Spec_d32:Spec_D32.dll
 0004:00000fc0       __imp_?SetObj3DMnuInfo@CObj3DMnu@@UAEXII@Z 1007efc0     Spec_d32:Spec_D32.dll
 0004:00000fc4       __imp_?GetObj3DMnuIDArray@CObj3DMnu@@UAEXQAVCString@@@Z 1007efc4     Spec_d32:Spec_D32.dll
 0004:00000fc8       __imp_?SetObj3DMnuIDArray@CObj3DMnu@@UAEXQAVCString@@@Z 1007efc8     Spec_d32:Spec_D32.dll
 0004:00000fcc       __imp_?GetObj3DMnuArray@CObj3DMnu@@UAEXQAY01I@Z 1007efcc     Spec_d32:Spec_D32.dll
 0004:00000fd0       __imp_?SetObj3DMnuArray@CObj3DMnu@@UAEXQAY01I@Z 1007efd0     Spec_d32:Spec_D32.dll
 0004:00000fd4       __imp_?GetObj3DMnuOldArray@CObj3DMnu@@UAEXQAY01I@Z 1007efd4     Spec_d32:Spec_D32.dll
 0004:00000fd8       __imp_?SetObj3DMnuOldArray@CObj3DMnu@@UAEXQAY01I@Z 1007efd8     Spec_d32:Spec_D32.dll
 0004:00000fdc       __imp_?GetObj3DMnuDefaultArray@CObj3DMnu@@UAEXQAY01I@Z 1007efdc     Spec_d32:Spec_D32.dll
 0004:00000fe0       __imp_?SetObj3DMnuDefaultArray@CObj3DMnu@@UAEXQAY01I@Z 1007efe0     Spec_d32:Spec_D32.dll
 0004:00000fe4       __imp_?ReadDefaultObj3DMnu@CObj3DMnu@@UAEXXZ 1007efe4     Spec_d32:Spec_D32.dll
 0004:00000fe8       __imp_?InitObj3DMnu@CObj3DMnu@@UAEXXZ 1007efe8     Spec_d32:Spec_D32.dll
 0004:00000fec       __imp_?GetRuntimeClass@CPatchMnu@@UBEPAUCRuntimeClass@@XZ 1007efec     Spec_d32:Spec_D32.dll
 0004:00000ff0       __imp_?Serialize@CPatchMnu@@UAEXAAVCArchive@@@Z 1007eff0     Spec_d32:Spec_D32.dll
 0004:00000ff4       __imp_?DoDataView@CPatchMnu@@UAEXPAVCDC@@H@Z 1007eff4     Spec_d32:Spec_D32.dll
 0004:00000ff8       __imp_?Pack_drPipe@CPatchMnu@@UAEXPAVCString@@@Z 1007eff8     Spec_d32:Spec_D32.dll
 0004:00000ffc       __imp_?GetObjectInfo@CPatchMnu@@UAEXPAVCDrObject@@@Z 1007effc     Spec_d32:Spec_D32.dll
 0004:00001000       __imp_?SetObjectInfo@CPatchMnu@@UAEXPAVCDrObject@@@Z 1007f000     Spec_d32:Spec_D32.dll
 0004:00001004       __imp_?GetPatchMnuInfo@CPatchMnu@@UAE?AVCString@@I@Z 1007f004     Spec_d32:Spec_D32.dll
 0004:00001008       __imp_?SetPatchMnuInfo@CPatchMnu@@UAEXII@Z 1007f008     Spec_d32:Spec_D32.dll
 0004:0000100c       __imp_?GetPatchMnuIDArray@CPatchMnu@@UAEXQAVCString@@@Z 1007f00c     Spec_d32:Spec_D32.dll
 0004:00001010       __imp_?SetPatchMnuIDArray@CPatchMnu@@UAEXQAVCString@@@Z 1007f010     Spec_d32:Spec_D32.dll
 0004:00001014       __imp_?GetPatchMnuArray@CPatchMnu@@UAEXQAY01I@Z 1007f014     Spec_d32:Spec_D32.dll
 0004:00001018       __imp_?SetPatchMnuArray@CPatchMnu@@UAEXQAY01I@Z 1007f018     Spec_d32:Spec_D32.dll
 0004:0000101c       __imp_?GetPatchMnuOldArray@CPatchMnu@@UAEXQAY01I@Z 1007f01c     Spec_d32:Spec_D32.dll
 0004:00001020       __imp_?SetPatchMnuOldArray@CPatchMnu@@UAEXQAY01I@Z 1007f020     Spec_d32:Spec_D32.dll
 0004:00001024       __imp_?GetPatchMnuDefaultArray@CPatchMnu@@UAEXQAY01I@Z 1007f024     Spec_d32:Spec_D32.dll
 0004:00001028       __imp_?SetPatchMnuDefaultArray@CPatchMnu@@UAEXQAY01I@Z 1007f028     Spec_d32:Spec_D32.dll
 0004:0000102c       __imp_?ReadDefaultPatchMnu@CPatchMnu@@UAEXXZ 1007f02c     Spec_d32:Spec_D32.dll
 0004:00001030       __imp_?InitPatchMnu@CPatchMnu@@UAEXXZ 1007f030     Spec_d32:Spec_D32.dll
 0004:00001034       __imp_?GetRuntimeClass@CLayer@@UBEPAUCRuntimeClass@@XZ 1007f034     Spec_d32:Spec_D32.dll
 0004:00001038       __imp_?Serialize@CLayer@@UAEXAAVCArchive@@@Z 1007f038     Spec_d32:Spec_D32.dll
 0004:0000103c       __imp_?DoDataView@CLayer@@UAEXPAVCDC@@H@Z 1007f03c     Spec_d32:Spec_D32.dll
 0004:00001040       __imp_?Pack_drPipe@CLayer@@UAEXPAVCString@@@Z 1007f040     Spec_d32:Spec_D32.dll
 0004:00001044       __imp_?GetObjectInfo@CLayer@@UAEXPAVCDrObject@@@Z 1007f044     Spec_d32:Spec_D32.dll
 0004:00001048       __imp_?SetObjectInfo@CLayer@@UAEXPAVCDrObject@@@Z 1007f048     Spec_d32:Spec_D32.dll
 0004:0000104c       __imp_?GetLayerInfo@CLayer@@UAE?AVCString@@I@Z 1007f04c     Spec_d32:Spec_D32.dll
 0004:00001050       __imp_?SetLayerInfo@CLayer@@UAEXII@Z 1007f050     Spec_d32:Spec_D32.dll
 0004:00001054       __imp_?GetLayerArray@CLayer@@UAEXQAY01I@Z 1007f054     Spec_d32:Spec_D32.dll
 0004:00001058       __imp_?SetLayerArray@CLayer@@UAEXQAY01I@Z 1007f058     Spec_d32:Spec_D32.dll
 0004:0000105c       __imp_?GetLayerOldArray@CLayer@@UAEXQAY01I@Z 1007f05c     Spec_d32:Spec_D32.dll
 0004:00001060       __imp_?SetLayerOldArray@CLayer@@UAEXQAY01I@Z 1007f060     Spec_d32:Spec_D32.dll
 0004:00001064       __imp_?GetLayerDefaultArray@CLayer@@UAEXQAY01I@Z 1007f064     Spec_d32:Spec_D32.dll
 0004:00001068       __imp_?SetLayerDefaultArray@CLayer@@UAEXQAY01I@Z 1007f068     Spec_d32:Spec_D32.dll
 0004:0000106c       __imp_?ReadDefaultLayer@CLayer@@UAEXXZ 1007f06c     Spec_d32:Spec_D32.dll
 0004:00001070       __imp_?InitLayer@CLayer@@UAEXXZ 1007f070     Spec_d32:Spec_D32.dll
 0004:00001074       __imp_?GetRuntimeClass@CHitNet@@UBEPAUCRuntimeClass@@XZ 1007f074     Spec_d32:Spec_D32.dll
 0004:00001078       __imp_?Serialize@CHitNet@@UAEXAAVCArchive@@@Z 1007f078     Spec_d32:Spec_D32.dll
 0004:0000107c       __imp_?DoDataView@CHitNet@@UAEXPAVCDC@@H@Z 1007f07c     Spec_d32:Spec_D32.dll
 0004:00001080       __imp_?Pack_drPipe@CHitNet@@UAEXPAVCString@@@Z 1007f080     Spec_d32:Spec_D32.dll
 0004:00001084       __imp_?GetObjectInfo@CHitNet@@UAEXPAVCDrObject@@@Z 1007f084     Spec_d32:Spec_D32.dll
 0004:00001088       __imp_?SetObjectInfo@CHitNet@@UAEXPAVCDrObject@@@Z 1007f088     Spec_d32:Spec_D32.dll
 0004:0000108c       __imp_?GetRuntimeClass@CDrPen@@UBEPAUCRuntimeClass@@XZ 1007f08c     Spec_d32:Spec_D32.dll
 0004:00001090       __imp_?Serialize@CDrPen@@UAEXAAVCArchive@@@Z 1007f090     Spec_d32:Spec_D32.dll
 0004:00001094       __imp_?DoDataView@CDrPen@@UAEXPAVCDC@@H@Z 1007f094     Spec_d32:Spec_D32.dll
 0004:00001098       __imp_?Pack_drPipe@CDrPen@@UAEXPAVCString@@@Z 1007f098     Spec_d32:Spec_D32.dll
 0004:0000109c       __imp_?GetObjectInfo@CDrPen@@UAEXPAVCDrObject@@@Z 1007f09c     Spec_d32:Spec_D32.dll
 0004:000010a0       __imp_?SetObjectInfo@CDrPen@@UAEXPAVCDrObject@@@Z 1007f0a0     Spec_d32:Spec_D32.dll
 0004:000010a4       __imp_?ReplacePen@CDrPen@@UAEXXZ 1007f0a4     Spec_d32:Spec_D32.dll
 0004:000010a8       __imp_?ReadDefaultDrPen@CDrPen@@UAEXXZ 1007f0a8     Spec_d32:Spec_D32.dll
 0004:000010ac       __imp_?InitDrPen@CDrPen@@UAEXXZ 1007f0ac     Spec_d32:Spec_D32.dll
 0004:000010b0       __imp_?GetRuntimeClass@CDrFont@@UBEPAUCRuntimeClass@@XZ 1007f0b0     Spec_d32:Spec_D32.dll
 0004:000010b4       __imp_?Serialize@CDrFont@@UAEXAAVCArchive@@@Z 1007f0b4     Spec_d32:Spec_D32.dll
 0004:000010b8       __imp_?DoDataView@CDrFont@@UAEXPAVCDC@@H@Z 1007f0b8     Spec_d32:Spec_D32.dll
 0004:000010bc       __imp_?Pack_drPipe@CDrFont@@UAEXPAVCString@@@Z 1007f0bc     Spec_d32:Spec_D32.dll
 0004:000010c0       __imp_?GetObjectInfo@CDrFont@@UAEXPAVCDrObject@@@Z 1007f0c0     Spec_d32:Spec_D32.dll
 0004:000010c4       __imp_?SetObjectInfo@CDrFont@@UAEXPAVCDrObject@@@Z 1007f0c4     Spec_d32:Spec_D32.dll
 0004:000010c8       __imp_?DoTextFont@CDrFont@@UAEXXZ 1007f0c8     Spec_d32:Spec_D32.dll
 0004:000010cc       __imp_?ReadDefaultDrFont@CDrFont@@UAEXXZ 1007f0cc     Spec_d32:Spec_D32.dll
 0004:000010d0       __imp_?InitDrFont@CDrFont@@UAEXXZ 1007f0d0     Spec_d32:Spec_D32.dll
 0004:000010d4       __imp_?GetRuntimeClass@CDataWindow@@UBEPAUCRuntimeClass@@XZ 1007f0d4     Spec_d32:Spec_D32.dll
 0004:000010d8       __imp_?Serialize@CDataWindow@@UAEXAAVCArchive@@@Z 1007f0d8     Spec_d32:Spec_D32.dll
 0004:000010dc       __imp_?DoDataView@CDataWindow@@UAEXPAVCDC@@H@Z 1007f0dc     Spec_d32:Spec_D32.dll
 0004:000010e0       __imp_?Pack_drPipe@CDataWindow@@UAEXPAVCString@@@Z 1007f0e0     Spec_d32:Spec_D32.dll
 0004:000010e4       __imp_?GetObjectInfo@CDataWindow@@UAEXPAVCDrObject@@@Z 1007f0e4     Spec_d32:Spec_D32.dll
 0004:000010e8       __imp_?SetObjectInfo@CDataWindow@@UAEXPAVCDrObject@@@Z 1007f0e8     Spec_d32:Spec_D32.dll
 0004:000010ec       __imp_?SetWinMinMaxWIC@CDataWindow@@UAEXULPOINT3@@@Z 1007f0ec     Spec_d32:Spec_D32.dll
 0004:000010f0       __imp_?SetWinExtWIC@CDataWindow@@UAEXXZ 1007f0f0     Spec_d32:Spec_D32.dll
 0004:000010f4       __imp_?ReadDefaultDataWindow@CDataWindow@@UAEXXZ 1007f0f4     Spec_d32:Spec_D32.dll
 0004:000010f8       __imp_?InitDataWindow@CDataWindow@@UAEXXZ 1007f0f8     Spec_d32:Spec_D32.dll
 0004:000010fc       __imp_?GetRuntimeClass@CBooleans@@UBEPAUCRuntimeClass@@XZ 1007f0fc     Spec_d32:Spec_D32.dll
 0004:00001100       __imp_?Serialize@CBooleans@@UAEXAAVCArchive@@@Z 1007f100     Spec_d32:Spec_D32.dll
 0004:00001104       __imp_?DoDataView@CBooleans@@UAEXPAVCDC@@H@Z 1007f104     Spec_d32:Spec_D32.dll
 0004:00001108       __imp_?Pack_drPipe@CBooleans@@UAEXPAVCString@@@Z 1007f108     Spec_d32:Spec_D32.dll
 0004:0000110c       __imp_?GetObjectInfo@CBooleans@@UAEXPAVCDrObject@@@Z 1007f10c     Spec_d32:Spec_D32.dll
 0004:00001110       __imp_?SetObjectInfo@CBooleans@@UAEXPAVCDrObject@@@Z 1007f110     Spec_d32:Spec_D32.dll
 0004:00001114       __imp_?IsZoomEnabled@CBooleans@@UAEHH@Z 1007f114     Spec_d32:Spec_D32.dll
 0004:00001118       __imp_?SetZoomEnabled@CBooleans@@UAEXHH@Z 1007f118     Spec_d32:Spec_D32.dll
 0004:0000111c       __imp_?IsZoomOn@CBooleans@@UAEHHH@Z 1007f11c     Spec_d32:Spec_D32.dll
 0004:00001120       __imp_?ToggleZoom@CBooleans@@UAEHHH@Z 1007f120     Spec_d32:Spec_D32.dll
 0004:00001124       __imp_?ReadDefaultBooleans@CBooleans@@UAEXXZ 1007f124     Spec_d32:Spec_D32.dll
 0004:00001128       __imp_?InitBooleans@CBooleans@@UAEXXZ 1007f128     Spec_d32:Spec_D32.dll
 0004:0000112c       __imp_??1CDrObject@@UAE@XZ 1007f12c     Spec_d32:Spec_D32.dll
 0004:00001130       __imp_?GetLocalCorner@CDrObject@@UAEXPAUWORLD@@H@Z 1007f130     Spec_d32:Spec_D32.dll
 0004:00001134       __imp_?SetLocalCorner@CDrObject@@UAEXPAUWORLD@@H@Z 1007f134     Spec_d32:Spec_D32.dll
 0004:00001138       __imp_?GetWorldCorner@CDrObject@@UAEXPAUWORLD@@H@Z 1007f138     Spec_d32:Spec_D32.dll
 0004:0000113c       __imp_?SetWorldCorner@CDrObject@@UAEXPAUWORLD@@H@Z 1007f13c     Spec_d32:Spec_D32.dll
 0004:00001140       __imp_?GetEyeCorner@CDrObject@@UAEXPAUWORLD@@H@Z 1007f140     Spec_d32:Spec_D32.dll
 0004:00001144       __imp_?SetEyeCorner@CDrObject@@UAEXPAUWORLD@@H@Z 1007f144     Spec_d32:Spec_D32.dll
 0004:00001148       __imp_?GetScreen3DCorner@CDrObject@@UAEXPAUWORLD@@H@Z 1007f148     Spec_d32:Spec_D32.dll
 0004:0000114c       __imp_?SetScreen3DCorner@CDrObject@@UAEXPAUWORLD@@H@Z 1007f14c     Spec_d32:Spec_D32.dll
 0004:00001150       __imp_?GetRuntimeClass@CMatObj@@UBEPAUCRuntimeClass@@XZ 1007f150     Spec_d32:Spec_D32.dll
 0004:00001154       \177Spec_D32_NULL_THUNK_DATA 1007f154     Spec_d32:Spec_D32.dll
 0004:000011f0       __imp__DestroyCursor@4     1007f1f0     user32:USER32.dll
 0004:000011f4       __imp__SetCursor@4         1007f1f4     user32:USER32.dll
 0004:000011f8       __imp__GetSystemMetrics@4  1007f1f8     user32:USER32.dll
 0004:000011fc       \177USER32_NULL_THUNK_DATA 1007f1fc     user32:USER32.dll

 entry point at        0001:0002c0f0

